Frozen suite (ppos0_bl2) — model runs\ppo_formulation_seed0_bl2\best_model.zip
3400 episodes, suite manifest 61788ff19fc317c9, 2248 s

== Tier B (headline, R1)
-- by supervisor
              n  success  coll_target  coll_other  rms_cte  min_range  colregs  estops
supervisor                                                                            
off         800    0.808        0.142       0.050    1.154      2.547  -31.610   0.000
on          800    0.796        0.152       0.051    1.161      2.551  -30.914   0.032

-- by class (supervisor off)
                   n  success  coll_target  coll_other  rms_cte  min_range  colregs  estops
class                                                                                      
being_overtaken  100    0.890        0.040       0.070    0.468      1.839  -25.250     0.0
crossing         200    0.530        0.445       0.025    0.967      1.852  -20.375     0.0
head_on          200    0.895        0.090       0.015    1.169      2.254  -30.517     0.0
null             100    0.960        0.000       0.040    1.174      8.591   -0.541     0.0
overtaking       200    0.880        0.015       0.105    1.658      3.080  -62.655     0.0

-- by stratum (supervisor off)
           n  success  coll_target  coll_other  rms_cte  min_range  colregs  estops
stratum                                                                            
basin    500    0.848        0.110       0.042    1.107      2.611  -25.921     0.0
channel  300    0.740        0.197       0.063    1.231      2.420  -41.093     0.0

-- by target behaviour (supervisor off)
             n  success  coll_target  coll_other  rms_cte  min_range  colregs  estops
behaviour                                                                            
cv         800    0.808        0.142        0.05    1.154      2.547   -31.61     0.0

-- crossings by side (supervisor off), the A32 split
                 n  success  coll_target  coll_other  rms_cte  min_range  colregs  estops
crossing_side                                                                            
port           111    0.577        0.396       0.027    1.077      1.906  -11.542     0.0
starboard       89    0.472        0.506       0.022    0.830      1.703  -31.390     0.0

== Robustness set (R3): the headline's scenarios with reactive (re) and, in head-ons,
   non-compliant (nc) targets, on the same seeds
-- by behaviour (supervisor off)
             n  success  coll_target  coll_other  rms_cte  min_range  colregs  estops
behaviour                                                                            
nc         200    0.980        0.010       0.010    1.370      4.395   -7.452     0.0
re         700    0.881        0.063       0.056    1.269      2.462  -31.137     0.0

-- by class and behaviour (supervisor off)
                             n  success  coll_target  coll_other  rms_cte  min_range  colregs  estops
class           behaviour                                                                            
being_overtaken re         100    0.890        0.020       0.090    0.556      2.130  -19.060     0.0
crossing        re         200    0.850        0.115       0.035    1.371      2.672  -19.286     0.0
head_on         nc         200    0.980        0.010       0.010    1.370      4.395   -7.452     0.0
                re         200    0.915        0.070       0.015    1.134      2.109  -17.976     0.0
overtaking      re         200    0.875        0.025       0.100    1.659      3.008  -62.189     0.0

-- paired with the constant-velocity twin (supervisor off)
                             n  success_cv_twin  success   lost  gained
class           behaviour                                              
being_overtaken re         100            0.890    0.890  0.040   0.040
crossing        re         200            0.530    0.850  0.015   0.335
head_on         nc         200            0.895    0.980  0.015   0.100
                re         200            0.895    0.915  0.070   0.090
overtaking      re         200            0.880    0.875  0.010   0.005


