Frozen suite (recurrent_ppos0_bl3) — model runs\recurrent_ppo_formulation_seed0_bl3\best_model.zip
1700 episodes, suite manifest 61788ff19fc317c9, 957 s

== Tier B (headline, R1)
-- by safety layer
              n  success  coll_target  coll_other  rms_cte  min_range  colregs  estops
supervisor                                                                            
off         800    0.791        0.182       0.026    0.885       2.07  -30.895     0.0

-- by class (safety layer off)
                   n  success  coll_target  coll_other  rms_cte  min_range  colregs  estops
class                                                                                      
being_overtaken  100    0.830        0.120       0.050    0.450      1.819  -30.170     0.0
crossing         200    0.505        0.480       0.015    0.776      1.758  -20.121     0.0
head_on          200    0.805        0.175       0.020    0.799      1.826  -26.525     0.0
null             100    0.920        0.000       0.080    1.025      7.244   -7.474     0.0
overtaking       200    0.980        0.015       0.005    1.227      2.309  -58.112     0.0

-- by stratum (safety layer off)
           n  success  coll_target  coll_other  rms_cte  min_range  colregs  estops
stratum                                                                            
basin    500    0.822        0.146       0.032    0.877      2.173  -26.877     0.0
channel  300    0.740        0.243       0.017    0.898      1.949  -37.592     0.0

-- by target behaviour (safety layer off)
             n  success  coll_target  coll_other  rms_cte  min_range  colregs  estops
behaviour                                                                            
cv         800    0.791        0.182       0.026    0.885       2.07  -30.895     0.0

-- crossings by side (safety layer off), the A32 split
                 n  success  coll_target  coll_other  rms_cte  min_range  colregs  estops
crossing_side                                                                            
port           111    0.532        0.450       0.018    0.824      1.819  -15.513     0.0
starboard       89    0.472        0.517       0.011    0.715      1.694  -25.868     0.0

== Robustness set (R3): the headline's scenarios with reactive (re) and, in head-ons,
   non-compliant (nc) targets, on the same seeds
-- by behaviour (safety layer off)
             n  success  coll_target  coll_other  rms_cte  min_range  colregs  estops
behaviour                                                                            
nc         200    0.970        0.005       0.025    1.165      4.040   -5.901     0.0
re         700    0.901        0.069       0.030    0.979      2.195  -30.140     0.0

-- by class and behaviour (safety layer off)
                             n  success  coll_target  coll_other  rms_cte  min_range  colregs  estops
class           behaviour                                                                            
being_overtaken re         100    0.860        0.080       0.060    0.399      2.201  -26.482     0.0
crossing        re         200    0.810        0.125       0.065    1.127      2.458  -22.459     0.0
head_on         nc         200    0.970        0.005       0.025    1.165      4.040   -5.901     0.0
                re         200    0.930        0.065       0.005    0.872      1.970  -15.033     0.0
overtaking      re         200    0.985        0.010       0.005    1.227      2.371  -54.755     0.0

-- paired with the constant-velocity twin (safety layer off)
                             n  success_cv_twin  success   lost  gained
class           behaviour                                              
being_overtaken re         100            0.830    0.860  0.090   0.120
crossing        re         200            0.505    0.810  0.040   0.345
head_on         nc         200            0.805    0.970  0.015   0.180
                re         200            0.805    0.930  0.050   0.175
overtaking      re         200            0.980    0.985  0.000   0.005


