Frozen suite (sacs0_bl3_stage8) — model runs\sac_formulation_seed0_bl3_stage8\best_model.zip
3400 episodes, suite manifest 61788ff19fc317c9, 1903 s

== Tier B (headline, R1)
-- by supervisor
              n  success  coll_target  coll_other  rms_cte  min_range  colregs  estops
supervisor                                                                            
off         800    0.905        0.060       0.035    1.273      2.451  -37.106   0.000
on          800    0.886        0.066       0.048    1.297      2.470  -37.055   0.069

-- by class (supervisor off)
                   n  success  coll_target  coll_other  rms_cte  min_range  colregs  estops
class                                                                                      
being_overtaken  100    0.870        0.090       0.040    0.624      1.969  -42.802     0.0
crossing         200    0.790        0.175       0.035    1.214      2.225  -26.084     0.0
head_on          200    0.945        0.015       0.040    1.542      2.694  -33.960     0.0
null             100    0.920        0.000       0.080    1.425      6.084  -13.332     0.0
overtaking       200    0.990        0.005       0.005    1.314      2.310  -60.313     0.0

-- by stratum (supervisor off)
           n  success  coll_target  coll_other  rms_cte  min_range  colregs  estops
stratum                                                                            
basin    500    0.900        0.054       0.046     1.27      2.551  -33.701     0.0
channel  300    0.913        0.070       0.017     1.28      2.329  -42.782     0.0

-- by target behaviour (supervisor off)
             n  success  coll_target  coll_other  rms_cte  min_range  colregs  estops
behaviour                                                                            
cv         800    0.905         0.06       0.035    1.273      2.451  -37.106     0.0

-- crossings by side (supervisor off), the A32 split
                 n  success  coll_target  coll_other  rms_cte  min_range  colregs  estops
crossing_side                                                                            
port           111    0.829        0.144       0.027    1.234      2.341  -24.275     0.0
starboard       89    0.742        0.213       0.045    1.188      2.038  -28.341     0.0

== Robustness set (R3): the headline's scenarios with reactive (re) and, in head-ons,
   non-compliant (nc) targets, on the same seeds
-- by behaviour (supervisor off)
             n  success  coll_target  coll_other  rms_cte  min_range  colregs  estops
behaviour                                                                            
nc         200     0.92        0.065       0.015    1.361      3.819  -10.884     0.0
re         700     0.92        0.044       0.036    1.227      2.523  -34.520     0.0

-- by class and behaviour (supervisor off)
                             n  success  coll_target  coll_other  rms_cte  min_range  colregs  estops
class           behaviour                                                                            
being_overtaken re         100     0.90        0.060       0.040    0.664      2.540  -39.380     0.0
crossing        re         200     0.84        0.110       0.050    1.245      2.824  -21.273     0.0
head_on         nc         200     0.92        0.065       0.015    1.361      3.819  -10.884     0.0
                re         200     0.94        0.010       0.050    1.424      2.544  -20.173     0.0
overtaking      re         200     0.99        0.005       0.005    1.293      2.319  -59.685     0.0

-- paired with the constant-velocity twin (supervisor off)
                             n  success_cv_twin  success   lost  gained
class           behaviour                                              
being_overtaken re         100            0.870     0.90  0.060    0.09
crossing        re         200            0.790     0.84  0.080    0.13
head_on         nc         200            0.945     0.92  0.075    0.05
                re         200            0.945     0.94  0.045    0.04
overtaking      re         200            0.990     0.99  0.000    0.00


