[static trace] 155 episodes (80 no-target, 75 null)
[static trace] done in 227 s
Static trace: SAC 3 M (kept), safety off; no-target (development and test set v4) and null (test set v4)

-- success
                        size  mean
split group set                   
dev   NT    dev_v2        20  1.00
            dv4x          10  1.00
            field_dev     20  0.70
test  NT    FS-NT         27  0.93
            L1-NT          1  1.00
            L2-NT          1  1.00
            L3-NT          1  1.00
      null  basin-null    75  0.95

-- by leg and motif (no-target, both splits)
                      size  mean
straight motif                  
False    gate+onpath    13  0.69
         near-L2         3  0.67
         near-L3         1  1.00
         side+onpath     2  1.00
         slalom          5  0.80
True     gate+onpath    14  0.93
         near-L1         2  0.50
         side+onpath     6  1.00
         slalom         11  1.00

-- failures
                           key split group        set       motif  slant_deg            outcome  steps  hit_panel  hit_was_mismatch  n_side_mismatch  onset_dist_m  peak_cte  overshoot_m  min_wall  u_end  mean_throttle
deveval:field_dev:DV3-NT-CV-02   dev    NT  field_dev     near-L1       0.64 collision:obstacle     38          1             False                0           NaN      2.99          NaN      1.03   0.86           0.16
deveval:field_dev:DV3-NT-CV-04   dev    NT  field_dev gate+onpath       5.41 collision:obstacle     43          1             False                0         13.74      2.42          NaN      1.24   0.53          -0.04
deveval:field_dev:DV3-NT-CV-06   dev    NT  field_dev gate+onpath       6.89 collision:obstacle     23          2             False                0          5.61      0.62          NaN      1.22   0.13          -0.27
deveval:field_dev:DV3-NT-CV-12   dev    NT  field_dev     near-L2      14.10 collision:boundary     36         -1             False                1         14.29      4.05          NaN     -0.01   0.34           0.45
deveval:field_dev:DV3-NT-CV-15   dev    NT  field_dev      slalom      12.09 collision:obstacle     34          1             False                0           NaN      4.02          NaN      0.78   0.13           0.28
deveval:field_dev:DV3-NT-CV-20   dev    NT  field_dev gate+onpath      10.77 collision:obstacle     21          1             False                0         13.03      2.78          NaN      1.12   0.73           0.28
            test:BAS-NU-CV-043  test  null basin-null         NaN       6.76 collision:boundary     67         -1             False                2         12.46      3.61        -1.43     -0.01   0.12           0.21
            test:BAS-NU-CV-049  test  null basin-null         NaN       7.55 collision:boundary     62         -1             False                0           NaN      2.88          NaN     -0.01   0.45           0.26
            test:BAS-NU-CV-066  test  null basin-null         NaN       3.66 collision:boundary     64         -1             False                0           NaN      2.42          NaN     -0.04   0.40           0.19
           test:BAS-NU-CV-S003  test  null basin-null         NaN       0.00 collision:obstacle     25          0             False                0           NaN      1.43          NaN      1.26   0.73           0.07
                test:FS-NT-014  test    NT      FS-NT gate+onpath       5.93 collision:obstacle     28          0             False                0         14.17      3.04          NaN      1.22   0.15           0.15
                test:FS-NT-023  test    NT      FS-NT gate+onpath       0.00 collision:obstacle     34          2             False                0          8.65      0.42          NaN      1.26   0.14          -0.03

-- medians, failures vs successes (no-target)
       n_side_mismatch  onset_dist_m  peak_cte  overshoot_m  min_wall  u_end  mean_throttle
goal                                                                                       
False              0.0         13.39      2.89          NaN      1.17   0.24           0.15
True               1.0          9.37      3.51        -0.57      1.21   0.75           0.44

-- medians, failures vs successes (null)
       n_side_mismatch  onset_dist_m  peak_cte  overshoot_m  min_wall  u_end  mean_throttle
goal                                                                                       
False              0.0         12.46      2.65        -1.43     -0.01   0.42           0.20
True               0.0          7.25      2.50        -0.10      1.24   0.75           0.36

-- panels passed on the side the route does not take (reached panels)
                     size  mean
group goal  on_path            
NT    False False       6  0.17
      True  False     107  0.36
            True       80  0.49
null  False False       1  1.00
            True        1  1.00
      True  False      18  0.33
            True       64  0.42


