Tier 1 (sacs0_bl3_supervisor_off) — model runs\sac_formulation_seed0_bl3\best_model.zip
220 episodes, 207 s

== development set, per class (own_* = the model's last in-training evaluation, before today's code)
                  n  goal  collision  target  speed  colregs  estops  intervention  port_sense  rms_cte  own_goal  own_collision
class                                                                                                                           
being_overtaken  20  0.90       0.10    0.05   0.69   -37.37     0.0           0.0         0.0     0.87      0.83           0.17
crossing         20  0.75       0.25    0.15   0.70   -16.10     0.0           0.0         0.5     1.26      0.66           0.34
head_on          20  1.00       0.00    0.00   0.73   -30.89     0.0           0.0         0.0     1.42      0.75           0.25
no_target        20  1.00       0.00    0.00   0.70     0.00     0.0           0.0         0.0     1.60      0.84           0.16
null             20  1.00       0.00    0.00   0.70   -11.57     0.0           0.0         0.0     1.43      0.92           0.08
overtaking       20  0.95       0.05    0.05   0.75   -52.94     0.0           0.0         0.0     1.17      0.92           0.08

== crossing collision by side x drawn DCPA
                      mean                               size                      
dcpa_bin      (-0.01, 0.7] (0.7, 1.4] (1.4, 2.6] (-0.01, 0.7] (0.7, 1.4] (1.4, 2.6]
crossing_side                                                                      
port                  0.25       0.67        0.4          4.0        3.0        5.0
starboard             0.00        NaN        0.0          2.0        NaN        6.0

-- by A22 label (escapable by a lawful response)
                     n  collision  target
crossing_escapable                       
True                20       0.25    0.15

== being overtaken, A15 floor
                 n  collision  target  speed  v_hold
floor                                               
at/above floor  20        0.1    0.05   0.69    12.5

== head-on width set (obstacles off)
            n  target_collision  estops  stopped_then_hit  min_speed_mean  port_sense
width_bin                                                                            
5          22               0.0     0.0                 0            0.66         0.0
6          20               0.0     0.0                 0            0.67         0.0
7          20               0.0     0.0                 0            0.69         0.0
8          19               0.0     0.0                 0            0.71         0.0
10         19               0.0     0.0                 0            0.73         0.0

== supervisor stops: 0 in 0 episodes; followed by a target collision in 0
(none)
