Tier 1 (run12s0_supervisor_on) — model runs\ppo_formulation_seed0_v12\final_model.zip
220 episodes, 181 s

== development set, per class (own_* = the model's last in-training evaluation, before today's code)
                  n  goal  collision  target  speed  colregs  estops  intervention  port_sense  rms_cte  own_goal  own_collision
class                                                                                                                           
being_overtaken  20  0.90       0.10    0.05   0.65   -47.44    0.00          0.00        0.00     0.46      0.90           0.10
crossing         20  0.40       0.60    0.50   0.67   -24.73    0.05          0.05        0.50     0.95      0.40           0.60
head_on          20  0.90       0.10    0.05   0.65   -25.46    0.00          0.00        0.05     0.80      0.90           0.10
no_target        20  0.95       0.05    0.00   0.71     0.00    0.00          0.00        0.00     1.12      0.95           0.05
null             20  0.95       0.05    0.00   0.67   -13.59    0.00          0.00        0.00     1.07      0.95           0.05
overtaking       20  0.75       0.25    0.15   0.61   -44.67    0.45          0.20        0.00     1.28      0.82           0.18

== crossing collision by side x drawn DCPA
                      mean                               size                      
dcpa_bin      (-0.01, 0.7] (0.7, 1.4] (1.4, 2.6] (-0.01, 0.7] (0.7, 1.4] (1.4, 2.6]
crossing_side                                                                      
port                  0.75       0.67       0.40          4.0        3.0        5.0
starboard             0.00        NaN       0.83          2.0        NaN        6.0

-- by A22 label (escapable by a lawful response)
                     n  collision  target
crossing_escapable                       
True                20        0.6     0.5

== being overtaken, A15 floor
                 n  collision  target  speed  v_hold
floor                                               
at/above floor  17       0.06    0.00   0.64   15.00
below floor      3       0.33    0.33   0.71   19.33

== head-on width set (obstacles off)
            n  target_collision  estops  stopped_then_hit  min_speed_mean  port_sense
width_bin                                                                            
5          22              0.14    0.05                 0            0.70         0.0
6          20              0.15    0.00                 0            0.68         0.0
7          20              0.05    0.00                 0            0.67         0.0
8          19              0.00    0.00                 0            0.66         0.0
10         19              0.00    0.00                 0            0.63         0.0

== supervisor stops: 11 in 6 episodes; followed by a target collision in 2
0
8(e) in extremis: overtaking    9
8(e) in extremis: crossing      1
8(e) in extremis: head_on       1
