Tier 1 (run12s1_supervisor_on) — model runs\ppo_formulation_seed1_v12\final_model.zip
220 episodes, 161 s

== development set, per class (own_* = the model's last in-training evaluation, before today's code)
                  n  goal  collision  target  speed  colregs  estops  intervention  port_sense  rms_cte  own_goal  own_collision
class                                                                                                                           
being_overtaken  20  0.80       0.20    0.15   0.53   -20.10     0.0           0.0        0.00     0.32      0.80           0.20
crossing         20  0.60       0.40    0.35   0.59   -30.31     0.0           0.0        0.55     1.01      0.60           0.40
head_on          20  0.95       0.05    0.00   0.61   -13.60     0.0           0.0        0.05     1.01      0.95           0.05
no_target        20  1.00       0.00    0.00   0.62     0.00     0.0           0.0        0.00     1.15      1.00           0.00
null             20  0.95       0.05    0.00   0.60     0.00     0.0           0.0        0.00     1.25      0.95           0.05
overtaking       20  0.90       0.10    0.05   0.59   -33.75     0.1           0.1        0.00     1.15      0.92           0.08

== crossing collision by side x drawn DCPA
                      mean                               size                      
dcpa_bin      (-0.01, 0.7] (0.7, 1.4] (1.4, 2.6] (-0.01, 0.7] (0.7, 1.4] (1.4, 2.6]
crossing_side                                                                      
port                  0.25        1.0        0.6          4.0        3.0        5.0
starboard             0.50        NaN        0.0          2.0        NaN        6.0

-- by A22 label (escapable by a lawful response)
                     n  collision  target
crossing_escapable                       
True                20        0.4    0.35

== being overtaken, A15 floor
                 n  collision  target  speed  v_hold
floor                                               
at/above floor  17       0.06     0.0   0.53    9.71
below floor      3       1.00     1.0   0.52    9.67

== head-on width set (obstacles off)
            n  target_collision  estops  stopped_then_hit  min_speed_mean  port_sense
width_bin                                                                            
5          22              0.09    0.05                 0            0.61        0.05
6          20              0.15    0.05                 1            0.61        0.05
7          20              0.20    0.00                 0            0.60        0.00
8          19              0.11    0.00                 0            0.60        0.00
10         19              0.00    0.00                 0            0.58        0.00

== supervisor stops: 4 in 4 episodes; followed by a target collision in 2
0
8(e) in extremis: overtaking    2
8(e) in extremis: head_on       2
