Tier 1 (recurrent_ppos0_bl1_supervisor_off) — model runs\recurrent_ppo_formulation_seed0_bl1\best_model.zip
220 episodes, 170 s

== development set, per class (own_* = the model's last in-training evaluation, before today's code)
                  n  goal  collision  target  speed  colregs  estops  intervention  port_sense  rms_cte  own_goal  own_collision
class                                                                                                                           
being_overtaken  20  0.80       0.20    0.15   0.58   -31.51     0.0           0.0        0.00     0.36      0.85           0.15
crossing         20  0.45       0.55    0.45   0.53   -45.58     0.0           0.0        0.55     0.95      0.45           0.55
head_on          20  0.85       0.15    0.10   0.62   -20.94     0.0           0.0        0.05     1.08      0.80           0.20
no_target        20  0.95       0.05    0.00   0.61     0.00     0.0           0.0        0.00     1.07      0.95           0.05
null             20  0.95       0.05    0.00   0.61    -2.85     0.0           0.0        0.00     1.19      0.95           0.05
overtaking       20  1.00       0.00    0.00   0.64   -50.64     0.0           0.0        0.00     1.31      0.95           0.05

== crossing collision by side x drawn DCPA
                      mean                               size                      
dcpa_bin      (-0.01, 0.7] (0.7, 1.4] (1.4, 2.6] (-0.01, 0.7] (0.7, 1.4] (1.4, 2.6]
crossing_side                                                                      
port                  0.75        1.0       0.40          4.0        3.0        5.0
starboard             1.00        NaN       0.17          2.0        NaN        6.0

-- by A22 label (escapable by a lawful response)
                     n  collision  target
crossing_escapable                       
True                20       0.55    0.45

== being overtaken, A15 floor
                 n  collision  target  speed  v_hold
floor                                               
at/above floor  17       0.12    0.06   0.58   10.65
below floor      3       0.67    0.67   0.57   12.67

== head-on width set (obstacles off)
            n  target_collision  estops  stopped_then_hit  min_speed_mean  port_sense
width_bin                                                                            
5          22              0.05     0.0                 0            0.63        0.05
6          20              0.05     0.0                 0            0.63        0.00
7          20              0.00     0.0                 0            0.64        0.00
8          19              0.00     0.0                 0            0.64        0.00
10         19              0.00     0.0                 0            0.64        0.00

== supervisor stops: 0 in 0 episodes; followed by a target collision in 0
(none)
