Tier 1 (f66_stopfit_on) — model runs\ppo_formulation_seed0_tier2_a22\final_model.zip
220 episodes, 437 s

== development set, per class (own_* = the model's last in-training evaluation, before today's code)
                  n  goal  collision  target  speed  colregs  estops  port_sense  own_goal  own_collision
class                                                                                                    
being_overtaken  20  0.80       0.20    0.05   0.91   -15.22    0.00        0.00      0.80           0.20
crossing         20  0.40       0.60    0.40   0.55   -28.79    0.25        0.40      0.40           0.60
head_on          20  0.85       0.15    0.15   0.60   -17.07    0.10        0.05      0.85           0.15
no_target        20  0.95       0.05    0.00   0.68     0.00    0.00        0.00      0.95           0.05
null             20  0.85       0.15    0.00   0.61    -3.24    0.00        0.00      0.85           0.15
overtaking       20  1.00       0.00    0.00   0.65   -25.85    0.00        0.00      1.00           0.00

== crossing collision by side x drawn DCPA
                      mean                               size                      
dcpa_bin      (-0.01, 0.7] (0.7, 1.4] (1.4, 2.6] (-0.01, 0.7] (0.7, 1.4] (1.4, 2.6]
crossing_side                                                                      
port                   0.5        1.0       0.33            4          3          3
starboard              1.0        0.6       0.50            1          5          4

-- by A22 label (escapable by a lawful response)
                     n  collision  target
crossing_escapable                       
True                20        0.6     0.4

== being overtaken, A15 floor
                 n  collision  target  speed  v_hold
floor                                               
at/above floor  19       0.16    0.05   0.91    6.79
below floor      1       1.00    0.00   0.85    8.00

== head-on width set (obstacles off)
            n  target_collision  estops  stopped_then_hit  min_speed_mean  port_sense
width_bin                                                                            
5          22              0.32    0.32                 4            0.56        0.05
6          20              0.35    0.45                 7            0.54        0.00
7          20              0.30    0.20                 3            0.55        0.00
8          19              0.16    0.05                 0            0.60        0.05
10         19              0.05    0.05                 0            0.61        0.00

== supervisor stops: 29 in 29 episodes; followed by a target collision in 15
0
8(e) in extremis: head_on     24
8(e) in extremis: crossing     5
