Tier 1 (run7_supervisor_on) — model runs\ppo_formulation_seed0_v7\final_model.zip
220 episodes, 179 s

== development set, per class (own_* = the model's last in-training evaluation, before today's code)
                  n  goal  collision  target  speed  colregs  estops  intervention  port_sense  own_goal  own_collision
class                                                                                                                  
being_overtaken  20  0.90       0.10    0.10   0.82   -35.41     0.0           0.0        0.00      0.90           0.10
crossing         20  0.30       0.70    0.65   0.58   -28.46     0.0           0.0        0.45      0.30           0.70
head_on          20  0.85       0.15    0.05   0.64   -18.25     0.0           0.0        0.05      0.85           0.15
no_target        20  1.00       0.00    0.00   0.63     0.00     0.0           0.0        0.00      1.00           0.00
null             20  1.00       0.00    0.00   0.61    -3.82     0.0           0.0        0.00      1.00           0.00
overtaking       20  1.00       0.00    0.00   0.66   -33.30     0.2           0.1        0.00      1.00           0.00

== crossing collision by side x drawn DCPA
                      mean                               size                      
dcpa_bin      (-0.01, 0.7] (0.7, 1.4] (1.4, 2.6] (-0.01, 0.7] (0.7, 1.4] (1.4, 2.6]
crossing_side                                                                      
port                   1.0        1.0        0.6          4.0        3.0        5.0
starboard              0.5        NaN        0.5          2.0        NaN        6.0

-- by A22 label (escapable by a lawful response)
                     n  collision  target
crossing_escapable                       
True                20        0.7    0.65

== being overtaken, A15 floor
                 n  collision  target  speed  v_hold
floor                                               
at/above floor  17       0.12    0.12   0.81   17.24
below floor      3       0.00    0.00   0.88   14.67

== head-on width set (obstacles off)
            n  target_collision  estops  stopped_then_hit  min_speed_mean  port_sense
width_bin                                                                            
5          22              0.09    0.09                 0            0.65        0.00
6          20              0.15    0.05                 0            0.64        0.00
7          20              0.15    0.10                 0            0.63        0.00
8          19              0.00    0.00                 0            0.63        0.00
10         19              0.00    0.05                 0            0.61        0.05

== supervisor stops: 10 in 8 episodes; followed by a target collision in 0
0
8(e) in extremis: head_on       6
8(e) in extremis: overtaking    4
