Tier 1 (sacs0_bl4_supervisor_on) — model runs\sac_formulation_seed0_bl4\best_model.zip
220 episodes, 172 s

== development set, per class (own_* = the model's last in-training evaluation, before today's code)
                  n  goal  collision  target  speed  colregs  estops  intervention  port_sense  rms_cte  own_goal  own_collision
class                                                                                                                           
being_overtaken  20  0.80       0.20    0.10   0.74   -48.04    0.00          0.00        0.00     0.89      0.72           0.28
crossing         20  0.75       0.25    0.15   0.77   -17.36    0.00          0.00        0.45     1.45      0.73           0.27
head_on          20  0.95       0.05    0.00   0.75   -27.85    0.10          0.05        0.05     1.38      0.79           0.21
no_target        20  0.95       0.05    0.00   0.75     0.00    0.00          0.00        0.00     1.95      0.97           0.03
null             20  0.75       0.25    0.05   0.77   -31.90    0.00          0.00        0.00     1.20      0.88           0.12
overtaking       20  1.00       0.00    0.00   0.79   -55.06    0.15          0.05        0.00     1.56      0.87           0.13

== crossing collision by side x drawn DCPA
                      mean                               size                      
dcpa_bin      (-0.01, 0.7] (0.7, 1.4] (1.4, 2.6] (-0.01, 0.7] (0.7, 1.4] (1.4, 2.6]
crossing_side                                                                      
port                   0.0        1.0        0.2          4.0        3.0        5.0
starboard              0.5        NaN        0.0          2.0        NaN        6.0

-- by A22 label (escapable by a lawful response)
                     n  collision  target
crossing_escapable                       
True                20       0.25    0.15

== being overtaken, A15 floor
                 n  collision  target  speed  v_hold
floor                                               
at/above floor  20        0.2     0.1   0.74    13.0

== head-on width set (obstacles off)
            n  target_collision  estops  stopped_then_hit  min_speed_mean  port_sense
width_bin                                                                            
5          22              0.09    0.09                 0            0.75        0.05
6          20              0.05    0.15                 0            0.74        0.05
7          20              0.00    0.00                 0            0.78        0.05
8          19              0.00    0.05                 0            0.76        0.00
10         19              0.00    0.00                 0            0.77        0.05

== safety layer stops: 11 in 7 episodes; followed by a target collision in 0
0
8(e) in extremis: head_on       8
8(e) in extremis: overtaking    3
