Tier 1 (ppos0_bl3_supervisor_off) — model runs\ppo_formulation_seed0_bl3\best_model.zip
220 episodes, 351 s

== development set, per class (own_* = the model's last in-training evaluation, before today's code)
                  n  goal  collision  target  speed  colregs  estops  intervention  port_sense  rms_cte  own_goal  own_collision
class                                                                                                                           
being_overtaken  20  0.90       0.10    0.00   0.49   -26.80     0.0           0.0        0.00     0.84      0.57           0.43
crossing         20  0.65       0.35    0.30   0.55    -9.03     0.0           0.0        0.50     0.91      0.42           0.58
head_on          20  0.65       0.35    0.25   0.52    -8.03     0.0           0.0        0.05     1.01      0.57           0.43
no_target        20  0.90       0.10    0.00   0.66     0.00     0.0           0.0        0.00     1.07      0.88           0.12
null             20  1.00       0.00    0.00   0.59    -1.32     0.0           0.0        0.00     1.09      0.90           0.10
overtaking       20  0.90       0.10    0.10   0.49   -61.10     0.0           0.0        0.00     0.86      0.78           0.22

== crossing collision by side x drawn DCPA
                      mean                               size                      
dcpa_bin      (-0.01, 0.7] (0.7, 1.4] (1.4, 2.6] (-0.01, 0.7] (0.7, 1.4] (1.4, 2.6]
crossing_side                                                                      
port                   0.0       0.67       0.20          4.0        3.0        5.0
starboard              1.0        NaN       0.33          2.0        NaN        6.0

-- by A22 label (escapable by a lawful response)
                     n  collision  target
crossing_escapable                       
True                20       0.35     0.3

== being overtaken, A15 floor
                 n  collision  target  speed  v_hold
floor                                               
at/above floor  20        0.1     0.0   0.49     8.5

== head-on width set (obstacles off)
            n  target_collision  estops  stopped_then_hit  min_speed_mean  port_sense
width_bin                                                                            
5          22              0.36     0.0                 0            0.52        0.00
6          20              0.40     0.0                 0            0.49        0.05
7          20              0.45     0.0                 0            0.49        0.00
8          19              0.42     0.0                 0            0.49        0.00
10         19              0.42     0.0                 0            0.46        0.05

== safety layer stops: 0 in 0 episodes; followed by a target collision in 0
(none)
