Tier 1 (run4_supervisor_off) — model runs\ppo_formulation_seed0_v4\final_model.zip
220 episodes, 274 s

== development set, per class (own_* = the model's last in-training evaluation, before today's code)
                  n  goal  collision  target  speed  colregs  estops  intervention  port_sense  own_goal  own_collision
class                                                                                                                  
being_overtaken  20  0.85       0.15     0.0   0.53   -12.02     0.0           0.0        0.05      0.85           0.15
crossing         20  0.45       0.55     0.5   0.55   -19.63     0.0           0.0        0.45      0.60           0.40
head_on          20  1.00       0.00     0.0   0.62   -28.49     0.0           0.0        0.05      0.95           0.05
no_target        20  0.95       0.05     0.0   0.64     0.00     0.0           0.0        0.00      0.90           0.10
null             20  0.85       0.15     0.0   0.59    -5.12     0.0           0.0        0.00      0.95           0.05
overtaking       20  1.00       0.00     0.0   0.58   -36.75     0.0           0.0        0.00      0.95           0.05

== crossing collision by side x drawn DCPA
                      mean                               size                      
dcpa_bin      (-0.01, 0.7] (0.7, 1.4] (1.4, 2.6] (-0.01, 0.7] (0.7, 1.4] (1.4, 2.6]
crossing_side                                                                      
port                  0.75       0.67       0.33            4          3          3
starboard             1.00       0.60       0.25            1          5          4

-- by A22 label (escapable by a lawful response)
                     n  collision  target
crossing_escapable                       
True                20       0.55     0.5

== being overtaken, A15 floor
                 n  collision  target  speed  v_hold
floor                                               
at/above floor  19       0.11     0.0   0.54    6.26
below floor      1       1.00     0.0   0.40    3.00

== head-on width set (obstacles off)
            n  target_collision  estops  stopped_then_hit  min_speed_mean  port_sense
width_bin                                                                            
5          22              0.18     0.0                 0            0.61        0.05
6          20              0.20     0.0                 0            0.60        0.05
7          20              0.10     0.0                 0            0.61        0.05
8          19              0.16     0.0                 0            0.61        0.00
10         19              0.11     0.0                 0            0.61        0.05

== supervisor stops: 0 in 0 episodes; followed by a target collision in 0
(none)
