Tier 1 (run11_supervisor_on) — model runs\ppo_formulation_seed0_v11\final_model.zip
220 episodes, 189 s

== development set, per class (own_* = the model's last in-training evaluation, before today's code)
                  n  goal  collision  target  speed  colregs  estops  intervention  port_sense  rms_cte  own_goal  own_collision
class                                                                                                                           
being_overtaken  20  0.95       0.05    0.05   0.60   -28.97    0.00          0.00        0.00     0.44      0.95           0.05
crossing         20  0.75       0.25    0.15   0.63   -28.64    0.00          0.00        0.50     1.16      0.75           0.25
head_on          20  1.00       0.00    0.00   0.65   -14.31    0.05          0.05        0.05     1.22      1.00           0.00
no_target        20  0.95       0.05    0.00   0.61     0.00    0.00          0.00        0.00     1.24      0.95           0.05
null             20  0.95       0.05    0.00   0.57    -0.72    0.00          0.00        0.00     0.94      0.95           0.05
overtaking       20  0.95       0.05    0.05   0.62   -31.48    0.05          0.05        0.00     1.00      0.95           0.05

== crossing collision by side x drawn DCPA
                      mean                               size                      
dcpa_bin      (-0.01, 0.7] (0.7, 1.4] (1.4, 2.6] (-0.01, 0.7] (0.7, 1.4] (1.4, 2.6]
crossing_side                                                                      
port                   0.0        1.0       0.20          4.0        3.0        5.0
starboard              0.0        NaN       0.17          2.0        NaN        6.0

-- by A22 label (escapable by a lawful response)
                     n  collision  target
crossing_escapable                       
True                20       0.25    0.15

== being overtaken, A15 floor
                 n  collision  target  speed  v_hold
floor                                               
at/above floor  17       0.00    0.00   0.59   11.35
below floor      3       0.33    0.33   0.63   16.00

== head-on width set (obstacles off)
            n  target_collision  estops  stopped_then_hit  min_speed_mean  port_sense
width_bin                                                                            
5          22              0.00    0.05                 0            0.70        0.00
6          20              0.25    0.00                 0            0.68        0.05
7          20              0.20    0.15                 0            0.63        0.05
8          19              0.16    0.05                 0            0.63        0.00
10         19              0.05    0.00                 0            0.61        0.00

== supervisor stops: 7 in 6 episodes; followed by a target collision in 0
0
8(e) in extremis: head_on       6
8(e) in extremis: overtaking    1
