Random search: 250 configurations x 100 layouts = 25,000 episodes
  layouts : eval_layouts\tune_layouts_v1.json
  workers : 4
  seed    : 20240818
  config 0 is the hand-chosen default

     500/25000 episodes |   4 configs done | best success 0.750 | 1.3 ep/s | eta 305 min
    1000/25000 episodes |   9 configs done | best success 0.750 | 1.7 ep/s | eta 240 min
    1500/25000 episodes |  14 configs done | best success 0.750 | 1.8 ep/s | eta 223 min
    2000/25000 episodes |  19 configs done | best success 0.750 | 1.9 ep/s | eta 203 min
    2500/25000 episodes |  24 configs done | best success 0.750 | 2.0 ep/s | eta 184 min
    3000/25000 episodes |  29 configs done | best success 0.750 | 2.1 ep/s | eta 177 min
    3500/25000 episodes |  35 configs done | best success 0.750 | 2.2 ep/s | eta 165 min
    4000/25000 episodes |  39 configs done | best success 0.750 | 2.3 ep/s | eta 153 min
    4500/25000 episodes |  44 configs done | best success 0.750 | 2.4 ep/s | eta 143 min
    5000/25000 episodes |  49 configs done | best success 0.820 | 2.5 ep/s | eta 135 min
    5500/25000 episodes |  54 configs done | best success 0.880 | 2.4 ep/s | eta 135 min
    6000/25000 episodes |  59 configs done | best success 0.880 | 2.4 ep/s | eta 129 min
    6500/25000 episodes |  64 configs done | best success 0.880 | 2.4 ep/s | eta 126 min
    7000/25000 episodes |  69 configs done | best success 0.880 | 2.4 ep/s | eta 126 min
    7500/25000 episodes |  75 configs done | best success 0.880 | 2.4 ep/s | eta 123 min
    8000/25000 episodes |  79 configs done | best success 0.940 | 2.3 ep/s | eta 123 min
    8500/25000 episodes |  84 configs done | best success 0.940 | 2.3 ep/s | eta 120 min
    9000/25000 episodes |  89 configs done | best success 0.940 | 2.2 ep/s | eta 119 min
    9500/25000 episodes |  94 configs done | best success 0.940 | 2.1 ep/s | eta 125 min
   10000/25000 episodes | 100 configs done | best success 0.940 | 2.0 ep/s | eta 125 min
   10500/25000 episodes | 104 configs done | best success 0.940 | 2.0 ep/s | eta 119 min
   11000/25000 episodes | 110 configs done | best success 0.940 | 2.1 ep/s | eta 113 min
   11500/25000 episodes | 114 configs done | best success 0.940 | 2.1 ep/s | eta 107 min
   12000/25000 episodes | 119 configs done | best success 0.940 | 2.2 ep/s | eta 101 min
   12500/25000 episodes | 124 configs done | best success 0.940 | 2.2 ep/s | eta 95 min
   13000/25000 episodes | 130 configs done | best success 0.940 | 2.2 ep/s | eta 89 min
   13500/25000 episodes | 134 configs done | best success 0.940 | 2.3 ep/s | eta 84 min
   14000/25000 episodes | 139 configs done | best success 0.940 | 2.3 ep/s | eta 79 min
   14500/25000 episodes | 144 configs done | best success 0.940 | 2.4 ep/s | eta 74 min
   15000/25000 episodes | 149 configs done | best success 0.940 | 2.4 ep/s | eta 69 min
   15500/25000 episodes | 154 configs done | best success 0.940 | 2.5 ep/s | eta 65 min
   16000/25000 episodes | 160 configs done | best success 0.940 | 2.5 ep/s | eta 60 min
   16500/25000 episodes | 165 configs done | best success 0.940 | 2.5 ep/s | eta 56 min
   17000/25000 episodes | 169 configs done | best success 0.940 | 2.6 ep/s | eta 52 min
   17500/25000 episodes | 174 configs done | best success 0.940 | 2.6 ep/s | eta 48 min
   18000/25000 episodes | 179 configs done | best success 0.940 | 2.6 ep/s | eta 45 min
   18500/25000 episodes | 184 configs done | best success 0.940 | 2.6 ep/s | eta 41 min
   19000/25000 episodes | 189 configs done | best success 0.940 | 2.7 ep/s | eta 38 min
   19500/25000 episodes | 194 configs done | best success 0.940 | 2.7 ep/s | eta 34 min
   20000/25000 episodes | 199 configs done | best success 0.940 | 2.7 ep/s | eta 31 min
   20500/25000 episodes | 205 configs done | best success 0.940 | 2.7 ep/s | eta 28 min
   21000/25000 episodes | 209 configs done | best success 0.940 | 2.8 ep/s | eta 24 min
   21500/25000 episodes | 214 configs done | best success 0.940 | 2.8 ep/s | eta 21 min
   22000/25000 episodes | 219 configs done | best success 0.940 | 2.8 ep/s | eta 18 min
   22500/25000 episodes | 224 configs done | best success 0.940 | 2.8 ep/s | eta 15 min
   23000/25000 episodes | 229 configs done | best success 0.940 | 2.9 ep/s | eta 12 min
   23500/25000 episodes | 235 configs done | best success 0.940 | 2.9 ep/s | eta 9 min
   24000/25000 episodes | 239 configs done | best success 0.940 | 2.9 ep/s | eta 6 min
   24500/25000 episodes | 245 configs done | best success 0.940 | 2.9 ep/s | eta 3 min
   25000/25000 episodes | 250 configs done | best success 0.940 | 3.0 ep/s | eta 0 min

Top 10 configurations by success rate:
    id   succ  rmsCTE  rmsSucc   obst   bord    tmo  effort
    87  0.940   1.170    1.139  0.060  0.000  0.000   6.562
    77  0.940   1.322    1.305  0.060  0.000  0.000   9.515
   224  0.910   1.235    1.190  0.080  0.010  0.000   5.208
   193  0.900   1.294    1.325  0.070  0.030  0.000   3.545
    53  0.880   1.265    1.367  0.110  0.010  0.000   4.312
   205  0.850   1.319    1.271  0.110  0.040  0.000  10.499
   202  0.840   1.033    1.047  0.150  0.010  0.000   3.743
   230  0.830   0.982    1.055  0.170  0.000  0.000   5.233
   112  0.830   1.648    1.610  0.140  0.030  0.000   8.923
    47  0.820   1.224    1.098  0.100  0.080  0.000  11.514

  default config : success 0.750, rms cte 0.944
  selected config: id 87, success 0.940, rms cte 1.170

  wrote eval_results\baselines\apf_tuning_results.csv
  wrote eval_results\baselines\los_apf_best.json
