Hard-arrangement layouts (counts [2, 3, 4])
Per-count detour floors (= max route ratio in the standard set): {2: 1.065, 3: 1.072, 4: 1.083}
Geometry overrides applied to config for generation only:
    TRAIN_SCENARIO_MODES = ['normal', 'target_side', 'field_repair', 'gate', 'offpath']
    TRAIN_SCENARIO_PROBS = [0.3, 0.35, 0.05, 0.3, 0.0]
    OBSTACLE_CENTER_PROB = 0.75
    OBSTACLE_LATERAL_OFFSET_MIN = 0.0
    OBSTACLE_LATERAL_OFFSET_MAX = 0.45
    OBSTACLE_PATH_START_FRAC = 0.2
    OBSTACLE_PATH_END_FRAC = 0.8
    GATE_GAP_RANGE = (1.0, 1.5)
    GATE_PATH_FRAC_RANGE = (0.3, 0.75)
    GATE_LATERAL_EXTRA = (0.0, 0.15)
    TARGET_SIDE_CORRIDOR_OFFSET_RANGE = (0.5, 0.8)
    TARGET_SIDE_BLOCKED_OFFSET_RANGE = (1.2, 2.1)
    TARGET_SIDE_PATH_FRAC_RANGE = (0.32, 0.72)

  hard_arr_obs2
    obs=2: 100/100 in 20605 attempts (accept 0.5%)  route_ratio p50=1.083 max=1.088
    wrote eval_layouts\hard_arr_obs2.json
  hard_arr_obs3
    obs=3: 100/100 in 1698 attempts (accept 5.9%)  route_ratio p50=1.083 max=1.104
    wrote eval_layouts\hard_arr_obs3.json
  hard_arr_obs4
    obs=4: 100/100 in 2597 attempts (accept 3.9%)  route_ratio p50=1.093 max=1.145
    wrote eval_layouts\hard_arr_obs4.json

config restored to standard values
