== by true range (medians unless noted)
                               frames  pos_err  course_err  course_err_p90  speed_err  stop_dcpa_err  stop_test_disagrees
range_bin   mode                                                                                                         
(0.0, 2.0]  centroid              304    0.329       2.909         161.868      0.160          0.268                0.339
            centroid+stop_fit     304    0.329       2.909         161.868      0.160          0.057                0.122
(2.0, 3.0]  centroid              351    0.368       2.503          11.150      0.066          0.328                0.199
            centroid+stop_fit     351    0.368       2.503          11.150      0.066          0.038                0.031
(3.0, 4.0]  centroid              324    0.549       2.315           6.991      0.034          0.487                0.062
            centroid+stop_fit     324    0.549       2.315           6.991      0.034          0.034                0.083
(4.0, 6.0]  centroid              493    0.680       2.306           6.918      0.027          0.619                0.008
            centroid+stop_fit     493    0.680       2.306           6.918      0.027          0.616                0.008
(6.0, 9.0]  centroid              447    0.727       2.543           6.745      0.025          0.608                0.013
            centroid+stop_fit     447    0.727       2.543           6.745      0.025          0.608                0.013
(9.0, 16.0] centroid              740    0.769       2.845           7.514      0.020          0.800                0.057
            centroid+stop_fit     740    0.769       2.845           7.514      0.020          0.800                0.057

== by scenario set
                                   frames  pos_err  course_err  course_err_p90  speed_err  stop_dcpa_err  stop_test_disagrees
set             mode                                                                                                         
being_overtaken centroid              424    0.374       1.152           3.886      0.037          0.306                0.208
                centroid+stop_fit     424    0.374       1.152           3.886      0.037          0.046                0.033
crossing        centroid              153    0.377       2.478           7.325      0.051          0.354                0.085
                centroid+stop_fit     153    0.377       2.478           7.325      0.051          0.187                0.085
head_on_width   centroid             1806    0.729       2.937           8.941      0.030          0.600                0.073
                centroid+stop_fit    1806    0.729       2.937           8.941      0.030          0.576                0.051
overtaking      centroid              350    0.619       3.415           8.592      0.023          0.618                0.037
                centroid+stop_fit     350    0.619       3.415           8.592      0.023          0.274                0.020

== overall
                   frames  pos_err  course_err  course_err_p90  speed_err  stop_dcpa_err  stop_test_disagrees
mode                                                                                                         
centroid             2733    0.696       2.651           8.389       0.03          0.541                0.090
centroid+stop_fit    2733    0.696       2.651           8.389       0.03          0.407                0.046
