{
  "trims": [
    {
      "run": "2026-07-02/calibration#1",
      "t_cut_s": 18.5,
      "duration_s": 24.5,
      "samples_removed": 12,
      "split": "train"
    },
    {
      "run": "2026-07-02/trial",
      "t_cut_s": 18.5,
      "duration_s": 24.5,
      "samples_removed": 12,
      "split": "train"
    },
    {
      "run": "2026-07-02/trial_2",
      "t_cut_s": 18.5,
      "duration_s": 27.0,
      "samples_removed": 17,
      "split": "train"
    }
  ],
  "criteria": {
    "psi_free": {
      "v4": 24.12208092974455,
      "v3": 23.531507701538402,
      "ok": true
    },
    "psi_10s": {
      "v4": 11.823550860656923,
      "v3": 13.820201439852513,
      "ok": true
    },
    "pos_free": {
      "v4": 3.45537447348028,
      "v3": 3.529676973733648,
      "ok": true
    },
    "ks_turn_rate": {
      "v4": 0.17110266159695817,
      "v3": 0.17110266159695817,
      "ok": true
    },
    "path_err_abs": {
      "v4": 1.2526306553885949,
      "v3": 1.759568514979686,
      "ok": true
    }
  },
  "acceptance": {
    "A1": true,
    "A2": true,
    "A3": true,
    "A5_draws_usable": "11/12",
    "A5": false,
    "steady_turn_degps": [
      1.24,
      4.9,
      7.92,
      10.13
    ],
    "radius_L": 2.36,
    "speed_ratio": 0.634
  },
  "at_bound_v4": [
    "X_vv",
    "X_rr",
    "Y_v",
    "k_race",
    "N_rr",
    "rud_tau"
  ],
  "adopt": false
}

holdout
  psi_1s         v3    1.312   v4    1.447
  psi_2s         v3    5.192   v4    4.212
  psi_3s         v3    7.902   v4    6.752
  psi_5s         v3   10.171   v4    7.489
  psi_10s        v3   13.820   v4   11.824
  psi_free       v3   23.532   v4   24.122
  pos_3s         v3    0.262   v4    0.231
  pos_10s        v3    1.246   v4    0.860
  pos_free       v3    3.530   v4    3.455
  ks_turn_rate   v3    0.171   v4    0.171
  path_err_mean  v3   -0.789   v4   -0.608
  path_err_abs   v3    1.760   v4    1.253
  drift_sd_meas  v3    5.676   v4    5.676
  drift_sd_sim   v3    4.781   v4    5.045
  naive {'freeze_1s': 4.1, 'freeze_2s': 9.01, 'freeze_3s': 12.87, 'freeze_5s': 20.69, 'freeze_10s': 20.13, 'freeze_free': 22.94}

train_trimmed
  psi_1s         v3    1.820   v4    1.967
  psi_2s         v3    5.549   v4    4.942
  psi_3s         v3    8.539   v4    7.680
  psi_5s         v3   13.544   v4   12.410
  psi_10s        v3   17.896   v4   17.006
  psi_free       v3   25.036   v4   25.249
  pos_3s         v3    0.532   v4    0.524
  pos_10s        v3    1.449   v4    1.316
  pos_free       v3    3.029   v4    2.970
  ks_turn_rate   v3    0.135   v4    0.134
  path_err_mean  v3   -0.396   v4   -0.356
  path_err_abs   v3    1.406   v4    1.335
  drift_sd_meas  v3    7.954   v4    7.954
  drift_sd_sim   v3    5.048   v4    5.892
  naive {'freeze_1s': 4.85, 'freeze_2s': 10.52, 'freeze_3s': 14.35, 'freeze_5s': 19.42, 'freeze_10s': 19.55, 'freeze_free': 33.7}

parameters
  T12        v3    16.0623   v4    15.7160   [15.271, 17.192]   bounds (2.0, 45.0)
  t_boost    v3     0.0000   v4     0.0000   [0.000, 0.000]   bounds (0.0, 0.0)
  u_boost    v3     0.5000   v4     0.5000   [0.500, 0.500]   bounds (0.5, 0.5)
  X_uu       v3    12.8879   v4    12.2014   [11.561, 13.370]   bounds (0.0, 40.0)
  X_vv       v3    50.6376   v4    59.7110   [58.422, 59.992]   bounds (0.0, 60.0)
  X_rr       v3     0.0580   v4     0.4268   [0.000, 7.448]   bounds (0.0, 200.0)
  X_delta    v3     0.1165   v4     0.2081   [0.003, 0.704]   bounds (0.0, 6.0)
  Y_v        v3     0.9238   v4     0.0000   [0.000, 0.176]   bounds (0.0, 300.0)
  Y_vv       v3   220.9760   v4   107.5781   [93.359, 129.889]   bounds (0.0, 300.0)
  k_R        v3     2.1764   v4     2.9577   [2.587, 4.428]   bounds (0.05, 15.0)
  k_race     v3     0.0135   v4     0.0517   [0.000, 0.096]   bounds (0.0, 4.0)
  N_r        v3     1.0380   v4    17.8885   [13.348, 23.378]   bounds (0.0, 120.0)
  N_rr       v3     0.0173   v4    59.5542   [57.957, 59.996]   bounds (0.0, 60.0)
  N_uv       v3   -83.9691   v4   -45.4802   [-50.775, -36.345]   bounds (-250.0, 250.0)
  rud_rate   v3  2984.7500   v4  2456.6467   [2343.741, 2490.111]   bounds (10.0, 3000.0)
  rud_tau    v3     0.8952   v4     0.0100   [0.010, 0.062]   bounds (0.01, 1.2)
  rud_delay  v3     0.7301   v4     1.1199   [1.089, 1.168]   bounds (0.0, 1.6)
