[PILOT A] formulation_v4 from 1,500,000 to 2,000,000, gamma 0.9509900498999999 (checkpoint 0.9510), stage 6
Logging to C:\Users\hntran\OneDrive - University of Tasmania\Documents\PhD\asv-path-replanning\asv-lidar\static_dynamic_obstacles\runs\tensorboard\PPO_0
[CURRICULUM] t=1,500,000 -> scenario stage 6
---------------------------------
| rollout/           |          |
|    ep_len_mean     | 49.2     |
|    ep_rew_mean     | -174     |
| time/              |          |
|    fps             | 23       |
|    iterations      | 1        |
|    time_elapsed    | 220      |
|    total_timesteps | 1505120  |
---------------------------------
Early stopping at step 2 due to reaching max kl: 0.05
----------------------------------------
| rollout/                |            |
|    ep_len_mean          | 50.5       |
|    ep_rew_mean          | -203       |
| time/                   |            |
|    fps                  | 33         |
|    iterations           | 2          |
|    time_elapsed         | 303        |
|    total_timesteps      | 1510240    |
| train/                  |            |
|    approx_kl            | 0.02918317 |
|    clip_fraction        | 0.21       |
|    clip_range           | 0.2        |
|    entropy_loss         | -1.39      |
|    explained_variance   | 0.691      |
|    learning_rate        | 0.0003     |
|    loss                 | 0.511      |
|    n_updates            | 1714       |
|    policy_gradient_loss | -0.000859  |
|    std                  | 0.486      |
|    value_loss           | 1.84       |
----------------------------------------
Early stopping at step 3 due to reaching max kl: 0.05
----------------------------------------
| rollout/                |            |
|    ep_len_mean          | 57         |
|    ep_rew_mean          | -184       |
| time/                   |            |
|    fps                  | 39         |
|    iterations           | 3          |
|    time_elapsed         | 388        |
|    total_timesteps      | 1515360    |
| train/                  |            |
|    approx_kl            | 0.03745594 |
|    clip_fraction        | 0.245      |
|    clip_range           | 0.2        |
|    entropy_loss         | -1.4       |
|    explained_variance   | 0.751      |
|    learning_rate        | 0.0003     |
|    loss                 | 0.555      |
|    n_updates            | 1718       |
|    policy_gradient_loss | -0.00607   |
|    std                  | 0.487      |
|    value_loss           | 1.66       |
----------------------------------------
Early stopping at step 4 due to reaching max kl: 0.06
-----------------------------------------
| rollout/                |             |
|    ep_len_mean          | 47.8        |
|    ep_rew_mean          | -151        |
| time/                   |             |
|    fps                  | 41          |
|    iterations           | 4           |
|    time_elapsed         | 489         |
|    total_timesteps      | 1520480     |
| train/                  |             |
|    approx_kl            | 0.036727883 |
|    clip_fraction        | 0.256       |
|    clip_range           | 0.2         |
|    entropy_loss         | -1.4        |
|    explained_variance   | 0.695       |
|    learning_rate        | 0.0003      |
|    loss                 | 0.637       |
|    n_updates            | 1723        |
|    policy_gradient_loss | -0.0136     |
|    std                  | 0.487       |
|    value_loss           | 1.62        |
-----------------------------------------
Early stopping at step 9 due to reaching max kl: 0.05
----------------------------------------
| rollout/                |            |
|    ep_len_mean          | 49.2       |
|    ep_rew_mean          | -183       |
| time/                   |            |
|    fps                  | 42         |
|    iterations           | 5          |
|    time_elapsed         | 599        |
|    total_timesteps      | 1525600    |
| train/                  |            |
|    approx_kl            | 0.04687614 |
|    clip_fraction        | 0.286      |
|    clip_range           | 0.2        |
|    entropy_loss         | -1.4       |
|    explained_variance   | 0.743      |
|    learning_rate        | 0.0003     |
|    loss                 | 0.332      |
|    n_updates            | 1733       |
|    policy_gradient_loss | -0.0242    |
|    std                  | 0.486      |
|    value_loss           | 1.35       |
----------------------------------------
Early stopping at step 2 due to reaching max kl: 0.05
----------------------------------------
| rollout/                |            |
|    ep_len_mean          | 49.8       |
|    ep_rew_mean          | -151       |
| time/                   |            |
|    fps                  | 44         |
|    iterations           | 6          |
|    time_elapsed         | 697        |
|    total_timesteps      | 1530720    |
| train/                  |            |
|    approx_kl            | 0.03523274 |
|    clip_fraction        | 0.214      |
|    clip_range           | 0.2        |
|    entropy_loss         | -1.39      |
|    explained_variance   | 0.721      |
|    learning_rate        | 0.0003     |
|    loss                 | 0.67       |
|    n_updates            | 1736       |
|    policy_gradient_loss | -0.00258   |
|    std                  | 0.486      |
|    value_loss           | 1.81       |
----------------------------------------
Early stopping at step 5 due to reaching max kl: 0.05
-----------------------------------------
| rollout/                |             |
|    ep_len_mean          | 47.7        |
|    ep_rew_mean          | -164        |
| time/                   |             |
|    fps                  | 45          |
|    iterations           | 7           |
|    time_elapsed         | 790         |
|    total_timesteps      | 1535840     |
| train/                  |             |
|    approx_kl            | 0.036471643 |
|    clip_fraction        | 0.256       |
|    clip_range           | 0.2         |
|    entropy_loss         | -1.39       |
|    explained_variance   | 0.725       |
|    learning_rate        | 0.0003      |
|    loss                 | 0.438       |
|    n_updates            | 1742        |
|    policy_gradient_loss | -0.0173     |
|    std                  | 0.486       |
|    value_loss           | 1.42        |
-----------------------------------------
Early stopping at step 3 due to reaching max kl: 0.05
----------------------------------------
| rollout/                |            |
|    ep_len_mean          | 50.5       |
|    ep_rew_mean          | -166       |
| time/                   |            |
|    fps                  | 45         |
|    iterations           | 8          |
|    time_elapsed         | 904        |
|    total_timesteps      | 1540960    |
| train/                  |            |
|    approx_kl            | 0.03249781 |
|    clip_fraction        | 0.238      |
|    clip_range           | 0.2        |
|    entropy_loss         | -1.39      |
|    explained_variance   | 0.783      |
|    learning_rate        | 0.0003     |
|    loss                 | 0.586      |
|    n_updates            | 1746       |
|    policy_gradient_loss | -0.0102    |
|    std                  | 0.485      |
|    value_loss           | 1.43       |
----------------------------------------
Early stopping at step 2 due to reaching max kl: 0.05
-----------------------------------------
| rollout/                |             |
|    ep_len_mean          | 49.4        |
|    ep_rew_mean          | -162        |
| time/                   |             |
|    fps                  | 44          |
|    iterations           | 9           |
|    time_elapsed         | 1024        |
|    total_timesteps      | 1546080     |
| train/                  |             |
|    approx_kl            | 0.031375203 |
|    clip_fraction        | 0.226       |
|    clip_range           | 0.2         |
|    entropy_loss         | -1.39       |
|    explained_variance   | 0.739       |
|    learning_rate        | 0.0003      |
|    loss                 | 0.794       |
|    n_updates            | 1749        |
|    policy_gradient_loss | -0.00741    |
|    std                  | 0.485       |
|    value_loss           | 1.64        |
-----------------------------------------
Early stopping at step 7 due to reaching max kl: 0.05
-----------------------------------------
| rollout/                |             |
|    ep_len_mean          | 48.2        |
|    ep_rew_mean          | -180        |
| time/                   |             |
|    fps                  | 44          |
|    iterations           | 10          |
|    time_elapsed         | 1152        |
|    total_timesteps      | 1551200     |
| train/                  |             |
|    approx_kl            | 0.036424987 |
|    clip_fraction        | 0.276       |
|    clip_range           | 0.2         |
|    entropy_loss         | -1.39       |
|    explained_variance   | 0.738       |
|    learning_rate        | 0.0003      |
|    loss                 | 0.373       |
|    n_updates            | 1757        |
|    policy_gradient_loss | -0.0202     |
|    std                  | 0.484       |
|    value_loss           | 1.27        |
-----------------------------------------
Early stopping at step 6 due to reaching max kl: 0.05
-----------------------------------------
| rollout/                |             |
|    ep_len_mean          | 47.4        |
|    ep_rew_mean          | -172        |
| time/                   |             |
|    fps                  | 43          |
|    iterations           | 11          |
|    time_elapsed         | 1283        |
|    total_timesteps      | 1556320     |
| train/                  |             |
|    approx_kl            | 0.042043783 |
|    clip_fraction        | 0.269       |
|    clip_range           | 0.2         |
|    entropy_loss         | -1.39       |
|    explained_variance   | 0.713       |
|    learning_rate        | 0.0003      |
|    loss                 | 0.505       |
|    n_updates            | 1764        |
|    policy_gradient_loss | -0.0192     |
|    std                  | 0.485       |
|    value_loss           | 1.62        |
-----------------------------------------
Early stopping at step 6 due to reaching max kl: 0.05
-----------------------------------------
| rollout/                |             |
|    ep_len_mean          | 44          |
|    ep_rew_mean          | -194        |
| time/                   |             |
|    fps                  | 41          |
|    iterations           | 12          |
|    time_elapsed         | 1470        |
|    total_timesteps      | 1561440     |
| train/                  |             |
|    approx_kl            | 0.038501866 |
|    clip_fraction        | 0.276       |
|    clip_range           | 0.2         |
|    entropy_loss         | -1.39       |
|    explained_variance   | 0.702       |
|    learning_rate        | 0.0003      |
|    loss                 | 0.572       |
|    n_updates            | 1771        |
|    policy_gradient_loss | -0.0161     |
|    std                  | 0.485       |
|    value_loss           | 1.52        |
-----------------------------------------
Early stopping at step 3 due to reaching max kl: 0.05
-----------------------------------------
| rollout/                |             |
|    ep_len_mean          | 47.7        |
|    ep_rew_mean          | -141        |
| time/                   |             |
|    fps                  | 41          |
|    iterations           | 13          |
|    time_elapsed         | 1616        |
|    total_timesteps      | 1566560     |
| train/                  |             |
|    approx_kl            | 0.043535262 |
|    clip_fraction        | 0.234       |
|    clip_range           | 0.2         |
|    entropy_loss         | -1.39       |
|    explained_variance   | 0.752       |
|    learning_rate        | 0.0003      |
|    loss                 | 0.561       |
|    n_updates            | 1775        |
|    policy_gradient_loss | -0.00459    |
|    std                  | 0.484       |
|    value_loss           | 1.76        |
-----------------------------------------
Early stopping at step 7 due to reaching max kl: 0.05
-----------------------------------------
| rollout/                |             |
|    ep_len_mean          | 46.5        |
|    ep_rew_mean          | -176        |
| time/                   |             |
|    fps                  | 41          |
|    iterations           | 14          |
|    time_elapsed         | 1726        |
|    total_timesteps      | 1571680     |
| train/                  |             |
|    approx_kl            | 0.040643178 |
|    clip_fraction        | 0.289       |
|    clip_range           | 0.2         |
|    entropy_loss         | -1.39       |
|    explained_variance   | 0.717       |
|    learning_rate        | 0.0003      |
|    loss                 | 0.348       |
|    n_updates            | 1783        |
|    policy_gradient_loss | -0.0217     |
|    std                  | 0.486       |
|    value_loss           | 1.28        |
-----------------------------------------
Early stopping at step 4 due to reaching max kl: 0.05
-----------------------------------------
| rollout/                |             |
|    ep_len_mean          | 50.2        |
|    ep_rew_mean          | -167        |
| time/                   |             |
|    fps                  | 41          |
|    iterations           | 15          |
|    time_elapsed         | 1846        |
|    total_timesteps      | 1576800     |
| train/                  |             |
|    approx_kl            | 0.039799213 |
|    clip_fraction        | 0.254       |
|    clip_range           | 0.2         |
|    entropy_loss         | -1.39       |
|    explained_variance   | 0.68        |
|    learning_rate        | 0.0003      |
|    loss                 | 0.864       |
|    n_updates            | 1788        |
|    policy_gradient_loss | -0.0125     |
|    std                  | 0.485       |
|    value_loss           | 1.76        |
-----------------------------------------
Early stopping at step 2 due to reaching max kl: 0.05
----------------------------------------
| rollout/                |            |
|    ep_len_mean          | 49         |
|    ep_rew_mean          | -167       |
| time/                   |            |
|    fps                  | 41         |
|    iterations           | 16         |
|    time_elapsed         | 1959       |
|    total_timesteps      | 1581920    |
| train/                  |            |
|    approx_kl            | 0.03167145 |
|    clip_fraction        | 0.214      |
|    clip_range           | 0.2        |
|    entropy_loss         | -1.39      |
|    explained_variance   | 0.783      |
|    learning_rate        | 0.0003     |
|    loss                 | 0.514      |
|    n_updates            | 1791       |
|    policy_gradient_loss | -0.00249   |
|    std                  | 0.486      |
|    value_loss           | 1.35       |
----------------------------------------
Early stopping at step 2 due to reaching max kl: 0.05
-----------------------------------------
| rollout/                |             |
|    ep_len_mean          | 48.4        |
|    ep_rew_mean          | -207        |
| time/                   |             |
|    fps                  | 41          |
|    iterations           | 17          |
|    time_elapsed         | 2099        |
|    total_timesteps      | 1587040     |
| train/                  |             |
|    approx_kl            | 0.028741375 |
|    clip_fraction        | 0.217       |
|    clip_range           | 0.2         |
|    entropy_loss         | -1.39       |
|    explained_variance   | 0.769       |
|    learning_rate        | 0.0003      |
|    loss                 | 0.947       |
|    n_updates            | 1794        |
|    policy_gradient_loss | -0.00597    |
|    std                  | 0.485       |
|    value_loss           | 1.54        |
-----------------------------------------
Early stopping at step 3 due to reaching max kl: 0.05
----------------------------------------
| rollout/                |            |
|    ep_len_mean          | 48.8       |
|    ep_rew_mean          | -172       |
| time/                   |            |
|    fps                  | 41         |
|    iterations           | 18         |
|    time_elapsed         | 2240       |
|    total_timesteps      | 1592160    |
| train/                  |            |
|    approx_kl            | 0.03655629 |
|    clip_fraction        | 0.256      |
|    clip_range           | 0.2        |
|    entropy_loss         | -1.39      |
|    explained_variance   | 0.785      |
|    learning_rate        | 0.0003     |
|    loss                 | 0.56       |
|    n_updates            | 1798       |
|    policy_gradient_loss | -0.00498   |
|    std                  | 0.484      |
|    value_loss           | 1.46       |
----------------------------------------
Early stopping at step 4 due to reaching max kl: 0.05
-----------------------------------------
| rollout/                |             |
|    ep_len_mean          | 47          |
|    ep_rew_mean          | -173        |
| time/                   |             |
|    fps                  | 41          |
|    iterations           | 19          |
|    time_elapsed         | 2369        |
|    total_timesteps      | 1597280     |
| train/                  |             |
|    approx_kl            | 0.039506458 |
|    clip_fraction        | 0.26        |
|    clip_range           | 0.2         |
|    entropy_loss         | -1.39       |
|    explained_variance   | 0.758       |
|    learning_rate        | 0.0003      |
|    loss                 | 0.425       |
|    n_updates            | 1803        |
|    policy_gradient_loss | -0.0135     |
|    std                  | 0.486       |
|    value_loss           | 1.45        |
-----------------------------------------
Early stopping at step 4 due to reaching max kl: 0.05
-----------------------------------------
| rollout/                |             |
|    ep_len_mean          | 50.4        |
|    ep_rew_mean          | -148        |
| time/                   |             |
|    fps                  | 40          |
|    iterations           | 20          |
|    time_elapsed         | 2514        |
|    total_timesteps      | 1602400     |
| train/                  |             |
|    approx_kl            | 0.040279716 |
|    clip_fraction        | 0.268       |
|    clip_range           | 0.2         |
|    entropy_loss         | -1.39       |
|    explained_variance   | 0.769       |
|    learning_rate        | 0.0003      |
|    loss                 | 0.38        |
|    n_updates            | 1808        |
|    policy_gradient_loss | -0.0144     |
|    std                  | 0.486       |
|    value_loss           | 1.32        |
-----------------------------------------
Early stopping at step 3 due to reaching max kl: 0.05
-----------------------------------------
| rollout/                |             |
|    ep_len_mean          | 48.7        |
|    ep_rew_mean          | -185        |
| time/                   |             |
|    fps                  | 40          |
|    iterations           | 21          |
|    time_elapsed         | 2650        |
|    total_timesteps      | 1607520     |
| train/                  |             |
|    approx_kl            | 0.038271595 |
|    clip_fraction        | 0.264       |
|    clip_range           | 0.2         |
|    entropy_loss         | -1.4        |
|    explained_variance   | 0.676       |
|    learning_rate        | 0.0003      |
|    loss                 | 0.76        |
|    n_updates            | 1812        |
|    policy_gradient_loss | -0.00598    |
|    std                  | 0.487       |
|    value_loss           | 1.62        |
-----------------------------------------
Early stopping at step 4 due to reaching max kl: 0.05
-----------------------------------------
| rollout/                |             |
|    ep_len_mean          | 47.2        |
|    ep_rew_mean          | -207        |
| time/                   |             |
|    fps                  | 38          |
|    iterations           | 22          |
|    time_elapsed         | 2928        |
|    total_timesteps      | 1612640     |
| train/                  |             |
|    approx_kl            | 0.052167065 |
|    clip_fraction        | 0.26        |
|    clip_range           | 0.2         |
|    entropy_loss         | -1.4        |
|    explained_variance   | 0.744       |
|    learning_rate        | 0.0003      |
|    loss                 | 0.697       |
|    n_updates            | 1817        |
|    policy_gradient_loss | -0.0102     |
|    std                  | 0.487       |
|    value_loss           | 1.53        |
-----------------------------------------
Early stopping at step 2 due to reaching max kl: 0.05
---------------------------------------
| rollout/                |           |
|    ep_len_mean          | 48.4      |
|    ep_rew_mean          | -157      |
| time/                   |           |
|    fps                  | 38        |
|    iterations           | 23        |
|    time_elapsed         | 3042      |
|    total_timesteps      | 1617760   |
| train/                  |           |
|    approx_kl            | 0.0464494 |
|    clip_fraction        | 0.192     |
|    clip_range           | 0.2       |
|    entropy_loss         | -1.4      |
|    explained_variance   | 0.76      |
|    learning_rate        | 0.0003    |
|    loss                 | 0.645     |
|    n_updates            | 1820      |
|    policy_gradient_loss | -0.000603 |
|    std                  | 0.487     |
|    value_loss           | 1.82      |
---------------------------------------
Early stopping at step 7 due to reaching max kl: 0.05
-----------------------------------------
| rollout/                |             |
|    ep_len_mean          | 46.7        |
|    ep_rew_mean          | -175        |
| time/                   |             |
|    fps                  | 38          |
|    iterations           | 24          |
|    time_elapsed         | 3153        |
|    total_timesteps      | 1622880     |
| train/                  |             |
|    approx_kl            | 0.042115178 |
|    clip_fraction        | 0.291       |
|    clip_range           | 0.2         |
|    entropy_loss         | -1.4        |
|    explained_variance   | 0.792       |
|    learning_rate        | 0.0003      |
|    loss                 | 0.262       |
|    n_updates            | 1828        |
|    policy_gradient_loss | -0.0223     |
|    std                  | 0.485       |
|    value_loss           | 0.998       |
-----------------------------------------
Early stopping at step 3 due to reaching max kl: 0.05
-----------------------------------------
| rollout/                |             |
|    ep_len_mean          | 46.1        |
|    ep_rew_mean          | -204        |
| time/                   |             |
|    fps                  | 39          |
|    iterations           | 25          |
|    time_elapsed         | 3270        |
|    total_timesteps      | 1628000     |
| train/                  |             |
|    approx_kl            | 0.047610365 |
|    clip_fraction        | 0.226       |
|    clip_range           | 0.2         |
|    entropy_loss         | -1.39       |
|    explained_variance   | 0.723       |
|    learning_rate        | 0.0003      |
|    loss                 | 0.551       |
|    n_updates            | 1832        |
|    policy_gradient_loss | -0.0066     |
|    std                  | 0.485       |
|    value_loss           | 1.8         |
-----------------------------------------
Early stopping at step 3 due to reaching max kl: 0.05
---------------------------------------
| rollout/                |           |
|    ep_len_mean          | 46.5      |
|    ep_rew_mean          | -167      |
| time/                   |           |
|    fps                  | 39        |
|    iterations           | 26        |
|    time_elapsed         | 3376      |
|    total_timesteps      | 1633120   |
| train/                  |           |
|    approx_kl            | 0.0341884 |
|    clip_fraction        | 0.219     |
|    clip_range           | 0.2       |
|    entropy_loss         | -1.39     |
|    explained_variance   | 0.748     |
|    learning_rate        | 0.0003    |
|    loss                 | 0.728     |
|    n_updates            | 1836      |
|    policy_gradient_loss | -0.0127   |
|    std                  | 0.485     |
|    value_loss           | 1.68      |
---------------------------------------
Early stopping at step 4 due to reaching max kl: 0.05
-----------------------------------------
| rollout/                |             |
|    ep_len_mean          | 49.6        |
|    ep_rew_mean          | -162        |
| time/                   |             |
|    fps                  | 39          |
|    iterations           | 27          |
|    time_elapsed         | 3472        |
|    total_timesteps      | 1638240     |
| train/                  |             |
|    approx_kl            | 0.039347976 |
|    clip_fraction        | 0.231       |
|    clip_range           | 0.2         |
|    entropy_loss         | -1.39       |
|    explained_variance   | 0.75        |
|    learning_rate        | 0.0003      |
|    loss                 | 0.449       |
|    n_updates            | 1841        |
|    policy_gradient_loss | -0.0126     |
|    std                  | 0.485       |
|    value_loss           | 1.39        |
-----------------------------------------
Early stopping at step 2 due to reaching max kl: 0.05
-----------------------------------------
| rollout/                |             |
|    ep_len_mean          | 47.7        |
|    ep_rew_mean          | -144        |
| time/                   |             |
|    fps                  | 40          |
|    iterations           | 28          |
|    time_elapsed         | 3576        |
|    total_timesteps      | 1643360     |
| train/                  |             |
|    approx_kl            | 0.033269245 |
|    clip_fraction        | 0.255       |
|    clip_range           | 0.2         |
|    entropy_loss         | -1.39       |
|    explained_variance   | 0.731       |
|    learning_rate        | 0.0003      |
|    loss                 | 0.593       |
|    n_updates            | 1844        |
|    policy_gradient_loss | -0.00223    |
|    std                  | 0.485       |
|    value_loss           | 1.68        |
-----------------------------------------
Early stopping at step 2 due to reaching max kl: 0.05
-----------------------------------------
| rollout/                |             |
|    ep_len_mean          | 52.4        |
|    ep_rew_mean          | -159        |
| time/                   |             |
|    fps                  | 40          |
|    iterations           | 29          |
|    time_elapsed         | 3703        |
|    total_timesteps      | 1648480     |
| train/                  |             |
|    approx_kl            | 0.028494379 |
|    clip_fraction        | 0.226       |
|    clip_range           | 0.2         |
|    entropy_loss         | -1.39       |
|    explained_variance   | 0.788       |
|    learning_rate        | 0.0003      |
|    loss                 | 0.437       |
|    n_updates            | 1847        |
|    policy_gradient_loss | -0.00599    |
|    std                  | 0.486       |
|    value_loss           | 1.23        |
-----------------------------------------
Early stopping at step 2 due to reaching max kl: 0.05
-----------------------------------------
| rollout/                |             |
|    ep_len_mean          | 44.8        |
|    ep_rew_mean          | -162        |
| time/                   |             |
|    fps                  | 39          |
|    iterations           | 30          |
|    time_elapsed         | 3847        |
|    total_timesteps      | 1653600     |
| train/                  |             |
|    approx_kl            | 0.038668115 |
|    clip_fraction        | 0.196       |
|    clip_range           | 0.2         |
|    entropy_loss         | -1.39       |
|    explained_variance   | 0.734       |
|    learning_rate        | 0.0003      |
|    loss                 | 0.578       |
|    n_updates            | 1850        |
|    policy_gradient_loss | -0.000939   |
|    std                  | 0.485       |
|    value_loss           | 1.48        |
-----------------------------------------
Early stopping at step 3 due to reaching max kl: 0.05
--------------------------------------
| rollout/                |          |
|    ep_len_mean          | 45.3     |
|    ep_rew_mean          | -176     |
| time/                   |          |
|    fps                  | 39       |
|    iterations           | 31       |
|    time_elapsed         | 3991     |
|    total_timesteps      | 1658720  |
| train/                  |          |
|    approx_kl            | 0.039802 |
|    clip_fraction        | 0.263    |
|    clip_range           | 0.2      |
|    entropy_loss         | -1.39    |
|    explained_variance   | 0.784    |
|    learning_rate        | 0.0003   |
|    loss                 | 0.456    |
|    n_updates            | 1854     |
|    policy_gradient_loss | -0.0105  |
|    std                  | 0.486    |
|    value_loss           | 1.38     |
--------------------------------------
Early stopping at step 2 due to reaching max kl: 0.06
-----------------------------------------
| rollout/                |             |
|    ep_len_mean          | 50.9        |
|    ep_rew_mean          | -135        |
| time/                   |             |
|    fps                  | 39          |
|    iterations           | 32          |
|    time_elapsed         | 4182        |
|    total_timesteps      | 1663840     |
| train/                  |             |
|    approx_kl            | 0.032989077 |
|    clip_fraction        | 0.234       |
|    clip_range           | 0.2         |
|    entropy_loss         | -1.39       |
|    explained_variance   | 0.769       |
|    learning_rate        | 0.0003      |
|    loss                 | 0.798       |
|    n_updates            | 1857        |
|    policy_gradient_loss | -0.00432    |
|    std                  | 0.486       |
|    value_loss           | 1.51        |
-----------------------------------------
Early stopping at step 3 due to reaching max kl: 0.05
----------------------------------------
| rollout/                |            |
|    ep_len_mean          | 45.6       |
|    ep_rew_mean          | -157       |
| time/                   |            |
|    fps                  | 39         |
|    iterations           | 33         |
|    time_elapsed         | 4310       |
|    total_timesteps      | 1668960    |
| train/                  |            |
|    approx_kl            | 0.03829394 |
|    clip_fraction        | 0.249      |
|    clip_range           | 0.2        |
|    entropy_loss         | -1.39      |
|    explained_variance   | 0.745      |
|    learning_rate        | 0.0003     |
|    loss                 | 0.574      |
|    n_updates            | 1861       |
|    policy_gradient_loss | -0.0123    |
|    std                  | 0.484      |
|    value_loss           | 1.37       |
----------------------------------------
Early stopping at step 2 due to reaching max kl: 0.05
---------------------------------------
| rollout/                |           |
|    ep_len_mean          | 49        |
|    ep_rew_mean          | -154      |
| time/                   |           |
|    fps                  | 39        |
|    iterations           | 34        |
|    time_elapsed         | 4405      |
|    total_timesteps      | 1674080   |
| train/                  |           |
|    approx_kl            | 0.0400292 |
|    clip_fraction        | 0.192     |
|    clip_range           | 0.2       |
|    entropy_loss         | -1.39     |
|    explained_variance   | 0.742     |
|    learning_rate        | 0.0003    |
|    loss                 | 0.785     |
|    n_updates            | 1864      |
|    policy_gradient_loss | -0.00319  |
|    std                  | 0.484     |
|    value_loss           | 1.7       |
---------------------------------------
Early stopping at step 0 due to reaching max kl: 0.05
-----------------------------------------
| rollout/                |             |
|    ep_len_mean          | 46.4        |
|    ep_rew_mean          | -165        |
| time/                   |             |
|    fps                  | 39          |
|    iterations           | 35          |
|    time_elapsed         | 4497        |
|    total_timesteps      | 1679200     |
| train/                  |             |
|    approx_kl            | 0.021310762 |
|    clip_fraction        | 0.242       |
|    clip_range           | 0.2         |
|    entropy_loss         | -1.38       |
|    explained_variance   | 0.758       |
|    learning_rate        | 0.0003      |
|    loss                 | 1.07        |
|    n_updates            | 1865        |
|    policy_gradient_loss | 0.00315     |
|    std                  | 0.484       |
|    value_loss           | 1.57        |
-----------------------------------------
Early stopping at step 4 due to reaching max kl: 0.05
----------------------------------------
| rollout/                |            |
|    ep_len_mean          | 41.6       |
|    ep_rew_mean          | -188       |
| time/                   |            |
|    fps                  | 39         |
|    iterations           | 36         |
|    time_elapsed         | 4627       |
|    total_timesteps      | 1684320    |
| train/                  |            |
|    approx_kl            | 0.03701946 |
|    clip_fraction        | 0.239      |
|    clip_range           | 0.2        |
|    entropy_loss         | -1.39      |
|    explained_variance   | 0.73       |
|    learning_rate        | 0.0003     |
|    loss                 | 0.538      |
|    n_updates            | 1870       |
|    policy_gradient_loss | -0.0132    |
|    std                  | 0.485      |
|    value_loss           | 1.53       |
----------------------------------------
Early stopping at step 3 due to reaching max kl: 0.05
-----------------------------------------
| rollout/                |             |
|    ep_len_mean          | 45.9        |
|    ep_rew_mean          | -157        |
| time/                   |             |
|    fps                  | 39          |
|    iterations           | 37          |
|    time_elapsed         | 4737        |
|    total_timesteps      | 1689440     |
| train/                  |             |
|    approx_kl            | 0.037578158 |
|    clip_fraction        | 0.235       |
|    clip_range           | 0.2         |
|    entropy_loss         | -1.39       |
|    explained_variance   | 0.762       |
|    learning_rate        | 0.0003      |
|    loss                 | 0.588       |
|    n_updates            | 1874        |
|    policy_gradient_loss | -0.0103     |
|    std                  | 0.486       |
|    value_loss           | 1.66        |
-----------------------------------------
Early stopping at step 7 due to reaching max kl: 0.05
-----------------------------------------
| rollout/                |             |
|    ep_len_mean          | 45.9        |
|    ep_rew_mean          | -147        |
| time/                   |             |
|    fps                  | 40          |
|    iterations           | 38          |
|    time_elapsed         | 4853        |
|    total_timesteps      | 1694560     |
| train/                  |             |
|    approx_kl            | 0.047589317 |
|    clip_fraction        | 0.27        |
|    clip_range           | 0.2         |
|    entropy_loss         | -1.39       |
|    explained_variance   | 0.768       |
|    learning_rate        | 0.0003      |
|    loss                 | 0.279       |
|    n_updates            | 1882        |
|    policy_gradient_loss | -0.0173     |
|    std                  | 0.483       |
|    value_loss           | 1.08        |
-----------------------------------------
Early stopping at step 6 due to reaching max kl: 0.05
-----------------------------------------
| rollout/                |             |
|    ep_len_mean          | 43.3        |
|    ep_rew_mean          | -158        |
| time/                   |             |
|    fps                  | 39          |
|    iterations           | 39          |
|    time_elapsed         | 5022        |
|    total_timesteps      | 1699680     |
| train/                  |             |
|    approx_kl            | 0.037606098 |
|    clip_fraction        | 0.275       |
|    clip_range           | 0.2         |
|    entropy_loss         | -1.38       |
|    explained_variance   | 0.797       |
|    learning_rate        | 0.0003      |
|    loss                 | 0.313       |
|    n_updates            | 1889        |
|    policy_gradient_loss | -0.0159     |
|    std                  | 0.481       |
|    value_loss           | 1.04        |
-----------------------------------------
Early stopping at step 4 due to reaching max kl: 0.05
-----------------------------------------
| rollout/                |             |
|    ep_len_mean          | 45.1        |
|    ep_rew_mean          | -150        |
| time/                   |             |
|    fps                  | 39          |
|    iterations           | 40          |
|    time_elapsed         | 5130        |
|    total_timesteps      | 1704800     |
| train/                  |             |
|    approx_kl            | 0.041469943 |
|    clip_fraction        | 0.242       |
|    clip_range           | 0.2         |
|    entropy_loss         | -1.37       |
|    explained_variance   | 0.797       |
|    learning_rate        | 0.0003      |
|    loss                 | 0.391       |
|    n_updates            | 1894        |
|    policy_gradient_loss | -0.0105     |
|    std                  | 0.48        |
|    value_loss           | 1.22        |
-----------------------------------------
Early stopping at step 2 due to reaching max kl: 0.05
-----------------------------------------
| rollout/                |             |
|    ep_len_mean          | 47.2        |
|    ep_rew_mean          | -135        |
| time/                   |             |
|    fps                  | 40          |
|    iterations           | 41          |
|    time_elapsed         | 5231        |
|    total_timesteps      | 1709920     |
| train/                  |             |
|    approx_kl            | 0.030610466 |
|    clip_fraction        | 0.228       |
|    clip_range           | 0.2         |
|    entropy_loss         | -1.37       |
|    explained_variance   | 0.767       |
|    learning_rate        | 0.0003      |
|    loss                 | 0.675       |
|    n_updates            | 1897        |
|    policy_gradient_loss | -0.00536    |
|    std                  | 0.479       |
|    value_loss           | 1.51        |
-----------------------------------------
Early stopping at step 2 due to reaching max kl: 0.05
-----------------------------------------
| rollout/                |             |
|    ep_len_mean          | 47.8        |
|    ep_rew_mean          | -154        |
| time/                   |             |
|    fps                  | 40          |
|    iterations           | 42          |
|    time_elapsed         | 5331        |
|    total_timesteps      | 1715040     |
| train/                  |             |
|    approx_kl            | 0.040059455 |
|    clip_fraction        | 0.212       |
|    clip_range           | 0.2         |
|    entropy_loss         | -1.37       |
|    explained_variance   | 0.766       |
|    learning_rate        | 0.0003      |
|    loss                 | 0.929       |
|    n_updates            | 1900        |
|    policy_gradient_loss | -0.00208    |
|    std                  | 0.479       |
|    value_loss           | 1.47        |
-----------------------------------------
Early stopping at step 3 due to reaching max kl: 0.05
-----------------------------------------
| rollout/                |             |
|    ep_len_mean          | 46          |
|    ep_rew_mean          | -167        |
| time/                   |             |
|    fps                  | 40          |
|    iterations           | 43          |
|    time_elapsed         | 5442        |
|    total_timesteps      | 1720160     |
| train/                  |             |
|    approx_kl            | 0.039096512 |
|    clip_fraction        | 0.256       |
|    clip_range           | 0.2         |
|    entropy_loss         | -1.37       |
|    explained_variance   | 0.779       |
|    learning_rate        | 0.0003      |
|    loss                 | 0.504       |
|    n_updates            | 1904        |
|    policy_gradient_loss | -0.00894    |
|    std                  | 0.48        |
|    value_loss           | 1.22        |
-----------------------------------------
Early stopping at step 3 due to reaching max kl: 0.05
-----------------------------------------
| rollout/                |             |
|    ep_len_mean          | 48.2        |
|    ep_rew_mean          | -160        |
| time/                   |             |
|    fps                  | 40          |
|    iterations           | 44          |
|    time_elapsed         | 5571        |
|    total_timesteps      | 1725280     |
| train/                  |             |
|    approx_kl            | 0.033964638 |
|    clip_fraction        | 0.246       |
|    clip_range           | 0.2         |
|    entropy_loss         | -1.37       |
|    explained_variance   | 0.778       |
|    learning_rate        | 0.0003      |
|    loss                 | 0.49        |
|    n_updates            | 1908        |
|    policy_gradient_loss | -0.00832    |
|    std                  | 0.481       |
|    value_loss           | 1.41        |
-----------------------------------------
Early stopping at step 2 due to reaching max kl: 0.05
----------------------------------------
| rollout/                |            |
|    ep_len_mean          | 49.5       |
|    ep_rew_mean          | -121       |
| time/                   |            |
|    fps                  | 40         |
|    iterations           | 45         |
|    time_elapsed         | 5657       |
|    total_timesteps      | 1730400    |
| train/                  |            |
|    approx_kl            | 0.03226581 |
|    clip_fraction        | 0.227      |
|    clip_range           | 0.2        |
|    entropy_loss         | -1.37      |
|    explained_variance   | 0.778      |
|    learning_rate        | 0.0003     |
|    loss                 | 0.665      |
|    n_updates            | 1911       |
|    policy_gradient_loss | -0.00361   |
|    std                  | 0.481      |
|    value_loss           | 1.53       |
----------------------------------------
Early stopping at step 1 due to reaching max kl: 0.05
-----------------------------------------
| rollout/                |             |
|    ep_len_mean          | 49.4        |
|    ep_rew_mean          | -159        |
| time/                   |             |
|    fps                  | 40          |
|    iterations           | 46          |
|    time_elapsed         | 5768        |
|    total_timesteps      | 1735520     |
| train/                  |             |
|    approx_kl            | 0.039765254 |
|    clip_fraction        | 0.143       |
|    clip_range           | 0.2         |
|    entropy_loss         | -1.37       |
|    explained_variance   | 0.714       |
|    learning_rate        | 0.0003      |
|    loss                 | 0.741       |
|    n_updates            | 1913        |
|    policy_gradient_loss | -0.000413   |
|    std                  | 0.481       |
|    value_loss           | 1.7         |
-----------------------------------------
Early stopping at step 1 due to reaching max kl: 0.05
-----------------------------------------
| rollout/                |             |
|    ep_len_mean          | 49.6        |
|    ep_rew_mean          | -183        |
| time/                   |             |
|    fps                  | 40          |
|    iterations           | 47          |
|    time_elapsed         | 5930        |
|    total_timesteps      | 1740640     |
| train/                  |             |
|    approx_kl            | 0.030706272 |
|    clip_fraction        | 0.201       |
|    clip_range           | 0.2         |
|    entropy_loss         | -1.37       |
|    explained_variance   | 0.699       |
|    learning_rate        | 0.0003      |
|    loss                 | 0.68        |
|    n_updates            | 1915        |
|    policy_gradient_loss | 0.0049      |
|    std                  | 0.481       |
|    value_loss           | 1.94        |
-----------------------------------------
Early stopping at step 6 due to reaching max kl: 0.05
----------------------------------------
| rollout/                |            |
|    ep_len_mean          | 48.1       |
|    ep_rew_mean          | -162       |
| time/                   |            |
|    fps                  | 40         |
|    iterations           | 48         |
|    time_elapsed         | 6056       |
|    total_timesteps      | 1745760    |
| train/                  |            |
|    approx_kl            | 0.03932098 |
|    clip_fraction        | 0.284      |
|    clip_range           | 0.2        |
|    entropy_loss         | -1.37      |
|    explained_variance   | 0.745      |
|    learning_rate        | 0.0003     |
|    loss                 | 0.337      |
|    n_updates            | 1922       |
|    policy_gradient_loss | -0.0211    |
|    std                  | 0.481      |
|    value_loss           | 1.15       |
----------------------------------------
Early stopping at step 2 due to reaching max kl: 0.05
-----------------------------------------
| rollout/                |             |
|    ep_len_mean          | 50.1        |
|    ep_rew_mean          | -150        |
| time/                   |             |
|    fps                  | 40          |
|    iterations           | 49          |
|    time_elapsed         | 6211        |
|    total_timesteps      | 1750880     |
| train/                  |             |
|    approx_kl            | 0.047823936 |
|    clip_fraction        | 0.21        |
|    clip_range           | 0.2         |
|    entropy_loss         | -1.37       |
|    explained_variance   | 0.778       |
|    learning_rate        | 0.0003      |
|    loss                 | 0.681       |
|    n_updates            | 1925        |
|    policy_gradient_loss | 0.000397    |
|    std                  | 0.482       |
|    value_loss           | 1.39        |
-----------------------------------------
Early stopping at step 4 due to reaching max kl: 0.05
----------------------------------------
| rollout/                |            |
|    ep_len_mean          | 51.5       |
|    ep_rew_mean          | -113       |
| time/                   |            |
|    fps                  | 40         |
|    iterations           | 50         |
|    time_elapsed         | 6321       |
|    total_timesteps      | 1756000    |
| train/                  |            |
|    approx_kl            | 0.04637459 |
|    clip_fraction        | 0.259      |
|    clip_range           | 0.2        |
|    entropy_loss         | -1.38      |
|    explained_variance   | 0.804      |
|    learning_rate        | 0.0003     |
|    loss                 | 0.284      |
|    n_updates            | 1930       |
|    policy_gradient_loss | -0.0126    |
|    std                  | 0.482      |
|    value_loss           | 1.01       |
----------------------------------------
Early stopping at step 3 due to reaching max kl: 0.05
-----------------------------------------
| rollout/                |             |
|    ep_len_mean          | 50.6        |
|    ep_rew_mean          | -149        |
| time/                   |             |
|    fps                  | 40          |
|    iterations           | 51          |
|    time_elapsed         | 6447        |
|    total_timesteps      | 1761120     |
| train/                  |             |
|    approx_kl            | 0.036416177 |
|    clip_fraction        | 0.231       |
|    clip_range           | 0.2         |
|    entropy_loss         | -1.38       |
|    explained_variance   | 0.772       |
|    learning_rate        | 0.0003      |
|    loss                 | 0.378       |
|    n_updates            | 1934        |
|    policy_gradient_loss | -0.0102     |
|    std                  | 0.481       |
|    value_loss           | 1.1         |
-----------------------------------------
Early stopping at step 2 due to reaching max kl: 0.05
-----------------------------------------
| rollout/                |             |
|    ep_len_mean          | 54.6        |
|    ep_rew_mean          | -115        |
| time/                   |             |
|    fps                  | 40          |
|    iterations           | 52          |
|    time_elapsed         | 6598        |
|    total_timesteps      | 1766240     |
| train/                  |             |
|    approx_kl            | 0.037061818 |
|    clip_fraction        | 0.234       |
|    clip_range           | 0.2         |
|    entropy_loss         | -1.37       |
|    explained_variance   | 0.744       |
|    learning_rate        | 0.0003      |
|    loss                 | 0.474       |
|    n_updates            | 1937        |
|    policy_gradient_loss | -0.00169    |
|    std                  | 0.481       |
|    value_loss           | 1.44        |
-----------------------------------------
Early stopping at step 2 due to reaching max kl: 0.05
----------------------------------------
| rollout/                |            |
|    ep_len_mean          | 52.5       |
|    ep_rew_mean          | -133       |
| time/                   |            |
|    fps                  | 38         |
|    iterations           | 53         |
|    time_elapsed         | 6990       |
|    total_timesteps      | 1771360    |
| train/                  |            |
|    approx_kl            | 0.03487651 |
|    clip_fraction        | 0.201      |
|    clip_range           | 0.2        |
|    entropy_loss         | -1.37      |
|    explained_variance   | 0.745      |
|    learning_rate        | 0.0003     |
|    loss                 | 0.706      |
|    n_updates            | 1940       |
|    policy_gradient_loss | -0.00305   |
|    std                  | 0.481      |
|    value_loss           | 1.21       |
----------------------------------------
Early stopping at step 2 due to reaching max kl: 0.05
----------------------------------------
| rollout/                |            |
|    ep_len_mean          | 46.7       |
|    ep_rew_mean          | -155       |
| time/                   |            |
|    fps                  | 37         |
|    iterations           | 54         |
|    time_elapsed         | 7346       |
|    total_timesteps      | 1776480    |
| train/                  |            |
|    approx_kl            | 0.03470342 |
|    clip_fraction        | 0.255      |
|    clip_range           | 0.2        |
|    entropy_loss         | -1.37      |
|    explained_variance   | 0.743      |
|    learning_rate        | 0.0003     |
|    loss                 | 0.453      |
|    n_updates            | 1943       |
|    policy_gradient_loss | -0.00381   |
|    std                  | 0.481      |
|    value_loss           | 1.32       |
----------------------------------------
Early stopping at step 2 due to reaching max kl: 0.05
----------------------------------------
| rollout/                |            |
|    ep_len_mean          | 49         |
|    ep_rew_mean          | -153       |
| time/                   |            |
|    fps                  | 37         |
|    iterations           | 55         |
|    time_elapsed         | 7581       |
|    total_timesteps      | 1781600    |
| train/                  |            |
|    approx_kl            | 0.03422008 |
|    clip_fraction        | 0.243      |
|    clip_range           | 0.2        |
|    entropy_loss         | -1.37      |
|    explained_variance   | 0.751      |
|    learning_rate        | 0.0003     |
|    loss                 | 0.488      |
|    n_updates            | 1946       |
|    policy_gradient_loss | -0.00635   |
|    std                  | 0.482      |
|    value_loss           | 1.41       |
----------------------------------------
Early stopping at step 1 due to reaching max kl: 0.05
-----------------------------------------
| rollout/                |             |
|    ep_len_mean          | 52.6        |
|    ep_rew_mean          | -110        |
| time/                   |             |
|    fps                  | 36          |
|    iterations           | 56          |
|    time_elapsed         | 7762        |
|    total_timesteps      | 1786720     |
| train/                  |             |
|    approx_kl            | 0.028184634 |
|    clip_fraction        | 0.203       |
|    clip_range           | 0.2         |
|    entropy_loss         | -1.38       |
|    explained_variance   | 0.725       |
|    learning_rate        | 0.0003      |
|    loss                 | 0.727       |
|    n_updates            | 1948        |
|    policy_gradient_loss | 0.00467     |
|    std                  | 0.482       |
|    value_loss           | 1.71        |
-----------------------------------------
Early stopping at step 1 due to reaching max kl: 0.05
-----------------------------------------
| rollout/                |             |
|    ep_len_mean          | 48.9        |
|    ep_rew_mean          | -138        |
| time/                   |             |
|    fps                  | 36          |
|    iterations           | 57          |
|    time_elapsed         | 7889        |
|    total_timesteps      | 1791840     |
| train/                  |             |
|    approx_kl            | 0.024868693 |
|    clip_fraction        | 0.184       |
|    clip_range           | 0.2         |
|    entropy_loss         | -1.38       |
|    explained_variance   | 0.752       |
|    learning_rate        | 0.0003      |
|    loss                 | 0.644       |
|    n_updates            | 1950        |
|    policy_gradient_loss | 0.000166    |
|    std                  | 0.481       |
|    value_loss           | 1.24        |
-----------------------------------------
Early stopping at step 3 due to reaching max kl: 0.05
----------------------------------------
| rollout/                |            |
|    ep_len_mean          | 51.3       |
|    ep_rew_mean          | -129       |
| time/                   |            |
|    fps                  | 37         |
|    iterations           | 58         |
|    time_elapsed         | 7990       |
|    total_timesteps      | 1796960    |
| train/                  |            |
|    approx_kl            | 0.03764638 |
|    clip_fraction        | 0.242      |
|    clip_range           | 0.2        |
|    entropy_loss         | -1.37      |
|    explained_variance   | 0.751      |
|    learning_rate        | 0.0003     |
|    loss                 | 0.576      |
|    n_updates            | 1954       |
|    policy_gradient_loss | -0.00702   |
|    std                  | 0.481      |
|    value_loss           | 1.33       |
----------------------------------------
Early stopping at step 3 due to reaching max kl: 0.05
-----------------------------------------
| rollout/                |             |
|    ep_len_mean          | 47.8        |
|    ep_rew_mean          | -193        |
| time/                   |             |
|    fps                  | 37          |
|    iterations           | 59          |
|    time_elapsed         | 8121        |
|    total_timesteps      | 1802080     |
| train/                  |             |
|    approx_kl            | 0.045611534 |
|    clip_fraction        | 0.209       |
|    clip_range           | 0.2         |
|    entropy_loss         | -1.37       |
|    explained_variance   | 0.803       |
|    learning_rate        | 0.0003      |
|    loss                 | 0.39        |
|    n_updates            | 1958        |
|    policy_gradient_loss | -0.00949    |
|    std                  | 0.481       |
|    value_loss           | 1.02        |
-----------------------------------------
Early stopping at step 2 due to reaching max kl: 0.05
-----------------------------------------
| rollout/                |             |
|    ep_len_mean          | 49.3        |
|    ep_rew_mean          | -208        |
| time/                   |             |
|    fps                  | 37          |
|    iterations           | 60          |
|    time_elapsed         | 8244        |
|    total_timesteps      | 1807200     |
| train/                  |             |
|    approx_kl            | 0.033979755 |
|    clip_fraction        | 0.223       |
|    clip_range           | 0.2         |
|    entropy_loss         | -1.37       |
|    explained_variance   | 0.74        |
|    learning_rate        | 0.0003      |
|    loss                 | 0.487       |
|    n_updates            | 1961        |
|    policy_gradient_loss | -0.000452   |
|    std                  | 0.482       |
|    value_loss           | 1.67        |
-----------------------------------------
Early stopping at step 3 due to reaching max kl: 0.05
-----------------------------------------
| rollout/                |             |
|    ep_len_mean          | 46.7        |
|    ep_rew_mean          | -190        |
| time/                   |             |
|    fps                  | 37          |
|    iterations           | 61          |
|    time_elapsed         | 8389        |
|    total_timesteps      | 1812320     |
| train/                  |             |
|    approx_kl            | 0.036337238 |
|    clip_fraction        | 0.254       |
|    clip_range           | 0.2         |
|    entropy_loss         | -1.38       |
|    explained_variance   | 0.738       |
|    learning_rate        | 0.0003      |
|    loss                 | 0.667       |
|    n_updates            | 1965        |
|    policy_gradient_loss | -0.00772    |
|    std                  | 0.482       |
|    value_loss           | 1.46        |
-----------------------------------------
Early stopping at step 4 due to reaching max kl: 0.05
-----------------------------------------
| rollout/                |             |
|    ep_len_mean          | 49.3        |
|    ep_rew_mean          | -167        |
| time/                   |             |
|    fps                  | 36          |
|    iterations           | 62          |
|    time_elapsed         | 8582        |
|    total_timesteps      | 1817440     |
| train/                  |             |
|    approx_kl            | 0.044909902 |
|    clip_fraction        | 0.262       |
|    clip_range           | 0.2         |
|    entropy_loss         | -1.38       |
|    explained_variance   | 0.751       |
|    learning_rate        | 0.0003      |
|    loss                 | 0.466       |
|    n_updates            | 1970        |
|    policy_gradient_loss | -0.00863    |
|    std                  | 0.483       |
|    value_loss           | 1.52        |
-----------------------------------------
Early stopping at step 4 due to reaching max kl: 0.05
-----------------------------------------
| rollout/                |             |
|    ep_len_mean          | 51.8        |
|    ep_rew_mean          | -191        |
| time/                   |             |
|    fps                  | 36          |
|    iterations           | 63          |
|    time_elapsed         | 8759        |
|    total_timesteps      | 1822560     |
| train/                  |             |
|    approx_kl            | 0.032432664 |
|    clip_fraction        | 0.252       |
|    clip_range           | 0.2         |
|    entropy_loss         | -1.38       |
|    explained_variance   | 0.738       |
|    learning_rate        | 0.0003      |
|    loss                 | 0.518       |
|    n_updates            | 1975        |
|    policy_gradient_loss | -0.0157     |
|    std                  | 0.482       |
|    value_loss           | 1.39        |
-----------------------------------------
Early stopping at step 2 due to reaching max kl: 0.05
-----------------------------------------
| rollout/                |             |
|    ep_len_mean          | 49.1        |
|    ep_rew_mean          | -179        |
| time/                   |             |
|    fps                  | 36          |
|    iterations           | 64          |
|    time_elapsed         | 8959        |
|    total_timesteps      | 1827680     |
| train/                  |             |
|    approx_kl            | 0.046884123 |
|    clip_fraction        | 0.196       |
|    clip_range           | 0.2         |
|    entropy_loss         | -1.38       |
|    explained_variance   | 0.685       |
|    learning_rate        | 0.0003      |
|    loss                 | 0.846       |
|    n_updates            | 1978        |
|    policy_gradient_loss | -0.00142    |
|    std                  | 0.482       |
|    value_loss           | 1.81        |
-----------------------------------------
Early stopping at step 4 due to reaching max kl: 0.05
-----------------------------------------
| rollout/                |             |
|    ep_len_mean          | 50.5        |
|    ep_rew_mean          | -180        |
| time/                   |             |
|    fps                  | 36          |
|    iterations           | 65          |
|    time_elapsed         | 9071        |
|    total_timesteps      | 1832800     |
| train/                  |             |
|    approx_kl            | 0.039100576 |
|    clip_fraction        | 0.27        |
|    clip_range           | 0.2         |
|    entropy_loss         | -1.38       |
|    explained_variance   | 0.755       |
|    learning_rate        | 0.0003      |
|    loss                 | 0.456       |
|    n_updates            | 1983        |
|    policy_gradient_loss | -0.0103     |
|    std                  | 0.482       |
|    value_loss           | 1.2         |
-----------------------------------------
Early stopping at step 4 due to reaching max kl: 0.05
-----------------------------------------
| rollout/                |             |
|    ep_len_mean          | 47.3        |
|    ep_rew_mean          | -172        |
| time/                   |             |
|    fps                  | 36          |
|    iterations           | 66          |
|    time_elapsed         | 9255        |
|    total_timesteps      | 1837920     |
| train/                  |             |
|    approx_kl            | 0.036619823 |
|    clip_fraction        | 0.266       |
|    clip_range           | 0.2         |
|    entropy_loss         | -1.37       |
|    explained_variance   | 0.798       |
|    learning_rate        | 0.0003      |
|    loss                 | 0.364       |
|    n_updates            | 1988        |
|    policy_gradient_loss | -0.00911    |
|    std                  | 0.48        |
|    value_loss           | 1.1         |
-----------------------------------------
Early stopping at step 2 due to reaching max kl: 0.05
----------------------------------------
| rollout/                |            |
|    ep_len_mean          | 46.5       |
|    ep_rew_mean          | -173       |
| time/                   |            |
|    fps                  | 36         |
|    iterations           | 67         |
|    time_elapsed         | 9453       |
|    total_timesteps      | 1843040    |
| train/                  |            |
|    approx_kl            | 0.03766495 |
|    clip_fraction        | 0.261      |
|    clip_range           | 0.2        |
|    entropy_loss         | -1.37      |
|    explained_variance   | 0.714      |
|    learning_rate        | 0.0003     |
|    loss                 | 0.632      |
|    n_updates            | 1991       |
|    policy_gradient_loss | -0.00334   |
|    std                  | 0.479      |
|    value_loss           | 1.7        |
----------------------------------------
Early stopping at step 2 due to reaching max kl: 0.05
-----------------------------------------
| rollout/                |             |
|    ep_len_mean          | 48.6        |
|    ep_rew_mean          | -177        |
| time/                   |             |
|    fps                  | 35          |
|    iterations           | 68          |
|    time_elapsed         | 9802        |
|    total_timesteps      | 1848160     |
| train/                  |             |
|    approx_kl            | 0.040785395 |
|    clip_fraction        | 0.225       |
|    clip_range           | 0.2         |
|    entropy_loss         | -1.37       |
|    explained_variance   | 0.765       |
|    learning_rate        | 0.0003      |
|    loss                 | 0.471       |
|    n_updates            | 1994        |
|    policy_gradient_loss | -0.00041    |
|    std                  | 0.479       |
|    value_loss           | 1.36        |
-----------------------------------------
Early stopping at step 2 due to reaching max kl: 0.05
-----------------------------------------
| rollout/                |             |
|    ep_len_mean          | 50.7        |
|    ep_rew_mean          | -149        |
| time/                   |             |
|    fps                  | 35          |
|    iterations           | 69          |
|    time_elapsed         | 10093       |
|    total_timesteps      | 1853280     |
| train/                  |             |
|    approx_kl            | 0.042993348 |
|    clip_fraction        | 0.251       |
|    clip_range           | 0.2         |
|    entropy_loss         | -1.37       |
|    explained_variance   | 0.788       |
|    learning_rate        | 0.0003      |
|    loss                 | 0.516       |
|    n_updates            | 1997        |
|    policy_gradient_loss | 0.0024      |
|    std                  | 0.479       |
|    value_loss           | 1.44        |
-----------------------------------------
Early stopping at step 1 due to reaching max kl: 0.05
-----------------------------------------
| rollout/                |             |
|    ep_len_mean          | 50.5        |
|    ep_rew_mean          | -185        |
| time/                   |             |
|    fps                  | 34          |
|    iterations           | 70          |
|    time_elapsed         | 10259       |
|    total_timesteps      | 1858400     |
| train/                  |             |
|    approx_kl            | 0.030097544 |
|    clip_fraction        | 0.229       |
|    clip_range           | 0.2         |
|    entropy_loss         | -1.37       |
|    explained_variance   | 0.741       |
|    learning_rate        | 0.0003      |
|    loss                 | 0.624       |
|    n_updates            | 1999        |
|    policy_gradient_loss | 0.00335     |
|    std                  | 0.479       |
|    value_loss           | 1.51        |
-----------------------------------------
Early stopping at step 3 due to reaching max kl: 0.05
-----------------------------------------
| rollout/                |             |
|    ep_len_mean          | 54.4        |
|    ep_rew_mean          | -144        |
| time/                   |             |
|    fps                  | 34          |
|    iterations           | 71          |
|    time_elapsed         | 10571       |
|    total_timesteps      | 1863520     |
| train/                  |             |
|    approx_kl            | 0.041595396 |
|    clip_fraction        | 0.302       |
|    clip_range           | 0.2         |
|    entropy_loss         | -1.37       |
|    explained_variance   | 0.737       |
|    learning_rate        | 0.0003      |
|    loss                 | 0.469       |
|    n_updates            | 2003        |
|    policy_gradient_loss | -0.00357    |
|    std                  | 0.481       |
|    value_loss           | 1.41        |
-----------------------------------------
Early stopping at step 1 due to reaching max kl: 0.05
-----------------------------------------
| rollout/                |             |
|    ep_len_mean          | 52.8        |
|    ep_rew_mean          | -147        |
| time/                   |             |
|    fps                  | 34          |
|    iterations           | 72          |
|    time_elapsed         | 10751       |
|    total_timesteps      | 1868640     |
| train/                  |             |
|    approx_kl            | 0.026174605 |
|    clip_fraction        | 0.189       |
|    clip_range           | 0.2         |
|    entropy_loss         | -1.37       |
|    explained_variance   | 0.745       |
|    learning_rate        | 0.0003      |
|    loss                 | 0.599       |
|    n_updates            | 2005        |
|    policy_gradient_loss | 0.00498     |
|    std                  | 0.48        |
|    value_loss           | 1.31        |
-----------------------------------------
Early stopping at step 2 due to reaching max kl: 0.05
-----------------------------------------
| rollout/                |             |
|    ep_len_mean          | 52.8        |
|    ep_rew_mean          | -153        |
| time/                   |             |
|    fps                  | 34          |
|    iterations           | 73          |
|    time_elapsed         | 10931       |
|    total_timesteps      | 1873760     |
| train/                  |             |
|    approx_kl            | 0.033465493 |
|    clip_fraction        | 0.211       |
|    clip_range           | 0.2         |
|    entropy_loss         | -1.37       |
|    explained_variance   | 0.796       |
|    learning_rate        | 0.0003      |
|    loss                 | 0.445       |
|    n_updates            | 2008        |
|    policy_gradient_loss | -0.00442    |
|    std                  | 0.48        |
|    value_loss           | 1.11        |
-----------------------------------------
Early stopping at step 1 due to reaching max kl: 0.05
-----------------------------------------
| rollout/                |             |
|    ep_len_mean          | 52.6        |
|    ep_rew_mean          | -154        |
| time/                   |             |
|    fps                  | 34          |
|    iterations           | 74          |
|    time_elapsed         | 11105       |
|    total_timesteps      | 1878880     |
| train/                  |             |
|    approx_kl            | 0.031162398 |
|    clip_fraction        | 0.242       |
|    clip_range           | 0.2         |
|    entropy_loss         | -1.37       |
|    explained_variance   | 0.79        |
|    learning_rate        | 0.0003      |
|    loss                 | 0.486       |
|    n_updates            | 2010        |
|    policy_gradient_loss | 0.00863     |
|    std                  | 0.48        |
|    value_loss           | 1.26        |
-----------------------------------------
Early stopping at step 2 due to reaching max kl: 0.06
-----------------------------------------
| rollout/                |             |
|    ep_len_mean          | 45.7        |
|    ep_rew_mean          | -198        |
| time/                   |             |
|    fps                  | 34          |
|    iterations           | 75          |
|    time_elapsed         | 11228       |
|    total_timesteps      | 1884000     |
| train/                  |             |
|    approx_kl            | 0.036116797 |
|    clip_fraction        | 0.209       |
|    clip_range           | 0.2         |
|    entropy_loss         | -1.37       |
|    explained_variance   | 0.765       |
|    learning_rate        | 0.0003      |
|    loss                 | 0.61        |
|    n_updates            | 2013        |
|    policy_gradient_loss | -0.00525    |
|    std                  | 0.481       |
|    value_loss           | 1.22        |
-----------------------------------------
Early stopping at step 0 due to reaching max kl: 0.05
----------------------------------------
| rollout/                |            |
|    ep_len_mean          | 51.5       |
|    ep_rew_mean          | -149       |
| time/                   |            |
|    fps                  | 34         |
|    iterations           | 76         |
|    time_elapsed         | 11352      |
|    total_timesteps      | 1889120    |
| train/                  |            |
|    approx_kl            | 0.02280034 |
|    clip_fraction        | 0.237      |
|    clip_range           | 0.2        |
|    entropy_loss         | -1.37      |
|    explained_variance   | 0.785      |
|    learning_rate        | 0.0003     |
|    loss                 | 0.77       |
|    n_updates            | 2014       |
|    policy_gradient_loss | 0.00824    |
|    std                  | 0.481      |
|    value_loss           | 1.69       |
----------------------------------------
Early stopping at step 4 due to reaching max kl: 0.05
-----------------------------------------
| rollout/                |             |
|    ep_len_mean          | 51.9        |
|    ep_rew_mean          | -122        |
| time/                   |             |
|    fps                  | 34          |
|    iterations           | 77          |
|    time_elapsed         | 11459       |
|    total_timesteps      | 1894240     |
| train/                  |             |
|    approx_kl            | 0.041384235 |
|    clip_fraction        | 0.271       |
|    clip_range           | 0.2         |
|    entropy_loss         | -1.37       |
|    explained_variance   | 0.789       |
|    learning_rate        | 0.0003      |
|    loss                 | 0.313       |
|    n_updates            | 2019        |
|    policy_gradient_loss | -0.0112     |
|    std                  | 0.48        |
|    value_loss           | 1.01        |
-----------------------------------------
Early stopping at step 2 due to reaching max kl: 0.05
-----------------------------------------
| rollout/                |             |
|    ep_len_mean          | 48.2        |
|    ep_rew_mean          | -154        |
| time/                   |             |
|    fps                  | 34          |
|    iterations           | 78          |
|    time_elapsed         | 11587       |
|    total_timesteps      | 1899360     |
| train/                  |             |
|    approx_kl            | 0.028458612 |
|    clip_fraction        | 0.226       |
|    clip_range           | 0.2         |
|    entropy_loss         | -1.37       |
|    explained_variance   | 0.798       |
|    learning_rate        | 0.0003      |
|    loss                 | 0.449       |
|    n_updates            | 2022        |
|    policy_gradient_loss | -0.00221    |
|    std                  | 0.481       |
|    value_loss           | 1.06        |
-----------------------------------------
Early stopping at step 1 due to reaching max kl: 0.05
-----------------------------------------
| rollout/                |             |
|    ep_len_mean          | 51.5        |
|    ep_rew_mean          | -140        |
| time/                   |             |
|    fps                  | 34          |
|    iterations           | 79          |
|    time_elapsed         | 11692       |
|    total_timesteps      | 1904480     |
| train/                  |             |
|    approx_kl            | 0.032383498 |
|    clip_fraction        | 0.246       |
|    clip_range           | 0.2         |
|    entropy_loss         | -1.37       |
|    explained_variance   | 0.749       |
|    learning_rate        | 0.0003      |
|    loss                 | 0.754       |
|    n_updates            | 2024        |
|    policy_gradient_loss | -0.000575   |
|    std                  | 0.481       |
|    value_loss           | 1.67        |
-----------------------------------------
Early stopping at step 4 due to reaching max kl: 0.05
-----------------------------------------
| rollout/                |             |
|    ep_len_mean          | 49.7        |
|    ep_rew_mean          | -160        |
| time/                   |             |
|    fps                  | 34          |
|    iterations           | 80          |
|    time_elapsed         | 11807       |
|    total_timesteps      | 1909600     |
| train/                  |             |
|    approx_kl            | 0.036033362 |
|    clip_fraction        | 0.241       |
|    clip_range           | 0.2         |
|    entropy_loss         | -1.38       |
|    explained_variance   | 0.796       |
|    learning_rate        | 0.0003      |
|    loss                 | 0.36        |
|    n_updates            | 2029        |
|    policy_gradient_loss | -0.0108     |
|    std                  | 0.482       |
|    value_loss           | 0.998       |
-----------------------------------------
Early stopping at step 3 due to reaching max kl: 0.05
-----------------------------------------
| rollout/                |             |
|    ep_len_mean          | 49.2        |
|    ep_rew_mean          | -152        |
| time/                   |             |
|    fps                  | 34          |
|    iterations           | 81          |
|    time_elapsed         | 11926       |
|    total_timesteps      | 1914720     |
| train/                  |             |
|    approx_kl            | 0.045933083 |
|    clip_fraction        | 0.254       |
|    clip_range           | 0.2         |
|    entropy_loss         | -1.38       |
|    explained_variance   | 0.772       |
|    learning_rate        | 0.0003      |
|    loss                 | 0.493       |
|    n_updates            | 2033        |
|    policy_gradient_loss | -0.00232    |
|    std                  | 0.483       |
|    value_loss           | 1.26        |
-----------------------------------------
Early stopping at step 3 due to reaching max kl: 0.06
-----------------------------------------
| rollout/                |             |
|    ep_len_mean          | 50.2        |
|    ep_rew_mean          | -175        |
| time/                   |             |
|    fps                  | 34          |
|    iterations           | 82          |
|    time_elapsed         | 12058       |
|    total_timesteps      | 1919840     |
| train/                  |             |
|    approx_kl            | 0.039529327 |
|    clip_fraction        | 0.258       |
|    clip_range           | 0.2         |
|    entropy_loss         | -1.38       |
|    explained_variance   | 0.746       |
|    learning_rate        | 0.0003      |
|    loss                 | 0.582       |
|    n_updates            | 2037        |
|    policy_gradient_loss | -0.00647    |
|    std                  | 0.483       |
|    value_loss           | 1.31        |
-----------------------------------------
Early stopping at step 2 due to reaching max kl: 0.06
----------------------------------------
| rollout/                |            |
|    ep_len_mean          | 52.8       |
|    ep_rew_mean          | -120       |
| time/                   |            |
|    fps                  | 34         |
|    iterations           | 83         |
|    time_elapsed         | 12157      |
|    total_timesteps      | 1924960    |
| train/                  |            |
|    approx_kl            | 0.03892117 |
|    clip_fraction        | 0.245      |
|    clip_range           | 0.2        |
|    entropy_loss         | -1.38      |
|    explained_variance   | 0.745      |
|    learning_rate        | 0.0003     |
|    loss                 | 0.545      |
|    n_updates            | 2040       |
|    policy_gradient_loss | -0.00348   |
|    std                  | 0.483      |
|    value_loss           | 1.29       |
----------------------------------------
Early stopping at step 2 due to reaching max kl: 0.05
----------------------------------------
| rollout/                |            |
|    ep_len_mean          | 47.7       |
|    ep_rew_mean          | -181       |
| time/                   |            |
|    fps                  | 35         |
|    iterations           | 84         |
|    time_elapsed         | 12265      |
|    total_timesteps      | 1930080    |
| train/                  |            |
|    approx_kl            | 0.04359146 |
|    clip_fraction        | 0.218      |
|    clip_range           | 0.2        |
|    entropy_loss         | -1.38      |
|    explained_variance   | 0.76       |
|    learning_rate        | 0.0003     |
|    loss                 | 0.49       |
|    n_updates            | 2043       |
|    policy_gradient_loss | 0.00177    |
|    std                  | 0.483      |
|    value_loss           | 1.19       |
----------------------------------------
Early stopping at step 2 due to reaching max kl: 0.05
-----------------------------------------
| rollout/                |             |
|    ep_len_mean          | 49.6        |
|    ep_rew_mean          | -166        |
| time/                   |             |
|    fps                  | 35          |
|    iterations           | 85          |
|    time_elapsed         | 12382       |
|    total_timesteps      | 1935200     |
| train/                  |             |
|    approx_kl            | 0.031039521 |
|    clip_fraction        | 0.212       |
|    clip_range           | 0.2         |
|    entropy_loss         | -1.38       |
|    explained_variance   | 0.77        |
|    learning_rate        | 0.0003      |
|    loss                 | 0.359       |
|    n_updates            | 2046        |
|    policy_gradient_loss | -0.00358    |
|    std                  | 0.482       |
|    value_loss           | 1.36        |
-----------------------------------------
Early stopping at step 6 due to reaching max kl: 0.05
----------------------------------------
| rollout/                |            |
|    ep_len_mean          | 51.7       |
|    ep_rew_mean          | -140       |
| time/                   |            |
|    fps                  | 35         |
|    iterations           | 86         |
|    time_elapsed         | 12497      |
|    total_timesteps      | 1940320    |
| train/                  |            |
|    approx_kl            | 0.03740385 |
|    clip_fraction        | 0.299      |
|    clip_range           | 0.2        |
|    entropy_loss         | -1.38      |
|    explained_variance   | 0.758      |
|    learning_rate        | 0.0003     |
|    loss                 | 0.331      |
|    n_updates            | 2053       |
|    policy_gradient_loss | -0.0178    |
|    std                  | 0.483      |
|    value_loss           | 1.06       |
----------------------------------------
Early stopping at step 2 due to reaching max kl: 0.05
-----------------------------------------
| rollout/                |             |
|    ep_len_mean          | 47.8        |
|    ep_rew_mean          | -174        |
| time/                   |             |
|    fps                  | 35          |
|    iterations           | 87          |
|    time_elapsed         | 12616       |
|    total_timesteps      | 1945440     |
| train/                  |             |
|    approx_kl            | 0.029679012 |
|    clip_fraction        | 0.183       |
|    clip_range           | 0.2         |
|    entropy_loss         | -1.38       |
|    explained_variance   | 0.752       |
|    learning_rate        | 0.0003      |
|    loss                 | 0.539       |
|    n_updates            | 2056        |
|    policy_gradient_loss | -0.00666    |
|    std                  | 0.483       |
|    value_loss           | 1.32        |
-----------------------------------------
Early stopping at step 4 due to reaching max kl: 0.05
-----------------------------------------
| rollout/                |             |
|    ep_len_mean          | 49.2        |
|    ep_rew_mean          | -189        |
| time/                   |             |
|    fps                  | 35          |
|    iterations           | 88          |
|    time_elapsed         | 12750       |
|    total_timesteps      | 1950560     |
| train/                  |             |
|    approx_kl            | 0.037517354 |
|    clip_fraction        | 0.253       |
|    clip_range           | 0.2         |
|    entropy_loss         | -1.38       |
|    explained_variance   | 0.782       |
|    learning_rate        | 0.0003      |
|    loss                 | 0.393       |
|    n_updates            | 2061        |
|    policy_gradient_loss | -0.0158     |
|    std                  | 0.482       |
|    value_loss           | 1.18        |
-----------------------------------------
Early stopping at step 3 due to reaching max kl: 0.05
----------------------------------------
| rollout/                |            |
|    ep_len_mean          | 49.2       |
|    ep_rew_mean          | -174       |
| time/                   |            |
|    fps                  | 35         |
|    iterations           | 89         |
|    time_elapsed         | 12860      |
|    total_timesteps      | 1955680    |
| train/                  |            |
|    approx_kl            | 0.03629174 |
|    clip_fraction        | 0.243      |
|    clip_range           | 0.2        |
|    entropy_loss         | -1.37      |
|    explained_variance   | 0.777      |
|    learning_rate        | 0.0003     |
|    loss                 | 0.654      |
|    n_updates            | 2065       |
|    policy_gradient_loss | -0.0109    |
|    std                  | 0.481      |
|    value_loss           | 1.38       |
----------------------------------------
Early stopping at step 3 due to reaching max kl: 0.05
-----------------------------------------
| rollout/                |             |
|    ep_len_mean          | 51          |
|    ep_rew_mean          | -156        |
| time/                   |             |
|    fps                  | 35          |
|    iterations           | 90          |
|    time_elapsed         | 12980       |
|    total_timesteps      | 1960800     |
| train/                  |             |
|    approx_kl            | 0.039348483 |
|    clip_fraction        | 0.248       |
|    clip_range           | 0.2         |
|    entropy_loss         | -1.37       |
|    explained_variance   | 0.784       |
|    learning_rate        | 0.0003      |
|    loss                 | 0.338       |
|    n_updates            | 2069        |
|    policy_gradient_loss | -0.00768    |
|    std                  | 0.48        |
|    value_loss           | 1.02        |
-----------------------------------------
Early stopping at step 3 due to reaching max kl: 0.05
----------------------------------------
| rollout/                |            |
|    ep_len_mean          | 46.6       |
|    ep_rew_mean          | -165       |
| time/                   |            |
|    fps                  | 35         |
|    iterations           | 91         |
|    time_elapsed         | 13093      |
|    total_timesteps      | 1965920    |
| train/                  |            |
|    approx_kl            | 0.03516593 |
|    clip_fraction        | 0.254      |
|    clip_range           | 0.2        |
|    entropy_loss         | -1.37      |
|    explained_variance   | 0.76       |
|    learning_rate        | 0.0003     |
|    loss                 | 0.413      |
|    n_updates            | 2073       |
|    policy_gradient_loss | -0.00879   |
|    std                  | 0.48       |
|    value_loss           | 1.17       |
----------------------------------------
Early stopping at step 0 due to reaching max kl: 0.05
----------------------------------------
| rollout/                |            |
|    ep_len_mean          | 47.9       |
|    ep_rew_mean          | -182       |
| time/                   |            |
|    fps                  | 35         |
|    iterations           | 92         |
|    time_elapsed         | 13227      |
|    total_timesteps      | 1971040    |
| train/                  |            |
|    approx_kl            | 0.02084739 |
|    clip_fraction        | 0.201      |
|    clip_range           | 0.2        |
|    entropy_loss         | -1.37      |
|    explained_variance   | 0.772      |
|    learning_rate        | 0.0003     |
|    loss                 | 0.732      |
|    n_updates            | 2074       |
|    policy_gradient_loss | 0.015      |
|    std                  | 0.48       |
|    value_loss           | 1.59       |
----------------------------------------
Early stopping at step 2 due to reaching max kl: 0.05
-----------------------------------------
| rollout/                |             |
|    ep_len_mean          | 51.3        |
|    ep_rew_mean          | -145        |
| time/                   |             |
|    fps                  | 35          |
|    iterations           | 93          |
|    time_elapsed         | 13333       |
|    total_timesteps      | 1976160     |
| train/                  |             |
|    approx_kl            | 0.040559642 |
|    clip_fraction        | 0.221       |
|    clip_range           | 0.2         |
|    entropy_loss         | -1.37       |
|    explained_variance   | 0.76        |
|    learning_rate        | 0.0003      |
|    loss                 | 0.597       |
|    n_updates            | 2077        |
|    policy_gradient_loss | 0.00271     |
|    std                  | 0.479       |
|    value_loss           | 1.51        |
-----------------------------------------
Early stopping at step 5 due to reaching max kl: 0.05
-----------------------------------------
| rollout/                |             |
|    ep_len_mean          | 48.8        |
|    ep_rew_mean          | -165        |
| time/                   |             |
|    fps                  | 35          |
|    iterations           | 94          |
|    time_elapsed         | 13425       |
|    total_timesteps      | 1981280     |
| train/                  |             |
|    approx_kl            | 0.043493472 |
|    clip_fraction        | 0.235       |
|    clip_range           | 0.2         |
|    entropy_loss         | -1.36       |
|    explained_variance   | 0.761       |
|    learning_rate        | 0.0003      |
|    loss                 | 0.316       |
|    n_updates            | 2083        |
|    policy_gradient_loss | -0.014      |
|    std                  | 0.478       |
|    value_loss           | 1.1         |
-----------------------------------------
Early stopping at step 3 due to reaching max kl: 0.05
-----------------------------------------
| rollout/                |             |
|    ep_len_mean          | 52          |
|    ep_rew_mean          | -131        |
| time/                   |             |
|    fps                  | 35          |
|    iterations           | 95          |
|    time_elapsed         | 13565       |
|    total_timesteps      | 1986400     |
| train/                  |             |
|    approx_kl            | 0.040508766 |
|    clip_fraction        | 0.259       |
|    clip_range           | 0.2         |
|    entropy_loss         | -1.36       |
|    explained_variance   | 0.814       |
|    learning_rate        | 0.0003      |
|    loss                 | 0.391       |
|    n_updates            | 2087        |
|    policy_gradient_loss | -0.00431    |
|    std                  | 0.477       |
|    value_loss           | 0.908       |
-----------------------------------------
Early stopping at step 6 due to reaching max kl: 0.05
----------------------------------------
| rollout/                |            |
|    ep_len_mean          | 51.9       |
|    ep_rew_mean          | -154       |
| time/                   |            |
|    fps                  | 35         |
|    iterations           | 96         |
|    time_elapsed         | 13745      |
|    total_timesteps      | 1991520    |
| train/                  |            |
|    approx_kl            | 0.03675357 |
|    clip_fraction        | 0.272      |
|    clip_range           | 0.2        |
|    entropy_loss         | -1.36      |
|    explained_variance   | 0.771      |
|    learning_rate        | 0.0003     |
|    loss                 | 0.259      |
|    n_updates            | 2094       |
|    policy_gradient_loss | -0.0177    |
|    std                  | 0.476      |
|    value_loss           | 0.917      |
----------------------------------------
Early stopping at step 3 due to reaching max kl: 0.05
-----------------------------------------
| rollout/                |             |
|    ep_len_mean          | 54.1        |
|    ep_rew_mean          | -133        |
| time/                   |             |
|    fps                  | 35          |
|    iterations           | 97          |
|    time_elapsed         | 13902       |
|    total_timesteps      | 1996640     |
| train/                  |             |
|    approx_kl            | 0.050267987 |
|    clip_fraction        | 0.221       |
|    clip_range           | 0.2         |
|    entropy_loss         | -1.35       |
|    explained_variance   | 0.772       |
|    learning_rate        | 0.0003      |
|    loss                 | 0.441       |
|    n_updates            | 2098        |
|    policy_gradient_loss | -0.00611    |
|    std                  | 0.475       |
|    value_loss           | 1.17        |
-----------------------------------------
Early stopping at step 1 due to reaching max kl: 0.05
[CURRICULUM] t=2,000,000 -> scenario stage 7
-----------------------------------------
| rollout/                |             |
|    ep_len_mean          | 52.4        |
|    ep_rew_mean          | -160        |
| time/                   |             |
|    fps                  | 35          |
|    iterations           | 98          |
|    time_elapsed         | 14040       |
|    total_timesteps      | 2001760     |
| train/                  |             |
|    approx_kl            | 0.032744527 |
|    clip_fraction        | 0.229       |
|    clip_range           | 0.2         |
|    entropy_loss         | -1.35       |
|    explained_variance   | 0.702       |
|    learning_rate        | 0.0003      |
|    loss                 | 0.565       |
|    n_updates            | 2100        |
|    policy_gradient_loss | 0.00805     |
|    std                  | 0.475       |
|    value_loss           | 1.57        |
-----------------------------------------
Early stopping at step 3 due to reaching max kl: 0.05
[PILOT A] done in 3.9 h
