[PILOT B] formulation_v4 from 1,500,000 to 2,000,000, gamma 0.98 (checkpoint 0.9510), stage 6
Logging to C:\Users\hntran\OneDrive - University of Tasmania\Documents\PhD\asv-path-replanning\asv-lidar\static_dynamic_obstacles\runs\tensorboard\PPO_0
[CURRICULUM] t=1,500,000 -> scenario stage 6
---------------------------------
| rollout/           |          |
|    ep_len_mean     | 49.2     |
|    ep_rew_mean     | -174     |
| time/              |          |
|    fps             | 21       |
|    iterations      | 1        |
|    time_elapsed    | 239      |
|    total_timesteps | 1505120  |
---------------------------------
Early stopping at step 4 due to reaching max kl: 0.05
-----------------------------------------
| rollout/                |             |
|    ep_len_mean          | 49.3        |
|    ep_rew_mean          | -203        |
| time/                   |             |
|    fps                  | 28          |
|    iterations           | 2           |
|    time_elapsed         | 357         |
|    total_timesteps      | 1510240     |
| train/                  |             |
|    approx_kl            | 0.035263803 |
|    clip_fraction        | 0.241       |
|    clip_range           | 0.2         |
|    entropy_loss         | -1.39       |
|    explained_variance   | 0.672       |
|    learning_rate        | 0.0003      |
|    loss                 | 0.906       |
|    n_updates            | 1716        |
|    policy_gradient_loss | -0.00339    |
|    std                  | 0.487       |
|    value_loss           | 2.56        |
-----------------------------------------
Early stopping at step 4 due to reaching max kl: 0.05
-----------------------------------------
| rollout/                |             |
|    ep_len_mean          | 49.3        |
|    ep_rew_mean          | -192        |
| time/                   |             |
|    fps                  | 32          |
|    iterations           | 3           |
|    time_elapsed         | 478         |
|    total_timesteps      | 1515360     |
| train/                  |             |
|    approx_kl            | 0.042006437 |
|    clip_fraction        | 0.245       |
|    clip_range           | 0.2         |
|    entropy_loss         | -1.4        |
|    explained_variance   | 0.729       |
|    learning_rate        | 0.0003      |
|    loss                 | 0.889       |
|    n_updates            | 1721        |
|    policy_gradient_loss | -0.000976   |
|    std                  | 0.488       |
|    value_loss           | 2.66        |
-----------------------------------------
Early stopping at step 4 due to reaching max kl: 0.05
----------------------------------------
| rollout/                |            |
|    ep_len_mean          | 55.9       |
|    ep_rew_mean          | -127       |
| time/                   |            |
|    fps                  | 35         |
|    iterations           | 4          |
|    time_elapsed         | 579        |
|    total_timesteps      | 1520480    |
| train/                  |            |
|    approx_kl            | 0.03772497 |
|    clip_fraction        | 0.257      |
|    clip_range           | 0.2        |
|    entropy_loss         | -1.4       |
|    explained_variance   | 0.709      |
|    learning_rate        | 0.0003     |
|    loss                 | 1.1        |
|    n_updates            | 1726       |
|    policy_gradient_loss | -0.00553   |
|    std                  | 0.488      |
|    value_loss           | 2.66       |
----------------------------------------
Early stopping at step 4 due to reaching max kl: 0.05
----------------------------------------
| rollout/                |            |
|    ep_len_mean          | 46.7       |
|    ep_rew_mean          | -183       |
| time/                   |            |
|    fps                  | 38         |
|    iterations           | 5          |
|    time_elapsed         | 666        |
|    total_timesteps      | 1525600    |
| train/                  |            |
|    approx_kl            | 0.04139929 |
|    clip_fraction        | 0.249      |
|    clip_range           | 0.2        |
|    entropy_loss         | -1.4       |
|    explained_variance   | 0.728      |
|    learning_rate        | 0.0003     |
|    loss                 | 0.704      |
|    n_updates            | 1731       |
|    policy_gradient_loss | -0.00788   |
|    std                  | 0.488      |
|    value_loss           | 2.21       |
----------------------------------------
Early stopping at step 4 due to reaching max kl: 0.05
-----------------------------------------
| rollout/                |             |
|    ep_len_mean          | 49.8        |
|    ep_rew_mean          | -163        |
| time/                   |             |
|    fps                  | 39          |
|    iterations           | 6           |
|    time_elapsed         | 784         |
|    total_timesteps      | 1530720     |
| train/                  |             |
|    approx_kl            | 0.034519017 |
|    clip_fraction        | 0.266       |
|    clip_range           | 0.2         |
|    entropy_loss         | -1.4        |
|    explained_variance   | 0.726       |
|    learning_rate        | 0.0003      |
|    loss                 | 0.898       |
|    n_updates            | 1736        |
|    policy_gradient_loss | -0.00662    |
|    std                  | 0.488       |
|    value_loss           | 2.71        |
-----------------------------------------
Early stopping at step 3 due to reaching max kl: 0.05
-----------------------------------------
| rollout/                |             |
|    ep_len_mean          | 49.1        |
|    ep_rew_mean          | -211        |
| time/                   |             |
|    fps                  | 39          |
|    iterations           | 7           |
|    time_elapsed         | 898         |
|    total_timesteps      | 1535840     |
| train/                  |             |
|    approx_kl            | 0.046035174 |
|    clip_fraction        | 0.241       |
|    clip_range           | 0.2         |
|    entropy_loss         | -1.4        |
|    explained_variance   | 0.712       |
|    learning_rate        | 0.0003      |
|    loss                 | 1.07        |
|    n_updates            | 1740        |
|    policy_gradient_loss | -0.00175    |
|    std                  | 0.488       |
|    value_loss           | 2.74        |
-----------------------------------------
Early stopping at step 3 due to reaching max kl: 0.06
-----------------------------------------
| rollout/                |             |
|    ep_len_mean          | 51.6        |
|    ep_rew_mean          | -175        |
| time/                   |             |
|    fps                  | 40          |
|    iterations           | 8           |
|    time_elapsed         | 1003        |
|    total_timesteps      | 1540960     |
| train/                  |             |
|    approx_kl            | 0.055230808 |
|    clip_fraction        | 0.22        |
|    clip_range           | 0.2         |
|    entropy_loss         | -1.4        |
|    explained_variance   | 0.754       |
|    learning_rate        | 0.0003      |
|    loss                 | 1.14        |
|    n_updates            | 1744        |
|    policy_gradient_loss | 0.00216     |
|    std                  | 0.488       |
|    value_loss           | 2.97        |
-----------------------------------------
Early stopping at step 4 due to reaching max kl: 0.05
-----------------------------------------
| rollout/                |             |
|    ep_len_mean          | 50.4        |
|    ep_rew_mean          | -215        |
| time/                   |             |
|    fps                  | 42          |
|    iterations           | 9           |
|    time_elapsed         | 1087        |
|    total_timesteps      | 1546080     |
| train/                  |             |
|    approx_kl            | 0.037387986 |
|    clip_fraction        | 0.257       |
|    clip_range           | 0.2         |
|    entropy_loss         | -1.4        |
|    explained_variance   | 0.755       |
|    learning_rate        | 0.0003      |
|    loss                 | 1.02        |
|    n_updates            | 1749        |
|    policy_gradient_loss | -0.009      |
|    std                  | 0.489       |
|    value_loss           | 2.31        |
-----------------------------------------
Early stopping at step 2 due to reaching max kl: 0.05
----------------------------------------
| rollout/                |            |
|    ep_len_mean          | 52.6       |
|    ep_rew_mean          | -180       |
| time/                   |            |
|    fps                  | 42         |
|    iterations           | 10         |
|    time_elapsed         | 1194       |
|    total_timesteps      | 1551200    |
| train/                  |            |
|    approx_kl            | 0.03365647 |
|    clip_fraction        | 0.232      |
|    clip_range           | 0.2        |
|    entropy_loss         | -1.4       |
|    explained_variance   | 0.705      |
|    learning_rate        | 0.0003     |
|    loss                 | 1.6        |
|    n_updates            | 1752       |
|    policy_gradient_loss | -0.000755  |
|    std                  | 0.488      |
|    value_loss           | 3.29       |
----------------------------------------
Early stopping at step 5 due to reaching max kl: 0.05
-----------------------------------------
| rollout/                |             |
|    ep_len_mean          | 47.1        |
|    ep_rew_mean          | -211        |
| time/                   |             |
|    fps                  | 42          |
|    iterations           | 11          |
|    time_elapsed         | 1314        |
|    total_timesteps      | 1556320     |
| train/                  |             |
|    approx_kl            | 0.042644072 |
|    clip_fraction        | 0.273       |
|    clip_range           | 0.2         |
|    entropy_loss         | -1.4        |
|    explained_variance   | 0.739       |
|    learning_rate        | 0.0003      |
|    loss                 | 0.965       |
|    n_updates            | 1758        |
|    policy_gradient_loss | -0.00839    |
|    std                  | 0.489       |
|    value_loss           | 2.44        |
-----------------------------------------
Early stopping at step 3 due to reaching max kl: 0.05
-----------------------------------------
| rollout/                |             |
|    ep_len_mean          | 52          |
|    ep_rew_mean          | -197        |
| time/                   |             |
|    fps                  | 42          |
|    iterations           | 12          |
|    time_elapsed         | 1431        |
|    total_timesteps      | 1561440     |
| train/                  |             |
|    approx_kl            | 0.031853355 |
|    clip_fraction        | 0.202       |
|    clip_range           | 0.2         |
|    entropy_loss         | -1.41       |
|    explained_variance   | 0.726       |
|    learning_rate        | 0.0003      |
|    loss                 | 1.04        |
|    n_updates            | 1762        |
|    policy_gradient_loss | -0.00247    |
|    std                  | 0.489       |
|    value_loss           | 2.89        |
-----------------------------------------
Early stopping at step 5 due to reaching max kl: 0.05
-----------------------------------------
| rollout/                |             |
|    ep_len_mean          | 52.1        |
|    ep_rew_mean          | -182        |
| time/                   |             |
|    fps                  | 43          |
|    iterations           | 13          |
|    time_elapsed         | 1531        |
|    total_timesteps      | 1566560     |
| train/                  |             |
|    approx_kl            | 0.035808925 |
|    clip_fraction        | 0.25        |
|    clip_range           | 0.2         |
|    entropy_loss         | -1.4        |
|    explained_variance   | 0.798       |
|    learning_rate        | 0.0003      |
|    loss                 | 0.642       |
|    n_updates            | 1768        |
|    policy_gradient_loss | -0.00747    |
|    std                  | 0.488       |
|    value_loss           | 1.74        |
-----------------------------------------
Early stopping at step 4 due to reaching max kl: 0.05
-----------------------------------------
| rollout/                |             |
|    ep_len_mean          | 52.8        |
|    ep_rew_mean          | -151        |
| time/                   |             |
|    fps                  | 43          |
|    iterations           | 14          |
|    time_elapsed         | 1638        |
|    total_timesteps      | 1571680     |
| train/                  |             |
|    approx_kl            | 0.037529286 |
|    clip_fraction        | 0.259       |
|    clip_range           | 0.2         |
|    entropy_loss         | -1.4        |
|    explained_variance   | 0.763       |
|    learning_rate        | 0.0003      |
|    loss                 | 0.812       |
|    n_updates            | 1773        |
|    policy_gradient_loss | -0.00746    |
|    std                  | 0.488       |
|    value_loss           | 2.22        |
-----------------------------------------
Early stopping at step 3 due to reaching max kl: 0.05
-----------------------------------------
| rollout/                |             |
|    ep_len_mean          | 51.9        |
|    ep_rew_mean          | -193        |
| time/                   |             |
|    fps                  | 43          |
|    iterations           | 15          |
|    time_elapsed         | 1752        |
|    total_timesteps      | 1576800     |
| train/                  |             |
|    approx_kl            | 0.036458205 |
|    clip_fraction        | 0.266       |
|    clip_range           | 0.2         |
|    entropy_loss         | -1.4        |
|    explained_variance   | 0.779       |
|    learning_rate        | 0.0003      |
|    loss                 | 0.904       |
|    n_updates            | 1777        |
|    policy_gradient_loss | -0.000766   |
|    std                  | 0.486       |
|    value_loss           | 2.21        |
-----------------------------------------
Early stopping at step 1 due to reaching max kl: 0.05
-----------------------------------------
| rollout/                |             |
|    ep_len_mean          | 52.4        |
|    ep_rew_mean          | -192        |
| time/                   |             |
|    fps                  | 43          |
|    iterations           | 16          |
|    time_elapsed         | 1882        |
|    total_timesteps      | 1581920     |
| train/                  |             |
|    approx_kl            | 0.029186701 |
|    clip_fraction        | 0.214       |
|    clip_range           | 0.2         |
|    entropy_loss         | -1.4        |
|    explained_variance   | 0.734       |
|    learning_rate        | 0.0003      |
|    loss                 | 1.11        |
|    n_updates            | 1779        |
|    policy_gradient_loss | 0.00231     |
|    std                  | 0.486       |
|    value_loss           | 2.55        |
-----------------------------------------
Early stopping at step 3 due to reaching max kl: 0.05
----------------------------------------
| rollout/                |            |
|    ep_len_mean          | 52.7       |
|    ep_rew_mean          | -195       |
| time/                   |            |
|    fps                  | 44         |
|    iterations           | 17         |
|    time_elapsed         | 1966       |
|    total_timesteps      | 1587040    |
| train/                  |            |
|    approx_kl            | 0.05137148 |
|    clip_fraction        | 0.225      |
|    clip_range           | 0.2        |
|    entropy_loss         | -1.39      |
|    explained_variance   | 0.807      |
|    learning_rate        | 0.0003     |
|    loss                 | 0.779      |
|    n_updates            | 1783       |
|    policy_gradient_loss | -0.00778   |
|    std                  | 0.486      |
|    value_loss           | 2.13       |
----------------------------------------
Early stopping at step 1 due to reaching max kl: 0.05
-----------------------------------------
| rollout/                |             |
|    ep_len_mean          | 52.6        |
|    ep_rew_mean          | -145        |
| time/                   |             |
|    fps                  | 44          |
|    iterations           | 18          |
|    time_elapsed         | 2068        |
|    total_timesteps      | 1592160     |
| train/                  |             |
|    approx_kl            | 0.028532008 |
|    clip_fraction        | 0.231       |
|    clip_range           | 0.2         |
|    entropy_loss         | -1.39       |
|    explained_variance   | 0.736       |
|    learning_rate        | 0.0003      |
|    loss                 | 1.31        |
|    n_updates            | 1785        |
|    policy_gradient_loss | 0.00634     |
|    std                  | 0.485       |
|    value_loss           | 2.95        |
-----------------------------------------
Early stopping at step 5 due to reaching max kl: 0.05
----------------------------------------
| rollout/                |            |
|    ep_len_mean          | 50         |
|    ep_rew_mean          | -189       |
| time/                   |            |
|    fps                  | 45         |
|    iterations           | 19         |
|    time_elapsed         | 2160       |
|    total_timesteps      | 1597280    |
| train/                  |            |
|    approx_kl            | 0.03870439 |
|    clip_fraction        | 0.26       |
|    clip_range           | 0.2        |
|    entropy_loss         | -1.39      |
|    explained_variance   | 0.727      |
|    learning_rate        | 0.0003     |
|    loss                 | 0.745      |
|    n_updates            | 1791       |
|    policy_gradient_loss | -0.0123    |
|    std                  | 0.484      |
|    value_loss           | 2.23       |
----------------------------------------
Early stopping at step 3 due to reaching max kl: 0.06
----------------------------------------
| rollout/                |            |
|    ep_len_mean          | 48.6       |
|    ep_rew_mean          | -181       |
| time/                   |            |
|    fps                  | 45         |
|    iterations           | 20         |
|    time_elapsed         | 2269       |
|    total_timesteps      | 1602400    |
| train/                  |            |
|    approx_kl            | 0.03998249 |
|    clip_fraction        | 0.248      |
|    clip_range           | 0.2        |
|    entropy_loss         | -1.38      |
|    explained_variance   | 0.703      |
|    learning_rate        | 0.0003     |
|    loss                 | 0.845      |
|    n_updates            | 1795       |
|    policy_gradient_loss | -0.00265   |
|    std                  | 0.483      |
|    value_loss           | 2.7        |
----------------------------------------
Early stopping at step 4 due to reaching max kl: 0.05
-----------------------------------------
| rollout/                |             |
|    ep_len_mean          | 49.6        |
|    ep_rew_mean          | -186        |
| time/                   |             |
|    fps                  | 45          |
|    iterations           | 21          |
|    time_elapsed         | 2368        |
|    total_timesteps      | 1607520     |
| train/                  |             |
|    approx_kl            | 0.039212022 |
|    clip_fraction        | 0.255       |
|    clip_range           | 0.2         |
|    entropy_loss         | -1.38       |
|    explained_variance   | 0.73        |
|    learning_rate        | 0.0003      |
|    loss                 | 0.961       |
|    n_updates            | 1800        |
|    policy_gradient_loss | -0.0124     |
|    std                  | 0.481       |
|    value_loss           | 2.39        |
-----------------------------------------
Early stopping at step 2 due to reaching max kl: 0.06
-----------------------------------------
| rollout/                |             |
|    ep_len_mean          | 45.2        |
|    ep_rew_mean          | -191        |
| time/                   |             |
|    fps                  | 45          |
|    iterations           | 22          |
|    time_elapsed         | 2460        |
|    total_timesteps      | 1612640     |
| train/                  |             |
|    approx_kl            | 0.037383728 |
|    clip_fraction        | 0.226       |
|    clip_range           | 0.2         |
|    entropy_loss         | -1.37       |
|    explained_variance   | 0.758       |
|    learning_rate        | 0.0003      |
|    loss                 | 0.889       |
|    n_updates            | 1803        |
|    policy_gradient_loss | -0.00316    |
|    std                  | 0.481       |
|    value_loss           | 2.52        |
-----------------------------------------
Early stopping at step 3 due to reaching max kl: 0.05
---------------------------------------
| rollout/                |           |
|    ep_len_mean          | 46.3      |
|    ep_rew_mean          | -159      |
| time/                   |           |
|    fps                  | 46        |
|    iterations           | 23        |
|    time_elapsed         | 2554      |
|    total_timesteps      | 1617760   |
| train/                  |           |
|    approx_kl            | 0.0372053 |
|    clip_fraction        | 0.235     |
|    clip_range           | 0.2       |
|    entropy_loss         | -1.37     |
|    explained_variance   | 0.786     |
|    learning_rate        | 0.0003    |
|    loss                 | 0.939     |
|    n_updates            | 1807      |
|    policy_gradient_loss | -0.00985  |
|    std                  | 0.481     |
|    value_loss           | 2.41      |
---------------------------------------
Early stopping at step 2 due to reaching max kl: 0.05
----------------------------------------
| rollout/                |            |
|    ep_len_mean          | 49.7       |
|    ep_rew_mean          | -138       |
| time/                   |            |
|    fps                  | 46         |
|    iterations           | 24         |
|    time_elapsed         | 2632       |
|    total_timesteps      | 1622880    |
| train/                  |            |
|    approx_kl            | 0.03840748 |
|    clip_fraction        | 0.21       |
|    clip_range           | 0.2        |
|    entropy_loss         | -1.37      |
|    explained_variance   | 0.805      |
|    learning_rate        | 0.0003     |
|    loss                 | 0.779      |
|    n_updates            | 1810       |
|    policy_gradient_loss | 0.00252    |
|    std                  | 0.481      |
|    value_loss           | 2.21       |
----------------------------------------
Early stopping at step 1 due to reaching max kl: 0.05
----------------------------------------
| rollout/                |            |
|    ep_len_mean          | 49.6       |
|    ep_rew_mean          | -156       |
| time/                   |            |
|    fps                  | 47         |
|    iterations           | 25         |
|    time_elapsed         | 2708       |
|    total_timesteps      | 1628000    |
| train/                  |            |
|    approx_kl            | 0.02852108 |
|    clip_fraction        | 0.228      |
|    clip_range           | 0.2        |
|    entropy_loss         | -1.37      |
|    explained_variance   | 0.756      |
|    learning_rate        | 0.0003     |
|    loss                 | 0.964      |
|    n_updates            | 1812       |
|    policy_gradient_loss | 0.00257    |
|    std                  | 0.481      |
|    value_loss           | 2.52       |
----------------------------------------
Early stopping at step 3 due to reaching max kl: 0.05
-----------------------------------------
| rollout/                |             |
|    ep_len_mean          | 49.8        |
|    ep_rew_mean          | -170        |
| time/                   |             |
|    fps                  | 47          |
|    iterations           | 26          |
|    time_elapsed         | 2792        |
|    total_timesteps      | 1633120     |
| train/                  |             |
|    approx_kl            | 0.041255932 |
|    clip_fraction        | 0.221       |
|    clip_range           | 0.2         |
|    entropy_loss         | -1.37       |
|    explained_variance   | 0.783       |
|    learning_rate        | 0.0003      |
|    loss                 | 0.781       |
|    n_updates            | 1816        |
|    policy_gradient_loss | -0.00737    |
|    std                  | 0.481       |
|    value_loss           | 2.04        |
-----------------------------------------
Early stopping at step 4 due to reaching max kl: 0.05
-----------------------------------------
| rollout/                |             |
|    ep_len_mean          | 49.8        |
|    ep_rew_mean          | -158        |
| time/                   |             |
|    fps                  | 47          |
|    iterations           | 27          |
|    time_elapsed         | 2885        |
|    total_timesteps      | 1638240     |
| train/                  |             |
|    approx_kl            | 0.037001308 |
|    clip_fraction        | 0.247       |
|    clip_range           | 0.2         |
|    entropy_loss         | -1.37       |
|    explained_variance   | 0.78        |
|    learning_rate        | 0.0003      |
|    loss                 | 0.87        |
|    n_updates            | 1821        |
|    policy_gradient_loss | -0.0136     |
|    std                  | 0.481       |
|    value_loss           | 2.11        |
-----------------------------------------
Early stopping at step 1 due to reaching max kl: 0.06
----------------------------------------
| rollout/                |            |
|    ep_len_mean          | 46.7       |
|    ep_rew_mean          | -164       |
| time/                   |            |
|    fps                  | 48         |
|    iterations           | 28         |
|    time_elapsed         | 2977       |
|    total_timesteps      | 1643360    |
| train/                  |            |
|    approx_kl            | 0.03193058 |
|    clip_fraction        | 0.182      |
|    clip_range           | 0.2        |
|    entropy_loss         | -1.37      |
|    explained_variance   | 0.727      |
|    learning_rate        | 0.0003     |
|    loss                 | 1.8        |
|    n_updates            | 1823       |
|    policy_gradient_loss | 0.00217    |
|    std                  | 0.481      |
|    value_loss           | 2.69       |
----------------------------------------
Early stopping at step 3 due to reaching max kl: 0.05
----------------------------------------
| rollout/                |            |
|    ep_len_mean          | 47.9       |
|    ep_rew_mean          | -174       |
| time/                   |            |
|    fps                  | 48         |
|    iterations           | 29         |
|    time_elapsed         | 3071       |
|    total_timesteps      | 1648480    |
| train/                  |            |
|    approx_kl            | 0.03921503 |
|    clip_fraction        | 0.25       |
|    clip_range           | 0.2        |
|    entropy_loss         | -1.37      |
|    explained_variance   | 0.789      |
|    learning_rate        | 0.0003     |
|    loss                 | 0.668      |
|    n_updates            | 1827       |
|    policy_gradient_loss | -0.0078    |
|    std                  | 0.481      |
|    value_loss           | 1.99       |
----------------------------------------
Early stopping at step 2 due to reaching max kl: 0.05
----------------------------------------
| rollout/                |            |
|    ep_len_mean          | 46.1       |
|    ep_rew_mean          | -162       |
| time/                   |            |
|    fps                  | 48         |
|    iterations           | 30         |
|    time_elapsed         | 3154       |
|    total_timesteps      | 1653600    |
| train/                  |            |
|    approx_kl            | 0.03876697 |
|    clip_fraction        | 0.23       |
|    clip_range           | 0.2        |
|    entropy_loss         | -1.37      |
|    explained_variance   | 0.745      |
|    learning_rate        | 0.0003     |
|    loss                 | 1.03       |
|    n_updates            | 1830       |
|    policy_gradient_loss | 0.0011     |
|    std                  | 0.481      |
|    value_loss           | 2.72       |
----------------------------------------
Early stopping at step 8 due to reaching max kl: 0.05
-----------------------------------------
| rollout/                |             |
|    ep_len_mean          | 45.1        |
|    ep_rew_mean          | -155        |
| time/                   |             |
|    fps                  | 48          |
|    iterations           | 31          |
|    time_elapsed         | 3240        |
|    total_timesteps      | 1658720     |
| train/                  |             |
|    approx_kl            | 0.039252695 |
|    clip_fraction        | 0.299       |
|    clip_range           | 0.2         |
|    entropy_loss         | -1.37       |
|    explained_variance   | 0.81        |
|    learning_rate        | 0.0003      |
|    loss                 | 0.429       |
|    n_updates            | 1839        |
|    policy_gradient_loss | -0.0223     |
|    std                  | 0.481       |
|    value_loss           | 1.49        |
-----------------------------------------
Early stopping at step 3 due to reaching max kl: 0.05
----------------------------------------
| rollout/                |            |
|    ep_len_mean          | 49.1       |
|    ep_rew_mean          | -174       |
| time/                   |            |
|    fps                  | 49         |
|    iterations           | 32         |
|    time_elapsed         | 3332       |
|    total_timesteps      | 1663840    |
| train/                  |            |
|    approx_kl            | 0.03679615 |
|    clip_fraction        | 0.25       |
|    clip_range           | 0.2        |
|    entropy_loss         | -1.37      |
|    explained_variance   | 0.775      |
|    learning_rate        | 0.0003     |
|    loss                 | 0.718      |
|    n_updates            | 1843       |
|    policy_gradient_loss | -0.00548   |
|    std                  | 0.48       |
|    value_loss           | 2.06       |
----------------------------------------
Early stopping at step 4 due to reaching max kl: 0.05
-----------------------------------------
| rollout/                |             |
|    ep_len_mean          | 54.1        |
|    ep_rew_mean          | -164        |
| time/                   |             |
|    fps                  | 49          |
|    iterations           | 33          |
|    time_elapsed         | 3423        |
|    total_timesteps      | 1668960     |
| train/                  |             |
|    approx_kl            | 0.038314912 |
|    clip_fraction        | 0.257       |
|    clip_range           | 0.2         |
|    entropy_loss         | -1.37       |
|    explained_variance   | 0.755       |
|    learning_rate        | 0.0003      |
|    loss                 | 0.912       |
|    n_updates            | 1848        |
|    policy_gradient_loss | -0.0126     |
|    std                  | 0.482       |
|    value_loss           | 2.16        |
-----------------------------------------
Early stopping at step 3 due to reaching max kl: 0.05
-----------------------------------------
| rollout/                |             |
|    ep_len_mean          | 48.3        |
|    ep_rew_mean          | -199        |
| time/                   |             |
|    fps                  | 49          |
|    iterations           | 34          |
|    time_elapsed         | 3515        |
|    total_timesteps      | 1674080     |
| train/                  |             |
|    approx_kl            | 0.039396472 |
|    clip_fraction        | 0.268       |
|    clip_range           | 0.2         |
|    entropy_loss         | -1.38       |
|    explained_variance   | 0.735       |
|    learning_rate        | 0.0003      |
|    loss                 | 0.94        |
|    n_updates            | 1852        |
|    policy_gradient_loss | -0.0008     |
|    std                  | 0.482       |
|    value_loss           | 2.15        |
-----------------------------------------
Early stopping at step 1 due to reaching max kl: 0.05
-----------------------------------------
| rollout/                |             |
|    ep_len_mean          | 46.8        |
|    ep_rew_mean          | -175        |
| time/                   |             |
|    fps                  | 49          |
|    iterations           | 35          |
|    time_elapsed         | 3587        |
|    total_timesteps      | 1679200     |
| train/                  |             |
|    approx_kl            | 0.025623586 |
|    clip_fraction        | 0.191       |
|    clip_range           | 0.2         |
|    entropy_loss         | -1.38       |
|    explained_variance   | 0.736       |
|    learning_rate        | 0.0003      |
|    loss                 | 0.989       |
|    n_updates            | 1854        |
|    policy_gradient_loss | 0.00155     |
|    std                  | 0.482       |
|    value_loss           | 2.89        |
-----------------------------------------
Early stopping at step 3 due to reaching max kl: 0.05
-----------------------------------------
| rollout/                |             |
|    ep_len_mean          | 52.5        |
|    ep_rew_mean          | -163        |
| time/                   |             |
|    fps                  | 49          |
|    iterations           | 36          |
|    time_elapsed         | 3696        |
|    total_timesteps      | 1684320     |
| train/                  |             |
|    approx_kl            | 0.037899457 |
|    clip_fraction        | 0.251       |
|    clip_range           | 0.2         |
|    entropy_loss         | -1.38       |
|    explained_variance   | 0.757       |
|    learning_rate        | 0.0003      |
|    loss                 | 0.702       |
|    n_updates            | 1858        |
|    policy_gradient_loss | -0.00473    |
|    std                  | 0.482       |
|    value_loss           | 2.14        |
-----------------------------------------
Early stopping at step 2 due to reaching max kl: 0.05
----------------------------------------
| rollout/                |            |
|    ep_len_mean          | 47.9       |
|    ep_rew_mean          | -192       |
| time/                   |            |
|    fps                  | 50         |
|    iterations           | 37         |
|    time_elapsed         | 3781       |
|    total_timesteps      | 1689440    |
| train/                  |            |
|    approx_kl            | 0.04552063 |
|    clip_fraction        | 0.185      |
|    clip_range           | 0.2        |
|    entropy_loss         | -1.37      |
|    explained_variance   | 0.761      |
|    learning_rate        | 0.0003     |
|    loss                 | 1.12       |
|    n_updates            | 1861       |
|    policy_gradient_loss | 0.000812   |
|    std                  | 0.481      |
|    value_loss           | 2.51       |
----------------------------------------
Early stopping at step 7 due to reaching max kl: 0.05
----------------------------------------
| rollout/                |            |
|    ep_len_mean          | 52.2       |
|    ep_rew_mean          | -153       |
| time/                   |            |
|    fps                  | 50         |
|    iterations           | 38         |
|    time_elapsed         | 3871       |
|    total_timesteps      | 1694560    |
| train/                  |            |
|    approx_kl            | 0.04078276 |
|    clip_fraction        | 0.294      |
|    clip_range           | 0.2        |
|    entropy_loss         | -1.37      |
|    explained_variance   | 0.749      |
|    learning_rate        | 0.0003     |
|    loss                 | 0.587      |
|    n_updates            | 1869       |
|    policy_gradient_loss | -0.0221    |
|    std                  | 0.48       |
|    value_loss           | 1.92       |
----------------------------------------
Early stopping at step 3 due to reaching max kl: 0.05
----------------------------------------
| rollout/                |            |
|    ep_len_mean          | 46.1       |
|    ep_rew_mean          | -191       |
| time/                   |            |
|    fps                  | 50         |
|    iterations           | 39         |
|    time_elapsed         | 3958       |
|    total_timesteps      | 1699680    |
| train/                  |            |
|    approx_kl            | 0.03974104 |
|    clip_fraction        | 0.246      |
|    clip_range           | 0.2        |
|    entropy_loss         | -1.37      |
|    explained_variance   | 0.738      |
|    learning_rate        | 0.0003     |
|    loss                 | 0.756      |
|    n_updates            | 1873       |
|    policy_gradient_loss | -0.00427   |
|    std                  | 0.48       |
|    value_loss           | 2.06       |
----------------------------------------
Early stopping at step 4 due to reaching max kl: 0.05
-----------------------------------------
| rollout/                |             |
|    ep_len_mean          | 51.3        |
|    ep_rew_mean          | -170        |
| time/                   |             |
|    fps                  | 50          |
|    iterations           | 40          |
|    time_elapsed         | 4054        |
|    total_timesteps      | 1704800     |
| train/                  |             |
|    approx_kl            | 0.037006985 |
|    clip_fraction        | 0.268       |
|    clip_range           | 0.2         |
|    entropy_loss         | -1.37       |
|    explained_variance   | 0.791       |
|    learning_rate        | 0.0003      |
|    loss                 | 0.861       |
|    n_updates            | 1878        |
|    policy_gradient_loss | -0.00696    |
|    std                  | 0.479       |
|    value_loss           | 2.2         |
-----------------------------------------
Early stopping at step 4 due to reaching max kl: 0.05
-----------------------------------------
| rollout/                |             |
|    ep_len_mean          | 46.1        |
|    ep_rew_mean          | -185        |
| time/                   |             |
|    fps                  | 50          |
|    iterations           | 41          |
|    time_elapsed         | 4144        |
|    total_timesteps      | 1709920     |
| train/                  |             |
|    approx_kl            | 0.052535757 |
|    clip_fraction        | 0.262       |
|    clip_range           | 0.2         |
|    entropy_loss         | -1.36       |
|    explained_variance   | 0.752       |
|    learning_rate        | 0.0003      |
|    loss                 | 0.719       |
|    n_updates            | 1883        |
|    policy_gradient_loss | -0.00437    |
|    std                  | 0.479       |
|    value_loss           | 2.24        |
-----------------------------------------
Early stopping at step 5 due to reaching max kl: 0.05
-----------------------------------------
| rollout/                |             |
|    ep_len_mean          | 49.7        |
|    ep_rew_mean          | -158        |
| time/                   |             |
|    fps                  | 50          |
|    iterations           | 42          |
|    time_elapsed         | 4224        |
|    total_timesteps      | 1715040     |
| train/                  |             |
|    approx_kl            | 0.036958963 |
|    clip_fraction        | 0.283       |
|    clip_range           | 0.2         |
|    entropy_loss         | -1.36       |
|    explained_variance   | 0.769       |
|    learning_rate        | 0.0003      |
|    loss                 | 0.724       |
|    n_updates            | 1889        |
|    policy_gradient_loss | -0.0136     |
|    std                  | 0.477       |
|    value_loss           | 2.04        |
-----------------------------------------
Early stopping at step 4 due to reaching max kl: 0.05
-----------------------------------------
| rollout/                |             |
|    ep_len_mean          | 46.6        |
|    ep_rew_mean          | -201        |
| time/                   |             |
|    fps                  | 51          |
|    iterations           | 43          |
|    time_elapsed         | 4309        |
|    total_timesteps      | 1720160     |
| train/                  |             |
|    approx_kl            | 0.037196986 |
|    clip_fraction        | 0.277       |
|    clip_range           | 0.2         |
|    entropy_loss         | -1.36       |
|    explained_variance   | 0.797       |
|    learning_rate        | 0.0003      |
|    loss                 | 0.69        |
|    n_updates            | 1894        |
|    policy_gradient_loss | -0.00579    |
|    std                  | 0.477       |
|    value_loss           | 1.77        |
-----------------------------------------
Early stopping at step 2 due to reaching max kl: 0.05
----------------------------------------
| rollout/                |            |
|    ep_len_mean          | 50.9       |
|    ep_rew_mean          | -158       |
| time/                   |            |
|    fps                  | 51         |
|    iterations           | 44         |
|    time_elapsed         | 4397       |
|    total_timesteps      | 1725280    |
| train/                  |            |
|    approx_kl            | 0.03340995 |
|    clip_fraction        | 0.22       |
|    clip_range           | 0.2        |
|    entropy_loss         | -1.36      |
|    explained_variance   | 0.777      |
|    learning_rate        | 0.0003     |
|    loss                 | 1.03       |
|    n_updates            | 1897       |
|    policy_gradient_loss | 0.000474   |
|    std                  | 0.477      |
|    value_loss           | 2.51       |
----------------------------------------
Early stopping at step 3 due to reaching max kl: 0.05
----------------------------------------
| rollout/                |            |
|    ep_len_mean          | 46.7       |
|    ep_rew_mean          | -176       |
| time/                   |            |
|    fps                  | 51         |
|    iterations           | 45         |
|    time_elapsed         | 4476       |
|    total_timesteps      | 1730400    |
| train/                  |            |
|    approx_kl            | 0.04266284 |
|    clip_fraction        | 0.204      |
|    clip_range           | 0.2        |
|    entropy_loss         | -1.35      |
|    explained_variance   | 0.811      |
|    learning_rate        | 0.0003     |
|    loss                 | 0.655      |
|    n_updates            | 1901       |
|    policy_gradient_loss | -0.00499   |
|    std                  | 0.476      |
|    value_loss           | 1.69       |
----------------------------------------
Early stopping at step 1 due to reaching max kl: 0.05
-----------------------------------------
| rollout/                |             |
|    ep_len_mean          | 46.2        |
|    ep_rew_mean          | -179        |
| time/                   |             |
|    fps                  | 51          |
|    iterations           | 46          |
|    time_elapsed         | 4553        |
|    total_timesteps      | 1735520     |
| train/                  |             |
|    approx_kl            | 0.033316266 |
|    clip_fraction        | 0.249       |
|    clip_range           | 0.2         |
|    entropy_loss         | -1.35       |
|    explained_variance   | 0.704       |
|    learning_rate        | 0.0003      |
|    loss                 | 1.18        |
|    n_updates            | 1903        |
|    policy_gradient_loss | 0.0066      |
|    std                  | 0.477       |
|    value_loss           | 2.82        |
-----------------------------------------
Early stopping at step 2 due to reaching max kl: 0.05
----------------------------------------
| rollout/                |            |
|    ep_len_mean          | 51.8       |
|    ep_rew_mean          | -164       |
| time/                   |            |
|    fps                  | 51         |
|    iterations           | 47         |
|    time_elapsed         | 4640       |
|    total_timesteps      | 1740640    |
| train/                  |            |
|    approx_kl            | 0.03912858 |
|    clip_fraction        | 0.252      |
|    clip_range           | 0.2        |
|    entropy_loss         | -1.35      |
|    explained_variance   | 0.814      |
|    learning_rate        | 0.0003     |
|    loss                 | 0.779      |
|    n_updates            | 1906       |
|    policy_gradient_loss | -0.00492   |
|    std                  | 0.476      |
|    value_loss           | 1.84       |
----------------------------------------
Early stopping at step 1 due to reaching max kl: 0.05
----------------------------------------
| rollout/                |            |
|    ep_len_mean          | 51.5       |
|    ep_rew_mean          | -159       |
| time/                   |            |
|    fps                  | 52         |
|    iterations           | 48         |
|    time_elapsed         | 4719       |
|    total_timesteps      | 1745760    |
| train/                  |            |
|    approx_kl            | 0.04727728 |
|    clip_fraction        | 0.195      |
|    clip_range           | 0.2        |
|    entropy_loss         | -1.35      |
|    explained_variance   | 0.781      |
|    learning_rate        | 0.0003     |
|    loss                 | 1.08       |
|    n_updates            | 1908       |
|    policy_gradient_loss | 0.00605    |
|    std                  | 0.476      |
|    value_loss           | 2.47       |
----------------------------------------
Early stopping at step 1 due to reaching max kl: 0.05
-----------------------------------------
| rollout/                |             |
|    ep_len_mean          | 54.1        |
|    ep_rew_mean          | -169        |
| time/                   |             |
|    fps                  | 52          |
|    iterations           | 49          |
|    time_elapsed         | 4807        |
|    total_timesteps      | 1750880     |
| train/                  |             |
|    approx_kl            | 0.026405629 |
|    clip_fraction        | 0.193       |
|    clip_range           | 0.2         |
|    entropy_loss         | -1.35       |
|    explained_variance   | 0.782       |
|    learning_rate        | 0.0003      |
|    loss                 | 0.858       |
|    n_updates            | 1910        |
|    policy_gradient_loss | 0.00256     |
|    std                  | 0.476       |
|    value_loss           | 2.05        |
-----------------------------------------
Early stopping at step 4 due to reaching max kl: 0.05
-----------------------------------------
| rollout/                |             |
|    ep_len_mean          | 54.7        |
|    ep_rew_mean          | -147        |
| time/                   |             |
|    fps                  | 52          |
|    iterations           | 50          |
|    time_elapsed         | 4885        |
|    total_timesteps      | 1756000     |
| train/                  |             |
|    approx_kl            | 0.039227135 |
|    clip_fraction        | 0.264       |
|    clip_range           | 0.2         |
|    entropy_loss         | -1.35       |
|    explained_variance   | 0.787       |
|    learning_rate        | 0.0003      |
|    loss                 | 0.536       |
|    n_updates            | 1915        |
|    policy_gradient_loss | -0.00681    |
|    std                  | 0.476       |
|    value_loss           | 1.75        |
-----------------------------------------
Early stopping at step 7 due to reaching max kl: 0.05
-----------------------------------------
| rollout/                |             |
|    ep_len_mean          | 54.7        |
|    ep_rew_mean          | -181        |
| time/                   |             |
|    fps                  | 52          |
|    iterations           | 51          |
|    time_elapsed         | 4966        |
|    total_timesteps      | 1761120     |
| train/                  |             |
|    approx_kl            | 0.047358304 |
|    clip_fraction        | 0.285       |
|    clip_range           | 0.2         |
|    entropy_loss         | -1.35       |
|    explained_variance   | 0.814       |
|    learning_rate        | 0.0003      |
|    loss                 | 0.343       |
|    n_updates            | 1923        |
|    policy_gradient_loss | -0.0227     |
|    std                  | 0.476       |
|    value_loss           | 1.29        |
-----------------------------------------
Early stopping at step 2 due to reaching max kl: 0.05
----------------------------------------
| rollout/                |            |
|    ep_len_mean          | 51.9       |
|    ep_rew_mean          | -185       |
| time/                   |            |
|    fps                  | 52         |
|    iterations           | 52         |
|    time_elapsed         | 5046       |
|    total_timesteps      | 1766240    |
| train/                  |            |
|    approx_kl            | 0.03882711 |
|    clip_fraction        | 0.206      |
|    clip_range           | 0.2        |
|    entropy_loss         | -1.35      |
|    explained_variance   | 0.769      |
|    learning_rate        | 0.0003     |
|    loss                 | 0.902      |
|    n_updates            | 1926       |
|    policy_gradient_loss | 0.0009     |
|    std                  | 0.475      |
|    value_loss           | 2.23       |
----------------------------------------
Early stopping at step 4 due to reaching max kl: 0.05
----------------------------------------
| rollout/                |            |
|    ep_len_mean          | 53.9       |
|    ep_rew_mean          | -178       |
| time/                   |            |
|    fps                  | 52         |
|    iterations           | 53         |
|    time_elapsed         | 5123       |
|    total_timesteps      | 1771360    |
| train/                  |            |
|    approx_kl            | 0.03885142 |
|    clip_fraction        | 0.263      |
|    clip_range           | 0.2        |
|    entropy_loss         | -1.34      |
|    explained_variance   | 0.827      |
|    learning_rate        | 0.0003     |
|    loss                 | 0.478      |
|    n_updates            | 1931       |
|    policy_gradient_loss | -0.0128    |
|    std                  | 0.473      |
|    value_loss           | 1.44       |
----------------------------------------
Early stopping at step 0 due to reaching max kl: 0.07
-----------------------------------------
| rollout/                |             |
|    ep_len_mean          | 52.6        |
|    ep_rew_mean          | -150        |
| time/                   |             |
|    fps                  | 53          |
|    iterations           | 54          |
|    time_elapsed         | 5204        |
|    total_timesteps      | 1776480     |
| train/                  |             |
|    approx_kl            | 0.020635644 |
|    clip_fraction        | 0.209       |
|    clip_range           | 0.2         |
|    entropy_loss         | -1.34       |
|    explained_variance   | 0.816       |
|    learning_rate        | 0.0003      |
|    loss                 | 0.725       |
|    n_updates            | 1932        |
|    policy_gradient_loss | 0.0096      |
|    std                  | 0.472       |
|    value_loss           | 2.03        |
-----------------------------------------
Early stopping at step 4 due to reaching max kl: 0.05
-----------------------------------------
| rollout/                |             |
|    ep_len_mean          | 45.7        |
|    ep_rew_mean          | -189        |
| time/                   |             |
|    fps                  | 53          |
|    iterations           | 55          |
|    time_elapsed         | 5284        |
|    total_timesteps      | 1781600     |
| train/                  |             |
|    approx_kl            | 0.034069017 |
|    clip_fraction        | 0.25        |
|    clip_range           | 0.2         |
|    entropy_loss         | -1.33       |
|    explained_variance   | 0.772       |
|    learning_rate        | 0.0003      |
|    loss                 | 0.596       |
|    n_updates            | 1937        |
|    policy_gradient_loss | -0.0107     |
|    std                  | 0.47        |
|    value_loss           | 1.68        |
-----------------------------------------
Early stopping at step 3 due to reaching max kl: 0.05
-----------------------------------------
| rollout/                |             |
|    ep_len_mean          | 52          |
|    ep_rew_mean          | -172        |
| time/                   |             |
|    fps                  | 53          |
|    iterations           | 56          |
|    time_elapsed         | 5365        |
|    total_timesteps      | 1786720     |
| train/                  |             |
|    approx_kl            | 0.038725447 |
|    clip_fraction        | 0.246       |
|    clip_range           | 0.2         |
|    entropy_loss         | -1.33       |
|    explained_variance   | 0.724       |
|    learning_rate        | 0.0003      |
|    loss                 | 1.07        |
|    n_updates            | 1941        |
|    policy_gradient_loss | -0.000583   |
|    std                  | 0.47        |
|    value_loss           | 2.41        |
-----------------------------------------
Early stopping at step 2 due to reaching max kl: 0.05
-----------------------------------------
| rollout/                |             |
|    ep_len_mean          | 51.5        |
|    ep_rew_mean          | -161        |
| time/                   |             |
|    fps                  | 53          |
|    iterations           | 57          |
|    time_elapsed         | 5444        |
|    total_timesteps      | 1791840     |
| train/                  |             |
|    approx_kl            | 0.030967461 |
|    clip_fraction        | 0.211       |
|    clip_range           | 0.2         |
|    entropy_loss         | -1.33       |
|    explained_variance   | 0.749       |
|    learning_rate        | 0.0003      |
|    loss                 | 0.81        |
|    n_updates            | 1944        |
|    policy_gradient_loss | -0.000602   |
|    std                  | 0.469       |
|    value_loss           | 2.11        |
-----------------------------------------
Early stopping at step 1 due to reaching max kl: 0.05
----------------------------------------
| rollout/                |            |
|    ep_len_mean          | 52.4       |
|    ep_rew_mean          | -175       |
| time/                   |            |
|    fps                  | 53         |
|    iterations           | 58         |
|    time_elapsed         | 5529       |
|    total_timesteps      | 1796960    |
| train/                  |            |
|    approx_kl            | 0.03286654 |
|    clip_fraction        | 0.266      |
|    clip_range           | 0.2        |
|    entropy_loss         | -1.32      |
|    explained_variance   | 0.776      |
|    learning_rate        | 0.0003     |
|    loss                 | 0.77       |
|    n_updates            | 1946       |
|    policy_gradient_loss | 0.00782    |
|    std                  | 0.469      |
|    value_loss           | 2.1        |
----------------------------------------
Early stopping at step 1 due to reaching max kl: 0.06
-----------------------------------------
| rollout/                |             |
|    ep_len_mean          | 53.9        |
|    ep_rew_mean          | -129        |
| time/                   |             |
|    fps                  | 53          |
|    iterations           | 59          |
|    time_elapsed         | 5605        |
|    total_timesteps      | 1802080     |
| train/                  |             |
|    approx_kl            | 0.030273626 |
|    clip_fraction        | 0.226       |
|    clip_range           | 0.2         |
|    entropy_loss         | -1.32       |
|    explained_variance   | 0.762       |
|    learning_rate        | 0.0003      |
|    loss                 | 1.1         |
|    n_updates            | 1948        |
|    policy_gradient_loss | 0.00574     |
|    std                  | 0.469       |
|    value_loss           | 2.29        |
-----------------------------------------
Early stopping at step 5 due to reaching max kl: 0.05
-----------------------------------------
| rollout/                |             |
|    ep_len_mean          | 53.5        |
|    ep_rew_mean          | -157        |
| time/                   |             |
|    fps                  | 54          |
|    iterations           | 60          |
|    time_elapsed         | 5685        |
|    total_timesteps      | 1807200     |
| train/                  |             |
|    approx_kl            | 0.038674958 |
|    clip_fraction        | 0.276       |
|    clip_range           | 0.2         |
|    entropy_loss         | -1.32       |
|    explained_variance   | 0.795       |
|    learning_rate        | 0.0003      |
|    loss                 | 0.355       |
|    n_updates            | 1954        |
|    policy_gradient_loss | -0.0153     |
|    std                  | 0.469       |
|    value_loss           | 1.33        |
-----------------------------------------
Early stopping at step 2 due to reaching max kl: 0.05
----------------------------------------
| rollout/                |            |
|    ep_len_mean          | 51.8       |
|    ep_rew_mean          | -161       |
| time/                   |            |
|    fps                  | 54         |
|    iterations           | 61         |
|    time_elapsed         | 5775       |
|    total_timesteps      | 1812320    |
| train/                  |            |
|    approx_kl            | 0.03282957 |
|    clip_fraction        | 0.261      |
|    clip_range           | 0.2        |
|    entropy_loss         | -1.32      |
|    explained_variance   | 0.749      |
|    learning_rate        | 0.0003     |
|    loss                 | 0.85       |
|    n_updates            | 1957       |
|    policy_gradient_loss | 2.32e-05   |
|    std                  | 0.47       |
|    value_loss           | 1.93       |
----------------------------------------
Early stopping at step 7 due to reaching max kl: 0.05
-----------------------------------------
| rollout/                |             |
|    ep_len_mean          | 54          |
|    ep_rew_mean          | -152        |
| time/                   |             |
|    fps                  | 54          |
|    iterations           | 62          |
|    time_elapsed         | 5871        |
|    total_timesteps      | 1817440     |
| train/                  |             |
|    approx_kl            | 0.040050074 |
|    clip_fraction        | 0.287       |
|    clip_range           | 0.2         |
|    entropy_loss         | -1.33       |
|    explained_variance   | 0.801       |
|    learning_rate        | 0.0003      |
|    loss                 | 0.371       |
|    n_updates            | 1965        |
|    policy_gradient_loss | -0.0222     |
|    std                  | 0.469       |
|    value_loss           | 1.37        |
-----------------------------------------
Early stopping at step 8 due to reaching max kl: 0.05
-----------------------------------------
| rollout/                |             |
|    ep_len_mean          | 50.6        |
|    ep_rew_mean          | -190        |
| time/                   |             |
|    fps                  | 54          |
|    iterations           | 63          |
|    time_elapsed         | 5951        |
|    total_timesteps      | 1822560     |
| train/                  |             |
|    approx_kl            | 0.046079095 |
|    clip_fraction        | 0.306       |
|    clip_range           | 0.2         |
|    entropy_loss         | -1.32       |
|    explained_variance   | 0.795       |
|    learning_rate        | 0.0003      |
|    loss                 | 0.287       |
|    n_updates            | 1974        |
|    policy_gradient_loss | -0.0201     |
|    std                  | 0.467       |
|    value_loss           | 1.23        |
-----------------------------------------
Early stopping at step 2 due to reaching max kl: 0.05
-----------------------------------------
| rollout/                |             |
|    ep_len_mean          | 48          |
|    ep_rew_mean          | -180        |
| time/                   |             |
|    fps                  | 54          |
|    iterations           | 64          |
|    time_elapsed         | 6057        |
|    total_timesteps      | 1827680     |
| train/                  |             |
|    approx_kl            | 0.033783823 |
|    clip_fraction        | 0.236       |
|    clip_range           | 0.2         |
|    entropy_loss         | -1.31       |
|    explained_variance   | 0.786       |
|    learning_rate        | 0.0003      |
|    loss                 | 0.761       |
|    n_updates            | 1977        |
|    policy_gradient_loss | -0.000386   |
|    std                  | 0.467       |
|    value_loss           | 2.09        |
-----------------------------------------
Early stopping at step 5 due to reaching max kl: 0.05
----------------------------------------
| rollout/                |            |
|    ep_len_mean          | 50.1       |
|    ep_rew_mean          | -204       |
| time/                   |            |
|    fps                  | 54         |
|    iterations           | 65         |
|    time_elapsed         | 6144       |
|    total_timesteps      | 1832800    |
| train/                  |            |
|    approx_kl            | 0.03887211 |
|    clip_fraction        | 0.279      |
|    clip_range           | 0.2        |
|    entropy_loss         | -1.31      |
|    explained_variance   | 0.781      |
|    learning_rate        | 0.0003     |
|    loss                 | 0.531      |
|    n_updates            | 1983       |
|    policy_gradient_loss | -0.0164    |
|    std                  | 0.465      |
|    value_loss           | 1.64       |
----------------------------------------
Early stopping at step 6 due to reaching max kl: 0.05
-----------------------------------------
| rollout/                |             |
|    ep_len_mean          | 56.4        |
|    ep_rew_mean          | -195        |
| time/                   |             |
|    fps                  | 54          |
|    iterations           | 66          |
|    time_elapsed         | 6211        |
|    total_timesteps      | 1837920     |
| train/                  |             |
|    approx_kl            | 0.044346627 |
|    clip_fraction        | 0.271       |
|    clip_range           | 0.2         |
|    entropy_loss         | -1.3        |
|    explained_variance   | 0.836       |
|    learning_rate        | 0.0003      |
|    loss                 | 0.429       |
|    n_updates            | 1990        |
|    policy_gradient_loss | -0.0154     |
|    std                  | 0.464       |
|    value_loss           | 1.37        |
-----------------------------------------
Early stopping at step 2 due to reaching max kl: 0.05
-----------------------------------------
| rollout/                |             |
|    ep_len_mean          | 56.8        |
|    ep_rew_mean          | -145        |
| time/                   |             |
|    fps                  | 54          |
|    iterations           | 67          |
|    time_elapsed         | 6273        |
|    total_timesteps      | 1843040     |
| train/                  |             |
|    approx_kl            | 0.038849816 |
|    clip_fraction        | 0.223       |
|    clip_range           | 0.2         |
|    entropy_loss         | -1.3        |
|    explained_variance   | 0.775       |
|    learning_rate        | 0.0003      |
|    loss                 | 0.602       |
|    n_updates            | 1993        |
|    policy_gradient_loss | -0.00123    |
|    std                  | 0.464       |
|    value_loss           | 1.77        |
-----------------------------------------
Early stopping at step 0 due to reaching max kl: 0.05
-----------------------------------------
| rollout/                |             |
|    ep_len_mean          | 53.6        |
|    ep_rew_mean          | -164        |
| time/                   |             |
|    fps                  | 54          |
|    iterations           | 68          |
|    time_elapsed         | 6347        |
|    total_timesteps      | 1848160     |
| train/                  |             |
|    approx_kl            | 0.018764492 |
|    clip_fraction        | 0.212       |
|    clip_range           | 0.2         |
|    entropy_loss         | -1.3        |
|    explained_variance   | 0.778       |
|    learning_rate        | 0.0003      |
|    loss                 | 0.82        |
|    n_updates            | 1994        |
|    policy_gradient_loss | 0.00705     |
|    std                  | 0.464       |
|    value_loss           | 1.9         |
-----------------------------------------
Early stopping at step 5 due to reaching max kl: 0.05
-----------------------------------------
| rollout/                |             |
|    ep_len_mean          | 55.4        |
|    ep_rew_mean          | -180        |
| time/                   |             |
|    fps                  | 55          |
|    iterations           | 69          |
|    time_elapsed         | 6419        |
|    total_timesteps      | 1853280     |
| train/                  |             |
|    approx_kl            | 0.038929217 |
|    clip_fraction        | 0.266       |
|    clip_range           | 0.2         |
|    entropy_loss         | -1.3        |
|    explained_variance   | 0.849       |
|    learning_rate        | 0.0003      |
|    loss                 | 0.368       |
|    n_updates            | 2000        |
|    policy_gradient_loss | -0.0154     |
|    std                  | 0.464       |
|    value_loss           | 1.11        |
-----------------------------------------
Early stopping at step 5 due to reaching max kl: 0.05
-----------------------------------------
| rollout/                |             |
|    ep_len_mean          | 58.6        |
|    ep_rew_mean          | -143        |
| time/                   |             |
|    fps                  | 54          |
|    iterations           | 70          |
|    time_elapsed         | 6525        |
|    total_timesteps      | 1858400     |
| train/                  |             |
|    approx_kl            | 0.036289588 |
|    clip_fraction        | 0.255       |
|    clip_range           | 0.2         |
|    entropy_loss         | -1.3        |
|    explained_variance   | 0.819       |
|    learning_rate        | 0.0003      |
|    loss                 | 0.456       |
|    n_updates            | 2006        |
|    policy_gradient_loss | -0.0125     |
|    std                  | 0.463       |
|    value_loss           | 1.38        |
-----------------------------------------
Early stopping at step 3 due to reaching max kl: 0.05
-----------------------------------------
| rollout/                |             |
|    ep_len_mean          | 53.2        |
|    ep_rew_mean          | -173        |
| time/                   |             |
|    fps                  | 54          |
|    iterations           | 71          |
|    time_elapsed         | 6634        |
|    total_timesteps      | 1863520     |
| train/                  |             |
|    approx_kl            | 0.044534415 |
|    clip_fraction        | 0.242       |
|    clip_range           | 0.2         |
|    entropy_loss         | -1.3        |
|    explained_variance   | 0.822       |
|    learning_rate        | 0.0003      |
|    loss                 | 0.476       |
|    n_updates            | 2010        |
|    policy_gradient_loss | -0.00532    |
|    std                  | 0.463       |
|    value_loss           | 1.49        |
-----------------------------------------
Early stopping at step 4 due to reaching max kl: 0.05
----------------------------------------
| rollout/                |            |
|    ep_len_mean          | 56         |
|    ep_rew_mean          | -163       |
| time/                   |            |
|    fps                  | 54         |
|    iterations           | 72         |
|    time_elapsed         | 6745       |
|    total_timesteps      | 1868640    |
| train/                  |            |
|    approx_kl            | 0.03437553 |
|    clip_fraction        | 0.275      |
|    clip_range           | 0.2        |
|    entropy_loss         | -1.29      |
|    explained_variance   | 0.853      |
|    learning_rate        | 0.0003     |
|    loss                 | 0.424      |
|    n_updates            | 2015       |
|    policy_gradient_loss | -0.00725   |
|    std                  | 0.461      |
|    value_loss           | 1.24       |
----------------------------------------
Early stopping at step 2 due to reaching max kl: 0.05
-----------------------------------------
| rollout/                |             |
|    ep_len_mean          | 57.5        |
|    ep_rew_mean          | -158        |
| time/                   |             |
|    fps                  | 54          |
|    iterations           | 73          |
|    time_elapsed         | 6848        |
|    total_timesteps      | 1873760     |
| train/                  |             |
|    approx_kl            | 0.038029794 |
|    clip_fraction        | 0.252       |
|    clip_range           | 0.2         |
|    entropy_loss         | -1.29       |
|    explained_variance   | 0.833       |
|    learning_rate        | 0.0003      |
|    loss                 | 0.628       |
|    n_updates            | 2018        |
|    policy_gradient_loss | 0.000496    |
|    std                  | 0.46        |
|    value_loss           | 1.75        |
-----------------------------------------
Early stopping at step 6 due to reaching max kl: 0.05
-----------------------------------------
| rollout/                |             |
|    ep_len_mean          | 56.9        |
|    ep_rew_mean          | -195        |
| time/                   |             |
|    fps                  | 54          |
|    iterations           | 74          |
|    time_elapsed         | 6934        |
|    total_timesteps      | 1878880     |
| train/                  |             |
|    approx_kl            | 0.042091794 |
|    clip_fraction        | 0.286       |
|    clip_range           | 0.2         |
|    entropy_loss         | -1.28       |
|    explained_variance   | 0.836       |
|    learning_rate        | 0.0003      |
|    loss                 | 0.349       |
|    n_updates            | 2025        |
|    policy_gradient_loss | -0.0185     |
|    std                  | 0.458       |
|    value_loss           | 1.17        |
-----------------------------------------
Early stopping at step 1 due to reaching max kl: 0.05
-----------------------------------------
| rollout/                |             |
|    ep_len_mean          | 53.4        |
|    ep_rew_mean          | -178        |
| time/                   |             |
|    fps                  | 54          |
|    iterations           | 75          |
|    time_elapsed         | 7045        |
|    total_timesteps      | 1884000     |
| train/                  |             |
|    approx_kl            | 0.027528714 |
|    clip_fraction        | 0.199       |
|    clip_range           | 0.2         |
|    entropy_loss         | -1.27       |
|    explained_variance   | 0.799       |
|    learning_rate        | 0.0003      |
|    loss                 | 0.695       |
|    n_updates            | 2027        |
|    policy_gradient_loss | 0.00398     |
|    std                  | 0.458       |
|    value_loss           | 2.06        |
-----------------------------------------
Early stopping at step 3 due to reaching max kl: 0.05
-----------------------------------------
| rollout/                |             |
|    ep_len_mean          | 56.2        |
|    ep_rew_mean          | -155        |
| time/                   |             |
|    fps                  | 54          |
|    iterations           | 76          |
|    time_elapsed         | 7134        |
|    total_timesteps      | 1889120     |
| train/                  |             |
|    approx_kl            | 0.041531604 |
|    clip_fraction        | 0.213       |
|    clip_range           | 0.2         |
|    entropy_loss         | -1.27       |
|    explained_variance   | 0.835       |
|    learning_rate        | 0.0003      |
|    loss                 | 0.518       |
|    n_updates            | 2031        |
|    policy_gradient_loss | -0.00487    |
|    std                  | 0.458       |
|    value_loss           | 1.5         |
-----------------------------------------
Early stopping at step 3 due to reaching max kl: 0.05
----------------------------------------
| rollout/                |            |
|    ep_len_mean          | 52.4       |
|    ep_rew_mean          | -165       |
| time/                   |            |
|    fps                  | 54         |
|    iterations           | 77         |
|    time_elapsed         | 7250       |
|    total_timesteps      | 1894240    |
| train/                  |            |
|    approx_kl            | 0.03664517 |
|    clip_fraction        | 0.262      |
|    clip_range           | 0.2        |
|    entropy_loss         | -1.27      |
|    explained_variance   | 0.811      |
|    learning_rate        | 0.0003     |
|    loss                 | 0.599      |
|    n_updates            | 2035       |
|    policy_gradient_loss | -0.00472   |
|    std                  | 0.458      |
|    value_loss           | 1.62       |
----------------------------------------
Early stopping at step 1 due to reaching max kl: 0.05
-----------------------------------------
| rollout/                |             |
|    ep_len_mean          | 55.1        |
|    ep_rew_mean          | -143        |
| time/                   |             |
|    fps                  | 54          |
|    iterations           | 78          |
|    time_elapsed         | 7337        |
|    total_timesteps      | 1899360     |
| train/                  |             |
|    approx_kl            | 0.039222278 |
|    clip_fraction        | 0.215       |
|    clip_range           | 0.2         |
|    entropy_loss         | -1.27       |
|    explained_variance   | 0.81        |
|    learning_rate        | 0.0003      |
|    loss                 | 0.854       |
|    n_updates            | 2037        |
|    policy_gradient_loss | 0.00879     |
|    std                  | 0.457       |
|    value_loss           | 1.97        |
-----------------------------------------
Early stopping at step 2 due to reaching max kl: 0.05
-----------------------------------------
| rollout/                |             |
|    ep_len_mean          | 56.5        |
|    ep_rew_mean          | -173        |
| time/                   |             |
|    fps                  | 54          |
|    iterations           | 79          |
|    time_elapsed         | 7443        |
|    total_timesteps      | 1904480     |
| train/                  |             |
|    approx_kl            | 0.044173352 |
|    clip_fraction        | 0.213       |
|    clip_range           | 0.2         |
|    entropy_loss         | -1.27       |
|    explained_variance   | 0.799       |
|    learning_rate        | 0.0003      |
|    loss                 | 0.766       |
|    n_updates            | 2040        |
|    policy_gradient_loss | 0.00177     |
|    std                  | 0.457       |
|    value_loss           | 1.8         |
-----------------------------------------
Early stopping at step 2 due to reaching max kl: 0.05
-----------------------------------------
| rollout/                |             |
|    ep_len_mean          | 54.3        |
|    ep_rew_mean          | -167        |
| time/                   |             |
|    fps                  | 54          |
|    iterations           | 80          |
|    time_elapsed         | 7532        |
|    total_timesteps      | 1909600     |
| train/                  |             |
|    approx_kl            | 0.045809478 |
|    clip_fraction        | 0.203       |
|    clip_range           | 0.2         |
|    entropy_loss         | -1.27       |
|    explained_variance   | 0.76        |
|    learning_rate        | 0.0003      |
|    loss                 | 0.887       |
|    n_updates            | 2043        |
|    policy_gradient_loss | 0.000417    |
|    std                  | 0.457       |
|    value_loss           | 2.15        |
-----------------------------------------
Early stopping at step 2 due to reaching max kl: 0.05
-----------------------------------------
| rollout/                |             |
|    ep_len_mean          | 56.1        |
|    ep_rew_mean          | -148        |
| time/                   |             |
|    fps                  | 54          |
|    iterations           | 81          |
|    time_elapsed         | 7629        |
|    total_timesteps      | 1914720     |
| train/                  |             |
|    approx_kl            | 0.033672977 |
|    clip_fraction        | 0.237       |
|    clip_range           | 0.2         |
|    entropy_loss         | -1.27       |
|    explained_variance   | 0.807       |
|    learning_rate        | 0.0003      |
|    loss                 | 0.636       |
|    n_updates            | 2046        |
|    policy_gradient_loss | 0.00155     |
|    std                  | 0.457       |
|    value_loss           | 1.7         |
-----------------------------------------
Early stopping at step 4 due to reaching max kl: 0.05
----------------------------------------
| rollout/                |            |
|    ep_len_mean          | 52.8       |
|    ep_rew_mean          | -147       |
| time/                   |            |
|    fps                  | 54         |
|    iterations           | 82         |
|    time_elapsed         | 7728       |
|    total_timesteps      | 1919840    |
| train/                  |            |
|    approx_kl            | 0.04887274 |
|    clip_fraction        | 0.276      |
|    clip_range           | 0.2        |
|    entropy_loss         | -1.27      |
|    explained_variance   | 0.769      |
|    learning_rate        | 0.0003     |
|    loss                 | 0.597      |
|    n_updates            | 2051       |
|    policy_gradient_loss | -0.00813   |
|    std                  | 0.456      |
|    value_loss           | 1.52       |
----------------------------------------
Early stopping at step 4 due to reaching max kl: 0.05
-----------------------------------------
| rollout/                |             |
|    ep_len_mean          | 53.1        |
|    ep_rew_mean          | -171        |
| time/                   |             |
|    fps                  | 54          |
|    iterations           | 83          |
|    time_elapsed         | 7819        |
|    total_timesteps      | 1924960     |
| train/                  |             |
|    approx_kl            | 0.038021386 |
|    clip_fraction        | 0.281       |
|    clip_range           | 0.2         |
|    entropy_loss         | -1.26       |
|    explained_variance   | 0.852       |
|    learning_rate        | 0.0003      |
|    loss                 | 0.601       |
|    n_updates            | 2056        |
|    policy_gradient_loss | -0.00902    |
|    std                  | 0.454       |
|    value_loss           | 1.16        |
-----------------------------------------
Early stopping at step 2 due to reaching max kl: 0.06
----------------------------------------
| rollout/                |            |
|    ep_len_mean          | 53.2       |
|    ep_rew_mean          | -152       |
| time/                   |            |
|    fps                  | 54         |
|    iterations           | 84         |
|    time_elapsed         | 7912       |
|    total_timesteps      | 1930080    |
| train/                  |            |
|    approx_kl            | 0.03961565 |
|    clip_fraction        | 0.212      |
|    clip_range           | 0.2        |
|    entropy_loss         | -1.26      |
|    explained_variance   | 0.817      |
|    learning_rate        | 0.0003     |
|    loss                 | 0.642      |
|    n_updates            | 2059       |
|    policy_gradient_loss | 0.00195    |
|    std                  | 0.455      |
|    value_loss           | 1.66       |
----------------------------------------
Early stopping at step 1 due to reaching max kl: 0.05
----------------------------------------
| rollout/                |            |
|    ep_len_mean          | 51.4       |
|    ep_rew_mean          | -207       |
| time/                   |            |
|    fps                  | 54         |
|    iterations           | 85         |
|    time_elapsed         | 8014       |
|    total_timesteps      | 1935200    |
| train/                  |            |
|    approx_kl            | 0.03418923 |
|    clip_fraction        | 0.225      |
|    clip_range           | 0.2        |
|    entropy_loss         | -1.26      |
|    explained_variance   | 0.823      |
|    learning_rate        | 0.0003     |
|    loss                 | 0.676      |
|    n_updates            | 2061       |
|    policy_gradient_loss | 0.00172    |
|    std                  | 0.454      |
|    value_loss           | 1.68       |
----------------------------------------
Early stopping at step 0 due to reaching max kl: 0.05
-----------------------------------------
| rollout/                |             |
|    ep_len_mean          | 49.5        |
|    ep_rew_mean          | -172        |
| time/                   |             |
|    fps                  | 54          |
|    iterations           | 86          |
|    time_elapsed         | 8132        |
|    total_timesteps      | 1940320     |
| train/                  |             |
|    approx_kl            | 0.021814816 |
|    clip_fraction        | 0.253       |
|    clip_range           | 0.2         |
|    entropy_loss         | -1.26       |
|    explained_variance   | 0.778       |
|    learning_rate        | 0.0003      |
|    loss                 | 1.18        |
|    n_updates            | 2062        |
|    policy_gradient_loss | 0.00723     |
|    std                  | 0.454       |
|    value_loss           | 2.29        |
-----------------------------------------
Early stopping at step 1 due to reaching max kl: 0.05
----------------------------------------
| rollout/                |            |
|    ep_len_mean          | 51.5       |
|    ep_rew_mean          | -145       |
| time/                   |            |
|    fps                  | 53         |
|    iterations           | 87         |
|    time_elapsed         | 8252       |
|    total_timesteps      | 1945440    |
| train/                  |            |
|    approx_kl            | 0.03055211 |
|    clip_fraction        | 0.196      |
|    clip_range           | 0.2        |
|    entropy_loss         | -1.26      |
|    explained_variance   | 0.781      |
|    learning_rate        | 0.0003     |
|    loss                 | 0.751      |
|    n_updates            | 2064       |
|    policy_gradient_loss | -0.00141   |
|    std                  | 0.454      |
|    value_loss           | 2          |
----------------------------------------
Early stopping at step 2 due to reaching max kl: 0.05
-----------------------------------------
| rollout/                |             |
|    ep_len_mean          | 51.6        |
|    ep_rew_mean          | -137        |
| time/                   |             |
|    fps                  | 53          |
|    iterations           | 88          |
|    time_elapsed         | 8366        |
|    total_timesteps      | 1950560     |
| train/                  |             |
|    approx_kl            | 0.034381874 |
|    clip_fraction        | 0.263       |
|    clip_range           | 0.2         |
|    entropy_loss         | -1.25       |
|    explained_variance   | 0.817       |
|    learning_rate        | 0.0003      |
|    loss                 | 0.654       |
|    n_updates            | 2067        |
|    policy_gradient_loss | -0.00211    |
|    std                  | 0.453       |
|    value_loss           | 1.54        |
-----------------------------------------
Early stopping at step 1 due to reaching max kl: 0.06
-----------------------------------------
| rollout/                |             |
|    ep_len_mean          | 55.6        |
|    ep_rew_mean          | -108        |
| time/                   |             |
|    fps                  | 53          |
|    iterations           | 89          |
|    time_elapsed         | 8464        |
|    total_timesteps      | 1955680     |
| train/                  |             |
|    approx_kl            | 0.031435594 |
|    clip_fraction        | 0.216       |
|    clip_range           | 0.2         |
|    entropy_loss         | -1.25       |
|    explained_variance   | 0.816       |
|    learning_rate        | 0.0003      |
|    loss                 | 0.574       |
|    n_updates            | 2069        |
|    policy_gradient_loss | 0.0048      |
|    std                  | 0.452       |
|    value_loss           | 1.59        |
-----------------------------------------
Early stopping at step 3 due to reaching max kl: 0.05
---------------------------------------
| rollout/                |           |
|    ep_len_mean          | 55        |
|    ep_rew_mean          | -168      |
| time/                   |           |
|    fps                  | 53        |
|    iterations           | 90        |
|    time_elapsed         | 8583      |
|    total_timesteps      | 1960800   |
| train/                  |           |
|    approx_kl            | 0.0361067 |
|    clip_fraction        | 0.257     |
|    clip_range           | 0.2       |
|    entropy_loss         | -1.25     |
|    explained_variance   | 0.794     |
|    learning_rate        | 0.0003    |
|    loss                 | 0.527     |
|    n_updates            | 2073      |
|    policy_gradient_loss | -0.00493  |
|    std                  | 0.452     |
|    value_loss           | 1.28      |
---------------------------------------
Early stopping at step 6 due to reaching max kl: 0.05
----------------------------------------
| rollout/                |            |
|    ep_len_mean          | 52.4       |
|    ep_rew_mean          | -187       |
| time/                   |            |
|    fps                  | 53         |
|    iterations           | 91         |
|    time_elapsed         | 8683       |
|    total_timesteps      | 1965920    |
| train/                  |            |
|    approx_kl            | 0.03964719 |
|    clip_fraction        | 0.271      |
|    clip_range           | 0.2        |
|    entropy_loss         | -1.25      |
|    explained_variance   | 0.753      |
|    learning_rate        | 0.0003     |
|    loss                 | 0.804      |
|    n_updates            | 2080       |
|    policy_gradient_loss | -0.0185    |
|    std                  | 0.452      |
|    value_loss           | 1.68       |
----------------------------------------
Early stopping at step 3 due to reaching max kl: 0.05
-----------------------------------------
| rollout/                |             |
|    ep_len_mean          | 54.9        |
|    ep_rew_mean          | -164        |
| time/                   |             |
|    fps                  | 53          |
|    iterations           | 92          |
|    time_elapsed         | 8799        |
|    total_timesteps      | 1971040     |
| train/                  |             |
|    approx_kl            | 0.036717154 |
|    clip_fraction        | 0.257       |
|    clip_range           | 0.2         |
|    entropy_loss         | -1.25       |
|    explained_variance   | 0.774       |
|    learning_rate        | 0.0003      |
|    loss                 | 0.648       |
|    n_updates            | 2084        |
|    policy_gradient_loss | -0.00458    |
|    std                  | 0.452       |
|    value_loss           | 1.63        |
-----------------------------------------
Early stopping at step 4 due to reaching max kl: 0.05
-----------------------------------------
| rollout/                |             |
|    ep_len_mean          | 45.4        |
|    ep_rew_mean          | -166        |
| time/                   |             |
|    fps                  | 53          |
|    iterations           | 93          |
|    time_elapsed         | 8908        |
|    total_timesteps      | 1976160     |
| train/                  |             |
|    approx_kl            | 0.043876335 |
|    clip_fraction        | 0.251       |
|    clip_range           | 0.2         |
|    entropy_loss         | -1.24       |
|    explained_variance   | 0.812       |
|    learning_rate        | 0.0003      |
|    loss                 | 0.52        |
|    n_updates            | 2089        |
|    policy_gradient_loss | -0.00879    |
|    std                  | 0.45        |
|    value_loss           | 1.38        |
-----------------------------------------
Early stopping at step 3 due to reaching max kl: 0.05
-----------------------------------------
| rollout/                |             |
|    ep_len_mean          | 49.9        |
|    ep_rew_mean          | -171        |
| time/                   |             |
|    fps                  | 53          |
|    iterations           | 94          |
|    time_elapsed         | 8990        |
|    total_timesteps      | 1981280     |
| train/                  |             |
|    approx_kl            | 0.031052465 |
|    clip_fraction        | 0.26        |
|    clip_range           | 0.2         |
|    entropy_loss         | -1.24       |
|    explained_variance   | 0.792       |
|    learning_rate        | 0.0003      |
|    loss                 | 0.581       |
|    n_updates            | 2093        |
|    policy_gradient_loss | -0.0074     |
|    std                  | 0.45        |
|    value_loss           | 1.74        |
-----------------------------------------
Early stopping at step 1 due to reaching max kl: 0.05
--------------------------------------
| rollout/                |          |
|    ep_len_mean          | 49.3     |
|    ep_rew_mean          | -175     |
| time/                   |          |
|    fps                  | 53       |
|    iterations           | 95       |
|    time_elapsed         | 9065     |
|    total_timesteps      | 1986400  |
| train/                  |          |
|    approx_kl            | 0.049249 |
|    clip_fraction        | 0.24     |
|    clip_range           | 0.2      |
|    entropy_loss         | -1.24    |
|    explained_variance   | 0.736    |
|    learning_rate        | 0.0003   |
|    loss                 | 1.15     |
|    n_updates            | 2095     |
|    policy_gradient_loss | 0.0107   |
|    std                  | 0.45     |
|    value_loss           | 2.48     |
--------------------------------------
Early stopping at step 1 due to reaching max kl: 0.05
-----------------------------------------
| rollout/                |             |
|    ep_len_mean          | 51.2        |
|    ep_rew_mean          | -167        |
| time/                   |             |
|    fps                  | 53          |
|    iterations           | 96          |
|    time_elapsed         | 9179        |
|    total_timesteps      | 1991520     |
| train/                  |             |
|    approx_kl            | 0.027440479 |
|    clip_fraction        | 0.197       |
|    clip_range           | 0.2         |
|    entropy_loss         | -1.24       |
|    explained_variance   | 0.78        |
|    learning_rate        | 0.0003      |
|    loss                 | 0.853       |
|    n_updates            | 2097        |
|    policy_gradient_loss | 0.00184     |
|    std                  | 0.451       |
|    value_loss           | 1.99        |
-----------------------------------------
Early stopping at step 1 due to reaching max kl: 0.05
-----------------------------------------
| rollout/                |             |
|    ep_len_mean          | 51.1        |
|    ep_rew_mean          | -167        |
| time/                   |             |
|    fps                  | 53          |
|    iterations           | 97          |
|    time_elapsed         | 9286        |
|    total_timesteps      | 1996640     |
| train/                  |             |
|    approx_kl            | 0.027646204 |
|    clip_fraction        | 0.207       |
|    clip_range           | 0.2         |
|    entropy_loss         | -1.24       |
|    explained_variance   | 0.771       |
|    learning_rate        | 0.0003      |
|    loss                 | 1.14        |
|    n_updates            | 2099        |
|    policy_gradient_loss | 0.00547     |
|    std                  | 0.451       |
|    value_loss           | 2           |
-----------------------------------------
Early stopping at step 3 due to reaching max kl: 0.05
[CURRICULUM] t=2,000,000 -> scenario stage 7
-----------------------------------------
| rollout/                |             |
|    ep_len_mean          | 48.7        |
|    ep_rew_mean          | -166        |
| time/                   |             |
|    fps                  | 53          |
|    iterations           | 98          |
|    time_elapsed         | 9365        |
|    total_timesteps      | 2001760     |
| train/                  |             |
|    approx_kl            | 0.038366746 |
|    clip_fraction        | 0.258       |
|    clip_range           | 0.2         |
|    entropy_loss         | -1.24       |
|    explained_variance   | 0.781       |
|    learning_rate        | 0.0003      |
|    loss                 | 0.527       |
|    n_updates            | 2103        |
|    policy_gradient_loss | -0.00751    |
|    std                  | 0.451       |
|    value_loss           | 1.64        |
-----------------------------------------
Early stopping at step 3 due to reaching max kl: 0.06
[PILOT B] done in 2.6 h
