Using cpu device
Logging to C:\Users\hntran\OneDrive - University of Tasmania\Documents\PhD\asv-path-replanning\asv-lidar\static_dynamic_obstacles\runs\tensorboard\ppo_formulation_seed0_v10_1
[CURRICULUM] t=0 -> scenario stage 1
---------------------------------
| rollout/           |          |
|    ep_len_mean     | 52.5     |
|    ep_rew_mean     | -193     |
| time/              |          |
|    fps             | 181      |
|    iterations      | 1        |
|    time_elapsed    | 28       |
|    total_timesteps | 5120     |
---------------------------------
------------------------------------------
| rollout/                |              |
|    ep_len_mean          | 53.7         |
|    ep_rew_mean          | -190         |
| time/                   |              |
|    fps                  | 168          |
|    iterations           | 2            |
|    time_elapsed         | 60           |
|    total_timesteps      | 10240        |
| train/                  |              |
|    approx_kl            | 0.0038187653 |
|    clip_fraction        | 0.0229       |
|    clip_range           | 0.2          |
|    entropy_loss         | -2.84        |
|    explained_variance   | -0.00262     |
|    learning_rate        | 0.0003       |
|    loss                 | 1.02         |
|    n_updates            | 10           |
|    policy_gradient_loss | -0.00375     |
|    std                  | 0.997        |
|    value_loss           | 3.23         |
------------------------------------------
------------------------------------------
| rollout/                |              |
|    ep_len_mean          | 57.8         |
|    ep_rew_mean          | -182         |
| time/                   |              |
|    fps                  | 174          |
|    iterations           | 3            |
|    time_elapsed         | 88           |
|    total_timesteps      | 15360        |
| train/                  |              |
|    approx_kl            | 0.0060954643 |
|    clip_fraction        | 0.0473       |
|    clip_range           | 0.2          |
|    entropy_loss         | -2.83        |
|    explained_variance   | 0.658        |
|    learning_rate        | 0.0003       |
|    loss                 | 0.605        |
|    n_updates            | 20           |
|    policy_gradient_loss | -0.00733     |
|    std                  | 0.994        |
|    value_loss           | 1.38         |
------------------------------------------
-----------------------------------------
| rollout/                |             |
|    ep_len_mean          | 60.5        |
|    ep_rew_mean          | -134        |
| time/                   |             |
|    fps                  | 177         |
|    iterations           | 4           |
|    time_elapsed         | 115         |
|    total_timesteps      | 20480       |
| train/                  |             |
|    approx_kl            | 0.010387929 |
|    clip_fraction        | 0.118       |
|    clip_range           | 0.2         |
|    entropy_loss         | -2.82       |
|    explained_variance   | 0.779       |
|    learning_rate        | 0.0003      |
|    loss                 | 0.412       |
|    n_updates            | 30          |
|    policy_gradient_loss | -0.0137     |
|    std                  | 0.991       |
|    value_loss           | 1.08        |
-----------------------------------------
------------------------------------------
| rollout/                |              |
|    ep_len_mean          | 63.7         |
|    ep_rew_mean          | -36.1        |
| time/                   |              |
|    fps                  | 173          |
|    iterations           | 5            |
|    time_elapsed         | 147          |
|    total_timesteps      | 25600        |
| train/                  |              |
|    approx_kl            | 0.0070099086 |
|    clip_fraction        | 0.0759       |
|    clip_range           | 0.2          |
|    entropy_loss         | -2.81        |
|    explained_variance   | 0.781        |
|    learning_rate        | 0.0003       |
|    loss                 | 0.499        |
|    n_updates            | 40           |
|    policy_gradient_loss | -0.0106      |
|    std                  | 0.977        |
|    value_loss           | 0.983        |
------------------------------------------
Traceback (most recent call last):
  File "C:\Program Files\WindowsApps\PythonSoftwareFoundation.Python.3.10_3.10.3056.0_x64__qbz5n2kfra8p0\lib\multiprocessing\connection.py", line 312, in _recv_bytes
    nread, err = ov.GetOverlappedResult(True)
BrokenPipeError: [WinError 109] The pipe has been ended

During handling of the above exception, another exception occurred:

Traceback (most recent call last):
  File "C:\Users\hntran\OneDrive - University of Tasmania\Documents\PhD\asv-path-replanning\asv-lidar\static_dynamic_obstacles\src\train_formulation.py", line 579, in <module>
    main()
  File "C:\Users\hntran\OneDrive - University of Tasmania\Documents\PhD\asv-path-replanning\asv-lidar\static_dynamic_obstacles\src\train_formulation.py", line 566, in main
    model.learn(total_timesteps=args.timesteps, callback=callbacks,
  File "C:\Users\hntran\AppData\Local\Packages\PythonSoftwareFoundation.Python.3.10_qbz5n2kfra8p0\LocalCache\local-packages\Python310\site-packages\stable_baselines3\ppo\ppo.py", line 315, in learn
    return super().learn(
  File "C:\Users\hntran\AppData\Local\Packages\PythonSoftwareFoundation.Python.3.10_qbz5n2kfra8p0\LocalCache\local-packages\Python310\site-packages\stable_baselines3\common\on_policy_algorithm.py", line 300, in learn
    continue_training = self.collect_rollouts(self.env, callback, self.rollout_buffer, n_rollout_steps=self.n_steps)
  File "C:\Users\hntran\AppData\Local\Packages\PythonSoftwareFoundation.Python.3.10_qbz5n2kfra8p0\LocalCache\local-packages\Python310\site-packages\stable_baselines3\common\on_policy_algorithm.py", line 195, in collect_rollouts
    new_obs, rewards, dones, infos = env.step(clipped_actions)
  File "C:\Users\hntran\AppData\Local\Packages\PythonSoftwareFoundation.Python.3.10_qbz5n2kfra8p0\LocalCache\local-packages\Python310\site-packages\stable_baselines3\common\vec_env\base_vec_env.py", line 206, in step
    return self.step_wait()
  File "C:\Users\hntran\AppData\Local\Packages\PythonSoftwareFoundation.Python.3.10_qbz5n2kfra8p0\LocalCache\local-packages\Python310\site-packages\stable_baselines3\common\vec_env\vec_normalize.py", line 181, in step_wait
    obs, rewards, dones, infos = self.venv.step_wait()
  File "C:\Users\hntran\OneDrive - University of Tasmania\Documents\PhD\asv-path-replanning\asv-lidar\static_dynamic_obstacles\src\train_formulation.py", line 82, in step_wait
    obs, rewards, dones, infos = super().step_wait()
  File "C:\Users\hntran\AppData\Local\Packages\PythonSoftwareFoundation.Python.3.10_qbz5n2kfra8p0\LocalCache\local-packages\Python310\site-packages\stable_baselines3\common\vec_env\vec_monitor.py", line 76, in step_wait
    obs, rewards, dones, infos = self.venv.step_wait()
  File "C:\Users\hntran\AppData\Local\Packages\PythonSoftwareFoundation.Python.3.10_qbz5n2kfra8p0\LocalCache\local-packages\Python310\site-packages\stable_baselines3\common\vec_env\subproc_vec_env.py", line 129, in step_wait
    results = [remote.recv() for remote in self.remotes]
  File "C:\Users\hntran\AppData\Local\Packages\PythonSoftwareFoundation.Python.3.10_qbz5n2kfra8p0\LocalCache\local-packages\Python310\site-packages\stable_baselines3\common\vec_env\subproc_vec_env.py", line 129, in <listcomp>
    results = [remote.recv() for remote in self.remotes]
  File "C:\Program Files\WindowsApps\PythonSoftwareFoundation.Python.3.10_3.10.3056.0_x64__qbz5n2kfra8p0\lib\multiprocessing\connection.py", line 250, in recv
    buf = self._recv_bytes()
  File "C:\Program Files\WindowsApps\PythonSoftwareFoundation.Python.3.10_3.10.3056.0_x64__qbz5n2kfra8p0\lib\multiprocessing\connection.py", line 321, in _recv_bytes
    raise EOFError
EOFError
