Logging to C:\Users\hntran\OneDrive - University of Tasmania\Documents\PhD\asv-path-replanning\asv-lidar\static_dynamic_obstacles\runs\tensorboard\ppo_formulation_seed0_tier2_a22_1
[CURRICULUM] t=0 -> scenario stage 5
---------------------------------
| rollout/           |          |
|    ep_len_mean     | 52       |
|    ep_rew_mean     | -88.9    |
| time/              |          |
|    fps             | 47       |
|    iterations      | 1        |
|    time_elapsed    | 107      |
|    total_timesteps | 5120     |
---------------------------------
Early stopping at step 3 due to reaching max kl: 0.06
-----------------------------------------
| rollout/                |             |
|    ep_len_mean          | 51.8        |
|    ep_rew_mean          | -83.5       |
| time/                   |             |
|    fps                  | 59          |
|    iterations           | 2           |
|    time_elapsed         | 172         |
|    total_timesteps      | 10240       |
| train/                  |             |
|    approx_kl            | 0.044290114 |
|    clip_fraction        | 0.23        |
|    clip_range           | 0.2         |
|    entropy_loss         | -1.13       |
|    explained_variance   | 0.834       |
|    learning_rate        | 0.0003      |
|    loss                 | 0.164       |
|    n_updates            | 2857        |
|    policy_gradient_loss | -0.0065     |
|    std                  | 0.427       |
|    value_loss           | 0.554       |
-----------------------------------------
Early stopping at step 2 due to reaching max kl: 0.05
----------------------------------------
| rollout/                |            |
|    ep_len_mean          | 50         |
|    ep_rew_mean          | -124       |
| time/                   |            |
|    fps                  | 55         |
|    iterations           | 3          |
|    time_elapsed         | 276        |
|    total_timesteps      | 15360      |
| train/                  |            |
|    approx_kl            | 0.04820543 |
|    clip_fraction        | 0.205      |
|    clip_range           | 0.2        |
|    entropy_loss         | -1.13      |
|    explained_variance   | 0.777      |
|    learning_rate        | 0.0003     |
|    loss                 | 0.235      |
|    n_updates            | 2860       |
|    policy_gradient_loss | -0.00163   |
|    std                  | 0.427      |
|    value_loss           | 0.789      |
----------------------------------------
Early stopping at step 2 due to reaching max kl: 0.05
-----------------------------------------
| rollout/                |             |
|    ep_len_mean          | 52          |
|    ep_rew_mean          | -109        |
| time/                   |             |
|    fps                  | 53          |
|    iterations           | 4           |
|    time_elapsed         | 381         |
|    total_timesteps      | 20480       |
| train/                  |             |
|    approx_kl            | 0.039956205 |
|    clip_fraction        | 0.236       |
|    clip_range           | 0.2         |
|    entropy_loss         | -1.13       |
|    explained_variance   | 0.811       |
|    learning_rate        | 0.0003      |
|    loss                 | 0.303       |
|    n_updates            | 2863        |
|    policy_gradient_loss | -0.0023     |
|    std                  | 0.428       |
|    value_loss           | 0.728       |
-----------------------------------------
Early stopping at step 1 due to reaching max kl: 0.06
----------------------------------------
| rollout/                |            |
|    ep_len_mean          | 52.6       |
|    ep_rew_mean          | -67        |
| time/                   |            |
|    fps                  | 52         |
|    iterations           | 5          |
|    time_elapsed         | 491        |
|    total_timesteps      | 25600      |
| train/                  |            |
|    approx_kl            | 0.05164627 |
|    clip_fraction        | 0.192      |
|    clip_range           | 0.2        |
|    entropy_loss         | -1.14      |
|    explained_variance   | 0.774      |
|    learning_rate        | 0.0003     |
|    loss                 | 0.533      |
|    n_updates            | 2865       |
|    policy_gradient_loss | 0.00847    |
|    std                  | 0.428      |
|    value_loss           | 0.944      |
----------------------------------------
Early stopping at step 2 due to reaching max kl: 0.05
-----------------------------------------
| rollout/                |             |
|    ep_len_mean          | 49.9        |
|    ep_rew_mean          | -113        |
| time/                   |             |
|    fps                  | 51          |
|    iterations           | 6           |
|    time_elapsed         | 596         |
|    total_timesteps      | 30720       |
| train/                  |             |
|    approx_kl            | 0.038299244 |
|    clip_fraction        | 0.204       |
|    clip_range           | 0.2         |
|    entropy_loss         | -1.14       |
|    explained_variance   | 0.791       |
|    learning_rate        | 0.0003      |
|    loss                 | 0.25        |
|    n_updates            | 2868        |
|    policy_gradient_loss | 0.00493     |
|    std                  | 0.429       |
|    value_loss           | 0.646       |
-----------------------------------------
Early stopping at step 1 due to reaching max kl: 0.07
-----------------------------------------
| rollout/                |             |
|    ep_len_mean          | 51          |
|    ep_rew_mean          | -98         |
| time/                   |             |
|    fps                  | 50          |
|    iterations           | 7           |
|    time_elapsed         | 705         |
|    total_timesteps      | 35840       |
| train/                  |             |
|    approx_kl            | 0.035890568 |
|    clip_fraction        | 0.22        |
|    clip_range           | 0.2         |
|    entropy_loss         | -1.14       |
|    explained_variance   | 0.76        |
|    learning_rate        | 0.0003      |
|    loss                 | 0.362       |
|    n_updates            | 2870        |
|    policy_gradient_loss | 0.0077      |
|    std                  | 0.429       |
|    value_loss           | 0.983       |
-----------------------------------------
Early stopping at step 2 due to reaching max kl: 0.05
----------------------------------------
| rollout/                |            |
|    ep_len_mean          | 51.7       |
|    ep_rew_mean          | -60.8      |
| time/                   |            |
|    fps                  | 49         |
|    iterations           | 8          |
|    time_elapsed         | 823        |
|    total_timesteps      | 40960      |
| train/                  |            |
|    approx_kl            | 0.03850143 |
|    clip_fraction        | 0.211      |
|    clip_range           | 0.2        |
|    entropy_loss         | -1.14      |
|    explained_variance   | 0.795      |
|    learning_rate        | 0.0003     |
|    loss                 | 0.338      |
|    n_updates            | 2873       |
|    policy_gradient_loss | -0.00214   |
|    std                  | 0.429      |
|    value_loss           | 0.789      |
----------------------------------------
Early stopping at step 3 due to reaching max kl: 0.06
-----------------------------------------
| rollout/                |             |
|    ep_len_mean          | 54.1        |
|    ep_rew_mean          | -70         |
| time/                   |             |
|    fps                  | 49          |
|    iterations           | 9           |
|    time_elapsed         | 925         |
|    total_timesteps      | 46080       |
| train/                  |             |
|    approx_kl            | 0.055753954 |
|    clip_fraction        | 0.233       |
|    clip_range           | 0.2         |
|    entropy_loss         | -1.14       |
|    explained_variance   | 0.771       |
|    learning_rate        | 0.0003      |
|    loss                 | 0.188       |
|    n_updates            | 2877        |
|    policy_gradient_loss | -0.00364    |
|    std                  | 0.429       |
|    value_loss           | 0.542       |
-----------------------------------------
Early stopping at step 2 due to reaching max kl: 0.05
-----------------------------------------
| rollout/                |             |
|    ep_len_mean          | 53.3        |
|    ep_rew_mean          | -95.3       |
| time/                   |             |
|    fps                  | 50          |
|    iterations           | 10          |
|    time_elapsed         | 1019        |
|    total_timesteps      | 51200       |
| train/                  |             |
|    approx_kl            | 0.036288276 |
|    clip_fraction        | 0.224       |
|    clip_range           | 0.2         |
|    entropy_loss         | -1.14       |
|    explained_variance   | 0.764       |
|    learning_rate        | 0.0003      |
|    loss                 | 0.299       |
|    n_updates            | 2880        |
|    policy_gradient_loss | -0.00246    |
|    std                  | 0.429       |
|    value_loss           | 0.73        |
-----------------------------------------
Early stopping at step 1 due to reaching max kl: 0.05
----------------------------------------
| rollout/                |            |
|    ep_len_mean          | 52.4       |
|    ep_rew_mean          | -58.1      |
| time/                   |            |
|    fps                  | 50         |
|    iterations           | 11         |
|    time_elapsed         | 1107       |
|    total_timesteps      | 56320      |
| train/                  |            |
|    approx_kl            | 0.04831645 |
|    clip_fraction        | 0.162      |
|    clip_range           | 0.2        |
|    entropy_loss         | -1.14      |
|    explained_variance   | 0.761      |
|    learning_rate        | 0.0003     |
|    loss                 | 0.481      |
|    n_updates            | 2882       |
|    policy_gradient_loss | 0.00618    |
|    std                  | 0.429      |
|    value_loss           | 0.888      |
----------------------------------------
Early stopping at step 0 due to reaching max kl: 0.05
-----------------------------------------
| rollout/                |             |
|    ep_len_mean          | 50.7        |
|    ep_rew_mean          | -89.6       |
| time/                   |             |
|    fps                  | 51          |
|    iterations           | 12          |
|    time_elapsed         | 1203        |
|    total_timesteps      | 61440       |
| train/                  |             |
|    approx_kl            | 0.016442323 |
|    clip_fraction        | 0.148       |
|    clip_range           | 0.2         |
|    entropy_loss         | -1.14       |
|    explained_variance   | 0.785       |
|    learning_rate        | 0.0003      |
|    loss                 | 0.398       |
|    n_updates            | 2883        |
|    policy_gradient_loss | 0.0116      |
|    std                  | 0.429       |
|    value_loss           | 0.756       |
-----------------------------------------
Early stopping at step 1 due to reaching max kl: 0.06
-----------------------------------------
| rollout/                |             |
|    ep_len_mean          | 51.1        |
|    ep_rew_mean          | -54         |
| time/                   |             |
|    fps                  | 51          |
|    iterations           | 13          |
|    time_elapsed         | 1301        |
|    total_timesteps      | 66560       |
| train/                  |             |
|    approx_kl            | 0.039810747 |
|    clip_fraction        | 0.228       |
|    clip_range           | 0.2         |
|    entropy_loss         | -1.14       |
|    explained_variance   | 0.77        |
|    learning_rate        | 0.0003      |
|    loss                 | 0.565       |
|    n_updates            | 2885        |
|    policy_gradient_loss | 0.00529     |
|    std                  | 0.429       |
|    value_loss           | 0.977       |
-----------------------------------------
Early stopping at step 1 due to reaching max kl: 0.05
----------------------------------------
| rollout/                |            |
|    ep_len_mean          | 50.6       |
|    ep_rew_mean          | -136       |
| time/                   |            |
|    fps                  | 51         |
|    iterations           | 14         |
|    time_elapsed         | 1404       |
|    total_timesteps      | 71680      |
| train/                  |            |
|    approx_kl            | 0.03201235 |
|    clip_fraction        | 0.178      |
|    clip_range           | 0.2        |
|    entropy_loss         | -1.14      |
|    explained_variance   | 0.761      |
|    learning_rate        | 0.0003     |
|    loss                 | 0.287      |
|    n_updates            | 2887       |
|    policy_gradient_loss | 0.00463    |
|    std                  | 0.428      |
|    value_loss           | 0.773      |
----------------------------------------
Early stopping at step 3 due to reaching max kl: 0.05
-----------------------------------------
| rollout/                |             |
|    ep_len_mean          | 51.2        |
|    ep_rew_mean          | -82.9       |
| time/                   |             |
|    fps                  | 50          |
|    iterations           | 15          |
|    time_elapsed         | 1509        |
|    total_timesteps      | 76800       |
| train/                  |             |
|    approx_kl            | 0.047949802 |
|    clip_fraction        | 0.246       |
|    clip_range           | 0.2         |
|    entropy_loss         | -1.14       |
|    explained_variance   | 0.769       |
|    learning_rate        | 0.0003      |
|    loss                 | 0.257       |
|    n_updates            | 2891        |
|    policy_gradient_loss | 0.00455     |
|    std                  | 0.427       |
|    value_loss           | 0.92        |
-----------------------------------------
Early stopping at step 1 due to reaching max kl: 0.05
-----------------------------------------
| rollout/                |             |
|    ep_len_mean          | 52.2        |
|    ep_rew_mean          | -73.5       |
| time/                   |             |
|    fps                  | 51          |
|    iterations           | 16          |
|    time_elapsed         | 1592        |
|    total_timesteps      | 81920       |
| train/                  |             |
|    approx_kl            | 0.029978149 |
|    clip_fraction        | 0.144       |
|    clip_range           | 0.2         |
|    entropy_loss         | -1.13       |
|    explained_variance   | 0.782       |
|    learning_rate        | 0.0003      |
|    loss                 | 0.333       |
|    n_updates            | 2893        |
|    policy_gradient_loss | 0.00914     |
|    std                  | 0.427       |
|    value_loss           | 0.818       |
-----------------------------------------
Early stopping at step 0 due to reaching max kl: 0.06
-----------------------------------------
| rollout/                |             |
|    ep_len_mean          | 51.9        |
|    ep_rew_mean          | -108        |
| time/                   |             |
|    fps                  | 51          |
|    iterations           | 17          |
|    time_elapsed         | 1681        |
|    total_timesteps      | 87040       |
| train/                  |             |
|    approx_kl            | 0.022093177 |
|    clip_fraction        | 0.22        |
|    clip_range           | 0.2         |
|    entropy_loss         | -1.13       |
|    explained_variance   | 0.757       |
|    learning_rate        | 0.0003      |
|    loss                 | 0.415       |
|    n_updates            | 2894        |
|    policy_gradient_loss | 0.0157      |
|    std                  | 0.427       |
|    value_loss           | 0.888       |
-----------------------------------------
Early stopping at step 0 due to reaching max kl: 0.06
-----------------------------------------
| rollout/                |             |
|    ep_len_mean          | 49.7        |
|    ep_rew_mean          | -94.6       |
| time/                   |             |
|    fps                  | 51          |
|    iterations           | 18          |
|    time_elapsed         | 1784        |
|    total_timesteps      | 92160       |
| train/                  |             |
|    approx_kl            | 0.019299392 |
|    clip_fraction        | 0.205       |
|    clip_range           | 0.2         |
|    entropy_loss         | -1.13       |
|    explained_variance   | 0.764       |
|    learning_rate        | 0.0003      |
|    loss                 | 0.465       |
|    n_updates            | 2895        |
|    policy_gradient_loss | 0.00833     |
|    std                  | 0.426       |
|    value_loss           | 0.999       |
-----------------------------------------
Early stopping at step 0 due to reaching max kl: 0.05
----------------------------------------
| rollout/                |            |
|    ep_len_mean          | 51         |
|    ep_rew_mean          | -58.8      |
| time/                   |            |
|    fps                  | 51         |
|    iterations           | 19         |
|    time_elapsed         | 1885       |
|    total_timesteps      | 97280      |
| train/                  |            |
|    approx_kl            | 0.02527648 |
|    clip_fraction        | 0.24       |
|    clip_range           | 0.2        |
|    entropy_loss         | -1.13      |
|    explained_variance   | 0.724      |
|    learning_rate        | 0.0003     |
|    loss                 | 0.662      |
|    n_updates            | 2896       |
|    policy_gradient_loss | 0.0194     |
|    std                  | 0.426      |
|    value_loss           | 1.22       |
----------------------------------------
Early stopping at step 2 due to reaching max kl: 0.06
[EVAL] t=100,000 goal 0.79 collision 0.21 timeout 0.00 return -35.4 colregs -14.6 (177.7 s)
---------------------------------------------
| eval/                        |            |
|    being_overtaken/collision | 0.15       |
|    being_overtaken/colregs   | -13.6      |
|    being_overtaken/goal      | 0.85       |
|    collision_boundary        | 0.05       |
|    collision_obstacle        | 0.0333     |
|    collision_rate            | 0.208      |
|    collision_target          | 0.125      |
|    crossing/collision        | 0.75       |
|    crossing/colregs          | -31.1      |
|    crossing/goal             | 0.25       |
|    episodes                  | 120        |
|    estops_per_episode        | 0.05       |
|    eval_wall_s               | 178        |
|    goal_rate                 | 0.792      |
|    head_on/collision         | 0.15       |
|    head_on/colregs           | -20.6      |
|    head_on/goal              | 0.85       |
|    mean_colregs_integral     | -14.6      |
|    mean_return               | -35.4      |
|    no_target/collision       | 0          |
|    no_target/colregs         | 0          |
|    no_target/goal            | 1          |
|    null/collision            | 0.15       |
|    null/colregs              | -3.24      |
|    null/goal                 | 0.85       |
|    overtaking/collision      | 0.05       |
|    overtaking/colregs        | -19.1      |
|    overtaking/goal           | 0.95       |
|    timeout_rate              | 0          |
|    timesteps                 | 100000     |
| rollout/                     |            |
|    ep_len_mean               | 50.7       |
|    ep_rew_mean               | -57.5      |
| time/                        |            |
|    fps                       | 47         |
|    iterations                | 20         |
|    time_elapsed              | 2152       |
|    total_timesteps           | 102400     |
| train/                       |            |
|    approx_kl                 | 0.03357912 |
|    clip_fraction             | 0.201      |
|    clip_range                | 0.2        |
|    entropy_loss              | -1.13      |
|    explained_variance        | 0.83       |
|    learning_rate             | 0.0003     |
|    loss                      | 0.197      |
|    n_updates                 | 2899       |
|    policy_gradient_loss      | -0.000416  |
|    std                       | 0.426      |
|    value_loss                | 0.496      |
---------------------------------------------
Early stopping at step 1 due to reaching max kl: 0.05
-----------------------------------------
| rollout/                |             |
|    ep_len_mean          | 52.2        |
|    ep_rew_mean          | -60.5       |
| time/                   |             |
|    fps                  | 47          |
|    iterations           | 21          |
|    time_elapsed         | 2248        |
|    total_timesteps      | 107520      |
| train/                  |             |
|    approx_kl            | 0.029817505 |
|    clip_fraction        | 0.18        |
|    clip_range           | 0.2         |
|    entropy_loss         | -1.13       |
|    explained_variance   | 0.819       |
|    learning_rate        | 0.0003      |
|    loss                 | 0.348       |
|    n_updates            | 2901        |
|    policy_gradient_loss | 0.00079     |
|    std                  | 0.426       |
|    value_loss           | 0.632       |
-----------------------------------------
Early stopping at step 2 due to reaching max kl: 0.06
-----------------------------------------
| rollout/                |             |
|    ep_len_mean          | 50.7        |
|    ep_rew_mean          | -131        |
| time/                   |             |
|    fps                  | 48          |
|    iterations           | 22          |
|    time_elapsed         | 2342        |
|    total_timesteps      | 112640      |
| train/                  |             |
|    approx_kl            | 0.039149657 |
|    clip_fraction        | 0.244       |
|    clip_range           | 0.2         |
|    entropy_loss         | -1.13       |
|    explained_variance   | 0.809       |
|    learning_rate        | 0.0003      |
|    loss                 | 0.189       |
|    n_updates            | 2904        |
|    policy_gradient_loss | -0.00341    |
|    std                  | 0.427       |
|    value_loss           | 0.554       |
-----------------------------------------
Early stopping at step 1 due to reaching max kl: 0.05
-----------------------------------------
| rollout/                |             |
|    ep_len_mean          | 52          |
|    ep_rew_mean          | -51.5       |
| time/                   |             |
|    fps                  | 48          |
|    iterations           | 23          |
|    time_elapsed         | 2449        |
|    total_timesteps      | 117760      |
| train/                  |             |
|    approx_kl            | 0.033923987 |
|    clip_fraction        | 0.194       |
|    clip_range           | 0.2         |
|    entropy_loss         | -1.13       |
|    explained_variance   | 0.77        |
|    learning_rate        | 0.0003      |
|    loss                 | 0.499       |
|    n_updates            | 2906        |
|    policy_gradient_loss | 0.00787     |
|    std                  | 0.426       |
|    value_loss           | 1.02        |
-----------------------------------------
Early stopping at step 0 due to reaching max kl: 0.05
-----------------------------------------
| rollout/                |             |
|    ep_len_mean          | 52.8        |
|    ep_rew_mean          | -59.6       |
| time/                   |             |
|    fps                  | 48          |
|    iterations           | 24          |
|    time_elapsed         | 2539        |
|    total_timesteps      | 122880      |
| train/                  |             |
|    approx_kl            | 0.015194739 |
|    clip_fraction        | 0.138       |
|    clip_range           | 0.2         |
|    entropy_loss         | -1.13       |
|    explained_variance   | 0.753       |
|    learning_rate        | 0.0003      |
|    loss                 | 0.423       |
|    n_updates            | 2907        |
|    policy_gradient_loss | 0.00435     |
|    std                  | 0.426       |
|    value_loss           | 0.783       |
-----------------------------------------
Early stopping at step 2 due to reaching max kl: 0.05
-----------------------------------------
| rollout/                |             |
|    ep_len_mean          | 48          |
|    ep_rew_mean          | -107        |
| time/                   |             |
|    fps                  | 48          |
|    iterations           | 25          |
|    time_elapsed         | 2634        |
|    total_timesteps      | 128000      |
| train/                  |             |
|    approx_kl            | 0.044820026 |
|    clip_fraction        | 0.191       |
|    clip_range           | 0.2         |
|    entropy_loss         | -1.13       |
|    explained_variance   | 0.755       |
|    learning_rate        | 0.0003      |
|    loss                 | 0.286       |
|    n_updates            | 2910        |
|    policy_gradient_loss | 0.00327     |
|    std                  | 0.427       |
|    value_loss           | 0.742       |
-----------------------------------------
Early stopping at step 2 due to reaching max kl: 0.06
----------------------------------------
| rollout/                |            |
|    ep_len_mean          | 51.2       |
|    ep_rew_mean          | -84.9      |
| time/                   |            |
|    fps                  | 48         |
|    iterations           | 26         |
|    time_elapsed         | 2747       |
|    total_timesteps      | 133120     |
| train/                  |            |
|    approx_kl            | 0.04925377 |
|    clip_fraction        | 0.185      |
|    clip_range           | 0.2        |
|    entropy_loss         | -1.13      |
|    explained_variance   | 0.781      |
|    learning_rate        | 0.0003     |
|    loss                 | 0.366      |
|    n_updates            | 2913       |
|    policy_gradient_loss | -0.00305   |
|    std                  | 0.427      |
|    value_loss           | 0.944      |
----------------------------------------
Early stopping at step 0 due to reaching max kl: 0.05
-----------------------------------------
| rollout/                |             |
|    ep_len_mean          | 51.3        |
|    ep_rew_mean          | -99         |
| time/                   |             |
|    fps                  | 48          |
|    iterations           | 27          |
|    time_elapsed         | 2837        |
|    total_timesteps      | 138240      |
| train/                  |             |
|    approx_kl            | 0.018496994 |
|    clip_fraction        | 0.195       |
|    clip_range           | 0.2         |
|    entropy_loss         | -1.13       |
|    explained_variance   | 0.789       |
|    learning_rate        | 0.0003      |
|    loss                 | 0.52        |
|    n_updates            | 2914        |
|    policy_gradient_loss | 0.011       |
|    std                  | 0.427       |
|    value_loss           | 0.921       |
-----------------------------------------
Early stopping at step 2 due to reaching max kl: 0.05
-----------------------------------------
| rollout/                |             |
|    ep_len_mean          | 51.8        |
|    ep_rew_mean          | -58.5       |
| time/                   |             |
|    fps                  | 49          |
|    iterations           | 28          |
|    time_elapsed         | 2920        |
|    total_timesteps      | 143360      |
| train/                  |             |
|    approx_kl            | 0.034315486 |
|    clip_fraction        | 0.2         |
|    clip_range           | 0.2         |
|    entropy_loss         | -1.13       |
|    explained_variance   | 0.797       |
|    learning_rate        | 0.0003      |
|    loss                 | 0.288       |
|    n_updates            | 2917        |
|    policy_gradient_loss | -0.00487    |
|    std                  | 0.427       |
|    value_loss           | 0.763       |
-----------------------------------------
Early stopping at step 2 due to reaching max kl: 0.06
-----------------------------------------
| rollout/                |             |
|    ep_len_mean          | 51          |
|    ep_rew_mean          | -96.3       |
| time/                   |             |
|    fps                  | 49          |
|    iterations           | 29          |
|    time_elapsed         | 2992        |
|    total_timesteps      | 148480      |
| train/                  |             |
|    approx_kl            | 0.044290826 |
|    clip_fraction        | 0.207       |
|    clip_range           | 0.2         |
|    entropy_loss         | -1.13       |
|    explained_variance   | 0.82        |
|    learning_rate        | 0.0003      |
|    loss                 | 0.31        |
|    n_updates            | 2920        |
|    policy_gradient_loss | 0.00392     |
|    std                  | 0.427       |
|    value_loss           | 0.597       |
-----------------------------------------
Early stopping at step 3 due to reaching max kl: 0.05
----------------------------------------
| rollout/                |            |
|    ep_len_mean          | 50.8       |
|    ep_rew_mean          | -93.3      |
| time/                   |            |
|    fps                  | 50         |
|    iterations           | 30         |
|    time_elapsed         | 3059       |
|    total_timesteps      | 153600     |
| train/                  |            |
|    approx_kl            | 0.04138414 |
|    clip_fraction        | 0.253      |
|    clip_range           | 0.2        |
|    entropy_loss         | -1.13      |
|    explained_variance   | 0.801      |
|    learning_rate        | 0.0003     |
|    loss                 | 0.27       |
|    n_updates            | 2924       |
|    policy_gradient_loss | -0.00376   |
|    std                  | 0.428      |
|    value_loss           | 0.693      |
----------------------------------------
Early stopping at step 1 due to reaching max kl: 0.05
-----------------------------------------
| rollout/                |             |
|    ep_len_mean          | 47.2        |
|    ep_rew_mean          | -136        |
| time/                   |             |
|    fps                  | 50          |
|    iterations           | 31          |
|    time_elapsed         | 3131        |
|    total_timesteps      | 158720      |
| train/                  |             |
|    approx_kl            | 0.028314345 |
|    clip_fraction        | 0.134       |
|    clip_range           | 0.2         |
|    entropy_loss         | -1.14       |
|    explained_variance   | 0.743       |
|    learning_rate        | 0.0003      |
|    loss                 | 0.472       |
|    n_updates            | 2926        |
|    policy_gradient_loss | 0.00266     |
|    std                  | 0.428       |
|    value_loss           | 0.968       |
-----------------------------------------
Early stopping at step 2 due to reaching max kl: 0.05
-----------------------------------------
| rollout/                |             |
|    ep_len_mean          | 51.1        |
|    ep_rew_mean          | -67.9       |
| time/                   |             |
|    fps                  | 51          |
|    iterations           | 32          |
|    time_elapsed         | 3198        |
|    total_timesteps      | 163840      |
| train/                  |             |
|    approx_kl            | 0.047221754 |
|    clip_fraction        | 0.204       |
|    clip_range           | 0.2         |
|    entropy_loss         | -1.14       |
|    explained_variance   | 0.773       |
|    learning_rate        | 0.0003      |
|    loss                 | 0.315       |
|    n_updates            | 2929        |
|    policy_gradient_loss | 7.87e-05    |
|    std                  | 0.428       |
|    value_loss           | 0.952       |
-----------------------------------------
Early stopping at step 1 due to reaching max kl: 0.05
-----------------------------------------
| rollout/                |             |
|    ep_len_mean          | 50.2        |
|    ep_rew_mean          | -81.7       |
| time/                   |             |
|    fps                  | 51          |
|    iterations           | 33          |
|    time_elapsed         | 3266        |
|    total_timesteps      | 168960      |
| train/                  |             |
|    approx_kl            | 0.033257168 |
|    clip_fraction        | 0.204       |
|    clip_range           | 0.2         |
|    entropy_loss         | -1.14       |
|    explained_variance   | 0.763       |
|    learning_rate        | 0.0003      |
|    loss                 | 0.346       |
|    n_updates            | 2931        |
|    policy_gradient_loss | 0.00416     |
|    std                  | 0.429       |
|    value_loss           | 0.788       |
-----------------------------------------
Early stopping at step 2 due to reaching max kl: 0.05
-----------------------------------------
| rollout/                |             |
|    ep_len_mean          | 52.6        |
|    ep_rew_mean          | -36.6       |
| time/                   |             |
|    fps                  | 52          |
|    iterations           | 34          |
|    time_elapsed         | 3332        |
|    total_timesteps      | 174080      |
| train/                  |             |
|    approx_kl            | 0.037909783 |
|    clip_fraction        | 0.255       |
|    clip_range           | 0.2         |
|    entropy_loss         | -1.14       |
|    explained_variance   | 0.821       |
|    learning_rate        | 0.0003      |
|    loss                 | 0.239       |
|    n_updates            | 2934        |
|    policy_gradient_loss | -0.00151    |
|    std                  | 0.429       |
|    value_loss           | 0.638       |
-----------------------------------------
Early stopping at step 2 due to reaching max kl: 0.06
----------------------------------------
| rollout/                |            |
|    ep_len_mean          | 49.6       |
|    ep_rew_mean          | -87.3      |
| time/                   |            |
|    fps                  | 52         |
|    iterations           | 35         |
|    time_elapsed         | 3403       |
|    total_timesteps      | 179200     |
| train/                  |            |
|    approx_kl            | 0.04082907 |
|    clip_fraction        | 0.259      |
|    clip_range           | 0.2        |
|    entropy_loss         | -1.14      |
|    explained_variance   | 0.756      |
|    learning_rate        | 0.0003     |
|    loss                 | 0.218      |
|    n_updates            | 2937       |
|    policy_gradient_loss | -0.000402  |
|    std                  | 0.429      |
|    value_loss           | 0.655      |
----------------------------------------
Early stopping at step 0 due to reaching max kl: 0.05
-----------------------------------------
| rollout/                |             |
|    ep_len_mean          | 50.4        |
|    ep_rew_mean          | -101        |
| time/                   |             |
|    fps                  | 53          |
|    iterations           | 36          |
|    time_elapsed         | 3476        |
|    total_timesteps      | 184320      |
| train/                  |             |
|    approx_kl            | 0.021947592 |
|    clip_fraction        | 0.212       |
|    clip_range           | 0.2         |
|    entropy_loss         | -1.14       |
|    explained_variance   | 0.796       |
|    learning_rate        | 0.0003      |
|    loss                 | 0.414       |
|    n_updates            | 2938        |
|    policy_gradient_loss | 0.0126      |
|    std                  | 0.429       |
|    value_loss           | 0.843       |
-----------------------------------------
Early stopping at step 3 due to reaching max kl: 0.05
-----------------------------------------
| rollout/                |             |
|    ep_len_mean          | 49.5        |
|    ep_rew_mean          | -110        |
| time/                   |             |
|    fps                  | 53          |
|    iterations           | 37          |
|    time_elapsed         | 3549        |
|    total_timesteps      | 189440      |
| train/                  |             |
|    approx_kl            | 0.040425446 |
|    clip_fraction        | 0.228       |
|    clip_range           | 0.2         |
|    entropy_loss         | -1.15       |
|    explained_variance   | 0.808       |
|    learning_rate        | 0.0003      |
|    loss                 | 0.276       |
|    n_updates            | 2942        |
|    policy_gradient_loss | -0.00827    |
|    std                  | 0.431       |
|    value_loss           | 0.662       |
-----------------------------------------
Early stopping at step 2 due to reaching max kl: 0.05
-----------------------------------------
| rollout/                |             |
|    ep_len_mean          | 50.6        |
|    ep_rew_mean          | -97.9       |
| time/                   |             |
|    fps                  | 53          |
|    iterations           | 38          |
|    time_elapsed         | 3619        |
|    total_timesteps      | 194560      |
| train/                  |             |
|    approx_kl            | 0.038572386 |
|    clip_fraction        | 0.222       |
|    clip_range           | 0.2         |
|    entropy_loss         | -1.15       |
|    explained_variance   | 0.734       |
|    learning_rate        | 0.0003      |
|    loss                 | 0.47        |
|    n_updates            | 2945        |
|    policy_gradient_loss | -0.00123    |
|    std                  | 0.43        |
|    value_loss           | 0.977       |
-----------------------------------------
Early stopping at step 2 due to reaching max kl: 0.05
----------------------------------------
| rollout/                |            |
|    ep_len_mean          | 50.9       |
|    ep_rew_mean          | -83.6      |
| time/                   |            |
|    fps                  | 54         |
|    iterations           | 39         |
|    time_elapsed         | 3693       |
|    total_timesteps      | 199680     |
| train/                  |            |
|    approx_kl            | 0.03646029 |
|    clip_fraction        | 0.199      |
|    clip_range           | 0.2        |
|    entropy_loss         | -1.15      |
|    explained_variance   | 0.738      |
|    learning_rate        | 0.0003     |
|    loss                 | 0.398      |
|    n_updates            | 2948       |
|    policy_gradient_loss | -0.000533  |
|    std                  | 0.431      |
|    value_loss           | 0.998      |
----------------------------------------
Early stopping at step 1 due to reaching max kl: 0.05
[EVAL] t=200,000 goal 0.82 collision 0.17 timeout 0.00 return -28.2 colregs -15.4 (132.6 s)
----------------------------------------------
| eval/                        |             |
|    being_overtaken/collision | 0.1         |
|    being_overtaken/colregs   | -15.3       |
|    being_overtaken/goal      | 0.9         |
|    collision_boundary        | 0.0333      |
|    collision_obstacle        | 0.0417      |
|    collision_rate            | 0.175       |
|    collision_target          | 0.1         |
|    crossing/collision        | 0.7         |
|    crossing/colregs          | -31.2       |
|    crossing/goal             | 0.3         |
|    episodes                  | 120         |
|    estops_per_episode        | 0.075       |
|    eval_wall_s               | 133         |
|    goal_rate                 | 0.825       |
|    head_on/collision         | 0.15        |
|    head_on/colregs           | -21         |
|    head_on/goal              | 0.85        |
|    mean_colregs_integral     | -15.4       |
|    mean_return               | -28.2       |
|    no_target/collision       | 0           |
|    no_target/colregs         | 0           |
|    no_target/goal            | 1           |
|    null/collision            | 0.1         |
|    null/colregs              | -3.23       |
|    null/goal                 | 0.9         |
|    overtaking/collision      | 0           |
|    overtaking/colregs        | -21.5       |
|    overtaking/goal           | 1           |
|    timeout_rate              | 0           |
|    timesteps                 | 200000      |
| rollout/                     |             |
|    ep_len_mean               | 53.3        |
|    ep_rew_mean               | -113        |
| time/                        |             |
|    fps                       | 52          |
|    iterations                | 40          |
|    time_elapsed              | 3891        |
|    total_timesteps           | 204800      |
| train/                       |             |
|    approx_kl                 | 0.027143287 |
|    clip_fraction             | 0.165       |
|    clip_range                | 0.2         |
|    entropy_loss              | -1.15       |
|    explained_variance        | 0.76        |
|    learning_rate             | 0.0003      |
|    loss                      | 0.369       |
|    n_updates                 | 2950        |
|    policy_gradient_loss      | 0.00477     |
|    std                       | 0.431       |
|    value_loss                | 0.845       |
----------------------------------------------
Early stopping at step 2 due to reaching max kl: 0.05
----------------------------------------
| rollout/                |            |
|    ep_len_mean          | 50.2       |
|    ep_rew_mean          | -76.1      |
| time/                   |            |
|    fps                  | 53         |
|    iterations           | 41         |
|    time_elapsed         | 3956       |
|    total_timesteps      | 209920     |
| train/                  |            |
|    approx_kl            | 0.03764296 |
|    clip_fraction        | 0.22       |
|    clip_range           | 0.2        |
|    entropy_loss         | -1.15      |
|    explained_variance   | 0.806      |
|    learning_rate        | 0.0003     |
|    loss                 | 0.28       |
|    n_updates            | 2953       |
|    policy_gradient_loss | -0.00698   |
|    std                  | 0.431      |
|    value_loss           | 0.663      |
----------------------------------------
Early stopping at step 2 due to reaching max kl: 0.09
-----------------------------------------
| rollout/                |             |
|    ep_len_mean          | 50.1        |
|    ep_rew_mean          | -108        |
| time/                   |             |
|    fps                  | 53          |
|    iterations           | 42          |
|    time_elapsed         | 4019        |
|    total_timesteps      | 215040      |
| train/                  |             |
|    approx_kl            | 0.042368375 |
|    clip_fraction        | 0.215       |
|    clip_range           | 0.2         |
|    entropy_loss         | -1.15       |
|    explained_variance   | 0.768       |
|    learning_rate        | 0.0003      |
|    loss                 | 0.344       |
|    n_updates            | 2956        |
|    policy_gradient_loss | 0.00163     |
|    std                  | 0.431       |
|    value_loss           | 0.814       |
-----------------------------------------
Early stopping at step 2 due to reaching max kl: 0.05
-----------------------------------------
| rollout/                |             |
|    ep_len_mean          | 49.8        |
|    ep_rew_mean          | -79.7       |
| time/                   |             |
|    fps                  | 53          |
|    iterations           | 43          |
|    time_elapsed         | 4086        |
|    total_timesteps      | 220160      |
| train/                  |             |
|    approx_kl            | 0.041587956 |
|    clip_fraction        | 0.215       |
|    clip_range           | 0.2         |
|    entropy_loss         | -1.15       |
|    explained_variance   | 0.786       |
|    learning_rate        | 0.0003      |
|    loss                 | 0.286       |
|    n_updates            | 2959        |
|    policy_gradient_loss | -0.00114    |
|    std                  | 0.43        |
|    value_loss           | 0.804       |
-----------------------------------------
Early stopping at step 3 due to reaching max kl: 0.05
----------------------------------------
| rollout/                |            |
|    ep_len_mean          | 53         |
|    ep_rew_mean          | -66.5      |
| time/                   |            |
|    fps                  | 54         |
|    iterations           | 44         |
|    time_elapsed         | 4149       |
|    total_timesteps      | 225280     |
| train/                  |            |
|    approx_kl            | 0.03837055 |
|    clip_fraction        | 0.246      |
|    clip_range           | 0.2        |
|    entropy_loss         | -1.15      |
|    explained_variance   | 0.795      |
|    learning_rate        | 0.0003     |
|    loss                 | 0.235      |
|    n_updates            | 2963       |
|    policy_gradient_loss | -0.0079    |
|    std                  | 0.43       |
|    value_loss           | 0.668      |
----------------------------------------
Early stopping at step 1 due to reaching max kl: 0.05
-----------------------------------------
| rollout/                |             |
|    ep_len_mean          | 50.3        |
|    ep_rew_mean          | -122        |
| time/                   |             |
|    fps                  | 54          |
|    iterations           | 45          |
|    time_elapsed         | 4211        |
|    total_timesteps      | 230400      |
| train/                  |             |
|    approx_kl            | 0.031854697 |
|    clip_fraction        | 0.179       |
|    clip_range           | 0.2         |
|    entropy_loss         | -1.14       |
|    explained_variance   | 0.823       |
|    learning_rate        | 0.0003      |
|    loss                 | 0.248       |
|    n_updates            | 2965        |
|    policy_gradient_loss | 0.00889     |
|    std                  | 0.43        |
|    value_loss           | 0.633       |
-----------------------------------------
Early stopping at step 0 due to reaching max kl: 0.05
-----------------------------------------
| rollout/                |             |
|    ep_len_mean          | 49.7        |
|    ep_rew_mean          | -44.9       |
| time/                   |             |
|    fps                  | 55          |
|    iterations           | 46          |
|    time_elapsed         | 4272        |
|    total_timesteps      | 235520      |
| train/                  |             |
|    approx_kl            | 0.019456828 |
|    clip_fraction        | 0.177       |
|    clip_range           | 0.2         |
|    entropy_loss         | -1.14       |
|    explained_variance   | 0.76        |
|    learning_rate        | 0.0003      |
|    loss                 | 0.537       |
|    n_updates            | 2966        |
|    policy_gradient_loss | 0.0126      |
|    std                  | 0.429       |
|    value_loss           | 1.08        |
-----------------------------------------
Early stopping at step 1 due to reaching max kl: 0.05
----------------------------------------
| rollout/                |            |
|    ep_len_mean          | 50.7       |
|    ep_rew_mean          | -48.6      |
| time/                   |            |
|    fps                  | 55         |
|    iterations           | 47         |
|    time_elapsed         | 4333       |
|    total_timesteps      | 240640     |
| train/                  |            |
|    approx_kl            | 0.03380568 |
|    clip_fraction        | 0.194      |
|    clip_range           | 0.2        |
|    entropy_loss         | -1.14      |
|    explained_variance   | 0.824      |
|    learning_rate        | 0.0003     |
|    loss                 | 0.206      |
|    n_updates            | 2968       |
|    policy_gradient_loss | 0.00685    |
|    std                  | 0.43       |
|    value_loss           | 0.499      |
----------------------------------------
Early stopping at step 2 due to reaching max kl: 0.05
-----------------------------------------
| rollout/                |             |
|    ep_len_mean          | 47.7        |
|    ep_rew_mean          | -84.2       |
| time/                   |             |
|    fps                  | 55          |
|    iterations           | 48          |
|    time_elapsed         | 4396        |
|    total_timesteps      | 245760      |
| train/                  |             |
|    approx_kl            | 0.044353776 |
|    clip_fraction        | 0.185       |
|    clip_range           | 0.2         |
|    entropy_loss         | -1.14       |
|    explained_variance   | 0.807       |
|    learning_rate        | 0.0003      |
|    loss                 | 0.243       |
|    n_updates            | 2971        |
|    policy_gradient_loss | -0.00367    |
|    std                  | 0.429       |
|    value_loss           | 0.555       |
-----------------------------------------
Early stopping at step 1 due to reaching max kl: 0.05
-----------------------------------------
| rollout/                |             |
|    ep_len_mean          | 50.5        |
|    ep_rew_mean          | -77         |
| time/                   |             |
|    fps                  | 56          |
|    iterations           | 49          |
|    time_elapsed         | 4461        |
|    total_timesteps      | 250880      |
| train/                  |             |
|    approx_kl            | 0.032696422 |
|    clip_fraction        | 0.187       |
|    clip_range           | 0.2         |
|    entropy_loss         | -1.14       |
|    explained_variance   | 0.794       |
|    learning_rate        | 0.0003      |
|    loss                 | 0.299       |
|    n_updates            | 2973        |
|    policy_gradient_loss | 0.00256     |
|    std                  | 0.429       |
|    value_loss           | 0.793       |
-----------------------------------------
Early stopping at step 1 due to reaching max kl: 0.05
----------------------------------------
| rollout/                |            |
|    ep_len_mean          | 50.3       |
|    ep_rew_mean          | -66.9      |
| time/                   |            |
|    fps                  | 56         |
|    iterations           | 50         |
|    time_elapsed         | 4528       |
|    total_timesteps      | 256000     |
| train/                  |            |
|    approx_kl            | 0.03381779 |
|    clip_fraction        | 0.209      |
|    clip_range           | 0.2        |
|    entropy_loss         | -1.14      |
|    explained_variance   | 0.736      |
|    learning_rate        | 0.0003     |
|    loss                 | 0.49       |
|    n_updates            | 2975       |
|    policy_gradient_loss | 0.00382    |
|    std                  | 0.429      |
|    value_loss           | 0.985      |
----------------------------------------
Early stopping at step 3 due to reaching max kl: 0.05
----------------------------------------
| rollout/                |            |
|    ep_len_mean          | 49.8       |
|    ep_rew_mean          | -141       |
| time/                   |            |
|    fps                  | 56         |
|    iterations           | 51         |
|    time_elapsed         | 4594       |
|    total_timesteps      | 261120     |
| train/                  |            |
|    approx_kl            | 0.03968232 |
|    clip_fraction        | 0.234      |
|    clip_range           | 0.2        |
|    entropy_loss         | -1.14      |
|    explained_variance   | 0.814      |
|    learning_rate        | 0.0003     |
|    loss                 | 0.223      |
|    n_updates            | 2979       |
|    policy_gradient_loss | -0.00303   |
|    std                  | 0.429      |
|    value_loss           | 0.524      |
----------------------------------------
Early stopping at step 2 due to reaching max kl: 0.06
-----------------------------------------
| rollout/                |             |
|    ep_len_mean          | 47.4        |
|    ep_rew_mean          | -117        |
| time/                   |             |
|    fps                  | 57          |
|    iterations           | 52          |
|    time_elapsed         | 4662        |
|    total_timesteps      | 266240      |
| train/                  |             |
|    approx_kl            | 0.032724794 |
|    clip_fraction        | 0.224       |
|    clip_range           | 0.2         |
|    entropy_loss         | -1.14       |
|    explained_variance   | 0.764       |
|    learning_rate        | 0.0003      |
|    loss                 | 0.56        |
|    n_updates            | 2982        |
|    policy_gradient_loss | -0.0048     |
|    std                  | 0.429       |
|    value_loss           | 0.988       |
-----------------------------------------
Early stopping at step 2 due to reaching max kl: 0.05
-----------------------------------------
| rollout/                |             |
|    ep_len_mean          | 52.2        |
|    ep_rew_mean          | -78.9       |
| time/                   |             |
|    fps                  | 57          |
|    iterations           | 53          |
|    time_elapsed         | 4726        |
|    total_timesteps      | 271360      |
| train/                  |             |
|    approx_kl            | 0.038844377 |
|    clip_fraction        | 0.225       |
|    clip_range           | 0.2         |
|    entropy_loss         | -1.14       |
|    explained_variance   | 0.818       |
|    learning_rate        | 0.0003      |
|    loss                 | 0.324       |
|    n_updates            | 2985        |
|    policy_gradient_loss | -0.00503    |
|    std                  | 0.429       |
|    value_loss           | 0.803       |
-----------------------------------------
Early stopping at step 2 due to reaching max kl: 0.05
-----------------------------------------
| rollout/                |             |
|    ep_len_mean          | 51.3        |
|    ep_rew_mean          | -43.2       |
| time/                   |             |
|    fps                  | 57          |
|    iterations           | 54          |
|    time_elapsed         | 4789        |
|    total_timesteps      | 276480      |
| train/                  |             |
|    approx_kl            | 0.038142733 |
|    clip_fraction        | 0.208       |
|    clip_range           | 0.2         |
|    entropy_loss         | -1.14       |
|    explained_variance   | 0.822       |
|    learning_rate        | 0.0003      |
|    loss                 | 0.289       |
|    n_updates            | 2988        |
|    policy_gradient_loss | -0.00232    |
|    std                  | 0.429       |
|    value_loss           | 0.708       |
-----------------------------------------
Early stopping at step 2 due to reaching max kl: 0.06
-----------------------------------------
| rollout/                |             |
|    ep_len_mean          | 50.3        |
|    ep_rew_mean          | -114        |
| time/                   |             |
|    fps                  | 58          |
|    iterations           | 55          |
|    time_elapsed         | 4852        |
|    total_timesteps      | 281600      |
| train/                  |             |
|    approx_kl            | 0.058971718 |
|    clip_fraction        | 0.179       |
|    clip_range           | 0.2         |
|    entropy_loss         | -1.14       |
|    explained_variance   | 0.737       |
|    learning_rate        | 0.0003      |
|    loss                 | 0.313       |
|    n_updates            | 2991        |
|    policy_gradient_loss | -0.000534   |
|    std                  | 0.428       |
|    value_loss           | 0.668       |
-----------------------------------------
Early stopping at step 1 due to reaching max kl: 0.05
-----------------------------------------
| rollout/                |             |
|    ep_len_mean          | 50.6        |
|    ep_rew_mean          | -91.8       |
| time/                   |             |
|    fps                  | 58          |
|    iterations           | 56          |
|    time_elapsed         | 4916        |
|    total_timesteps      | 286720      |
| train/                  |             |
|    approx_kl            | 0.035544734 |
|    clip_fraction        | 0.2         |
|    clip_range           | 0.2         |
|    entropy_loss         | -1.14       |
|    explained_variance   | 0.802       |
|    learning_rate        | 0.0003      |
|    loss                 | 0.456       |
|    n_updates            | 2993        |
|    policy_gradient_loss | 0.00998     |
|    std                  | 0.429       |
|    value_loss           | 0.95        |
-----------------------------------------
Early stopping at step 1 due to reaching max kl: 0.05
-----------------------------------------
| rollout/                |             |
|    ep_len_mean          | 55.8        |
|    ep_rew_mean          | -100        |
| time/                   |             |
|    fps                  | 58          |
|    iterations           | 57          |
|    time_elapsed         | 4983        |
|    total_timesteps      | 291840      |
| train/                  |             |
|    approx_kl            | 0.034047183 |
|    clip_fraction        | 0.218       |
|    clip_range           | 0.2         |
|    entropy_loss         | -1.14       |
|    explained_variance   | 0.723       |
|    learning_rate        | 0.0003      |
|    loss                 | 0.466       |
|    n_updates            | 2995        |
|    policy_gradient_loss | 0.00912     |
|    std                  | 0.429       |
|    value_loss           | 1.01        |
-----------------------------------------
Early stopping at step 1 due to reaching max kl: 0.05
-----------------------------------------
| rollout/                |             |
|    ep_len_mean          | 53          |
|    ep_rew_mean          | -99.1       |
| time/                   |             |
|    fps                  | 58          |
|    iterations           | 58          |
|    time_elapsed         | 5049        |
|    total_timesteps      | 296960      |
| train/                  |             |
|    approx_kl            | 0.041258708 |
|    clip_fraction        | 0.166       |
|    clip_range           | 0.2         |
|    entropy_loss         | -1.14       |
|    explained_variance   | 0.788       |
|    learning_rate        | 0.0003      |
|    loss                 | 0.322       |
|    n_updates            | 2997        |
|    policy_gradient_loss | 0.00853     |
|    std                  | 0.429       |
|    value_loss           | 0.774       |
-----------------------------------------
Early stopping at step 0 due to reaching max kl: 0.05
[EVAL] t=300,000 goal 0.81 collision 0.19 timeout 0.00 return -28.3 colregs -15.0 (133.4 s)
----------------------------------------------
| eval/                        |             |
|    being_overtaken/collision | 0.15        |
|    being_overtaken/colregs   | -15.7       |
|    being_overtaken/goal      | 0.85        |
|    collision_boundary        | 0.025       |
|    collision_obstacle        | 0.0833      |
|    collision_rate            | 0.192       |
|    collision_target          | 0.0833      |
|    crossing/collision        | 0.6         |
|    crossing/colregs          | -27.5       |
|    crossing/goal             | 0.4         |
|    episodes                  | 120         |
|    estops_per_episode        | 0.0667      |
|    eval_wall_s               | 133         |
|    goal_rate                 | 0.808       |
|    head_on/collision         | 0.1         |
|    head_on/colregs           | -18.4       |
|    head_on/goal              | 0.9         |
|    mean_colregs_integral     | -15         |
|    mean_return               | -28.3       |
|    no_target/collision       | 0.05        |
|    no_target/colregs         | 0           |
|    no_target/goal            | 0.95        |
|    null/collision            | 0.25        |
|    null/colregs              | -2.09       |
|    null/goal                 | 0.75        |
|    overtaking/collision      | 0           |
|    overtaking/colregs        | -26.2       |
|    overtaking/goal           | 1           |
|    timeout_rate              | 0           |
|    timesteps                 | 300000      |
| rollout/                     |             |
|    ep_len_mean               | 52.3        |
|    ep_rew_mean               | -103        |
| time/                        |             |
|    fps                       | 57          |
|    iterations                | 59          |
|    time_elapsed              | 5252        |
|    total_timesteps           | 302080      |
| train/                       |             |
|    approx_kl                 | 0.017099846 |
|    clip_fraction             | 0.156       |
|    clip_range                | 0.2         |
|    entropy_loss              | -1.14       |
|    explained_variance        | 0.743       |
|    learning_rate             | 0.0003      |
|    loss                      | 0.512       |
|    n_updates                 | 2998        |
|    policy_gradient_loss      | 0.00865     |
|    std                       | 0.429       |
|    value_loss                | 1.01        |
----------------------------------------------
Early stopping at step 1 due to reaching max kl: 0.06
[EVAL] t=302,080 goal 0.81 collision 0.19 timeout 0.00 return -28.4 colregs -15.1 (134.5 s)
done in 1.50 h -> C:\Users\hntran\OneDrive - University of Tasmania\Documents\PhD\asv-path-replanning\asv-lidar\static_dynamic_obstacles\runs\ppo_formulation_seed0_tier2_a22
