[CONFIG] baseline-v3 (formulation 03a9c0c22f53ee0b): recurrent_ppo seed 0
Using cpu device
[FIELD] building the field evaluation scenarios ...
Logging to C:\Users\hntran\OneDrive - University of Tasmania\Documents\PhD\asv-path-replanning\asv-lidar\static_dynamic_obstacles\runs\tensorboard\recurrent_ppo_formulation_seed0_bl3_2
[CURRICULUM] t=0 -> scenario stage 1
---------------------------------
| rollout/           |          |
|    ep_len_mean     | 49.8     |
|    ep_rew_mean     | -262     |
| time/              |          |
|    fps             | 219      |
|    iterations      | 1        |
|    time_elapsed    | 23       |
|    total_timesteps | 5120     |
---------------------------------
-------------------------------------------
| rollout/                |               |
|    ep_len_mean          | 50.8          |
|    ep_rew_mean          | -246          |
| time/                   |               |
|    fps                  | 32            |
|    iterations           | 2             |
|    time_elapsed         | 312           |
|    total_timesteps      | 10240         |
| train/                  |               |
|    approx_kl            | 0.00032060972 |
|    clip_fraction        | 1.95e-05      |
|    clip_range           | 0.2           |
|    entropy_loss         | -2.84         |
|    explained_variance   | 0.00189       |
|    learning_rate        | 0.0003        |
|    loss                 | 1.53          |
|    n_updates            | 10            |
|    policy_gradient_loss | -0.000843     |
|    std                  | 1             |
|    value_loss           | 2.75          |
-------------------------------------------
-----------------------------------------
| rollout/                |             |
|    ep_len_mean          | 52.9        |
|    ep_rew_mean          | -232        |
| time/                   |             |
|    fps                  | 25          |
|    iterations           | 3           |
|    time_elapsed         | 602         |
|    total_timesteps      | 15360       |
| train/                  |             |
|    approx_kl            | 0.003959557 |
|    clip_fraction        | 0.026       |
|    clip_range           | 0.2         |
|    entropy_loss         | -2.85       |
|    explained_variance   | 0.666       |
|    learning_rate        | 0.0003      |
|    loss                 | 0.348       |
|    n_updates            | 20          |
|    policy_gradient_loss | -0.00294    |
|    std                  | 1           |
|    value_loss           | 1.15        |
-----------------------------------------
-----------------------------------------
| rollout/                |             |
|    ep_len_mean          | 56.9        |
|    ep_rew_mean          | -154        |
| time/                   |             |
|    fps                  | 24          |
|    iterations           | 4           |
|    time_elapsed         | 853         |
|    total_timesteps      | 20480       |
| train/                  |             |
|    approx_kl            | 0.008062066 |
|    clip_fraction        | 0.0892      |
|    clip_range           | 0.2         |
|    entropy_loss         | -2.84       |
|    explained_variance   | 0.79        |
|    learning_rate        | 0.0003      |
|    loss                 | 0.545       |
|    n_updates            | 30          |
|    policy_gradient_loss | -0.0104     |
|    std                  | 1           |
|    value_loss           | 0.913       |
-----------------------------------------
-----------------------------------------
| rollout/                |             |
|    ep_len_mean          | 57.8        |
|    ep_rew_mean          | -118        |
| time/                   |             |
|    fps                  | 22          |
|    iterations           | 5           |
|    time_elapsed         | 1148        |
|    total_timesteps      | 25600       |
| train/                  |             |
|    approx_kl            | 0.008342642 |
|    clip_fraction        | 0.106       |
|    clip_range           | 0.2         |
|    entropy_loss         | -2.83       |
|    explained_variance   | 0.85        |
|    learning_rate        | 0.0003      |
|    loss                 | 0.36        |
|    n_updates            | 40          |
|    policy_gradient_loss | -0.00919    |
|    std                  | 0.995       |
|    value_loss           | 0.647       |
-----------------------------------------
------------------------------------------
| rollout/                |              |
|    ep_len_mean          | 63.3         |
|    ep_rew_mean          | -14.7        |
| time/                   |              |
|    fps                  | 21           |
|    iterations           | 6            |
|    time_elapsed         | 1461         |
|    total_timesteps      | 30720        |
| train/                  |              |
|    approx_kl            | 0.0069808974 |
|    clip_fraction        | 0.0689       |
|    clip_range           | 0.2          |
|    entropy_loss         | -2.82        |
|    explained_variance   | 0.839        |
|    learning_rate        | 0.0003       |
|    loss                 | 0.395        |
|    n_updates            | 50           |
|    policy_gradient_loss | -0.00675     |
|    std                  | 0.988        |
|    value_loss           | 0.754        |
------------------------------------------
------------------------------------------
| rollout/                |              |
|    ep_len_mean          | 62.1         |
|    ep_rew_mean          | 21.9         |
| time/                   |              |
|    fps                  | 20           |
|    iterations           | 7            |
|    time_elapsed         | 1750         |
|    total_timesteps      | 35840        |
| train/                  |              |
|    approx_kl            | 0.0068806694 |
|    clip_fraction        | 0.0965       |
|    clip_range           | 0.2          |
|    entropy_loss         | -2.8         |
|    explained_variance   | 0.751        |
|    learning_rate        | 0.0003       |
|    loss                 | 0.065        |
|    n_updates            | 60           |
|    policy_gradient_loss | -0.00376     |
|    std                  | 0.972        |
|    value_loss           | 0.519        |
------------------------------------------
------------------------------------------
| rollout/                |              |
|    ep_len_mean          | 66           |
|    ep_rew_mean          | 10.7         |
| time/                   |              |
|    fps                  | 20           |
|    iterations           | 8            |
|    time_elapsed         | 1972         |
|    total_timesteps      | 40960        |
| train/                  |              |
|    approx_kl            | 0.0134547185 |
|    clip_fraction        | 0.13         |
|    clip_range           | 0.2          |
|    entropy_loss         | -2.77        |
|    explained_variance   | 0.757        |
|    learning_rate        | 0.0003       |
|    loss                 | 0.436        |
|    n_updates            | 70           |
|    policy_gradient_loss | -0.0032      |
|    std                  | 0.96         |
|    value_loss           | 0.503        |
------------------------------------------
-----------------------------------------
| rollout/                |             |
|    ep_len_mean          | 66.7        |
|    ep_rew_mean          | 44.2        |
| time/                   |             |
|    fps                  | 20          |
|    iterations           | 9           |
|    time_elapsed         | 2206        |
|    total_timesteps      | 46080       |
| train/                  |             |
|    approx_kl            | 0.009400593 |
|    clip_fraction        | 0.114       |
|    clip_range           | 0.2         |
|    entropy_loss         | -2.75       |
|    explained_variance   | 0.771       |
|    learning_rate        | 0.0003      |
|    loss                 | 0.153       |
|    n_updates            | 80          |
|    policy_gradient_loss | -0.00608    |
|    std                  | 0.954       |
|    value_loss           | 0.567       |
-----------------------------------------
-----------------------------------------
| rollout/                |             |
|    ep_len_mean          | 64.5        |
|    ep_rew_mean          | 83.8        |
| time/                   |             |
|    fps                  | 20          |
|    iterations           | 10          |
|    time_elapsed         | 2516        |
|    total_timesteps      | 51200       |
| train/                  |             |
|    approx_kl            | 0.011685504 |
|    clip_fraction        | 0.122       |
|    clip_range           | 0.2         |
|    entropy_loss         | -2.74       |
|    explained_variance   | 0.831       |
|    learning_rate        | 0.0003      |
|    loss                 | 0.236       |
|    n_updates            | 90          |
|    policy_gradient_loss | -0.00785    |
|    std                  | 0.946       |
|    value_loss           | 0.349       |
-----------------------------------------
