Using cpu device
Logging to C:\Users\hntran\OneDrive - University of Tasmania\Documents\PhD\asv-path-replanning\asv-lidar\static_dynamic_obstacles\runs\tensorboard\sac_iqn_formulation_seed0_gate_smoke_1
[CURRICULUM] t=0 -> scenario stage 1
---------------------------------
| rollout/           |          |
|    ep_len_mean     | 41.8     |
|    ep_rew_mean     | -331     |
| time/              |          |
|    episodes        | 4        |
|    fps             | 5        |
|    time_elapsed    | 92       |
|    total_timesteps | 510      |
| train/             |          |
|    actor_loss      | -2.79    |
|    critic_loss     | 2.61     |
|    ent_coef        | 0.929    |
|    ent_coef_loss   | -0.247   |
|    learning_rate   | 0.0003   |
|    n_updates       | 250      |
---------------------------------
[CURRICULUM] t=640 -> scenario stage 2
---------------------------------
| rollout/           |          |
|    ep_len_mean     | 48.2     |
|    ep_rew_mean     | -171     |
| time/              |          |
|    episodes        | 8        |
|    fps             | 4        |
|    time_elapsed    | 149      |
|    total_timesteps | 650      |
| train/             |          |
|    actor_loss      | -3.15    |
|    critic_loss     | 4.49     |
|    ent_coef        | 0.891    |
|    ent_coef_loss   | -0.388   |
|    learning_rate   | 0.0003   |
|    n_updates       | 390      |
---------------------------------
---------------------------------
| rollout/           |          |
|    ep_len_mean     | 50.8     |
|    ep_rew_mean     | -233     |
| time/              |          |
|    episodes        | 12       |
|    fps             | 3        |
|    time_elapsed    | 222      |
|    total_timesteps | 820      |
| train/             |          |
|    actor_loss      | -3.65    |
|    critic_loss     | 2.84     |
|    ent_coef        | 0.847    |
|    ent_coef_loss   | -0.56    |
|    learning_rate   | 0.0003   |
|    n_updates       | 560      |
---------------------------------
---------------------------------
| rollout/           |          |
|    ep_len_mean     | 48.2     |
|    ep_rew_mean     | -258     |
| time/              |          |
|    episodes        | 16       |
|    fps             | 3        |
|    time_elapsed    | 302      |
|    total_timesteps | 1040     |
| train/             |          |
|    actor_loss      | -4.25    |
|    critic_loss     | 3.83     |
|    ent_coef        | 0.793    |
|    ent_coef_loss   | -0.783   |
|    learning_rate   | 0.0003   |
|    n_updates       | 780      |
---------------------------------
---------------------------------
| rollout/           |          |
|    ep_len_mean     | 48.9     |
|    ep_rew_mean     | -227     |
| time/              |          |
|    episodes        | 20       |
|    fps             | 3        |
|    time_elapsed    | 366      |
|    total_timesteps | 1220     |
| train/             |          |
|    actor_loss      | -4.68    |
|    critic_loss     | 4.34     |
|    ent_coef        | 0.751    |
|    ent_coef_loss   | -0.965   |
|    learning_rate   | 0.0003   |
|    n_updates       | 960      |
---------------------------------
---------------------------------
| rollout/           |          |
|    ep_len_mean     | 48.2     |
|    ep_rew_mean     | -208     |
| time/              |          |
|    episodes        | 24       |
|    fps             | 3        |
|    time_elapsed    | 387      |
|    total_timesteps | 1280     |
| train/             |          |
|    actor_loss      | -4.87    |
|    critic_loss     | 3.71     |
|    ent_coef        | 0.738    |
|    ent_coef_loss   | -1.02    |
|    learning_rate   | 0.0003   |
|    n_updates       | 1020     |
---------------------------------
[CURRICULUM] t=1,440 -> scenario stage 3
---------------------------------
| rollout/           |          |
|    ep_len_mean     | 46.3     |
|    ep_rew_mean     | -229     |
| time/              |          |
|    episodes        | 28       |
|    fps             | 3        |
|    time_elapsed    | 487      |
|    total_timesteps | 1550     |
| train/             |          |
|    actor_loss      | -5.49    |
|    critic_loss     | 4.64     |
|    ent_coef        | 0.68     |
|    ent_coef_loss   | -1.3     |
|    learning_rate   | 0.0003   |
|    n_updates       | 1290     |
---------------------------------
