{
 "follower": {
  "episodes": 240,
  "outcome_rates": {
   "collision:obstacle": 0.30833333333333335,
   "collision:target": 0.44583333333333336,
   "goal": 0.24583333333333332
  },
  "mean_return": -197.66298146132638,
  "mean_steps": 39.34166666666667,
  "estops_per_episode": 0.23333333333333334,
  "term_integrals_mean": {
   "pf": -5.387484944504192,
   "prog": 53.89164719444096,
   "exist": -9.566666666666666,
   "smooth": -0.21594901092302804,
   "obs": -11.920987773041134,
   "bnd": 0.0,
   "dom": -1.8975406934861831,
   "col": -16.399332900479443
  },
  "by_outcome": {
   "collision:obstacle": {
    "n": 74,
    "mean_return": -311.3818021386881,
    "term_integrals_mean": {
     "pf": -4.285105355306291,
     "prog": 42.12306864789152,
     "exist": -7.675675675675675,
     "smooth": -0.14289469784075695,
     "obs": -32.87121376390771,
     "bnd": 0.0,
     "dom": -0.22205340399841206,
     "col": -6.145765727688599
    }
   },
   "collision:target": {
    "n": 107,
    "mean_return": -304.8382696553819,
    "term_integrals_mean": {
     "pf": -3.5042691096940244,
     "prog": 35.946787259513044,
     "exist": -6.140186915887851,
     "smooth": -0.2306138952249692,
     "obs": -0.012011064059089454,
     "bnd": 0.0,
     "dom": -3.913457001479342,
     "col": -21.377042293035657
    }
   },
   "goal": {
    "n": 59,
    "mean_return": 139.3361467910247,
    "term_integrals_mean": {
     "pf": -10.185454163577626,
     "prog": 101.19630525345697,
     "exist": -18.152542372881356,
     "smooth": -0.2809808168176103,
     "obs": -7.242068866887784,
     "bnd": 0.0,
     "dom": -0.3430155149578275,
     "col": -20.23236791375075
    }
   }
  },
  "by_class": {
   "being_overtaken": {
    "n": 27,
    "goal_rate": 0.0,
    "collision_rate": 1.0,
    "mean_return": -290.3451893347977,
    "mean_col_integral": -11.133679461988116
   },
   "crossing": {
    "n": 58,
    "goal_rate": 0.1724137931034483,
    "collision_rate": 0.8275862068965517,
    "mean_return": -243.95167329767185,
    "mean_col_integral": -19.393743530609733
   },
   "head_on": {
    "n": 54,
    "goal_rate": 0.3888888888888889,
    "collision_rate": 0.6111111111111112,
    "mean_return": -148.47524417130188,
    "mean_col_integral": -23.58106131693651
   },
   "no_target": {
    "n": 35,
    "goal_rate": 0.22857142857142856,
    "collision_rate": 0.7714285714285715,
    "mean_return": -191.80199766050066,
    "mean_col_integral": 0.0
   },
   "null": {
    "n": 24,
    "goal_rate": 0.3333333333333333,
    "collision_rate": 0.6666666666666666,
    "mean_return": -143.35129811249564,
    "mean_col_integral": -1.4851278690527592
   },
   "overtaking": {
    "n": 42,
    "goal_rate": 0.2857142857142857,
    "collision_rate": 0.7142857142857143,
    "mean_return": -173.31986022252624,
    "mean_col_integral": -28.60412014033772
   }
  }
 },
 "random": {
  "episodes": 240,
  "outcome_rates": {
   "collision:boundary": 0.3,
   "collision:obstacle": 0.22083333333333333,
   "collision:target": 0.38333333333333336,
   "goal": 0.09583333333333334
  },
  "mean_return": -333.8376288430967,
  "mean_steps": 37.2,
  "estops_per_episode": 0.19166666666666668,
  "term_integrals_mean": {
   "pf": -20.738864100815864,
   "prog": 49.98125022667478,
   "exist": -9.147916666666667,
   "smooth": -16.47361499012344,
   "obs": -13.037350312247026,
   "bnd": -38.971851451936125,
   "dom": -1.2827180825530329,
   "col": -18.66656346542933
  },
  "by_outcome": {
   "collision:boundary": {
    "n": 72,
    "mean_return": -472.5567226975323,
    "term_integrals_mean": {
     "pf": -49.096254587671005,
     "prog": 72.07495692757317,
     "exist": -13.590277777777779,
     "smooth": -24.79412387976887,
     "obs": -16.097629178989735,
     "bnd": -119.2169526179181,
     "dom": -0.5626347910218513,
     "col": -18.218251236402548
    }
   },
   "collision:obstacle": {
    "n": 53,
    "mean_return": -330.00013896092696,
    "term_integrals_mean": {
     "pf": -5.826145945292442,
     "prog": 37.616194760300885,
     "exist": -6.584905660377358,
     "smooth": -12.211113394399751,
     "obs": -35.95081015621017,
     "bnd": -1.6113488906837854,
     "dom": -0.09293196515153425,
     "col": -3.8296437468486944
    }
   },
   "collision:target": {
    "n": 92,
    "mean_return": -330.7236192059716,
    "term_integrals_mean": {
     "pf": -6.139753674277954,
     "prog": 29.32555800688821,
     "exist": -5.3478260869565215,
     "smooth": -9.303764267259899,
     "obs": -0.015299786061088562,
     "bnd": -4.308225368214637,
     "dom": -2.578888406009986,
     "col": -26.703245711036285
    }
   },
   "goal": {
    "n": 23,
    "mean_return": 79.11449755467986,
    "term_integrals_mean": {
     "pf": -24.728433945627074,
     "prog": 91.9344998559573,
     "exist": -16.347826086956523,
     "smooth": -28.928493730224744,
     "obs": -2.7449676284898517,
     "bnd": -12.515892821416529,
     "dom": -1.093891624052373,
     "col": -22.1126703775538
    }
   }
  },
  "by_class": {
   "being_overtaken": {
    "n": 45,
    "goal_rate": 0.022222222222222223,
    "collision_rate": 0.9777777777777777,
    "mean_return": -340.5856140410723,
    "mean_col_integral": -32.1979196830024
   },
   "crossing": {
    "n": 48,
    "goal_rate": 0.08333333333333333,
    "collision_rate": 0.9166666666666666,
    "mean_return": -330.7956208873916,
    "mean_col_integral": -19.79216680196019
   },
   "head_on": {
    "n": 49,
    "goal_rate": 0.1836734693877551,
    "collision_rate": 0.8163265306122449,
    "mean_return": -292.5986582479416,
    "mean_col_integral": -18.884232771841834
   },
   "no_target": {
    "n": 41,
    "goal_rate": 0.07317073170731707,
    "collision_rate": 0.926829268292683,
    "mean_return": -329.17369614127824,
    "mean_col_integral": 0.0
   },
   "null": {
    "n": 22,
    "goal_rate": 0.09090909090909091,
    "collision_rate": 0.9090909090909091,
    "mean_return": -357.63325596978353,
    "mean_col_integral": -5.393585757840699
   },
   "overtaking": {
    "n": 35,
    "goal_rate": 0.11428571428571428,
    "collision_rate": 0.8857142857142857,
    "mean_return": -377.57431601781053,
    "mean_col_integral": -29.63024419945993
   }
  }
 },
 "slowdown": {
  "episodes": 240,
  "outcome_rates": {
   "collision:obstacle": 0.30833333333333335,
   "collision:target": 0.38333333333333336,
   "goal": 0.30833333333333335
  },
  "mean_return": -184.46340888958468,
  "mean_steps": 49.94166666666667,
  "estops_per_episode": 0.175,
  "term_integrals_mean": {
   "pf": -26.31887959535089,
   "prog": 59.222566483102355,
   "exist": -12.227083333333333,
   "smooth": -0.8216548474036356,
   "obs": -11.54722944756265,
   "bnd": -0.11635897375440987,
   "dom": -2.257872080759584,
   "col": -8.563563761189227
  },
  "by_outcome": {
   "collision:obstacle": {
    "n": 74,
    "mean_return": -320.1754113487804,
    "term_integrals_mean": {
     "pf": -14.553888006746034,
     "prog": 45.18818882152193,
     "exist": -9.033783783783784,
     "smooth": -0.4485352036919844,
     "obs": -34.60340137503602,
     "bnd": 0.0,
     "dom": -0.8239288853191064,
     "col": -3.7379007535632622
    }
   },
   "collision:target": {
    "n": 92,
    "mean_return": -310.20096339090463,
    "term_integrals_mean": {
     "pf": -19.723209781254223,
     "prog": 36.77974769613059,
     "exist": -7.9021739130434785,
     "smooth": -0.7215204817508988,
     "obs": -0.08984233579546942,
     "bnd": 0.0,
     "dom": -3.8106446024211356,
     "col": -10.602885190161318
    }
   },
   "goal": {
    "n": 74,
    "mean_return": 107.57095862530605,
    "term_integrals_mean": {
     "pf": -46.28389311499484,
     "prog": 101.15882696091795,
     "exist": -20.7972972972973,
     "smooth": -1.3192658646294997,
     "obs": -2.735376632016036,
     "bnd": -0.37738045541970766,
     "dom": -1.7613413303505636,
     "col": -10.853854181444486
    }
   }
  },
  "by_class": {
   "being_overtaken": {
    "n": 33,
    "goal_rate": 0.15151515151515152,
    "collision_rate": 0.8484848484848485,
    "mean_return": -242.06685659548793,
    "mean_col_integral": -10.890695407170924
   },
   "crossing": {
    "n": 61,
    "goal_rate": 0.19672131147540983,
    "collision_rate": 0.8032786885245902,
    "mean_return": -241.09822923366227,
    "mean_col_integral": -9.010312216592686
   },
   "head_on": {
    "n": 47,
    "goal_rate": 0.48936170212765956,
    "collision_rate": 0.5106382978723404,
    "mean_return": -105.25765072399929,
    "mean_col_integral": -11.193974180296522
   },
   "no_target": {
    "n": 34,
    "goal_rate": 0.14705882352941177,
    "collision_rate": 0.8529411764705882,
    "mean_return": -227.03793405795702,
    "mean_col_integral": 0.0
   },
   "null": {
    "n": 20,
    "goal_rate": 0.5,
    "collision_rate": 0.5,
    "mean_return": -68.03447432114163,
    "mean_col_integral": -1.3972977205343413
   },
   "overtaking": {
    "n": 45,
    "goal_rate": 0.4222222222222222,
    "collision_rate": 0.5777777777777777,
    "mean_return": -167.7540234260999,
    "mean_col_integral": -13.159345958933272
   }
  }
 },
 "design_point": {
  "episodes": 8,
  "realised": {
   "pf": -0.7411526516515754,
   "prog": 101.36409618027781,
   "exist": -16.9375,
   "smooth": -0.04118519840841962,
   "obs": -11.894942736525108,
   "bnd": 0.0,
   "dom": 0.0,
   "col": 0.0
  },
  "predicted": {
   "prog": 107.5,
   "pf": -27.0,
   "obs": -26.0,
   "exist": -15.0,
   "smooth": -1.5,
   "bnd": 0.0,
   "dom": 0.0,
   "col": 0.0
  },
  "problems": [
   "pf: -0.7 is 0.0x the predicted -27.0",
   "smooth: -0.0 is 0.0x the predicted -1.5"
  ],
  "mean_return": 171.7493155936927
 },
 "orderings": {
  "nominal_success_no_target": [
   171.7493155936927,
   8
  ],
  "success_with_colregs_penalty": [
   101.43167511780926,
   120
  ],
  "collision_any_policy": [
   -336.58170505188406,
   564
  ],
  "timeout_any_policy": [
   null,
   0
  ]
 }
}
