Frozen suite (sacs0_bl2) — model runs\sac_formulation_seed0_bl2\best_model.zip
1560 episodes, suite manifest ebc8dab5f0de6053, 1179 s

== Tier B (headline, R1)
-- by supervisor
              n  success  coll_target  coll_other  rms_cte  min_range  colregs  estops
supervisor                                                                            
off         780    0.853        0.064       0.083    1.213      2.526  -22.225   0.000
on          780    0.854        0.062       0.085    1.217      2.526  -22.308   0.013

-- by class (supervisor off)
                   n  success  coll_target  coll_other  rms_cte  min_range  colregs  estops
class                                                                                      
being_overtaken  180    0.622        0.128       0.250    1.146      2.237  -38.213     0.0
crossing         180    0.822        0.122       0.056    1.195      2.444  -14.260     0.0
head_on          180    0.944        0.028       0.028    1.076      2.302  -16.462     0.0
null              60    0.967        0.000       0.033    1.160      6.242   -9.197     0.0
overtaking       180    0.983        0.000       0.017    1.454      2.630  -24.307     0.0

-- by stratum (supervisor off)
           n  success  coll_target  coll_other  rms_cte  min_range  colregs  estops
stratum                                                                            
basin    260    0.919        0.050       0.031    1.083      2.483  -22.413     0.0
channel  520    0.819        0.071       0.110    1.279      2.533  -22.131     0.0

-- by target behaviour (supervisor off)
             n  success  coll_target  coll_other  rms_cte  min_range  colregs  estops
behaviour                                                                            
cv         300    0.837        0.067       0.097    1.222      2.502  -23.591     0.0
nc         240    0.833        0.096       0.071    1.183      2.510  -21.761     0.0
re         240    0.892        0.029       0.079    1.233      2.563  -20.982     0.0

-- crossings by side (supervisor off), the A32 split
                 n  success  coll_target  coll_other  rms_cte  min_range  colregs  estops
crossing_side                                                                            
port           101    0.832        0.109       0.059    1.220      2.526  -16.654     0.0
starboard       79    0.810        0.139       0.051    1.163      2.344  -11.199     0.0


