Tier 0 (straight_a20) — 180 episodes, 103 s

                            n  goal  collision  colregs  v_port  v_bow  v_side  v_hold   v_r8  estops  port_sense
class           policy                                                                                           
being_overtaken compliant  12  0.00       1.00   -10.68    0.00   0.25    0.42    7.08   0.58    0.00        0.00
                follower   12  0.08       0.92   -10.67    0.00   0.25    0.42    7.08   0.58    0.00        0.00
                wrong_way  12  0.08       0.92   -14.67    0.00   0.08    0.50    5.75   0.42    0.00        0.00
crossing        compliant  12  0.17       0.83   -11.94    1.25   4.50    0.00    0.00   4.33    0.00        0.58
                follower   12  0.33       0.67   -31.36    0.00   6.92    0.00    0.00  11.42    0.00        0.58
                wrong_way  12  0.25       0.75   -55.54    9.00  11.92    0.00    0.00  12.25    0.00        0.58
head_on         compliant  12  0.08       0.92   -15.29    6.75   0.00    6.33    0.00   4.58    0.00        0.00
                follower   12  0.67       0.33   -41.58    0.00   0.00   15.67    0.00  21.08    0.00        0.00
                wrong_way  12  0.25       0.75   -55.27   13.75   0.00   22.75    0.00  10.42    0.00        0.00
null            compliant  12  1.00       0.00    -5.45    0.00   0.67    3.00    0.00   2.92    0.00        0.00
                follower   12  1.00       0.00    -5.61    0.00   0.50    3.00    0.00   2.92    0.00        0.00
                wrong_way  12  1.00       0.00    -7.13    1.17   0.75    3.08    0.00   2.92    0.00        0.00
overtaking      compliant  12  0.08       0.92   -11.69   10.50   1.75    2.92    0.00   1.75    0.17        0.00
                follower   12  0.33       0.67   -46.10    0.00   5.75   23.08    0.00  23.67    0.00        0.00
                wrong_way  12  0.25       0.75   -32.73   12.25   1.33   21.42    0.00   2.00    0.00        0.00

Checks:
  [PASS] T0.1 head_on: compliant colregs -15.3 > wrong-way -55.3; v_port 6.8 < 13.8
  [PASS] T0.1 crossing: compliant colregs -11.9 > wrong-way -55.5; v_port 1.2 < 9.0
  [PASS] T0.1 overtaking: compliant colregs -11.7 > wrong-way -32.7; v_port 10.5 < 12.2
  [PASS] T0.2 being overtaken: holding v_hold integral 2.21 < leaving the role 3.41
  [FAIL] T0.3 null: follower COLREGs penalty -5.6 >= -5
  [PASS] T0.4 head-on: follower port-sense episodes 0.00 <= 0.10
  [PASS] T0.5 straight paths: max |r_path| 0.00e+00 == 0
  [PASS] T0.6 follower: stopped episodes 0, then target collision 0.00 <= 0.25
  [PASS] T0.6 compliant: stopped episodes 2, then target collision 0.00 <= 0.25
  [PASS] T0.6 wrong_way: stopped episodes 0, then target collision 0.00 <= 0.25
