A32 reward gap: scripted responses branched at engagement, obstacles off, supervisor off (299 s)

102 crossings engaged with a compliant sense ({'port': 57, 'starboard': 45})
sense disagreeing with the drawn side (A17): 0 crossings

== outcome by response and side
outcome                 goal  other  target
response     side                          
compliant_30 port       0.54   0.00    0.46
             starboard  0.64   0.00    0.36
compliant_60 port       0.32   0.21    0.47
             starboard  0.49   0.20    0.31
stand_on     port       0.37   0.00    0.63
             starboard  0.44   0.00    0.56
wrong_30     port       0.28   0.02    0.70
             starboard  0.40   0.00    0.60
wrong_60     port       0.14   0.25    0.61
             starboard  0.20   0.27    0.53

==== 30 deg: compliant minus wrong, paired from the same engagement (positive = the reward prefers compliance)
pairs 102; both reach the goal 14; outcome differs 66

-- discounted from the branch (what the opening decision's advantage sees), all pairs, mean
           d_col  d_pf  d_prog  d_bnd  d_obs  d_smooth  d_exist  d_terminal  d_total
side                                                                                
port       34.24 -0.89     2.1   0.95    0.0      0.04    -0.35       25.67    61.25
starboard  31.91 -0.30     2.3   0.00    0.0      0.06    -0.39       27.80    61.55

-- discounted, pairs where both reach the goal (the pure preference), mean
           d_col  d_pf  d_prog  d_bnd  d_obs  d_smooth  d_exist  d_terminal  d_total
side                                                                                
port       16.59  2.01    0.00   7.06    0.0     -0.09     -0.0       -0.04    25.29
starboard  16.57  0.89    0.03   0.00    0.0      0.14      0.0        0.02    18.29

-- share of clean pairs where the reward prefers compliance (d_total > 0)
side
port         1.0
starboard    1.0

-- undiscounted to episode end, all pairs, mean
           u_col  u_pf  u_prog  u_terminal  u_total
side                                               
port       51.50 -7.79   16.83      105.26   164.88
starboard  48.46 -2.28   16.13       97.78   158.15

-- discounted gap vs the across-crossing std of the discounted return
             gap   std  gap/std
side                           
port       61.25  95.8     0.64
starboard  61.55  90.3     0.68

==== 60 deg: compliant minus wrong, paired from the same engagement (positive = the reward prefers compliance)
pairs 102; both reach the goal 6; outcome differs 70

-- discounted from the branch (what the opening decision's advantage sees), all pairs, mean
           d_col  d_pf  d_prog  d_bnd  d_obs  d_smooth  d_exist  d_terminal  d_total
side                                                                                
port       36.78 -1.29    1.65   1.99    0.0     -0.01    -0.28       19.55    57.94
starboard  34.91 -0.57    2.69   0.30    0.0     -0.04    -0.43       30.46    67.42

-- discounted, pairs where both reach the goal (the pure preference), mean
           d_col  d_pf  d_prog  d_bnd  d_obs  d_smooth  d_exist  d_terminal  d_total
side                                                                                
port       13.44 -3.82   -0.44  -0.03    0.0      0.19    -0.02       -0.42     8.89
starboard   9.72 -0.12    0.14   0.00    0.0     -0.01    -0.02       -0.32    10.33

-- share of clean pairs where the reward prefers compliance (d_total > 0)
side
port         1.0
starboard    1.0

-- undiscounted to episode end, all pairs, mean
           u_col   u_pf  u_prog  u_terminal  u_total
side                                                
port       57.33 -18.58   16.49       70.18   114.14
starboard  56.14  -2.94   18.70      115.56   186.77

-- discounted gap vs the across-crossing std of the discounted return
             gap    std  gap/std
side                            
port       57.94  89.50     0.65
starboard  67.42  83.42     0.81

