code matches baseline-v1
2026-09-22 18:55:21 == campaign start (02e853268828a32a)
2026-09-22 18:57:54    tier 1 ppos0_bl1 supervisor off exit 0
2026-09-22 19:01:46    tier 1 ppos0_bl1 supervisor on exit 0
code matches baseline-v1
2026-09-22 19:03:08 == campaign start (02e853268828a32a)
2026-09-22 19:03:08 == recurrent_ppo seed 0: training
2026-09-23 02:04:24 == recurrent_ppo seed 0 exit 0
2026-09-23 02:07:58    tier 1 recurrent_ppos0_bl1 supervisor off exit 0
2026-09-23 02:10:51    tier 1 recurrent_ppos0_bl1 supervisor on exit 0
2026-09-23 02:10:51 == stop file found, stopping before td3 seed 0
code matches baseline-v2
2026-09-23 04:04:11 == campaign start (3d697858e95e5adf)
2026-09-23 04:04:12 == ppo seed 0: training
2026-09-23 08:43:04 == ppo seed 0 exit 0
2026-09-23 08:47:13    tier 1 ppos0_bl2 supervisor off exit 0
2026-09-23 08:51:49    tier 1 ppos0_bl2 supervisor on exit 0
2026-09-23 08:51:49 == recurrent_ppo seed 0: training
2026-09-23 20:53:19 == recurrent_ppo seed 0 exit 0
2026-09-23 20:56:28    tier 1 recurrent_ppos0_bl2 supervisor off exit 0
2026-09-23 20:59:52    tier 1 recurrent_ppos0_bl2 supervisor on exit 0
2026-09-23 20:59:52 == sac seed 0: training
2026-09-25 08:18:13 == sac seed 0 exit 0
2026-09-25 08:21:46    tier 1 sacs0_bl2 supervisor off exit 0
2026-09-25 08:24:47    tier 1 sacs0_bl2 supervisor on exit 0
2026-09-25 08:24:48 == tqc seed 0: training
code matches baseline-v2
2026-09-26 08:44:22 == campaign start (3d697858e95e5adf)
2026-09-26 08:52:28 (duplicate campaign started 08:43 by mistake while the original was suspended; killed, partial ppos0 frozen output removed)
2026-09-26 12:46:05 hold set (runs/CAMPAIGN_STOP): stop after TQC seed 0; frozen suite to be fixed before seeds 1-2 and before frozen_seed0.sh (user)
2026-09-26 13:13:37 frozen gallery (PID 5152, 360/780) suspended: it slowed TQC 14 -> 6-8 steps/s; resumes when TQC seed 0 exits
2026-09-26 14:49:15 == hand-over armed: waiting for TQC seed 0 (PID 29780)
2026-09-26 15:12:50 == hand-over armed (suite 3.2): waiting for TQC seed 0 (PID 29780)
