[CONFIG] baseline-v3 (formulation 03a9c0c22f53ee0b): tqc seed 0
Using cpu device
[FIELD] building the field evaluation scenarios ...
Logging to C:\Users\hntran\OneDrive - University of Tasmania\Documents\PhD\asv-path-replanning\asv-lidar\static_dynamic_obstacles\runs\tensorboard\tqc_formulation_seed0_smoke_4
[CURRICULUM] t=0 -> scenario stage 1
[CURRICULUM] t=270 -> scenario stage 2
---------------------------------
| rollout/           |          |
|    ep_len_mean     | 33       |
|    ep_rew_mean     | -324     |
| time/              |          |
|    episodes        | 4        |
|    fps             | 21       |
|    time_elapsed    | 24       |
|    total_timesteps | 520      |
| train/             |          |
|    actor_loss      | -2.93    |
|    critic_loss     | 0.0237   |
|    ent_coef        | 0.926    |
|    ent_coef_loss   | -0.257   |
|    learning_rate   | 0.0003   |
|    n_updates       | 260      |
---------------------------------
[CURRICULUM] t=590 -> scenario stage 3
---------------------------------
| rollout/           |          |
|    ep_len_mean     | 45.9     |
|    ep_rew_mean     | -163     |
| time/              |          |
|    episodes        | 8        |
|    fps             | 17       |
|    time_elapsed    | 36       |
|    total_timesteps | 660      |
| train/             |          |
|    actor_loss      | -3.32    |
|    critic_loss     | 0.0326   |
|    ent_coef        | 0.888    |
|    ent_coef_loss   | -0.398   |
|    learning_rate   | 0.0003   |
|    n_updates       | 400      |
---------------------------------
---------------------------------
| rollout/           |          |
|    ep_len_mean     | 49.2     |
|    ep_rew_mean     | -238     |
| time/              |          |
|    episodes        | 12       |
|    fps             | 17       |
|    time_elapsed    | 42       |
|    total_timesteps | 720      |
| train/             |          |
|    actor_loss      | -3.49    |
|    critic_loss     | 0.0661   |
|    ent_coef        | 0.873    |
|    ent_coef_loss   | -0.46    |
|    learning_rate   | 0.0003   |
|    n_updates       | 460      |
---------------------------------
---------------------------------
| rollout/           |          |
|    ep_len_mean     | 45.5     |
|    ep_rew_mean     | -253     |
| time/              |          |
|    episodes        | 16       |
|    fps             | 14       |
|    time_elapsed    | 62       |
|    total_timesteps | 920      |
| train/             |          |
|    actor_loss      | -4.05    |
|    critic_loss     | 0.0616   |
|    ent_coef        | 0.822    |
|    ent_coef_loss   | -0.66    |
|    learning_rate   | 0.0003   |
|    n_updates       | 660      |
---------------------------------
---------------------------------
| rollout/           |          |
|    ep_len_mean     | 42.4     |
|    ep_rew_mean     | -266     |
| time/              |          |
|    episodes        | 20       |
|    fps             | 13       |
|    time_elapsed    | 72       |
|    total_timesteps | 1000     |
| train/             |          |
|    actor_loss      | -4.3     |
|    critic_loss     | 0.0765   |
|    ent_coef        | 0.802    |
|    ent_coef_loss   | -0.741   |
|    learning_rate   | 0.0003   |
|    n_updates       | 740      |
---------------------------------
[CURRICULUM] t=1,050 -> scenario stage 4
---------------------------------
| rollout/           |          |
|    ep_len_mean     | 42.5     |
|    ep_rew_mean     | -259     |
| time/              |          |
|    episodes        | 24       |
|    fps             | 12       |
|    time_elapsed    | 99       |
|    total_timesteps | 1240     |
| train/             |          |
|    actor_loss      | -4.93    |
|    critic_loss     | 0.0785   |
|    ent_coef        | 0.747    |
|    ent_coef_loss   | -0.983   |
|    learning_rate   | 0.0003   |
|    n_updates       | 980      |
---------------------------------
---------------------------------
| rollout/           |          |
|    ep_len_mean     | 40.9     |
|    ep_rew_mean     | -253     |
| time/              |          |
|    episodes        | 28       |
|    fps             | 11       |
|    time_elapsed    | 114      |
|    total_timesteps | 1370     |
| train/             |          |
|    actor_loss      | -5.19    |
|    critic_loss     | 0.0639   |
|    ent_coef        | 0.718    |
|    ent_coef_loss   | -1.11    |
|    learning_rate   | 0.0003   |
|    n_updates       | 1110     |
---------------------------------
---------------------------------
| rollout/           |          |
|    ep_len_mean     | 40.6     |
|    ep_rew_mean     | -268     |
| time/              |          |
|    episodes        | 32       |
|    fps             | 11       |
|    time_elapsed    | 138      |
|    total_timesteps | 1580     |
| train/             |          |
|    actor_loss      | -5.63    |
|    critic_loss     | 0.0723   |
|    ent_coef        | 0.674    |
|    ent_coef_loss   | -1.32    |
|    learning_rate   | 0.0003   |
|    n_updates       | 1320     |
---------------------------------
[CURRICULUM] t=1,640 -> scenario stage 5
---------------------------------
| rollout/           |          |
|    ep_len_mean     | 41.7     |
|    ep_rew_mean     | -277     |
| time/              |          |
|    episodes        | 36       |
|    fps             | 11       |
|    time_elapsed    | 156      |
|    total_timesteps | 1750     |
| train/             |          |
|    actor_loss      | -5.89    |
|    critic_loss     | 0.0765   |
|    ent_coef        | 0.641    |
|    ent_coef_loss   | -1.5     |
|    learning_rate   | 0.0003   |
|    n_updates       | 1490     |
---------------------------------
---------------------------------
| rollout/           |          |
|    ep_len_mean     | 42.2     |
|    ep_rew_mean     | -285     |
| time/              |          |
|    episodes        | 40       |
|    fps             | 10       |
|    time_elapsed    | 187      |
|    total_timesteps | 2020     |
| train/             |          |
|    actor_loss      | -6.13    |
|    critic_loss     | 0.0903   |
|    ent_coef        | 0.591    |
|    ent_coef_loss   | -1.77    |
|    learning_rate   | 0.0003   |
|    n_updates       | 1760     |
---------------------------------
---------------------------------
| rollout/           |          |
|    ep_len_mean     | 43.4     |
|    ep_rew_mean     | -293     |
| time/              |          |
|    episodes        | 44       |
|    fps             | 10       |
|    time_elapsed    | 194      |
|    total_timesteps | 2090     |
| train/             |          |
|    actor_loss      | -6.21    |
|    critic_loss     | 0.077    |
|    ent_coef        | 0.579    |
|    ent_coef_loss   | -1.83    |
|    learning_rate   | 0.0003   |
|    n_updates       | 1830     |
---------------------------------
---------------------------------
| rollout/           |          |
|    ep_len_mean     | 42.8     |
|    ep_rew_mean     | -298     |
| time/              |          |
|    episodes        | 48       |
|    fps             | 10       |
|    time_elapsed    | 210      |
|    total_timesteps | 2230     |
| train/             |          |
|    actor_loss      | -6.22    |
|    critic_loss     | 0.0973   |
|    ent_coef        | 0.555    |
|    ent_coef_loss   | -1.97    |
|    learning_rate   | 0.0003   |
|    n_updates       | 1970     |
---------------------------------
---------------------------------
| rollout/           |          |
|    ep_len_mean     | 42.5     |
|    ep_rew_mean     | -303     |
| time/              |          |
|    episodes        | 52       |
|    fps             | 10       |
|    time_elapsed    | 222      |
|    total_timesteps | 2340     |
| train/             |          |
|    actor_loss      | -6.27    |
|    critic_loss     | 0.0989   |
|    ent_coef        | 0.537    |
|    ent_coef_loss   | -2.08    |
|    learning_rate   | 0.0003   |
|    n_updates       | 2080     |
---------------------------------
[CURRICULUM] t=2,460 -> scenario stage 6
---------------------------------
| rollout/           |          |
|    ep_len_mean     | 41.5     |
|    ep_rew_mean     | -306     |
| time/              |          |
|    episodes        | 56       |
|    fps             | 9        |
|    time_elapsed    | 251      |
|    total_timesteps | 2500     |
| train/             |          |
|    actor_loss      | -6.23    |
|    critic_loss     | 0.12     |
|    ent_coef        | 0.512    |
|    ent_coef_loss   | -2.23    |
|    learning_rate   | 0.0003   |
|    n_updates       | 2240     |
---------------------------------
---------------------------------
| rollout/           |          |
|    ep_len_mean     | 40.9     |
|    ep_rew_mean     | -302     |
| time/              |          |
|    episodes        | 60       |
|    fps             | 8        |
|    time_elapsed    | 323      |
|    total_timesteps | 2700     |
| train/             |          |
|    actor_loss      | -6.2     |
|    critic_loss     | 0.13     |
|    ent_coef        | 0.483    |
|    ent_coef_loss   | -2.41    |
|    learning_rate   | 0.0003   |
|    n_updates       | 2440     |
---------------------------------
---------------------------------
| rollout/           |          |
|    ep_len_mean     | 40.3     |
|    ep_rew_mean     | -298     |
| time/              |          |
|    episodes        | 64       |
|    fps             | 8        |
|    time_elapsed    | 333      |
|    total_timesteps | 2740     |
| train/             |          |
|    actor_loss      | -6.15    |
|    critic_loss     | 0.129    |
|    ent_coef        | 0.477    |
|    ent_coef_loss   | -2.44    |
|    learning_rate   | 0.0003   |
|    n_updates       | 2480     |
---------------------------------
---------------------------------
| rollout/           |          |
|    ep_len_mean     | 39.8     |
|    ep_rew_mean     | -293     |
| time/              |          |
|    episodes        | 68       |
|    fps             | 8        |
|    time_elapsed    | 353      |
|    total_timesteps | 2850     |
| train/             |          |
|    actor_loss      | -6.11    |
|    critic_loss     | 0.133    |
|    ent_coef        | 0.462    |
|    ent_coef_loss   | -2.55    |
|    learning_rate   | 0.0003   |
|    n_updates       | 2590     |
---------------------------------
---------------------------------
| rollout/           |          |
|    ep_len_mean     | 39.3     |
|    ep_rew_mean     | -296     |
| time/              |          |
|    episodes        | 72       |
|    fps             | 8        |
|    time_elapsed    | 377      |
|    total_timesteps | 3040     |
| train/             |          |
|    actor_loss      | -5.95    |
|    critic_loss     | 0.139    |
|    ent_coef        | 0.436    |
|    ent_coef_loss   | -2.7     |
|    learning_rate   | 0.0003   |
|    n_updates       | 2780     |
---------------------------------
---------------------------------
| rollout/           |          |
|    ep_len_mean     | 39.1     |
|    ep_rew_mean     | -298     |
| time/              |          |
|    episodes        | 76       |
|    fps             | 8        |
|    time_elapsed    | 398      |
|    total_timesteps | 3220     |
| train/             |          |
|    actor_loss      | -5.94    |
|    critic_loss     | 0.142    |
|    ent_coef        | 0.414    |
|    ent_coef_loss   | -2.89    |
|    learning_rate   | 0.0003   |
|    n_updates       | 2960     |
---------------------------------
[CURRICULUM] t=3,280 -> scenario stage 7
---------------------------------
| rollout/           |          |
|    ep_len_mean     | 38.8     |
|    ep_rew_mean     | -302     |
| time/              |          |
|    episodes        | 80       |
|    fps             | 7        |
|    time_elapsed    | 431      |
|    total_timesteps | 3410     |
| train/             |          |
|    actor_loss      | -5.8     |
|    critic_loss     | 0.134    |
|    ent_coef        | 0.391    |
|    ent_coef_loss   | -3.07    |
|    learning_rate   | 0.0003   |
|    n_updates       | 3150     |
---------------------------------
---------------------------------
| rollout/           |          |
|    ep_len_mean     | 38.4     |
|    ep_rew_mean     | -303     |
| time/              |          |
|    episodes        | 84       |
|    fps             | 7        |
|    time_elapsed    | 445      |
|    total_timesteps | 3520     |
| train/             |          |
|    actor_loss      | -5.67    |
|    critic_loss     | 0.147    |
|    ent_coef        | 0.378    |
|    ent_coef_loss   | -3.16    |
|    learning_rate   | 0.0003   |
|    n_updates       | 3260     |
---------------------------------
---------------------------------
| rollout/           |          |
|    ep_len_mean     | 39.1     |
|    ep_rew_mean     | -309     |
| time/              |          |
|    episodes        | 88       |
|    fps             | 7        |
|    time_elapsed    | 457      |
|    total_timesteps | 3620     |
| train/             |          |
|    actor_loss      | -5.65    |
|    critic_loss     | 0.146    |
|    ent_coef        | 0.367    |
|    ent_coef_loss   | -3.3     |
|    learning_rate   | 0.0003   |
|    n_updates       | 3360     |
---------------------------------
---------------------------------
| rollout/           |          |
|    ep_len_mean     | 39       |
|    ep_rew_mean     | -311     |
| time/              |          |
|    episodes        | 92       |
|    fps             | 7        |
|    time_elapsed    | 480      |
|    total_timesteps | 3760     |
| train/             |          |
|    actor_loss      | -5.35    |
|    critic_loss     | 0.157    |
|    ent_coef        | 0.352    |
|    ent_coef_loss   | -3.44    |
|    learning_rate   | 0.0003   |
|    n_updates       | 3500     |
---------------------------------
---------------------------------
| rollout/           |          |
|    ep_len_mean     | 39       |
|    ep_rew_mean     | -309     |
| time/              |          |
|    episodes        | 96       |
|    fps             | 7        |
|    time_elapsed    | 496      |
|    total_timesteps | 3910     |
| train/             |          |
|    actor_loss      | -5.26    |
|    critic_loss     | 0.16     |
|    ent_coef        | 0.337    |
|    ent_coef_loss   | -3.55    |
|    learning_rate   | 0.0003   |
|    n_updates       | 3650     |
---------------------------------
---------------------------------
| rollout/           |          |
|    ep_len_mean     | 38.7     |
|    ep_rew_mean     | -310     |
| time/              |          |
|    episodes        | 100      |
|    fps             | 7        |
|    time_elapsed    | 512      |
|    total_timesteps | 4070     |
| train/             |          |
|    actor_loss      | -5.12    |
|    critic_loss     | 0.153    |
|    ent_coef        | 0.321    |
|    ent_coef_loss   | -3.68    |
|    learning_rate   | 0.0003   |
|    n_updates       | 3810     |
---------------------------------
[EVAL] t=4,100 safety off goal 0.02 collision 0.98 | dev goal 0.00 | field goal 0.02 (NT 0.00 HO 0.08 CRP 0.00 CRS 0.00 OT 0.00 BO 0.04) (118.5 s)
[EVAL] t=4,100 safety on goal 0.02 collision 0.98 | dev goal 0.00 | field goal 0.02 (NT 0.00 HO 0.08 CRP 0.00 CRS 0.00 OT 0.00 BO 0.04) (123.3 s)
done in 0.21 h -> C:\Users\hntran\OneDrive - University of Tasmania\Documents\PhD\asv-path-replanning\asv-lidar\static_dynamic_obstacles\runs\tqc_formulation_seed0_smoke
