Development crossings (20), run11s1 vs reference, supervisor off (194 s)

== summary (medians)
           goal  tcpa_engage  tcpa_first_turn  turned  compliant_first  peak_turn  wrong_turn  min_speed  speed_at_cpa  min_range
policy                                                                                                                           
reference  0.60         6.99             3.05    0.75             0.79      29.97       22.67       0.31           0.4       1.75
run11s1    0.55         7.17             5.64    0.70             0.35      30.75       30.62       0.40           0.5       1.94

== paired outcome (goal?)
reference  run11s1
True       True       9
False      False      6
True       False      3
False      True       2
Name: scenarios, dtype: int64

== by outcome
                  n  tcpa_first_turn  peak_turn  speed_at_cpa  compliant_first
policy    goal                                                                
reference False   8             4.22      30.83          0.41             0.40
          True   12             2.20      28.68          0.35             1.00
run11s1   False   9             4.49      12.50          0.44             0.29
          True   11             6.18      41.73          0.50             0.40

