Development crossings (20), run10 vs reference, supervisor off (217 s)

== summary (medians)
           goal  tcpa_engage  tcpa_first_turn  turned  compliant_first  peak_turn  wrong_turn  min_speed  speed_at_cpa  min_range
policy                                                                                                                           
reference  0.60         6.99             3.05    0.75             0.79      29.97       22.67       0.31          0.40       1.75
run10      0.65         7.13             6.03    0.70             0.38      33.02       27.65       0.31          0.47       1.60

== paired outcome (goal?)
reference  run10
True       True     8
False      True     5
True       False    4
False      False    3
Name: scenarios, dtype: int64

== by outcome
                  n  tcpa_first_turn  peak_turn  speed_at_cpa  compliant_first
policy    goal                                                                
reference False   8             4.22      30.83          0.41             0.40
          True   12             2.20      28.68          0.35             1.00
run10     False   7             5.83      28.07          0.65             0.33
          True   13             6.03      44.15          0.46             0.38

