Development crossings (20), run7 vs reference, supervisor off (174 s)

== summary (medians)
           goal  tcpa_engage  tcpa_first_turn  turned  compliant_first  peak_turn  wrong_turn  min_speed  speed_at_cpa  min_range
policy                                                                                                                           
reference   0.6         6.99             3.05    0.75             0.79      29.97       22.67       0.31          0.40       1.75
run7        0.3         7.32             6.45    0.60             0.19      26.00       31.83       0.51          0.68       1.79

== paired outcome (goal?)
reference  run7 
False      False    7
True       False    7
           True     5
False      True     1
Name: scenarios, dtype: int64

== by outcome
                  n  tcpa_first_turn  peak_turn  speed_at_cpa  compliant_first
policy    goal                                                                
reference False   8             4.22      30.83          0.41             0.40
          True   12             2.20      28.68          0.35             1.00
run7      False  14             5.79       4.01          0.62             0.10
          True    6             6.45      39.68          0.76             0.33

