Development crossings (20), run8best vs reference, supervisor off (210 s)

== summary (medians)
           goal  tcpa_engage  tcpa_first_turn  turned  compliant_first  peak_turn  wrong_turn  min_speed  speed_at_cpa  min_range
policy                                                                                                                           
reference  0.60         6.99             3.05    0.75             0.79      29.97       22.67       0.31          0.40       1.75
run8best   0.75         7.20             5.54    0.75             0.50      42.19       32.33       0.26          0.41       1.92

== paired outcome (goal?)
reference  run8best
True       True        9
False      True        6
True       False       3
False      False       2
Name: scenarios, dtype: int64

== by outcome
                  n  tcpa_first_turn  peak_turn  speed_at_cpa  compliant_first
policy    goal                                                                
reference False   8             4.22      30.83          0.41             0.40
          True   12             2.20      28.68          0.35             1.00
run8best  False   5             6.27      29.35          0.50             0.67
          True   15             5.54      44.64          0.38             0.47

