Development crossings (20), run12s1 vs reference, supervisor off (189 s)

== summary (medians)
           goal  tcpa_engage  tcpa_first_turn  turned  compliant_first  peak_turn  wrong_turn  min_speed  speed_at_cpa  min_range
policy                                                                                                                           
reference   0.6         6.99             3.05    0.75             0.79      29.97       22.67       0.31          0.40       1.75
run12s1     0.6         7.58             5.76    0.85             0.22      26.86       29.50       0.44          0.63       1.76

== paired outcome (goal?)
reference  run12s1
True       True       8
False      False      4
           True       4
True       False      4
Name: scenarios, dtype: int64

== by outcome
                  n  tcpa_first_turn  peak_turn  speed_at_cpa  compliant_first
policy    goal                                                                
reference False   8             4.22      30.83          0.41             0.40
          True   12             2.20      28.68          0.35             1.00
run12s1   False   8             7.56       4.51          0.66             0.00
          True   12             4.90      43.21          0.57             0.36

