Development crossings (20), run11 vs reference, supervisor off (183 s)

== summary (medians)
           goal  tcpa_engage  tcpa_first_turn  turned  compliant_first  peak_turn  wrong_turn  min_speed  speed_at_cpa  min_range
policy                                                                                                                           
reference  0.60         6.99             3.05    0.75             0.79      29.97       22.67       0.31          0.40       1.75
run11      0.75         7.23             4.34    0.75             0.44      40.12       31.73       0.46          0.66       1.96

== paired outcome (goal?)
reference  run11
True       True     11
False      False     4
           True      4
True       False     1
Name: scenarios, dtype: int64

== by outcome
                  n  tcpa_first_turn  peak_turn  speed_at_cpa  compliant_first
policy    goal                                                                
reference False   8             4.22      30.83          0.41             0.40
          True   12             2.20      28.68          0.35             1.00
run11     False   5             2.55      30.13          0.66             0.33
          True   15             4.78      42.45          0.67             0.46

