Development crossings (20), run6 vs reference, supervisor off (294 s)

== summary (medians)
           goal  tcpa_engage  tcpa_first_turn  turned  compliant_first  peak_turn  wrong_turn  min_speed  speed_at_cpa  min_range
policy                                                                                                                           
reference  0.60         6.99             3.05    0.75             0.79      29.97       22.67       0.31          0.40       1.75
run6       0.45         7.10             5.90    0.70             0.25      17.44       22.57       0.41          0.52       1.91

== paired outcome (goal?)
reference  run6 
True       True     8
False      False    7
True       False    4
False      True     1
Name: scenarios, dtype: int64

== by outcome
                  n  tcpa_first_turn  peak_turn  speed_at_cpa  compliant_first
policy    goal                                                                
reference False   8             4.22      30.83          0.41             0.40
          True   12             2.20      28.68          0.35             1.00
run6      False  11             6.78       2.34          0.56             0.25
          True    9             5.34      35.59          0.38             0.25

