Paper 2 deployment-layout set (ppos0_bl2) -- runs\ppo_formulation_seed0_bl2\best_model.zip
1260 episodes, set revision 2.0, manifest 67311d204bcc01d7, 805 s

-- by supervisor
              n  success  coll_target  coll_other  rms_cte  min_range  estops
supervisor                                                                   
off         630    0.522        0.319       0.159    0.865      1.894   0.000
on          630    0.511        0.321       0.168    0.868      1.912   0.025

-- no target, by layout (supervisor off)
         n  success  coll_target  coll_other  rms_cte  min_range  estops
layout                                                                  
L1      10      1.0          0.0         0.0    0.976        inf     0.0
L2      10      1.0          0.0         0.0    1.902        inf     0.0
L3      10      1.0          0.0         0.0    0.946        inf     0.0

-- with a target, by encounter and speed
                  n  success  coll_target  coll_other  rms_cte  min_range  estops
encounter speed                                                                  
BO        FIX    60    0.300        0.267       0.433    0.335      1.855     0.0
          VAR    60    0.317        0.300       0.383    0.321      1.752     0.0
CRP       FIX    60    0.550        0.417       0.033    0.870      1.805     0.0
          VAR    60    0.517        0.467       0.017    0.838      1.784     0.0
CRS       FIX    60    0.783        0.217       0.000    0.946      1.999     0.0
          VAR    60    0.717        0.267       0.017    0.918      2.038     0.0
HO        FIX    60    0.217        0.700       0.083    0.681      1.818     0.0
          VAR    60    0.283        0.600       0.117    0.720      1.786     0.0
OT        FIX    60    0.650        0.050       0.300    1.416      3.050     0.0
          VAR    60    0.650        0.067       0.283    1.404      3.014     0.0

-- with a target, by layout and speed
                n  success  coll_target  coll_other  rms_cte  min_range  estops
layout speed                                                                   
L1     FIX    100     0.36         0.25        0.39    0.757      2.443     0.0
       VAR    100     0.38         0.24        0.38    0.768      2.636     0.0
L2     FIX    100     0.62         0.33        0.05    1.041      1.845     0.0
       VAR    100     0.60         0.34        0.06    1.051      1.801     0.0
L3     FIX    100     0.52         0.41        0.07    0.751      1.835     0.0
       VAR    100     0.51         0.44        0.05    0.702      1.835     0.0

-- VAR against its FIX twin (same scenario and seed; only the speed differs)
      n  success_fix  success_var   lost  gained
enc                                             
BO   60        0.300        0.317  0.050   0.067
CRP  60        0.550        0.517  0.050   0.017
CRS  60        0.783        0.717  0.083   0.017
HO   60        0.217        0.283  0.017   0.083
OT   60        0.650        0.650  0.133   0.133


Paper 2 deployment-layout set (recurrent_ppos0_bl2) -- runs\recurrent_ppo_formulation_seed0_bl2\best_model.zip
1260 episodes, set revision 2.0, manifest 67311d204bcc01d7, 888 s

-- by supervisor
              n  success  coll_target  coll_other  rms_cte  min_range  estops
supervisor                                                                   
off         630    0.429        0.327       0.244    0.822       2.09     0.0
on          630    0.429        0.327       0.244    0.822       2.09     0.0

-- no target, by layout (supervisor off)
         n  success  coll_target  coll_other  rms_cte  min_range  estops
layout                                                                  
L1      10      0.9          0.0         0.1    1.324        inf     0.0
L2      10      1.0          0.0         0.0    1.293        inf     0.0
L3      10      1.0          0.0         0.0    0.856        inf     0.0

-- with a target, by encounter and speed
                  n  success  coll_target  coll_other  rms_cte  min_range  estops
encounter speed                                                                  
BO        FIX    60    0.333        0.200       0.467    0.316      1.481     0.0
          VAR    60    0.367        0.200       0.433    0.316      1.517     0.0
CRP       FIX    60    0.300        0.600       0.100    0.690      1.570     0.0
          VAR    60    0.283        0.617       0.100    0.655      1.653     0.0
CRS       FIX    60    0.517        0.300       0.183    0.527      2.106     0.0
          VAR    60    0.517        0.283       0.200    0.568      2.038     0.0
HO        FIX    60    0.400        0.583       0.017    0.934      1.846     0.0
          VAR    60    0.367        0.583       0.050    0.965      1.849     0.0
OT        FIX    60    0.500        0.017       0.483    1.531      3.188     0.0
          VAR    60    0.433        0.050       0.517    1.549      3.259     0.0

-- with a target, by layout and speed
                n  success  coll_target  coll_other  rms_cte  min_range  estops
layout speed                                                                   
L1     FIX    100     0.36         0.21        0.43    1.198      3.042     0.0
       VAR    100     0.33         0.19        0.48    1.239      3.159     0.0
L2     FIX    100     0.37         0.44        0.19    0.721      1.847     0.0
       VAR    100     0.38         0.47        0.15    0.714      1.849     0.0
L3     FIX    100     0.50         0.37        0.13    0.480      1.821     0.0
       VAR    100     0.47         0.38        0.15    0.479      1.803     0.0

-- VAR against its FIX twin (same scenario and seed; only the speed differs)
      n  success_fix  success_var   lost  gained
enc                                             
BO   60        0.333        0.367  0.000   0.033
CRP  60        0.300        0.283  0.117   0.100
CRS  60        0.517        0.517  0.083   0.083
HO   60        0.400        0.367  0.083   0.050
OT   60        0.500        0.433  0.100   0.033


Paper 2 deployment-layout set (sacs0_bl2) -- runs\sac_formulation_seed0_bl2\best_model.zip
1260 episodes, set revision 2.0, manifest 67311d204bcc01d7, 606 s

-- by supervisor
              n  success  coll_target  coll_other  rms_cte  min_range  estops
supervisor                                                                   
off         630    0.451        0.130       0.419    0.998      2.632   0.000
on          630    0.437        0.133       0.430    1.014      2.698   0.063

-- no target, by layout (supervisor off)
         n  success  coll_target  coll_other  rms_cte  min_range  estops
layout                                                                  
L1      10      0.8          0.0         0.2    1.689        inf     0.0
L2      10      1.0          0.0         0.0    1.338        inf     0.0
L3      10      1.0          0.0         0.0    0.685        inf     0.0

-- with a target, by encounter and speed
                  n  success  coll_target  coll_other  rms_cte  min_range  estops
encounter speed                                                                  
BO        FIX    60    0.583        0.000       0.417    0.981      3.386     0.0
          VAR    60    0.617        0.000       0.383    0.980      3.766     0.0
CRP       FIX    60    0.383        0.367       0.250    0.662      1.829     0.0
          VAR    60    0.400        0.383       0.217    0.703      1.821     0.0
CRS       FIX    60    0.267        0.250       0.483    0.765      2.330     0.0
          VAR    60    0.267        0.283       0.450    0.810      2.448     0.0
HO        FIX    60    0.200        0.017       0.783    0.968      3.558     0.0
          VAR    60    0.233        0.033       0.733    0.926      3.590     0.0
OT        FIX    60    0.633        0.017       0.350    1.525      2.127     0.0
          VAR    60    0.683        0.017       0.300    1.543      2.115     0.0

-- with a target, by layout and speed
                n  success  coll_target  coll_other  rms_cte  min_range  estops
layout speed                                                                   
L1     FIX    100     0.31         0.14        0.55    1.078      2.503     0.0
       VAR    100     0.32         0.14        0.54    1.119      2.411     0.0
L2     FIX    100     0.50         0.10        0.40    1.093      2.567     0.0
       VAR    100     0.50         0.15        0.35    1.077      2.663     0.0
L3     FIX    100     0.43         0.15        0.42    0.770      2.437     0.0
       VAR    100     0.50         0.14        0.36    0.782      2.463     0.0

-- VAR against its FIX twin (same scenario and seed; only the speed differs)
      n  success_fix  success_var   lost  gained
enc                                             
BO   60        0.583        0.617  0.000   0.033
CRP  60        0.383        0.400  0.017   0.033
CRS  60        0.267        0.267  0.083   0.083
HO   60        0.200        0.233  0.033   0.067
OT   60        0.633        0.683  0.033   0.083


Paper 2 deployment-layout set (tqcs0_bl2) -- runs\tqc_formulation_seed0_bl2\best_model.zip
1260 episodes, set revision 2.0, manifest 67311d204bcc01d7, 577 s

-- by supervisor
              n  success  coll_target  coll_other  rms_cte  min_range  estops
supervisor                                                                   
off         630    0.337         0.17       0.494    0.825      2.110   0.000
on          630    0.329         0.17       0.502    0.831      2.128   0.017

-- no target, by layout (supervisor off)
         n  success  coll_target  coll_other  rms_cte  min_range  estops
layout                                                                  
L1      10      1.0          0.0         0.0    1.207        inf     0.0
L2      10      0.4          0.0         0.6    0.908        inf     0.0
L3      10      0.9          0.0         0.1    0.892        inf     0.0

-- with a target, by encounter and speed
                  n  success  coll_target  coll_other  rms_cte  min_range  estops
encounter speed                                                                  
BO        FIX    60    0.267        0.100       0.633    0.493      2.252     0.0
          VAR    60    0.300        0.050       0.650    0.545      2.283     0.0
CRP       FIX    60    0.250        0.183       0.567    0.792      2.013     0.0
          VAR    60    0.233        0.217       0.550    0.782      1.936     0.0
CRS       FIX    60    0.250        0.200       0.550    0.608      2.068     0.0
          VAR    60    0.267        0.183       0.550    0.619      2.106     0.0
HO        FIX    60    0.217        0.167       0.617    0.820      1.831     0.0
          VAR    60    0.217        0.233       0.550    0.811      1.869     0.0
OT        FIX    60    0.600        0.217       0.183    1.355      2.103     0.0
          VAR    60    0.550        0.233       0.217    1.334      2.200     0.0

-- with a target, by layout and speed
                n  success  coll_target  coll_other  rms_cte  min_range  estops
layout speed                                                                   
L1     FIX    100     0.34         0.18        0.48    0.925      2.364     0.0
       VAR    100     0.32         0.20        0.48    0.934      2.305     0.0
L2     FIX    100     0.35         0.19        0.46    0.864      1.728     0.0
       VAR    100     0.37         0.20        0.43    0.910      1.782     0.0
L3     FIX    100     0.26         0.15        0.59    0.652      2.134     0.0
       VAR    100     0.25         0.15        0.60    0.612      2.188     0.0

-- VAR against its FIX twin (same scenario and seed; only the speed differs)
      n  success_fix  success_var   lost  gained
enc                                             
BO   60        0.267        0.300  0.017   0.050
CRP  60        0.250        0.233  0.100   0.083
CRS  60        0.250        0.267  0.050   0.067
HO   60        0.217        0.217  0.033   0.033
OT   60        0.600        0.550  0.117   0.067


