code matches baseline-v2
2026-09-27 11:23:31 == ppo seed 0: already trained
2026-09-27 11:23:33    frozen suite ppos0_bl2: already evaluated
2026-09-27 11:23:33 == ppo seed 0 done
code matches baseline-v3
2026-09-28 14:19:16 == sac seed 0: training
2026-09-30 01:41:49 == extend watcher armed: waiting for the 2.5 M run (PID 1708) to finish, then 2.5 M -> 3.0 M
2026-09-30 10:37:31    2.5 M finished; final model kept as final_model_2500000.zip; resuming to 3.0 M
2026-09-30 10:39:34    pinned learner 4360
2026-09-30 20:16:15 == sac seed 0 (bl3) 2.5 M -> 3.0 M exit 0
code matches baseline-v3
2026-09-30 20:16:46 == sac seed 0: already trained
2026-09-30 20:20:19    tier 1 sacs0_bl3 supervisor off exit 0
2026-09-30 20:23:57    tier 1 sacs0_bl3 supervisor on exit 0
2026-09-30 20:55:38    frozen suite sacs0_bl3 exit 0
2026-09-30 21:20:00    Paper 2 set sacs0_bl3 exit 0
2026-09-30 21:20:01 == sac seed 0 done
2026-09-30 21:42:35 == sacs0_bl3_stage8: stage 8 from 2.5 M to 3.0 M (configs/finetune_v3_stage8.json)
2026-09-30 21:45:08    pinned learner 17848
2026-10-01 07:36:12    stage 8 exit 0
2026-10-01 08:08:27    frozen suite sacs0_bl3_stage8 exit 0
2026-10-01 08:32:56    Paper 2 set sacs0_bl3_stage8 exit 0
2026-10-01 08:32:57 == sacs0_bl3_stage8 done
2026-10-01 14:18:18 == sacs0_bl3_fix1: fix 1 from 2.5 M to 3.0 M (configs/finetune_v3_fix1.json)
2026-10-01 14:20:52    pinned learner 28264
2026-10-01 20:29:23 == ppos0_bl3_hb watcher armed: waiting for sacs0_bl3_fix1 (training + evaluations) to finish
2026-10-01 21:29:12    ppos0_bl3_hb watcher stopped: PPO hand-back plan on hold (your call)
2026-10-02 01:24:25    fix-1 fine-tune exit 0
2026-10-02 02:00:38    frozen suite sacs0_bl3_fix1 exit 0
2026-10-02 02:24:15    Paper 2 set sacs0_bl3_fix1 exit 0
2026-10-02 02:24:16 == sacs0_bl3_fix1 done
2026-10-02 02:26:33    fix-1 finished; collecting hand-back states
2026-10-02 02:48:15    hand-back collection exit 0 (1275 records from 520 episodes)
2026-10-02 02:48:16 == ppos0_bl3_hb: training 0 -> 2.5 M (hand-back starts, 25 % from stage 6)
2026-10-02 02:50:50    pinned learner 18644
2026-10-02 03:48:25 == ppos0_bl3 armed: waiting for the held hand-back run (ppos0_bl3_hb) to be stopped
2026-10-02 07:57:25    removed the held hand-back run's folder (ppos0_bl3_hb)
2026-10-02 07:57:25 == ppos0_bl3: training 0 -> 2.5 M (filter-free, baseline-v3)
2026-10-02 07:59:57    pinned learner 8388
2026-10-02 12:24:24    ppos0_bl3: first start died at 07:58 (killed with the session's shell before training began); restarting detached
2026-10-02 12:24:42 == ppos0_bl3: training 0 -> 2.5 M (filter-free, baseline-v3)
2026-10-02 12:27:14    pinned learner 22752
2026-10-03 01:41:08 == G4 pilot watcher armed: waiting for ppos0_bl3 (training + evaluations) to finish
2026-10-03 03:59:24    ppos0_bl3 2.5 M exit 0
2026-10-03 03:59:25 == ppos0_bl3: 2.5 M -> 3.0 M
2026-10-03 04:01:58    pinned learner 12172
2026-10-03 11:37:15    ppos0_bl3 3.0 M exit 0
code matches baseline-v3
2026-10-03 11:38:23 == ppo seed 0: already trained
2026-10-03 11:44:20    tier 1 ppos0_bl3 supervisor off exit 0
2026-10-03 11:50:11    tier 1 ppos0_bl3 supervisor on exit 0
2026-10-03 12:58:42    frozen suite ppos0_bl3 exit 0
2026-10-03 14:24:41    Paper 2 set ppos0_bl3 exit 0
2026-10-03 14:24:41 == ppo seed 0 done
2026-10-03 14:28:08    ppos0_bl3 finished; G4 pilots start
2026-10-03 14:28:08 == G4 pilot A: v4 from 1.5 M to 2.0 M, gamma 0.9509900498999999
2026-10-03 14:30:41    pinned pilot learner 29856
2026-10-03 15:49:47 == v4 revision watcher armed: waiting for '== G4 done'
2026-10-03 15:49:50    v4 draft revision exit 0 (formulation_v4 revised to 4.1-draft)
2026-10-03 15:51:08    v4 revision watcher misfired (its own note matched); stopped, formulation_v4 restored to 4.0-draft, G3 run stopped
2026-10-03 15:51:29 == v4 revision watcher armed: waiting for the G4 pilots to finish
2026-10-03 18:22:40    pilot A exit 0
2026-10-03 18:22:41 == G4 pilot B: v4 from 1.5 M to 2.0 M, gamma 0.98
2026-10-03 18:25:15    pinned pilot learner 8088
2026-10-03 20:59:51    pilot B exit 0
2026-10-03 21:28:52    G4 evaluation exit 0 (results/v4_gates/g4_summary.txt)
2026-10-03 21:28:52 == G4 done
2026-10-03 21:33:03    v4 draft revision exit 0 (formulation_v4 revised to 4.1-draft)
2026-10-03 21:45:45    G3 on the 4.1 draft exit 0 (results/v4_gates/g3_summary.txt)
2026-10-03 21:45:45 == v4 revision done
2026-10-03 22:29:13 == feasibility run: oracle (development sets), crossing trace, oracle (test set v3); 5 processes
2026-10-03 22:29:14    oracle development sets exit 127 (results/feasibility/oracle_summary.txt)
2026-10-03 22:29:14    crossing trace exit 127 (results/crossing_trace/summary.txt)
2026-10-03 22:29:14    oracle test set v3 exit 127 (results/feasibility/oracle_summary.txt)
2026-10-03 22:29:14 == feasibility run done
2026-10-03 22:29:27    (the 22:29 feasibility lines above were a false start under WSL bash: python not found, nothing ran; relaunched with Git Bash)
2026-10-03 22:29:27 == feasibility run: oracle (development sets), crossing trace, oracle (test set v3); 5 processes
2026-10-03 22:32:50    dev controller outcomes (SAC 3 M, LOS-DWA, COLREGs-VO on the 370 oracle dev episodes; 3 processes) -> results/feasibility/dev_outcomes.csv
2026-10-03 23:45:42    feasibility run stopped at 118/370 dev episodes: the single-manoeuvre oracle missed solutions (SAC solved 9 of its 12 'unsolved'); oracle being revised
2026-10-04 00:18:38 == feasibility run: oracle (development sets), crossing trace, oracle (test set v3); 6 processes
2026-10-04 02:10:46    oracle development sets exit 0 (results/feasibility/oracle_summary.txt)
2026-10-04 02:13:04    crossing trace exit 0 (results/crossing_trace/summary.txt)
2026-10-04 04:32:44    oracle test set v3 exit 0 (results/feasibility/oracle_summary.txt)
2026-10-04 04:32:44 == feasibility run done
2026-10-04 04:56:54    test set v4 build: v3 with the 67 oracle-failing episodes (tight, decided before tracking, unsolvable) replaced by same-cell draws that pass (results/test_set_v4_build.log)
2026-10-04 04:59:05 == development-set oracle (evaluation seeds) queued: waiting for the test set v4 build
2026-10-04 04:59:51 == SAC on test set v4 queued: waiting for the build
2026-10-04 05:02:19 == development-set replacements queued: waiting for the development-set oracle
2026-10-04 05:25:15    test set v4 build: test set 4.0: 1000 episodes from 1103 distinct scenarios (103 near-duplicates removed), digest a8c40beb234ea7f9, built in 1674 s
2026-10-04 05:29:57    SAC on test set v4 exit 0 (results/test_set/v4/sacs0_bl3/summary.txt)
2026-10-04 05:29:58 == SAC on test set v4 done
2026-10-04 06:26:43    development-set oracle exit 0 (results/feasibility/oracle_summary.txt)
2026-10-04 06:26:44 == development-set oracle done
2026-10-04 06:45:41    development-set replacements exit 0 ([dev v4] 37 of 37 replaced in 1069 s -> configs\dev_set_v4_replacements.json)
2026-10-04 06:45:41 == development-set replacements done
2026-10-04 07:41:30    reward check: SAC's continuation from the first track vs successful oracle manoeuvres, development crossings (results/crossing_trace/reward_check_summary.txt)
2026-10-04 11:33:59    hard-state start pool for v4.3: 1,200 training-namespace dense layouts, route-follower approach to the first track, oracle-checked (results/hard_starts/harvest.log)
2026-10-04 13:47:53 == v4.3 SAC pair queued: waiting for the hard-state pool
2026-10-04 13:47:54    pool: [hard starts] 505 of 1200 kept in 7297 s -> C:\Users\hntran\OneDrive - University of Tasmania\Docume
2026-10-04 13:47:54 == v4.3 SAC pair, arm v43: 3.0 M -> 3.5 M (configs/finetune_v4_pair_v43.json)
2026-10-04 13:51:57    pinned learner 9240
2026-10-04 15:55:26    baseline-v1/v2 removed (decision): run folders and logs via git rm (recoverable from git history); their replay buffers (sac bl2 kept, tqc bl2) to the Recycle Bin; configs/baseline_v1.json, baseline_v2.json and result summaries kept
2026-10-04 23:58:38    arm v43 exit 0
2026-10-04 23:58:38 == v4.3 SAC pair, arm v3: 3.0 M -> 3.5 M (configs/finetune_v4_pair_v3.json)
2026-10-05 00:02:41    pinned learner 25412
2026-10-05 09:54:18    arm v3 exit 0
2026-10-05 09:54:27    pair comparison exit 0 (results/v4_gates/pair_summary.txt)
2026-10-05 10:03:10    test set v4, arm v43 exit 0 (results/test_set/v4/sacs0_bl3_v43pair/summary.txt)
2026-10-05 10:11:29    test set v4, arm v3 exit 0 (results/test_set/v4/sacs0_bl3_v3pair/summary.txt)
2026-10-05 10:11:29 == v4.3 SAC pair done
2026-10-05 11:24:16    pair re-scoring on three new seed sets (declared before running; decision on these seeds only) -> results/v4_gates/pair_reseed_summary.txt
2026-10-05 13:02:33 == SAC baseline-v4.3 full run: seed 0, 3 M steps from scratch (configs/baseline_v4.json)
code matches baseline-v4
2026-10-05 13:02:39 == sac seed 0: training
2026-10-05 13:07:36    pinned learner 26252
2026-10-07 15:14:40 == sac seed 0 exit 0
2026-10-07 15:18:08    tier 1 sacs0_bl4 supervisor off exit 0
2026-10-07 15:21:05    tier 1 sacs0_bl4 supervisor on exit 0
2026-10-07 15:52:07    frozen suite sacs0_bl4 exit 0
2026-10-07 16:13:43    Paper 2 set sacs0_bl4 exit 0
2026-10-07 16:13:44 == sac seed 0 done
2026-10-07 16:13:44    train_seed.sh exit 0
2026-10-07 16:21:13    test set v4, SAC v4.3 exit 0 (results/test_set/v4/sacs0_bl4/summary.txt)
2026-10-07 16:21:14 == SAC baseline-v4.3 full run done
code matches baseline-v3
2026-10-07 16:59:50 == recurrent_ppos0_bl3: training 0 -> 2.5 M (baseline-v3)
2026-10-07 17:01:53    pinned learner 30776
2026-10-07 17:52:25    recurrent_ppos0_bl3: stopped at 25.6 k steps (13 steps/s, thread oversubscription), set aside as _incomplete_20261007_1752; restarting with --torch-threads 4
code matches baseline-v3
2026-10-07 17:52:40 == recurrent_ppos0_bl3: training 0 -> 2.5 M (baseline-v3)
2026-10-07 17:54:43    pinned learner 15340
2026-10-07 18:41:26    recurrent_ppos0_bl3: stopped at 51200 steps (21 steps/s pinned to 4 CPUs), set aside as _incomplete_20261007_1841; restarting unpinned on all 12 CPUs (decision: pinning only for SAC and TQC)
code matches baseline-v3
2026-10-07 18:42:43 == recurrent_ppos0_bl3: training 0 -> 2.5 M (baseline-v3, unpinned)
