549 episodes to run (0 already done), 2 processes
[1/549] DV3:DV3-NT-CV-01 goal steps 56 fires v4 - v7 2 branches 1 (10.2 s; 1 min)
[2/549] DV3:DV3-NT-CV-02 collision:obstacle steps 38 fires v4 - v7 1 branches 1 (19.5 s; 1 min)
[3/549] DV3:DV3-NT-CV-05 goal steps 51 fires v4 - v7 1 branches 1 (11.0 s; 1 min)
[4/549] DV3:DV3-NT-CV-04 collision:obstacle steps 43 fires v4 - v7 2 branches 1 (23.4 s; 1 min)
[5/549] DV3:DV3-NT-CV-06 collision:obstacle steps 23 fires v4 - v7 2 branches 1 (26.8 s; 1 min)
[6/549] DV3:DV3-NT-CV-09 goal steps 60 fires v4 - v7 1 branches 1 (25.6 s; 1 min)
[7/549] DV3:DV3-NT-CV-10 goal steps 52 fires v4 - v7 1 branches 1 (7.9 s; 1 min)
[8/549] DV3:DV3-NT-CV-14 goal steps 57 fires v4 - v7 2 branches 1 (15.4 s; 2 min)
[9/549] DV3:DV3-NT-CV-12 collision:boundary steps 36 fires v4 - v7 1 branches 1 (28.1 s; 2 min)
[10/549] DV3:DV3-NT-CV-15 collision:obstacle steps 34 fires v4 - v7 1 branches 1 (9.1 s; 2 min)
[11/549] DV3:DV3-NT-CV-16 goal steps 57 fires v4 - v7 2 branches 1 (8.0 s; 2 min)
[12/549] DV3:DV3-NT-CV-17 goal steps 50 fires v4 - v7 1 branches 1 (6.5 s; 2 min)
[13/549] DV3:DV3-NT-CV-18 goal steps 59 fires v4 - v7 2 branches 1 (13.9 s; 2 min)
[14/549] DV3:DV3-NT-CV-19 goal steps 60 fires v4 - v7 1 branches 1 (20.7 s; 2 min)
[15/549] DV3:DV3-NT-CV-20 collision:obstacle steps 21 fires v4 - v7 5 branches 1 (18.6 s; 2 min)
[16/549] DV3:DV3-HO-CV-01 collision:obstacle steps 36 fires v4 - v7 2 branches 1 (27.3 s; 3 min)
[17/549] DV3:DV3-HO-CV-02 goal steps 49 fires v4 - v7 3 branches 1 (36.0 s; 3 min)
[18/549] DV3:DV3-HO-CV-03 collision:obstacle steps 33 fires v4 - v7 4 branches 1 (48.8 s; 4 min)
[19/549] DV3:DV3-HO-CV-04 collision:obstacle steps 28 fires v4 - v7 1 branches 1 (32.4 s; 4 min)
[20/549] DV3:DV3-HO-CV-06 goal steps 52 fires v4 - v7 4 branches 1 (18.5 s; 4 min)
[21/549] DV3:DV3-HO-CV-05 collision:obstacle steps 23 fires v4 - v7 2 branches 1 (27.7 s; 4 min)
[22/549] DV3:DV3-HO-CV-08 goal steps 52 fires v4 - v7 1 branches 1 (10.7 s; 4 min)
[23/549] DV3:DV3-HO-CV-09 goal steps 49 fires v4 - v7 1 branches 1 (10.4 s; 4 min)
[24/549] DV3:DV3-HO-CV-10 collision:obstacle steps 26 fires v4 - v7 1 branches 1 (21.8 s; 4 min)
[25/549] DV3:DV3-HO-CV-11 goal steps 49 fires v4 - v7 3 branches 1 (30.6 s; 5 min)
[26/549] DV3:DV3-HO-CV-13 collision:obstacle steps 32 fires v4 - v7 2 branches 1 (27.5 s; 5 min)
[27/549] DV3:DV3-HO-CV-14 goal steps 56 fires v4 - v7 2 branches 1 (19.1 s; 5 min)
[28/549] DV3:DV3-HO-CV-15 goal steps 51 fires v4 - v7 1 branches 1 (10.4 s; 5 min)
[29/549] DV3:DV3-HO-CV-16 collision:obstacle steps 23 fires v4 - v7 2 branches 1 (17.6 s; 5 min)
[30/549] DV3:DV3-HO-CV-18 goal steps 56 fires v4 - v7 4 branches 1 (25.8 s; 6 min)
[31/549] DV3:DV3-HO-CV-19 goal steps 48 fires v4 - v7 1 branches 1 (17.0 s; 6 min)
[32/549] DV3:DV3-HO-CV-20 goal steps 48 fires v4 - v7 7 branches 1 (33.1 s; 6 min)
[33/549] DV3:DV3-HO-VS-03 goal steps 50 fires v4 - v7 2 branches 1 (22.2 s; 6 min)
[34/549] DV3:DV3-HO-VS-04 goal steps 47 fires v4 - v7 1 branches 1 (8.9 s; 7 min)
[35/549] DV3:DV3-HO-VS-01 collision:boundary steps 36 fires v4 - v7 2 branches 1 (69.9 s; 7 min)
[36/549] DV3:DV3-HO-VS-05 collision:obstacle steps 32 fires v4 - v7 1 branches 1 (23.5 s; 7 min)
[37/549] DV3:DV3-CRP-CV-01 goal steps 56 fires v4 - v7 2 branches 1 (17.1 s; 7 min)
[38/549] DV3:DV3-CRP-CV-04 collision:obstacle steps 26 fires v4 - v7 3 branches 1 (26.4 s; 7 min)
[39/549] DV3:DV3-CRP-CV-03 goal steps 49 fires v4 - v7 7 branches 1 (40.7 s; 8 min)
[40/549] DV3:DV3-CRP-CV-07 goal steps 48 fires v4 - v7 1 branches 1 (10.2 s; 8 min)
[41/549] DV3:DV3-CRP-CV-05 goal steps 53 fires v4 - v7 1 branches 1 (23.9 s; 8 min)
[42/549] DV3:DV3-CRP-CV-08 goal steps 48 fires v4 - v7 1 branches 1 (9.7 s; 8 min)
[43/549] DV3:DV3-CRP-CV-09 goal steps 51 fires v4 - v7 1 branches 1 (11.0 s; 8 min)
[44/549] DV3:DV3-CRP-CV-10 goal steps 53 fires v4 - v7 1 branches 1 (17.9 s; 8 min)
[45/549] DV3:DV3-CRP-CV-11 goal steps 67 fires v4 - v7 3 branches 1 (22.7 s; 8 min)
[46/549] DV3:DV3-CRP-CV-14 goal steps 61 fires v4 - v7 2 branches 1 (16.0 s; 9 min)
[47/549] DV3:DV3-CRP-CV-12 collision:target steps 20 fires v4 - v7 3 branches 1 (29.8 s; 9 min)
[48/549] DV3:DV3-CRP-CV-15 collision:target steps 12 fires v4 - v7 2 branches 1 (21.8 s; 9 min)
[49/549] DV3:DV3-CRP-CV-16 goal steps 46 fires v4 - v7 2 branches 1 (29.1 s; 9 min)
[50/549] DV3:DV3-CRP-CV-17 collision:target steps 17 fires v4 - v7 2 branches 1 (22.5 s; 9 min)
[51/549] DV3:DV3-CRP-CV-18 goal steps 47 fires v4 - v7 3 branches 1 (20.3 s; 10 min)
[52/549] DV3:DV3-CRP-CV-19 goal steps 58 fires v4 - v7 3 branches 1 (18.4 s; 10 min)
[53/549] DV3:DV3-CRP-VS-01 collision:obstacle steps 21 fires v4 - v7 1 branches 1 (12.6 s; 10 min)
[54/549] DV3:DV3-CRP-VS-03 goal steps 47 fires v4 - v7 2 branches 1 (11.2 s; 10 min)
[55/549] DV3:DV3-CRP-VS-02 collision:obstacle steps 37 fires v4 - v7 3 branches 1 (22.5 s; 10 min)
[56/549] DV3:DV3-CRP-VS-04 goal steps 45 fires v4 - v7 2 branches 1 (15.7 s; 10 min)
[57/549] DV3:DV3-CRP-VS-05 goal steps 50 fires v4 - v7 2 branches 1 (11.1 s; 10 min)
[58/549] DV3:DV3-CRP-VS-06 goal steps 52 fires v4 - v7 0 branches 0 (4.9 s; 10 min)
[59/549] DV3:DV3-CRS-CV-02 collision:target steps 15 fires v4 - v7 0 branches 0 (5.5 s; 10 min)
[60/549] DV3:DV3-CRS-CV-03 collision:obstacle steps 18 fires v4 - v7 2 branches 1 (10.0 s; 11 min)
[61/549] DV3:DV3-CRS-CV-01 collision:target steps 18 fires v4 - v7 2 branches 1 (21.5 s; 11 min)
[62/549] DV3:DV3-CRS-CV-05 goal steps 59 fires v4 - v7 3 branches 1 (11.4 s; 11 min)
[63/549] DV3:DV3-CRS-CV-06 goal steps 51 fires v4 - v7 1 branches 1 (8.3 s; 11 min)
[64/549] DV3:DV3-CRS-CV-04 goal steps 69 fires v4 - v7 4 branches 1 (25.8 s; 11 min)
[65/549] DV3:DV3-CRS-CV-07 goal steps 48 fires v4 - v7 3 branches 1 (9.2 s; 11 min)
[66/549] DV3:DV3-CRS-CV-09 goal steps 56 fires v4 - v7 1 branches 1 (15.5 s; 11 min)
[67/549] DV3:DV3-CRS-CV-08 goal steps 56 fires v4 - v7 5 branches 1 (29.3 s; 12 min)
[68/549] DV3:DV3-CRS-CV-10 collision:target steps 18 fires v4 - v7 3 branches 1 (12.9 s; 12 min)
[69/549] DV3:DV3-CRS-CV-11 collision:obstacle steps 29 fires v4 - v7 3 branches 1 (18.1 s; 12 min)
[70/549] DV3:DV3-CRS-CV-13 goal steps 48 fires v4 - v7 3 branches 1 (12.5 s; 12 min)
[71/549] DV3:DV3-CRS-CV-12 goal steps 55 fires v4 - v7 2 branches 1 (31.8 s; 12 min)
[72/549] DV3:DV3-CRS-CV-14 goal steps 63 fires v4 - v7 1 branches 1 (7.8 s; 12 min)
[73/549] DV3:DV3-CRS-CV-15 collision:target steps 19 fires v4 - v7 2 branches 1 (11.2 s; 12 min)
[74/549] DV3:DV3-CRS-CV-16 goal steps 54 fires v4 - v7 5 branches 1 (14.8 s; 12 min)
[75/549] DV3:DV3-CRS-CV-18 goal steps 49 fires v4 - v7 0 branches 0 (8.7 s; 13 min)
[76/549] DV3:DV3-CRS-CV-17 collision:obstacle steps 25 fires v4 - v7 1 branches 1 (24.4 s; 13 min)
[77/549] DV3:DV3-CRS-CV-20 goal steps 54 fires v4 - v7 2 branches 1 (8.7 s; 13 min)
[78/549] DV3:DV3-CRS-CV-19 collision:obstacle steps 35 fires v4 - v7 3 branches 1 (22.8 s; 13 min)
[79/549] DV3:DV3-CRS-VS-02 goal steps 50 fires v4 - v7 3 branches 1 (12.9 s; 13 min)
[80/549] DV3:DV3-CRS-VS-01 goal steps 49 fires v4 - v7 4 branches 1 (23.0 s; 13 min)
[81/549] DV3:DV3-CRS-VS-03 collision:obstacle steps 29 fires v4 - v7 4 branches 1 (26.7 s; 14 min)
[82/549] DV3:DV3-CRS-VS-04 goal steps 48 fires v4 - v7 4 branches 1 (19.8 s; 14 min)
[83/549] DV3:DV3-CRS-VS-06 goal steps 56 fires v4 - v7 1 branches 1 (9.9 s; 14 min)
[84/549] DV3:DV3-OT-CV-03 goal steps 57 fires v4 - v7 2 branches 1 (10.2 s; 14 min)
[85/549] DV3:DV3-CRS-VS-05 goal steps 54 fires v4 - v7 2 branches 1 (26.8 s; 14 min)
[86/549] DV3:DV3-OT-CV-07 goal steps 65 fires v4 - v7 5 branches 1 (19.7 s; 14 min)
[87/549] DV3:DV3-OT-CV-04 collision:obstacle steps 32 fires v4 - v7 2 branches 1 (42.9 s; 15 min)
[88/549] DV3:DV3-OT-CV-09 goal steps 54 fires v4 - v7 2 branches 1 (7.7 s; 15 min)
[89/549] DV3:DV3-OT-CV-08 goal steps 54 fires v4 - v7 5 branches 1 (26.6 s; 15 min)
[90/549] DV3:DV3-OT-CV-13 goal steps 52 fires v4 - v7 0 branches 0 (5.9 s; 15 min)
[91/549] DV3:DV3-OT-CV-11 goal steps 49 fires v4 - v7 7 branches 1 (14.0 s; 15 min)
[92/549] DV3:DV3-OT-CV-14 goal steps 56 fires v4 - v7 1 branches 1 (6.7 s; 15 min)
[93/549] DV3:DV3-OT-CV-15 collision:target steps 33 fires v4 - v7 1 branches 1 (24.2 s; 15 min)
[94/549] DV3:DV3-OT-CV-16 goal steps 57 fires v4 - v7 2 branches 1 (23.8 s; 15 min)
[95/549] DV3:DV3-OT-CV-18 goal steps 53 fires v4 - v7 4 branches 1 (13.7 s; 16 min)
[96/549] DV3:DV3-OT-VS-03 goal steps 59 fires v4 - v7 2 branches 1 (14.4 s; 16 min)
[97/549] DV3:DV3-BO-CV-01 goal steps 32 fires v4 - v7 2 branches 1 (5.8 s; 16 min)
[98/549] DV3:DV3-OT-VS-06 goal steps 55 fires v4 - v7 1 branches 1 (8.0 s; 16 min)
[99/549] DV3:DV3-BO-CV-07 collision:obstacle steps 3 fires v4 - v7 1 branches 1 (3.1 s; 16 min)
[100/549] DV3:DV3-BO-CV-08 collision:target steps 16 fires v4 - v7 1 branches 1 (8.8 s; 16 min)
[101/549] DV3:DV3-BO-CV-09 goal steps 30 fires v4 - v7 3 branches 1 (13.4 s; 16 min)
[102/549] DV3:DV3-BO-CV-04 goal steps 31 fires v4 - v7 1 branches 1 (27.0 s; 16 min)
[103/549] DV3:DV3-BO-CV-11 goal steps 29 fires v4 - v7 0 branches 0 (3.5 s; 16 min)
[104/549] DV3:DV3-BO-CV-16 goal steps 33 fires v4 - v7 1 branches 1 (6.2 s; 16 min)
[105/549] DV3:DV3-BO-CV-17 goal steps 39 fires v4 - v7 1 branches 1 (6.5 s; 16 min)
[106/549] DV3:DV3-BO-CV-19 goal steps 31 fires v4 - v7 4 branches 1 (16.1 s; 17 min)
[107/549] DV3:DV3-BO-CV-20 goal steps 32 fires v4 - v7 2 branches 1 (4.8 s; 17 min)
[108/549] DV3:DV3-BO-VS-03 goal steps 27 fires v4 - v7 3 branches 1 (7.9 s; 17 min)
[109/549] DV3:DV3-BO-CV-18 collision:obstacle steps 19 fires v4 - v7 2 branches 1 (33.4 s; 17 min)
[110/549] TS2:BAS-HO-CV-004 collision:obstacle steps 33 fires v4 - v7 2 branches 1 (6.7 s; 17 min)
[111/549] DV3:DV3-BO-VS-06 goal steps 37 fires v4 - v7 1 branches 1 (14.5 s; 17 min)
[112/549] TS2:BAS-HO-RE-006 collision:boundary steps 32 fires v4 - v7 0 branches 0 (8.0 s; 17 min)
[113/549] TS2:BAS-HO-NC-014 collision:target steps 29 fires v4 - v7 2 branches 1 (10.5 s; 17 min)
[114/549] TS2:BAS-HO-RE-060 collision:obstacle steps 40 fires v4 - v7 3 branches 1 (16.5 s; 18 min)
[115/549] TS2:BAS-HO-NC-041 collision:target steps 27 fires v4 - v7 3 branches 1 (29.6 s; 18 min)
[116/549] TS2:BAS-HO-RE-081 collision:target steps 33 fires v4 - v7 0 branches 0 (5.3 s; 18 min)
[117/549] TS2:BAS-HO-NC-068 collision:target steps 26 fires v4 - v7 2 branches 1 (11.2 s; 18 min)
[118/549] TS2:BAS-CR-RE-014 collision:target steps 33 fires v4 - v7 3 branches 1 (10.4 s; 18 min)
[119/549] TS2:BAS-CR-CV-013 collision:target steps 13 fires v4 - v7 2 branches 1 (19.2 s; 18 min)
[120/549] TS2:BAS-CR-RE-016 collision:target steps 17 fires v4 - v7 4 branches 1 (20.8 s; 18 min)
[121/549] TS2:BAS-CR-CV-019 collision:target steps 18 fires v4 - v7 2 branches 1 (16.6 s; 18 min)
[122/549] TS2:BAS-CR-CV-027 collision:target steps 15 fires v4 - v7 0 branches 0 (5.2 s; 18 min)
[123/549] TS2:BAS-CR-RE-022 collision:target steps 36 fires v4 - v7 6 branches 1 (10.3 s; 18 min)
[124/549] TS2:BAS-CR-CV-033 collision:target steps 19 fires v4 - v7 3 branches 1 (15.3 s; 19 min)
[125/549] TS2:BAS-CR-CV-037 collision:target steps 15 fires v4 - v7 2 branches 1 (14.7 s; 19 min)
[126/549] TS2:BAS-CR-RE-046 collision:target steps 14 fires v4 - v7 2 branches 1 (8.1 s; 19 min)
[127/549] TS2:BAS-CR-CV-049 collision:target steps 22 fires v4 - v7 2 branches 1 (16.9 s; 19 min)
[128/549] TS2:BAS-CR-CV-065 collision:target steps 16 fires v4 - v7 2 branches 1 (12.9 s; 19 min)
[129/549] TS2:BAS-CR-CV-067 collision:obstacle steps 39 fires v4 - v7 3 branches 1 (9.9 s; 19 min)
[130/549] TS2:BAS-CR-CV-077 collision:obstacle steps 35 fires v4 - v7 1 branches 1 (14.3 s; 20 min)
[131/549] TS2:BAS-CR-CV-053 collision:target steps 15 fires v4 - v7 2 branches 1 (52.0 s; 20 min)
[132/549] TS2:BAS-CR-RE-078 collision:target steps 15 fires v4 - v7 2 branches 1 (11.1 s; 20 min)
[133/549] TS2:BAS-CR-RE-084 collision:target steps 36 fires v4 - v7 1 branches 1 (9.7 s; 20 min)
[134/549] TS2:BAS-OT-RE-050 collision:target steps 43 fires v4 - v7 2 branches 1 (12.4 s; 20 min)
[135/549] TS2:BAS-OT-CV-009 collision:target steps 27 fires v4 - v7 6 branches 1 (24.0 s; 20 min)
[136/549] TS2:BAS-OT-CV-087 collision:obstacle steps 25 fires v4 - v7 2 branches 1 (13.4 s; 20 min)
[137/549] TS2:BAS-BO-RE-044 collision:obstacle steps 8 fires v4 - v7 2 branches 1 (6.3 s; 20 min)
[138/549] TS2:BAS-BO-CV-021 collision:target steps 38 fires v4 - v7 3 branches 1 (15.6 s; 20 min)
[139/549] TS2:BAS-BO-CV-055 collision:target steps 26 fires v4 - v7 3 branches 1 (12.5 s; 21 min)
[140/549] TS2:BAS-BO-RE-100 collision:obstacle steps 9 fires v4 - v7 3 branches 1 (6.5 s; 21 min)
[141/549] TS2:BAS-BO-RE-082 collision:boundary steps 48 fires v4 - v7 2 branches 1 (20.9 s; 21 min)
[142/549] TS2:BAS-NU-CV-049 collision:boundary steps 62 fires v4 - v7 2 branches 1 (17.9 s; 21 min)
[143/549] TS2:CH-HO-NC-050 collision:target steps 29 fires v4 - v7 0 branches 0 (10.2 s; 21 min)
[144/549] TS2:CH-HO-NC-020 collision:obstacle steps 35 fires v4 - v7 2 branches 1 (45.9 s; 22 min)
[145/549] TS2:CH-HO-RE-057 collision:obstacle steps 36 fires v4 - v7 2 branches 1 (35.4 s; 22 min)
[146/549] TS2:CH-HO-RE-060 collision:target steps 31 fires v4 - v7 4 branches 1 (14.8 s; 22 min)
[147/549] TS2:CH-CR-CV-043 collision:target steps 15 fires v4 - v7 2 branches 1 (19.7 s; 22 min)
[148/549] TS2:CH-CR-RE-002 collision:obstacle steps 40 fires v4 - v7 5 branches 1 (26.1 s; 22 min)
[149/549] TS2:CH-CR-RE-058 collision:obstacle steps 28 fires v4 - v7 2 branches 1 (21.4 s; 23 min)
[150/549] TS2:CH-CR-CV-051 collision:target steps 22 fires v4 - v7 1 branches 1 (28.9 s; 23 min)
[151/549] TS2:CH-CR-CV-059 collision:target steps 14 fires v4 - v7 1 branches 1 (15.0 s; 23 min)
[152/549] TS2:CH-CR-RE-068 collision:obstacle steps 38 fires v4 - v7 6 branches 1 (70.9 s; 24 min)
[153/549] TS2:CH-CR-CV-073 collision:target steps 16 fires v4 - v7 2 branches 1 (64.8 s; 24 min)
[154/549] TS2:CH-CR-RE-084 collision:obstacle steps 46 fires v4 - v7 4 branches 1 (33.9 s; 24 min)
[155/549] TS2:CH-CR-RE-080 collision:obstacle steps 43 fires v4 - v7 2 branches 1 (48.0 s; 25 min)
[156/549] TS2:CH-CR-CV-093 collision:target steps 13 fires v4 - v7 2 branches 1 (26.6 s; 25 min)
[157/549] TS2:CH-CR-RE-094 collision:target steps 41 fires v4 - v7 2 branches 1 (22.8 s; 25 min)
[158/549] TS2:CH-CR-CV-097 collision:target steps 16 fires v4 - v7 4 branches 1 (29.9 s; 25 min)
[159/549] TS2:CH-OT-CV-093 collision:target steps 47 fires v4 - v7 4 branches 1 (45.3 s; 26 min)
[160/549] TS2:P2-L1-HO-VAR-02 collision:boundary steps 31 fires v4 - v7 3 branches 1 (26.9 s; 26 min)
[161/549] TS2:P2-L1-CRP-FIX-09 collision:obstacle steps 31 fires v4 - v7 4 branches 1 (10.5 s; 26 min)
[162/549] TS2:P2-L1-CRP-FIX-01 collision:obstacle steps 32 fires v4 - v7 4 branches 1 (21.3 s; 26 min)
[163/549] TS2:P2-L1-CRP-FIX-15 collision:obstacle steps 30 fires v4 - v7 2 branches 1 (12.7 s; 26 min)
[164/549] TS2:P2-L1-CRP-VAR-12 collision:obstacle steps 17 fires v4 - v7 3 branches 1 (20.4 s; 26 min)
[165/549] TS2:P2-L1-CRP-VAR-16 collision:target steps 21 fires v4 - v7 1 branches 1 (5.0 s; 26 min)
[166/549] TS2:P2-L1-CRP-VAR-20 collision:obstacle steps 31 fires v4 - v7 3 branches 1 (15.0 s; 27 min)
[167/549] TS2:P2-L1-CRP-VAR-18 collision:obstacle steps 32 fires v4 - v7 6 branches 1 (21.1 s; 27 min)
[168/549] TS2:P2-L1-CRS-VAR-06 collision:obstacle steps 22 fires v4 - v7 1 branches 1 (19.7 s; 27 min)
[169/549] TS2:P2-L1-CRS-FIX-15 collision:target steps 30 fires v4 - v7 2 branches 1 (17.2 s; 27 min)
[170/549] TS2:P2-L1-CRS-FIX-07 collision:obstacle steps 24 fires v4 - v7 1 branches 1 (46.2 s; 27 min)
[171/549] TS2:P2-L1-CRS-VAR-16 collision:target steps 11 fires v4 - v7 1 branches 1 (15.3 s; 27 min)
[172/549] TS2:P2-L1-CRS-VAR-20 collision:target steps 21 fires v4 - v7 3 branches 1 (10.3 s; 28 min)
[173/549] TS2:P2-L1-OT-VAR-02 collision:obstacle steps 30 fires v4 - v7 2 branches 1 (10.2 s; 28 min)
[174/549] TS2:P2-L1-OT-FIX-13 collision:obstacle steps 34 fires v4 - v7 2 branches 1 (9.1 s; 28 min)
[175/549] TS2:P2-L1-OT-VAR-12 collision:obstacle steps 49 fires v4 - v7 2 branches 1 (13.9 s; 28 min)
[176/549] TS2:P2-L1-OT-VAR-14 collision:obstacle steps 34 fires v4 - v7 3 branches 1 (9.0 s; 28 min)
[177/549] TS2:P2-L1-OT-FIX-17 collision:obstacle steps 51 fires v4 - v7 4 branches 1 (22.6 s; 28 min)
[178/549] TS2:P2-L1-OT-VAR-20 collision:obstacle steps 33 fires v4 - v7 4 branches 1 (8.7 s; 28 min)
[179/549] TS2:P2-L1-OT-VAR-18 collision:target steps 64 fires v4 - v7 3 branches 1 (29.0 s; 28 min)
[180/549] TS2:P2-L2-HO-VAR-04 collision:obstacle steps 23 fires v4 - v7 2 branches 1 (6.7 s; 29 min)
[181/549] TS2:P2-L2-HO-FIX-03 collision:obstacle steps 22 fires v4 - v7 3 branches 1 (18.4 s; 29 min)
[182/549] TS2:P2-L2-HO-FIX-07 collision:obstacle steps 21 fires v4 - v7 2 branches 1 (5.5 s; 29 min)
[183/549] TS2:P2-L2-HO-FIX-05 collision:boundary steps 29 fires v4 - v7 2 branches 1 (14.7 s; 29 min)
[184/549] TS2:P2-L2-HO-FIX-09 collision:obstacle steps 21 fires v4 - v7 3 branches 1 (7.5 s; 29 min)
[185/549] TS2:P2-L2-HO-VAR-08 collision:obstacle steps 23 fires v4 - v7 2 branches 1 (9.8 s; 29 min)
[186/549] TS2:P2-L2-HO-FIX-11 collision:obstacle steps 21 fires v4 - v7 1 branches 1 (12.2 s; 29 min)
[187/549] TS2:P2-L2-HO-VAR-12 collision:obstacle steps 20 fires v4 - v7 4 branches 1 (12.9 s; 29 min)
[188/549] TS2:P2-L2-HO-FIX-13 collision:obstacle steps 22 fires v4 - v7 2 branches 1 (16.6 s; 29 min)
[189/549] TS2:P2-L2-HO-VAR-14 collision:obstacle steps 22 fires v4 - v7 2 branches 1 (16.1 s; 29 min)
[190/549] TS2:P2-L2-HO-FIX-17 collision:obstacle steps 22 fires v4 - v7 3 branches 1 (13.1 s; 30 min)
[191/549] TS2:P2-L2-HO-VAR-16 collision:obstacle steps 23 fires v4 - v7 4 branches 1 (32.1 s; 30 min)
[192/549] TS2:P2-L2-HO-VAR-18 collision:boundary steps 29 fires v4 - v7 1 branches 1 (21.6 s; 30 min)
[193/549] TS2:P2-L2-HO-VAR-20 collision:boundary steps 27 fires v4 - v7 1 branches 1 (15.3 s; 30 min)
[194/549] TS2:P2-L2-HO-FIX-19 collision:obstacle steps 20 fires v4 - v7 3 branches 1 (19.0 s; 30 min)
[195/549] TS2:P2-L2-CRP-VAR-06 collision:target steps 16 fires v4 - v7 0 branches 0 (4.3 s; 30 min)
[196/549] TS2:P2-L2-CRP-VAR-02 collision:target steps 15 fires v4 - v7 2 branches 1 (20.9 s; 31 min)
[197/549] TS2:P2-L2-CRP-FIX-07 collision:target steps 21 fires v4 - v7 2 branches 1 (25.4 s; 31 min)
[198/549] TS2:P2-L2-CRP-FIX-09 collision:target steps 19 fires v4 - v7 2 branches 1 (21.5 s; 31 min)
[199/549] TS2:P2-L2-CRP-VAR-14 collision:obstacle steps 22 fires v4 - v7 3 branches 1 (15.3 s; 31 min)
[200/549] TS2:P2-L2-CRS-FIX-01 collision:obstacle steps 23 fires v4 - v7 2 branches 1 (5.3 s; 31 min)
[201/549] TS2:P2-L2-CRP-VAR-20 collision:obstacle steps 21 fires v4 - v7 1 branches 1 (11.5 s; 31 min)
[202/549] TS2:P2-L2-CRS-VAR-06 collision:obstacle steps 31 fires v4 - v7 4 branches 1 (13.8 s; 31 min)
[203/549] TS2:P2-L2-CRS-VAR-02 collision:target steps 15 fires v4 - v7 2 branches 1 (20.0 s; 31 min)
[204/549] TS2:P2-L2-CRS-FIX-09 collision:target steps 14 fires v4 - v7 2 branches 1 (12.4 s; 32 min)
[205/549] TS2:P2-L2-CRS-FIX-11 collision:boundary steps 28 fires v4 - v7 1 branches 1 (9.1 s; 32 min)
[206/549] TS2:P2-L2-CRS-VAR-14 collision:obstacle steps 25 fires v4 - v7 1 branches 1 (20.5 s; 32 min)
[207/549] TS2:P2-L2-CRS-VAR-12 collision:target steps 11 fires v4 - v7 2 branches 1 (25.0 s; 32 min)
[208/549] TS2:P2-L2-CRS-FIX-17 collision:boundary steps 33 fires v4 - v7 2 branches 1 (14.3 s; 32 min)
[209/549] TS2:P2-L3-HO-FIX-11 collision:obstacle steps 37 fires v4 - v7 1 branches 1 (7.2 s; 32 min)
[210/549] TS2:P2-L2-CRS-VAR-18 collision:obstacle steps 27 fires v4 - v7 2 branches 1 (29.0 s; 32 min)
[211/549] TS2:P2-L3-CRP-FIX-01 collision:target steps 15 fires v4 - v7 5 branches 1 (17.1 s; 33 min)
[212/549] TS2:P2-L3-CRP-FIX-07 collision:obstacle steps 15 fires v4 - v7 2 branches 1 (12.5 s; 33 min)
[213/549] TS2:P2-L3-CRP-VAR-04 collision:target steps 19 fires v4 - v7 3 branches 1 (28.9 s; 33 min)
[214/549] TS2:P2-L3-CRP-VAR-12 collision:target steps 15 fires v4 - v7 2 branches 1 (17.9 s; 33 min)
[215/549] TS2:P2-L3-CRP-VAR-16 collision:target steps 13 fires v4 - v7 3 branches 1 (13.0 s; 33 min)
[216/549] TS2:P2-L3-CRP-FIX-17 collision:obstacle steps 16 fires v4 - v7 2 branches 1 (20.0 s; 33 min)
[217/549] TS2:P2-L3-CRP-VAR-18 collision:target steps 19 fires v4 - v7 2 branches 1 (17.7 s; 33 min)
[218/549] TS2:P2-L3-CRS-VAR-08 collision:obstacle steps 22 fires v4 - v7 0 branches 0 (4.4 s; 34 min)
[219/549] TS2:P2-L3-CRP-FIX-19 collision:target steps 12 fires v4 - v7 1 branches 1 (13.5 s; 34 min)
[220/549] TS2:P2-L3-CRS-VAR-10 collision:target steps 22 fires v4 - v7 2 branches 1 (24.1 s; 34 min)
[221/549] TS2:P2-L3-CRS-FIX-17 collision:obstacle steps 20 fires v4 - v7 1 branches 1 (33.4 s; 34 min)
[222/549] TS2:P2-L3-CRS-VAR-18 collision:obstacle steps 20 fires v4 - v7 1 branches 1 (17.0 s; 34 min)
[223/549] TS2:P2-L3-CRS-FIX-19 collision:target steps 16 fires v4 - v7 3 branches 1 (13.9 s; 34 min)
[224/549] TS2:P2-L3-OT-FIX-19 collision:obstacle steps 25 fires v4 - v7 5 branches 1 (9.4 s; 35 min)
[225/549] TS2:P2-L3-OT-VAR-14 collision:target steps 31 fires v4 - v7 2 branches 1 (30.0 s; 35 min)
[226/549] TS2:P2-L3-OT-VAR-20 collision:target steps 36 fires v4 - v7 2 branches 1 (18.4 s; 35 min)
[227/549] TS2:P2-L3-BO-VAR-16 collision:boundary steps 39 fires v4 - v7 3 branches 1 (15.6 s; 35 min)
[228/549] TS2:BAS-HO-NC-023 goal steps 61 fires v4 - v7 1 branches 1 (14.1 s; 35 min)
[229/549] TS2:BAS-HO-NC-053 goal steps 60 fires v4 - v7 0 branches 0 (8.6 s; 35 min)
[230/549] TS2:BAS-HO-NC-089 goal steps 61 fires v4 - v7 0 branches 0 (5.5 s; 35 min)
[231/549] TS2:BAS-HO-NC-098 goal steps 58 fires v4 - v7 1 branches 1 (7.4 s; 35 min)
[232/549] TS2:BAS-HO-NC-071 goal steps 50 fires v4 - v7 1 branches 1 (15.3 s; 35 min)
[233/549] TS2:BAS-CR-CV-003 goal steps 68 fires v4 - v7 3 branches 1 (14.5 s; 36 min)
[234/549] TS2:BAS-CR-RE-006 goal steps 51 fires v4 - v7 2 branches 1 (15.2 s; 36 min)
[235/549] TS2:BAS-CR-CV-025 goal steps 57 fires v4 - v7 2 branches 1 (18.8 s; 36 min)
[236/549] TS2:BAS-CR-CV-007 goal steps 58 fires v4 - v7 2 branches 1 (24.5 s; 36 min)
[237/549] TS2:BAS-CR-CV-031 goal steps 53 fires v4 - v7 6 branches 1 (18.1 s; 36 min)
[238/549] TS2:BAS-CR-CV-039 goal steps 49 fires v4 - v7 2 branches 1 (23.5 s; 36 min)
[239/549] TS2:BAS-CR-CV-045 goal steps 53 fires v4 - v7 2 branches 1 (15.1 s; 37 min)
[240/549] TS2:BAS-CR-CV-051 goal steps 52 fires v4 - v7 3 branches 1 (17.2 s; 37 min)
[241/549] TS2:BAS-CR-CV-055 goal steps 50 fires v4 - v7 3 branches 1 (11.7 s; 37 min)
[242/549] TS2:BAS-CR-CV-059 goal steps 57 fires v4 - v7 1 branches 1 (8.8 s; 37 min)
[243/549] TS2:BAS-CR-RE-058 goal steps 55 fires v4 - v7 2 branches 1 (9.8 s; 37 min)
[244/549] TS2:BAS-CR-CV-075 goal steps 52 fires v4 - v7 0 branches 0 (9.8 s; 37 min)
[245/549] TS2:BAS-CR-CV-073 goal steps 49 fires v4 - v7 3 branches 1 (12.2 s; 37 min)
[246/549] TS2:BAS-CR-CV-087 goal steps 45 fires v4 - v7 1 branches 1 (8.7 s; 37 min)
[247/549] TS2:BAS-CR-CV-083 goal steps 48 fires v4 - v7 1 branches 1 (12.1 s; 37 min)
[248/549] TS2:BAS-CR-CV-095 goal steps 53 fires v4 - v7 3 branches 1 (11.4 s; 37 min)
[249/549] TS2:BAS-CR-RE-092 goal steps 63 fires v4 - v7 2 branches 1 (13.5 s; 37 min)
[250/549] TS2:BAS-OT-CV-081 goal steps 52 fires v4 - v7 1 branches 1 (9.2 s; 38 min)
[251/549] TS2:BAS-CR-CV-099 goal steps 51 fires v4 - v7 3 branches 1 (13.0 s; 38 min)
[252/549] TS2:BAS-OT-RE-096 goal steps 51 fires v4 - v7 3 branches 1 (13.4 s; 38 min)
[253/549] TS2:BAS-BO-CV-043 goal steps 29 fires v4 - v7 3 branches 1 (5.0 s; 38 min)
[254/549] TS2:BAS-BO-CV-019 goal steps 45 fires v4 - v7 3 branches 1 (16.7 s; 38 min)
[255/549] TS2:BAS-BO-RE-078 goal steps 36 fires v4 - v7 1 branches 1 (4.0 s; 38 min)
[256/549] TS2:BAS-BO-CV-049 goal steps 39 fires v4 - v7 1 branches 1 (6.0 s; 38 min)
[257/549] TS2:BAS-NU-CV-013 goal steps 53 fires v4 - v7 1 branches 1 (10.1 s; 38 min)
[258/549] TS2:CH-HO-RE-021 goal steps 67 fires v4 - v7 3 branches 1 (21.4 s; 38 min)
[259/549] TS2:CH-CR-RE-006 goal steps 47 fires v4 - v7 1 branches 1 (21.0 s; 38 min)
[260/549] TS2:CH-CR-CV-015 goal steps 53 fires v4 - v7 1 branches 1 (18.3 s; 39 min)
[261/549] TS2:CH-CR-CV-019 goal steps 52 fires v4 - v7 1 branches 1 (23.8 s; 39 min)
[262/549] TS2:CH-CR-CV-007 goal steps 54 fires v4 - v7 2 branches 1 (64.5 s; 39 min)
[263/549] TS2:CH-CR-RE-038 goal steps 51 fires v4 - v7 1 branches 1 (16.2 s; 39 min)
[264/549] TS2:CH-CR-RE-040 goal steps 47 fires v4 - v7 2 branches 1 (15.3 s; 40 min)
[265/549] TS2:CH-CR-CV-049 goal steps 48 fires v4 - v7 2 branches 1 (16.1 s; 40 min)
[266/549] TS2:CH-CR-RE-064 goal steps 48 fires v4 - v7 1 branches 1 (22.9 s; 40 min)
[267/549] TS2:CH-CR-RE-062 goal steps 52 fires v4 - v7 2 branches 1 (27.4 s; 40 min)
[268/549] TS2:CH-CR-CV-079 goal steps 50 fires v4 - v7 1 branches 1 (32.0 s; 41 min)
[269/549] TS2:CH-CR-CV-085 goal steps 49 fires v4 - v7 2 branches 1 (48.5 s; 41 min)
[270/549] TS2:CH-CR-CV-087 goal steps 48 fires v4 - v7 1 branches 1 (26.7 s; 41 min)
[271/549] TS2:P2-L1-HO-VAR-12 goal steps 57 fires v4 - v7 3 branches 1 (15.6 s; 41 min)
[272/549] TS2:CH-OT-CV-017 goal steps 55 fires v4 - v7 3 branches 1 (26.4 s; 41 min)
[273/549] TS2:P2-L1-CRP-VAR-02 goal steps 48 fires v4 - v7 2 branches 1 (13.8 s; 42 min)
[274/549] TS2:P2-L1-HO-VAR-16 goal steps 59 fires v4 - v7 5 branches 1 (17.9 s; 42 min)
[275/549] TS2:P2-L1-CRP-FIX-03 goal steps 46 fires v4 - v7 2 branches 1 (9.0 s; 42 min)
[276/549] TS2:P2-L1-CRP-VAR-08 goal steps 46 fires v4 - v7 3 branches 1 (13.5 s; 42 min)
[277/549] TS2:P2-L1-CRP-FIX-19 goal steps 45 fires v4 - v7 2 branches 1 (8.4 s; 42 min)
[278/549] TS2:P2-L1-CRP-FIX-17 goal steps 49 fires v4 - v7 2 branches 1 (17.4 s; 42 min)
[279/549] TS2:P2-L1-CRS-VAR-18 goal steps 59 fires v4 - v7 1 branches 1 (13.1 s; 42 min)
[280/549] TS2:P2-L1-CRS-VAR-14 goal steps 61 fires v4 - v7 2 branches 1 (16.0 s; 42 min)
[281/549] TS2:P2-L1-OT-FIX-01 goal steps 46 fires v4 - v7 1 branches 1 (9.8 s; 42 min)
[282/549] TS2:P2-L1-OT-VAR-06 goal steps 47 fires v4 - v7 3 branches 1 (10.3 s; 42 min)
[283/549] TS2:P2-L1-OT-FIX-07 goal steps 47 fires v4 - v7 1 branches 1 (9.9 s; 43 min)
[284/549] TS2:P2-L1-OT-VAR-10 goal steps 65 fires v4 - v7 3 branches 1 (18.4 s; 43 min)
[285/549] TS2:P2-L1-OT-VAR-16 goal steps 49 fires v4 - v7 2 branches 1 (11.1 s; 43 min)
[286/549] TS2:P2-L2-CRP-VAR-08 goal steps 58 fires v4 - v7 2 branches 1 (16.5 s; 43 min)
[287/549] TS2:P2-L2-CRP-FIX-03 goal steps 56 fires v4 - v7 2 branches 1 (32.0 s; 43 min)
[288/549] TS2:P2-L2-CRP-VAR-10 goal steps 59 fires v4 - v7 2 branches 1 (19.7 s; 43 min)
[289/549] TS2:P2-L2-CRP-FIX-11 goal steps 56 fires v4 - v7 1 branches 1 (24.8 s; 44 min)
[290/549] TS2:P2-L2-CRP-VAR-16 goal steps 49 fires v4 - v7 2 branches 1 (31.4 s; 44 min)
[291/549] TS2:P2-L2-CRP-VAR-18 goal steps 56 fires v4 - v7 3 branches 1 (22.5 s; 44 min)
[292/549] TS2:P2-L2-CRS-FIX-07 goal steps 45 fires v4 - v7 3 branches 1 (14.3 s; 44 min)
[293/549] TS2:P2-L2-CRS-VAR-10 goal steps 62 fires v4 - v7 4 branches 1 (13.5 s; 44 min)
[294/549] TS2:P2-L2-CRS-VAR-08 goal steps 59 fires v4 - v7 4 branches 1 (21.9 s; 44 min)
[295/549] TS2:P2-L2-CRS-FIX-13 goal steps 51 fires v4 - v7 1 branches 1 (9.7 s; 45 min)
[296/549] TS2:P2-L2-CRS-FIX-15 goal steps 47 fires v4 - v7 3 branches 1 (9.9 s; 45 min)
[297/549] TS2:P2-L2-CRS-VAR-16 goal steps 61 fires v4 - v7 3 branches 1 (16.5 s; 45 min)
[298/549] TS2:P2-L2-CRS-FIX-19 goal steps 51 fires v4 - v7 3 branches 1 (17.4 s; 45 min)
[299/549] TS2:P2-L2-CRS-VAR-20 goal steps 52 fires v4 - v7 2 branches 1 (14.2 s; 45 min)
[300/549] TS2:P2-L3-CRP-VAR-06 goal steps 47 fires v4 - v7 1 branches 1 (13.5 s; 45 min)
[301/549] TS2:P2-L3-CRP-VAR-08 goal steps 47 fires v4 - v7 1 branches 1 (8.2 s; 45 min)
[302/549] TS2:P2-L3-CRP-FIX-09 goal steps 54 fires v4 - v7 2 branches 1 (15.8 s; 45 min)
[303/549] TS2:P2-L3-CRP-VAR-10 goal steps 53 fires v4 - v7 2 branches 1 (16.8 s; 45 min)
[304/549] TS2:P2-L3-CRS-FIX-03 goal steps 49 fires v4 - v7 8 branches 1 (12.9 s; 46 min)
[305/549] TS2:P2-L3-CRP-FIX-15 goal steps 54 fires v4 - v7 2 branches 1 (17.6 s; 46 min)
[306/549] TS2:P2-L3-CRS-FIX-09 goal steps 53 fires v4 - v7 2 branches 1 (12.7 s; 46 min)
[307/549] TS2:P2-L3-CRS-FIX-05 goal steps 45 fires v4 - v7 2 branches 1 (14.1 s; 46 min)
[308/549] TS2:P2-L3-OT-VAR-06 goal steps 48 fires v4 - v7 1 branches 1 (9.0 s; 46 min)
[309/549] TS2:P2-L3-CRS-VAR-14 goal steps 52 fires v4 - v7 1 branches 1 (13.7 s; 46 min)
[310/549] TS2:P2-L3-BO-VAR-02 goal steps 35 fires v4 - v7 2 branches 1 (6.1 s; 46 min)
[311/549] TS2:BAS-BO-CV-009 goal steps 31 fires v4 - v7 2 branches 1 (4.4 s; 46 min)
[312/549] TS2:P2-L3-BO-VAR-20 goal steps 35 fires v4 - v7 2 branches 1 (7.0 s; 46 min)
[313/549] TS2:BAS-BO-CV-013 goal steps 38 fires v4 - v7 2 branches 1 (5.2 s; 46 min)
[314/549] TS2:BAS-BO-CV-029 goal steps 32 fires v4 - v7 1 branches 1 (3.1 s; 46 min)
[315/549] TS2:BAS-BO-CV-011 goal steps 43 fires v4 - v7 2 branches 1 (12.9 s; 46 min)
[316/549] TS2:BAS-BO-CV-035 goal steps 30 fires v4 - v7 1 branches 1 (8.8 s; 47 min)
[317/549] TS2:BAS-BO-CV-053 goal steps 30 fires v4 - v7 1 branches 1 (7.3 s; 47 min)
[318/549] TS2:BAS-BO-CV-059 goal steps 44 fires v4 - v7 1 branches 1 (13.8 s; 47 min)
[319/549] TS2:BAS-BO-CV-061 goal steps 29 fires v4 - v7 3 branches 1 (14.6 s; 47 min)
[320/549] TS2:BAS-BO-CV-069 goal steps 32 fires v4 - v7 2 branches 1 (4.3 s; 47 min)
[321/549] TS2:BAS-BO-CV-063 goal steps 28 fires v4 - v7 3 branches 1 (11.2 s; 47 min)
[322/549] TS2:BAS-BO-CV-071 goal steps 36 fires v4 - v7 1 branches 1 (3.7 s; 47 min)
[323/549] TS2:BAS-BO-CV-075 goal steps 32 fires v4 - v7 1 branches 1 (3.5 s; 47 min)
[324/549] TS2:BAS-BO-CV-073 goal steps 29 fires v4 - v7 1 branches 1 (7.2 s; 47 min)
[325/549] TS2:BAS-BO-CV-077 goal steps 29 fires v4 - v7 1 branches 1 (9.2 s; 47 min)
[326/549] TS2:BAS-BO-CV-083 goal steps 36 fires v4 - v7 2 branches 1 (4.4 s; 47 min)
[327/549] TS2:BAS-BO-CV-081 goal steps 55 fires v4 - v7 2 branches 1 (15.4 s; 47 min)
[328/549] TS2:BAS-BO-CV-095 goal steps 37 fires v4 - v7 4 branches 1 (8.8 s; 47 min)
[329/549] TS2:BAS-BO-RE-008 goal steps 31 fires v4 - v7 0 branches 0 (2.9 s; 48 min)
[330/549] TS2:BAS-BO-RE-010 goal steps 31 fires v4 - v7 1 branches 1 (9.0 s; 48 min)
[331/549] TS2:BAS-BO-CV-093 goal steps 32 fires v4 - v7 3 branches 1 (28.4 s; 48 min)
[332/549] TS2:BAS-BO-RE-048 goal steps 31 fires v4 - v7 5 branches 1 (4.8 s; 48 min)
[333/549] TS2:BAS-BO-RE-040 goal steps 27 fires v4 - v7 1 branches 1 (9.9 s; 48 min)
[334/549] TS2:BAS-BO-RE-068 goal steps 35 fires v4 - v7 1 branches 1 (3.1 s; 48 min)
[335/549] TS2:BAS-BO-RE-058 goal steps 28 fires v4 - v7 4 branches 1 (8.1 s; 48 min)
[336/549] TS2:BAS-BO-RE-072 goal steps 28 fires v4 - v7 1 branches 1 (4.8 s; 48 min)
[337/549] TS2:BAS-BO-RE-074 goal steps 38 fires v4 - v7 0 branches 0 (3.3 s; 48 min)
[338/549] TS2:BAS-BO-RE-080 goal steps 36 fires v4 - v7 2 branches 1 (8.6 s; 48 min)
[339/549] TS2:BAS-BO-RE-088 goal steps 31 fires v4 - v7 1 branches 1 (10.8 s; 48 min)
[340/549] TS2:BAS-BO-RE-092 goal steps 29 fires v4 - v7 1 branches 1 (7.3 s; 48 min)
[341/549] TS2:BAS-CR-CV-001 goal steps 52 fires v4 - v7 2 branches 1 (10.5 s; 48 min)
[342/549] TS2:BAS-CR-CV-021 goal steps 59 fires v4 - v7 3 branches 1 (12.3 s; 48 min)
[343/549] TS2:BAS-CR-CV-023 goal steps 59 fires v4 - v7 1 branches 1 (11.5 s; 49 min)
[344/549] TS2:BAS-CR-CV-041 goal steps 54 fires v4 - v7 1 branches 1 (7.5 s; 49 min)
[345/549] TS2:BAS-CR-CV-029 goal steps 49 fires v4 - v7 2 branches 1 (18.9 s; 49 min)
[346/549] TS2:BAS-CR-CV-047 goal steps 51 fires v4 - v7 1 branches 1 (15.4 s; 49 min)
[347/549] TS2:BAS-CR-CV-061 goal steps 56 fires v4 - v7 3 branches 1 (10.4 s; 49 min)
[348/549] TS2:BAS-CR-CV-063 goal steps 48 fires v4 - v7 0 branches 0 (8.7 s; 49 min)
[349/549] TS2:BAS-CR-CV-069 goal steps 45 fires v4 - v7 3 branches 1 (12.0 s; 49 min)
[350/549] TS2:BAS-CR-CV-071 goal steps 55 fires v4 - v7 1 branches 1 (10.4 s; 49 min)
[351/549] TS2:BAS-CR-CV-081 goal steps 67 fires v4 - v7 2 branches 1 (11.2 s; 49 min)
[352/549] TS2:BAS-CR-CV-091 goal steps 58 fires v4 - v7 2 branches 1 (8.3 s; 49 min)
[353/549] TS2:BAS-CR-CV-097 goal steps 49 fires v4 - v7 1 branches 1 (7.7 s; 49 min)
[354/549] TS2:BAS-CR-RE-002 goal steps 48 fires v4 - v7 1 branches 1 (10.7 s; 50 min)
[355/549] TS2:BAS-CR-RE-010 goal steps 49 fires v4 - v7 1 branches 1 (14.2 s; 50 min)
[356/549] TS2:BAS-CR-RE-018 goal steps 51 fires v4 - v7 1 branches 1 (11.5 s; 50 min)
[357/549] TS2:BAS-CR-RE-024 goal steps 51 fires v4 - v7 2 branches 1 (16.1 s; 50 min)
[358/549] TS2:BAS-CR-RE-020 goal steps 59 fires v4 - v7 2 branches 1 (20.1 s; 50 min)
[359/549] TS2:BAS-CR-RE-054 goal steps 67 fires v4 - v7 1 branches 1 (12.3 s; 50 min)
[360/549] TS2:BAS-CR-RE-052 goal steps 59 fires v4 - v7 4 branches 1 (16.4 s; 50 min)
[361/549] TS2:BAS-CR-RE-060 goal steps 52 fires v4 - v7 2 branches 1 (12.9 s; 50 min)
[362/549] TS2:BAS-CR-RE-066 goal steps 50 fires v4 - v7 3 branches 1 (13.1 s; 50 min)
[363/549] TS2:BAS-CR-RE-070 goal steps 60 fires v4 - v7 2 branches 1 (17.1 s; 51 min)
[364/549] TS2:BAS-CR-RE-068 goal steps 56 fires v4 - v7 3 branches 1 (22.8 s; 51 min)
[365/549] TS2:BAS-CR-RE-072 goal steps 49 fires v4 - v7 2 branches 1 (13.5 s; 51 min)
[366/549] TS2:BAS-CR-RE-076 goal steps 51 fires v4 - v7 2 branches 1 (12.0 s; 51 min)
[367/549] TS2:BAS-CR-RE-090 goal steps 53 fires v4 - v7 3 branches 1 (11.4 s; 51 min)
[368/549] TS2:BAS-CR-RE-080 goal steps 52 fires v4 - v7 1 branches 1 (12.2 s; 51 min)
[369/549] TS2:BAS-HO-CV-010 goal steps 52 fires v4 - v7 1 branches 1 (4.9 s; 51 min)
[370/549] TS2:BAS-HO-CV-025 goal steps 56 fires v4 - v7 1 branches 1 (8.8 s; 51 min)
[371/549] TS2:BAS-HO-CV-061 goal steps 58 fires v4 - v7 1 branches 1 (6.2 s; 51 min)
[372/549] TS2:BAS-HO-CV-100 goal steps 61 fires v4 - v7 1 branches 1 (11.9 s; 52 min)
[373/549] TS2:BAS-HO-CV-064 goal steps 58 fires v4 - v7 3 branches 1 (19.3 s; 52 min)
[374/549] TS2:BAS-HO-NC-020 goal steps 53 fires v4 - v7 2 branches 1 (7.0 s; 52 min)
[375/549] TS2:BAS-HO-NC-035 goal steps 60 fires v4 - v7 1 branches 1 (4.6 s; 52 min)
[376/549] TS2:BAS-HO-NC-059 goal steps 54 fires v4 - v7 1 branches 1 (8.3 s; 52 min)
[377/549] TS2:BAS-HO-NC-044 goal steps 64 fires v4 - v7 2 branches 1 (14.4 s; 52 min)
[378/549] TS2:BAS-HO-NC-074 goal steps 52 fires v4 - v7 1 branches 1 (7.3 s; 52 min)
[379/549] TS2:BAS-HO-NC-080 goal steps 56 fires v4 - v7 0 branches 0 (8.2 s; 52 min)
[380/549] TS2:BAS-HO-NC-083 goal steps 58 fires v4 - v7 0 branches 0 (7.4 s; 52 min)
[381/549] TS2:BAS-HO-NC-086 goal steps 64 fires v4 - v7 0 branches 0 (7.1 s; 52 min)
[382/549] TS2:BAS-HO-RE-012 goal steps 56 fires v4 - v7 1 branches 1 (7.2 s; 52 min)
[383/549] TS2:BAS-HO-RE-057 goal steps 57 fires v4 - v7 2 branches 1 (5.6 s; 52 min)
[384/549] TS2:BAS-HO-RE-021 goal steps 54 fires v4 - v7 4 branches 1 (15.3 s; 52 min)
[385/549] TS2:BAS-HO-RE-075 goal steps 61 fires v4 - v7 1 branches 1 (7.9 s; 52 min)
[386/549] TS2:BAS-NU-CV-009 goal steps 47 fires v4 - v7 1 branches 1 (2.9 s; 53 min)
[387/549] TS2:BAS-NU-CV-021 goal steps 46 fires v4 - v7 1 branches 1 (3.0 s; 53 min)
[388/549] TS2:BAS-NU-CV-031 goal steps 62 fires v4 - v7 0 branches 0 (2.6 s; 53 min)
[389/549] TS2:BAS-HO-RE-099 goal steps 58 fires v4 - v7 3 branches 1 (11.6 s; 53 min)
[390/549] TS2:BAS-NU-CV-050 goal steps 55 fires v4 - v7 1 branches 1 (5.4 s; 53 min)
[391/549] TS2:BAS-NU-CV-070 goal steps 58 fires v4 - v7 6 branches 1 (19.4 s; 53 min)
[392/549] TS2:BAS-NU-CV-077 goal steps 68 fires v4 - v7 2 branches 1 (17.5 s; 53 min)
[393/549] TS2:BAS-NU-CV-088 goal steps 58 fires v4 - v7 1 branches 1 (6.0 s; 53 min)
[394/549] TS2:BAS-NU-CV-085 goal steps 55 fires v4 - v7 1 branches 1 (9.5 s; 53 min)
[395/549] TS2:BAS-OT-CV-001 goal steps 48 fires v4 - v7 1 branches 1 (5.7 s; 53 min)
[396/549] TS2:BAS-NU-CV-099 goal steps 52 fires v4 - v7 2 branches 1 (14.1 s; 53 min)
[397/549] TS2:BAS-OT-CV-003 goal steps 48 fires v4 - v7 4 branches 1 (15.9 s; 53 min)
[398/549] TS2:BAS-OT-CV-005 goal steps 52 fires v4 - v7 6 branches 1 (10.6 s; 54 min)
[399/549] TS2:BAS-OT-CV-013 goal steps 51 fires v4 - v7 2 branches 1 (8.5 s; 54 min)
[400/549] TS2:BAS-OT-CV-015 goal steps 50 fires v4 - v7 1 branches 1 (6.8 s; 54 min)
[401/549] TS2:BAS-OT-CV-027 goal steps 52 fires v4 - v7 5 branches 1 (9.4 s; 54 min)
[402/549] TS2:BAS-OT-CV-055 goal steps 51 fires v4 - v7 4 branches 1 (9.9 s; 54 min)
[403/549] TS2:BAS-OT-CV-061 goal steps 52 fires v4 - v7 4 branches 1 (8.2 s; 54 min)
[404/549] TS2:BAS-OT-CV-059 goal steps 56 fires v4 - v7 7 branches 1 (17.0 s; 54 min)
[405/549] TS2:BAS-OT-CV-075 goal steps 48 fires v4 - v7 6 branches 1 (8.5 s; 54 min)
[406/549] TS2:BAS-OT-CV-089 goal steps 58 fires v4 - v7 3 branches 1 (13.1 s; 54 min)
[407/549] TS2:BAS-OT-CV-097 goal steps 49 fires v4 - v7 3 branches 1 (18.9 s; 55 min)
[408/549] TS2:BAS-OT-RE-008 goal steps 56 fires v4 - v7 3 branches 1 (6.5 s; 55 min)
[409/549] TS2:BAS-OT-CV-095 goal steps 57 fires v4 - v7 6 branches 1 (38.0 s; 55 min)
[410/549] TS2:BAS-OT-RE-024 goal steps 53 fires v4 - v7 6 branches 1 (8.7 s; 55 min)
[411/549] TS2:BAS-OT-RE-022 goal steps 49 fires v4 - v7 4 branches 1 (17.3 s; 55 min)
[412/549] TS2:BAS-OT-RE-028 goal steps 50 fires v4 - v7 5 branches 1 (10.8 s; 55 min)
[413/549] TS2:BAS-OT-RE-030 goal steps 51 fires v4 - v7 6 branches 1 (9.7 s; 55 min)
[414/549] TS2:BAS-OT-RE-042 goal steps 53 fires v4 - v7 2 branches 1 (8.1 s; 55 min)
[415/549] TS2:BAS-OT-RE-076 goal steps 53 fires v4 - v7 5 branches 1 (7.9 s; 55 min)
[416/549] TS2:BAS-OT-RE-060 goal steps 54 fires v4 - v7 4 branches 1 (13.3 s; 55 min)
[417/549] TS2:BAS-OT-RE-080 goal steps 49 fires v4 - v7 1 branches 1 (6.0 s; 55 min)
[418/549] TS2:BAS-OT-RE-090 goal steps 52 fires v4 - v7 1 branches 1 (7.3 s; 56 min)
[419/549] TS2:BAS-OT-RE-092 goal steps 55 fires v4 - v7 4 branches 1 (11.9 s; 56 min)
[420/549] TS2:CH-CR-CV-013 goal steps 49 fires v4 - v7 2 branches 1 (16.2 s; 56 min)
[421/549] TS2:CH-CR-CV-017 goal steps 57 fires v4 - v7 1 branches 1 (26.9 s; 56 min)
[422/549] TS2:CH-CR-CV-037 goal steps 63 fires v4 - v7 4 branches 1 (52.2 s; 57 min)
[423/549] TS2:CH-CR-CV-031 goal steps 52 fires v4 - v7 4 branches 1 (86.3 s; 57 min)
[424/549] TS2:CH-CR-CV-041 goal steps 46 fires v4 - v7 1 branches 1 (22.9 s; 57 min)
[425/549] TS2:CH-CR-CV-055 goal steps 50 fires v4 - v7 1 branches 1 (39.9 s; 58 min)
[426/549] TS2:CH-CR-CV-065 goal steps 72 fires v4 - v7 4 branches 1 (44.3 s; 58 min)
[427/549] TS2:CH-CR-CV-075 goal steps 53 fires v4 - v7 2 branches 1 (29.4 s; 58 min)
[428/549] TS2:CH-CR-CV-083 goal steps 49 fires v4 - v7 2 branches 1 (30.4 s; 59 min)
[429/549] TS2:CH-CR-CV-077 goal steps 52 fires v4 - v7 4 branches 1 (50.1 s; 59 min)
[430/549] TS2:CH-CR-CV-091 goal steps 60 fires v4 - v7 3 branches 1 (93.0 s; 60 min)
[431/549] TS2:CH-CR-CV-099 goal steps 47 fires v4 - v7 1 branches 1 (93.7 s; 60 min)
[432/549] TS2:CH-CR-RE-014 goal steps 56 fires v4 - v7 1 branches 1 (65.1 s; 62 min)
[433/549] TS2:CH-CR-RE-024 goal steps 94 fires v4 - v7 2 branches 1 (74.4 s; 62 min)
[434/549] TS2:CH-CR-RE-032 goal steps 48 fires v4 - v7 2 branches 1 (38.6 s; 62 min)
[435/549] TS2:CH-CR-RE-056 goal steps 68 fires v4 - v7 1 branches 1 (58.9 s; 63 min)
[436/549] TS2:CH-CR-RE-054 goal steps 57 fires v4 - v7 2 branches 1 (106.8 s; 63 min)
[437/549] TS2:CH-CR-RE-076 goal steps 60 fires v4 - v7 2 branches 1 (32.4 s; 64 min)
[438/549] TS2:CH-CR-RE-092 goal steps 49 fires v4 - v7 2 branches 1 (29.5 s; 64 min)
[439/549] TS2:CH-CR-RE-086 goal steps 53 fires v4 - v7 1 branches 1 (62.6 s; 65 min)
[440/549] TS2:CH-CR-RE-096 goal steps 48 fires v4 - v7 1 branches 1 (31.3 s; 65 min)
[441/549] TS2:CH-CR-RE-098 goal steps 61 fires v4 - v7 1 branches 1 (19.9 s; 65 min)
[442/549] TS2:CH-HO-CV-010 goal steps 58 fires v4 - v7 2 branches 1 (21.0 s; 65 min)
[443/549] TS2:CH-CR-RE-100 goal steps 59 fires v4 - v7 2 branches 1 (40.0 s; 65 min)
[444/549] TS2:CH-HO-CV-052 goal steps 53 fires v4 - v7 1 branches 1 (29.9 s; 66 min)
[445/549] TS2:CH-HO-CV-070 goal steps 60 fires v4 - v7 5 branches 1 (42.2 s; 66 min)
[446/549] TS2:CH-HO-CV-073 goal steps 54 fires v4 - v7 5 branches 1 (30.2 s; 66 min)
[447/549] TS2:CH-HO-CV-085 goal steps 57 fires v4 - v7 1 branches 1 (9.7 s; 66 min)
[448/549] TS2:CH-HO-CV-091 goal steps 56 fires v4 - v7 1 branches 1 (39.6 s; 67 min)
[449/549] TS2:CH-HO-CV-088 goal steps 52 fires v4 - v7 4 branches 1 (49.9 s; 67 min)
[450/549] TS2:CH-HO-NC-014 goal steps 53 fires v4 - v7 1 branches 1 (21.9 s; 67 min)
[451/549] TS2:CH-HO-CV-094 goal steps 53 fires v4 - v7 3 branches 1 (31.1 s; 67 min)
[452/549] TS2:CH-HO-NC-041 goal steps 52 fires v4 - v7 1 branches 1 (9.9 s; 68 min)
[453/549] TS2:CH-HO-NC-047 goal steps 63 fires v4 - v7 1 branches 1 (8.8 s; 68 min)
[454/549] TS2:CH-HO-NC-053 goal steps 56 fires v4 - v7 2 branches 1 (6.8 s; 68 min)
[455/549] TS2:CH-HO-RE-003 goal steps 59 fires v4 - v7 1 branches 1 (9.4 s; 68 min)
[456/549] TS2:CH-HO-RE-006 goal steps 61 fires v4 - v7 1 branches 1 (8.0 s; 68 min)
[457/549] TS2:CH-HO-RE-009 goal steps 67 fires v4 - v7 1 branches 1 (6.7 s; 68 min)
[458/549] TS2:CH-HO-RE-030 goal steps 79 fires v4 - v7 2 branches 1 (8.5 s; 68 min)
[459/549] TS2:CH-HO-RE-033 goal steps 66 fires v4 - v7 1 branches 1 (22.1 s; 68 min)
[460/549] TS2:CH-HO-RE-039 goal steps 72 fires v4 - v7 2 branches 1 (40.9 s; 69 min)
[461/549] TS2:CH-HO-RE-054 goal steps 70 fires v4 - v7 4 branches 1 (38.9 s; 69 min)
[462/549] TS2:CH-HO-RE-051 goal steps 59 fires v4 - v7 3 branches 1 (65.8 s; 69 min)
[463/549] TS2:CH-HO-RE-075 goal steps 62 fires v4 - v7 4 branches 1 (19.1 s; 70 min)
[464/549] TS2:CH-HO-RE-066 goal steps 64 fires v4 - v7 2 branches 1 (54.0 s; 70 min)
[465/549] TS2:CH-HO-RE-081 goal steps 73 fires v4 - v7 2 branches 1 (37.3 s; 70 min)
[466/549] TS2:CH-HO-RE-084 goal steps 60 fires v4 - v7 2 branches 1 (15.9 s; 70 min)
[467/549] TS2:CH-HO-RE-087 goal steps 58 fires v4 - v7 2 branches 1 (24.3 s; 71 min)
[468/549] TS2:CH-OT-CV-003 goal steps 48 fires v4 - v7 5 branches 1 (24.5 s; 71 min)
[469/549] TS2:CH-OT-CV-009 goal steps 53 fires v4 - v7 1 branches 1 (16.7 s; 71 min)
[470/549] TS2:CH-OT-CV-013 goal steps 51 fires v4 - v7 3 branches 1 (25.1 s; 71 min)
[471/549] TS2:CH-OT-CV-019 goal steps 48 fires v4 - v7 6 branches 1 (24.8 s; 71 min)
[472/549] TS2:CH-OT-CV-021 goal steps 50 fires v4 - v7 2 branches 1 (20.6 s; 72 min)
[473/549] TS2:CH-OT-CV-029 goal steps 54 fires v4 - v7 2 branches 1 (32.2 s; 72 min)
[474/549] TS2:CH-OT-CV-031 goal steps 63 fires v4 - v7 1 branches 1 (36.4 s; 72 min)
[475/549] TS2:CH-OT-CV-033 goal steps 52 fires v4 - v7 3 branches 1 (32.2 s; 72 min)
[476/549] TS2:CH-OT-CV-035 goal steps 48 fires v4 - v7 1 branches 1 (20.9 s; 73 min)
[477/549] TS2:CH-OT-CV-039 goal steps 46 fires v4 - v7 2 branches 1 (14.6 s; 73 min)
[478/549] TS2:CH-OT-CV-037 goal steps 54 fires v4 - v7 8 branches 1 (28.9 s; 73 min)
[479/549] TS2:CH-OT-CV-047 goal steps 54 fires v4 - v7 4 branches 1 (30.6 s; 73 min)
[480/549] TS2:CH-OT-CV-043 goal steps 46 fires v4 - v7 4 branches 1 (50.9 s; 74 min)
[481/549] TS2:CH-OT-CV-051 goal steps 52 fires v4 - v7 3 branches 1 (17.5 s; 74 min)
[482/549] TS2:CH-OT-CV-061 goal steps 51 fires v4 - v7 2 branches 1 (18.0 s; 74 min)
[483/549] TS2:CH-OT-CV-059 goal steps 50 fires v4 - v7 2 branches 1 (21.1 s; 74 min)
[484/549] TS2:CH-OT-CV-081 goal steps 53 fires v4 - v7 3 branches 1 (20.0 s; 74 min)
[485/549] TS2:CH-OT-CV-065 goal steps 54 fires v4 - v7 2 branches 1 (33.3 s; 75 min)
[486/549] TS2:CH-OT-CV-087 goal steps 52 fires v4 - v7 1 branches 1 (16.0 s; 75 min)
[487/549] TS2:CH-OT-RE-002 goal steps 54 fires v4 - v7 1 branches 1 (14.8 s; 75 min)
[488/549] TS2:CH-OT-CV-099 goal steps 54 fires v4 - v7 5 branches 1 (38.7 s; 75 min)
[489/549] TS2:CH-OT-RE-004 goal steps 51 fires v4 - v7 4 branches 1 (23.0 s; 75 min)
[490/549] TS2:CH-OT-RE-022 goal steps 53 fires v4 - v7 1 branches 1 (30.4 s; 76 min)
[491/549] TS2:CH-OT-RE-026 goal steps 58 fires v4 - v7 3 branches 1 (35.0 s; 76 min)
[492/549] TS2:CH-OT-RE-032 goal steps 52 fires v4 - v7 3 branches 1 (20.9 s; 76 min)
[493/549] TS2:CH-OT-RE-038 goal steps 50 fires v4 - v7 2 branches 1 (18.7 s; 76 min)
[494/549] TS2:CH-OT-RE-046 goal steps 51 fires v4 - v7 4 branches 1 (20.0 s; 76 min)
[495/549] TS2:CH-OT-RE-048 goal steps 48 fires v4 - v7 2 branches 1 (17.5 s; 76 min)
[496/549] TS2:CH-OT-RE-060 goal steps 50 fires v4 - v7 2 branches 1 (22.2 s; 77 min)
[497/549] TS2:CH-OT-RE-062 goal steps 53 fires v4 - v7 5 branches 1 (21.0 s; 77 min)
[498/549] TS2:CH-OT-RE-066 goal steps 53 fires v4 - v7 1 branches 1 (15.3 s; 77 min)
[499/549] TS2:CH-OT-RE-068 goal steps 52 fires v4 - v7 1 branches 1 (14.8 s; 77 min)
[500/549] TS2:CH-OT-RE-064 goal steps 60 fires v4 - v7 9 branches 1 (76.1 s; 78 min)
[501/549] TS2:CH-OT-RE-088 goal steps 53 fires v4 - v7 3 branches 1 (53.8 s; 78 min)
[502/549] TS2:CH-OT-RE-092 goal steps 55 fires v4 - v7 1 branches 1 (19.4 s; 79 min)
[503/549] TS2:CH-OT-RE-090 goal steps 52 fires v4 - v7 2 branches 1 (31.8 s; 79 min)
[504/549] TS2:P2-L1-HO-FIX-03 goal steps 61 fires v4 - v7 1 branches 1 (14.6 s; 79 min)
[505/549] TS2:CH-OT-RE-098 goal steps 52 fires v4 - v7 5 branches 1 (25.6 s; 79 min)
[506/549] TS2:P2-L1-HO-FIX-17 goal steps 58 fires v4 - v7 3 branches 1 (19.0 s; 79 min)
[507/549] TS2:P2-L1-HO-FIX-19 goal steps 59 fires v4 - v7 1 branches 1 (12.7 s; 79 min)
[508/549] TS2:P2-L1-HO-VAR-10 goal steps 59 fires v4 - v7 2 branches 1 (15.4 s; 79 min)
[509/549] TS2:P2-L1-HO-VAR-08 goal steps 59 fires v4 - v7 4 branches 1 (19.1 s; 79 min)
[510/549] TS2:P2-L2-BO-FIX-05 goal steps 29 fires v4 - v7 0 branches 0 (3.2 s; 79 min)
[511/549] TS2:P2-L2-BO-FIX-13 goal steps 31 fires v4 - v7 1 branches 1 (3.9 s; 80 min)
[512/549] TS2:P2-L2-BO-FIX-19 goal steps 30 fires v4 - v7 0 branches 0 (3.7 s; 80 min)
[513/549] TS2:P2-L2-BO-VAR-10 goal steps 29 fires v4 - v7 1 branches 1 (6.7 s; 80 min)
[514/549] TS2:P2-L2-BO-VAR-04 goal steps 29 fires v4 - v7 2 branches 1 (8.5 s; 80 min)
[515/549] TS2:P2-L2-BO-VAR-20 goal steps 29 fires v4 - v7 2 branches 1 (11.2 s; 80 min)
[516/549] TS2:P2-L2-CRP-FIX-13 goal steps 60 fires v4 - v7 1 branches 1 (13.0 s; 80 min)
[517/549] TS2:P2-L2-CRP-FIX-19 goal steps 55 fires v4 - v7 1 branches 1 (14.9 s; 80 min)
[518/549] TS2:P2-L2-OT-FIX-07 goal steps 53 fires v4 - v7 2 branches 1 (15.0 s; 80 min)
[519/549] TS2:P2-L2-OT-VAR-14 goal steps 54 fires v4 - v7 7 branches 1 (18.5 s; 80 min)
[520/549] TS2:P2-L2-OT-FIX-15 goal steps 59 fires v4 - v7 1 branches 1 (22.6 s; 80 min)
[521/549] TS2:P2-L2-OT-VAR-16 goal steps 59 fires v4 - v7 6 branches 1 (14.2 s; 81 min)
[522/549] TS2:P2-L3-BO-FIX-11 goal steps 36 fires v4 - v7 1 branches 1 (4.3 s; 81 min)
[523/549] TS2:P2-L3-BO-FIX-17 goal steps 36 fires v4 - v7 2 branches 1 (4.5 s; 81 min)
[524/549] TS2:P2-L3-BO-VAR-06 goal steps 36 fires v4 - v7 2 branches 1 (5.1 s; 81 min)
[525/549] TS2:P2-L3-BO-FIX-09 goal steps 35 fires v4 - v7 3 branches 1 (30.9 s; 81 min)
[526/549] TS2:P2-L3-BO-VAR-12 goal steps 34 fires v4 - v7 2 branches 1 (5.0 s; 81 min)
[527/549] TS2:P2-L3-BO-VAR-18 goal steps 34 fires v4 - v7 1 branches 1 (4.7 s; 81 min)
[528/549] TS2:P2-L3-CRP-FIX-03 goal steps 47 fires v4 - v7 3 branches 1 (12.7 s; 81 min)
[529/549] TS2:P2-L3-CRP-VAR-20 goal steps 48 fires v4 - v7 1 branches 1 (8.7 s; 81 min)
[530/549] TS2:P2-L3-CRP-VAR-14 goal steps 54 fires v4 - v7 4 branches 1 (17.8 s; 81 min)
[531/549] TS2:P2-L3-CRS-FIX-15 goal steps 53 fires v4 - v7 1 branches 1 (7.0 s; 81 min)
[532/549] TS2:P2-L3-CRS-FIX-07 goal steps 49 fires v4 - v7 2 branches 1 (11.2 s; 82 min)
[533/549] TS2:P2-L3-CRS-VAR-20 goal steps 48 fires v4 - v7 3 branches 1 (11.8 s; 82 min)
[534/549] TS2:P2-L3-HO-FIX-03 goal steps 52 fires v4 - v7 3 branches 1 (12.0 s; 82 min)
[535/549] TS2:P2-L3-HO-FIX-07 goal steps 52 fires v4 - v7 1 branches 1 (8.0 s; 82 min)
[536/549] TS2:P2-L3-HO-FIX-09 goal steps 48 fires v4 - v7 1 branches 1 (7.1 s; 82 min)
[537/549] TS2:P2-L3-HO-FIX-17 goal steps 49 fires v4 - v7 1 branches 1 (8.4 s; 82 min)
[538/549] TS2:P2-L3-HO-VAR-08 goal steps 57 fires v4 - v7 1 branches 1 (8.5 s; 82 min)
[539/549] TS2:P2-L3-HO-VAR-16 goal steps 51 fires v4 - v7 2 branches 1 (9.9 s; 82 min)
[540/549] TS2:P2-L3-HO-VAR-18 goal steps 49 fires v4 - v7 1 branches 1 (8.3 s; 82 min)
[541/549] TS2:P2-L3-HO-VAR-20 goal steps 49 fires v4 - v7 1 branches 1 (7.8 s; 82 min)
[542/549] TS2:P2-L3-NT-01 goal steps 52 fires v4 - v7 1 branches 1 (7.8 s; 82 min)
[543/549] TS2:P2-L3-OT-FIX-17 goal steps 49 fires v4 - v7 1 branches 1 (6.4 s; 82 min)
[544/549] TS2:P2-L3-OT-FIX-07 goal steps 49 fires v4 - v7 2 branches 1 (8.4 s; 82 min)
[545/549] TS2:P2-L3-OT-VAR-10 goal steps 51 fires v4 - v7 1 branches 1 (5.3 s; 82 min)
[546/549] TS2:P2-L3-OT-VAR-18 goal steps 50 fires v4 - v7 1 branches 1 (10.4 s; 83 min)
[547/549] TS2:P2v2-L1-BO-FIX-09 goal steps 25 fires v4 - v7 4 branches 1 (10.4 s; 83 min)
[548/549] TS2:P2v2-L1-BO-VAR-16 goal steps 25 fires v4 - v7 2 branches 1 (6.0 s; 83 min)
[549/549] TS2:P2v2-L1-BO-FIX-17 goal steps 25 fires v4 - v7 2 branches 1 (11.6 s; 83 min)
