721 episodes to run (429 already done), 2 processes
[1/721] TS2:BAS-BO-CV-001 goal steps 39 fires v4 0 v7 0 branches 0 (7.6 s; 1 min)
[2/721] TS2:BAS-BO-CV-007 goal steps 33 fires v4 6 v7 0 branches 1 (10.5 s; 1 min)
[3/721] TS2:BAS-BO-CV-009 goal steps 31 fires v4 5 v7 2 branches 2 (8.7 s; 1 min)
[4/721] TS2:BAS-BO-CV-013 goal steps 38 fires v4 4 v7 2 branches 2 (9.8 s; 1 min)
[5/721] TS2:BAS-BO-CV-015 goal steps 29 fires v4 1 v7 0 branches 1 (4.7 s; 2 min)
[6/721] TS2:BAS-BO-CV-011 goal steps 43 fires v4 4 v7 2 branches 2 (21.2 s; 2 min)
[7/721] TS2:BAS-BO-CV-023 goal steps 34 fires v4 0 v7 0 branches 0 (4.6 s; 2 min)
[8/721] TS2:BAS-BO-CV-025 goal steps 39 fires v4 0 v7 0 branches 0 (6.1 s; 2 min)
[9/721] TS2:BAS-BO-CV-027 goal steps 31 fires v4 0 v7 0 branches 0 (4.2 s; 2 min)
[10/721] TS2:BAS-BO-CV-029 goal steps 32 fires v4 1 v7 1 branches 2 (4.9 s; 2 min)
[11/721] TS2:BAS-BO-CV-031 goal steps 37 fires v4 0 v7 0 branches 0 (6.0 s; 2 min)
[12/721] TS2:BAS-BO-CV-033 goal steps 32 fires v4 0 v7 0 branches 0 (3.8 s; 2 min)
[13/721] TS2:BAS-BO-CV-037 goal steps 47 fires v4 0 v7 0 branches 0 (7.8 s; 2 min)
[14/721] TS2:BAS-BO-CV-035 goal steps 30 fires v4 1 v7 1 branches 2 (13.2 s; 2 min)
[15/721] TS2:BAS-BO-CV-039 goal steps 37 fires v4 2 v7 0 branches 1 (7.9 s; 2 min)
[16/721] TS2:BAS-BO-CV-041 goal steps 41 fires v4 0 v7 0 branches 0 (5.1 s; 2 min)
[17/721] TS2:BAS-BO-CV-047 goal steps 35 fires v4 0 v7 0 branches 0 (4.4 s; 2 min)
[18/721] TS2:BAS-BO-CV-045 goal steps 34 fires v4 2 v7 0 branches 1 (6.6 s; 2 min)
[19/721] TS2:BAS-BO-CV-051 goal steps 30 fires v4 0 v7 0 branches 0 (4.3 s; 2 min)
[20/721] TS2:BAS-BO-CV-057 goal steps 35 fires v4 1 v7 0 branches 1 (4.2 s; 2 min)
[21/721] TS2:BAS-BO-CV-053 goal steps 30 fires v4 7 v7 1 branches 2 (9.2 s; 2 min)
[22/721] TS2:BAS-BO-CV-059 goal steps 44 fires v4 1 v7 1 branches 2 (18.5 s; 3 min)
[23/721] TS2:BAS-BO-CV-061 goal steps 29 fires v4 7 v7 6 branches 2 (19.0 s; 3 min)
[24/721] TS2:BAS-BO-CV-065 goal steps 50 fires v4 1 v7 0 branches 1 (10.9 s; 3 min)
[25/721] TS2:BAS-BO-CV-063 goal steps 28 fires v4 5 v7 3 branches 2 (13.4 s; 3 min)
[26/721] TS2:BAS-BO-CV-067 goal steps 32 fires v4 0 v7 0 branches 0 (3.7 s; 3 min)
[27/721] TS2:BAS-BO-CV-069 goal steps 32 fires v4 2 v7 2 branches 2 (4.6 s; 3 min)
[28/721] TS2:BAS-BO-CV-071 goal steps 36 fires v4 5 v7 1 branches 2 (8.1 s; 3 min)
[29/721] TS2:BAS-BO-CV-073 goal steps 29 fires v4 1 v7 2 branches 2 (8.6 s; 3 min)
[30/721] TS2:BAS-BO-CV-075 goal steps 32 fires v4 2 v7 1 branches 2 (5.3 s; 3 min)
[31/721] TS2:BAS-BO-CV-079 goal steps 40 fires v4 0 v7 0 branches 0 (4.6 s; 3 min)
[32/721] TS2:BAS-BO-CV-081 goal steps 55 fires v4 2 v7 2 branches 2 (17.6 s; 3 min)
[33/721] TS2:BAS-BO-CV-077 goal steps 29 fires v4 4 v7 2 branches 2 (26.2 s; 4 min)
[34/721] TS2:BAS-BO-CV-085 goal steps 30 fires v4 0 v7 0 branches 0 (3.9 s; 4 min)
[35/721] TS2:BAS-BO-CV-083 goal steps 36 fires v4 3 v7 2 branches 2 (7.3 s; 4 min)
[36/721] TS2:BAS-BO-CV-089 goal steps 37 fires v4 0 v7 0 branches 0 (4.2 s; 4 min)
[37/721] TS2:BAS-BO-CV-091 goal steps 34 fires v4 0 v7 0 branches 0 (4.2 s; 4 min)
[38/721] TS2:BAS-BO-CV-095 goal steps 37 fires v4 6 v7 4 branches 2 (11.5 s; 4 min)
[39/721] TS2:BAS-BO-CV-097 goal steps 29 fires v4 7 v7 0 branches 1 (7.3 s; 4 min)
[40/721] TS2:BAS-BO-CV-099 goal steps 32 fires v4 0 v7 0 branches 0 (3.7 s; 4 min)
[41/721] TS2:BAS-BO-RE-004 goal steps 32 fires v4 0 v7 0 branches 0 (3.8 s; 4 min)
[42/721] TS2:BAS-BO-CV-093 goal steps 32 fires v4 4 v7 4 branches 2 (30.0 s; 4 min)
[43/721] TS2:BAS-BO-RE-008 goal steps 31 fires v4 1 v7 1 branches 2 (4.7 s; 4 min)
[44/721] TS2:BAS-BO-RE-012 goal steps 34 fires v4 0 v7 0 branches 0 (3.3 s; 4 min)
[45/721] TS2:BAS-BO-RE-014 goal steps 31 fires v4 1 v7 0 branches 1 (5.1 s; 4 min)
[46/721] TS2:BAS-BO-RE-016 goal steps 40 fires v4 0 v7 0 branches 0 (4.4 s; 4 min)
[47/721] TS2:BAS-BO-RE-010 goal steps 31 fires v4 4 v7 1 branches 2 (17.6 s; 4 min)
[48/721] TS2:BAS-BO-RE-018 goal steps 37 fires v4 0 v7 0 branches 0 (3.8 s; 4 min)
[49/721] TS2:BAS-BO-RE-020 goal steps 29 fires v4 0 v7 0 branches 0 (3.0 s; 4 min)
[50/721] TS2:BAS-BO-RE-022 goal steps 41 fires v4 0 v7 0 branches 0 (4.2 s; 5 min)
[51/721] TS2:BAS-BO-RE-024 goal steps 35 fires v4 0 v7 0 branches 0 (3.6 s; 5 min)
[52/721] TS2:BAS-BO-RE-028 goal steps 36 fires v4 0 v7 0 branches 0 (4.0 s; 5 min)
[53/721] TS2:BAS-BO-RE-030 goal steps 37 fires v4 1 v7 0 branches 1 (4.3 s; 5 min)
[54/721] TS2:BAS-BO-RE-032 goal steps 35 fires v4 0 v7 0 branches 0 (4.2 s; 5 min)
[55/721] TS2:BAS-BO-RE-034 goal steps 32 fires v4 0 v7 0 branches 0 (3.9 s; 5 min)
[56/721] TS2:BAS-BO-RE-038 goal steps 30 fires v4 0 v7 0 branches 0 (3.6 s; 5 min)
[57/721] TS2:BAS-BO-RE-036 goal steps 30 fires v4 7 v7 0 branches 1 (6.5 s; 5 min)
[58/721] TS2:BAS-BO-RE-042 goal steps 34 fires v4 0 v7 0 branches 0 (3.7 s; 5 min)
[59/721] TS2:BAS-BO-RE-040 goal steps 27 fires v4 0 v7 1 branches 1 (10.6 s; 5 min)
[60/721] TS2:BAS-BO-RE-046 goal steps 33 fires v4 0 v7 0 branches 0 (4.9 s; 5 min)
[61/721] TS2:BAS-BO-RE-054 goal steps 33 fires v4 0 v7 0 branches 0 (3.5 s; 5 min)
[62/721] TS2:BAS-BO-RE-048 goal steps 31 fires v4 7 v7 5 branches 2 (6.6 s; 5 min)
[63/721] TS2:BAS-BO-RE-060 goal steps 28 fires v4 0 v7 0 branches 0 (3.8 s; 5 min)
[64/721] TS2:BAS-BO-RE-058 goal steps 28 fires v4 9 v7 6 branches 2 (9.1 s; 5 min)
[65/721] TS2:BAS-BO-RE-062 goal steps 33 fires v4 0 v7 0 branches 0 (3.4 s; 5 min)
[66/721] TS2:BAS-BO-RE-064 goal steps 35 fires v4 0 v7 0 branches 0 (3.8 s; 5 min)
[67/721] TS2:BAS-BO-RE-066 goal steps 43 fires v4 0 v7 0 branches 0 (4.6 s; 5 min)
[68/721] TS2:BAS-BO-RE-068 goal steps 35 fires v4 1 v7 1 branches 2 (4.2 s; 5 min)
[69/721] TS2:BAS-BO-RE-070 goal steps 36 fires v4 1 v7 0 branches 1 (5.8 s; 5 min)
[70/721] TS2:BAS-BO-RE-072 goal steps 28 fires v4 8 v7 1 branches 2 (7.3 s; 5 min)
[71/721] TS2:BAS-BO-RE-074 goal steps 38 fires v4 1 v7 1 branches 2 (10.1 s; 5 min)
[72/721] TS2:BAS-BO-RE-084 goal steps 31 fires v4 0 v7 0 branches 0 (3.8 s; 6 min)
[73/721] TS2:BAS-BO-RE-086 goal steps 36 fires v4 0 v7 0 branches 0 (4.4 s; 6 min)
[74/721] TS2:BAS-BO-RE-080 goal steps 36 fires v4 4 v7 2 branches 2 (14.6 s; 6 min)
[75/721] TS2:BAS-BO-RE-090 goal steps 36 fires v4 0 v7 0 branches 0 (4.5 s; 6 min)
[76/721] TS2:BAS-BO-RE-088 goal steps 31 fires v4 5 v7 5 branches 2 (15.1 s; 6 min)
[77/721] TS2:BAS-BO-RE-092 goal steps 29 fires v4 7 v7 2 branches 2 (11.7 s; 6 min)
[78/721] TS2:BAS-BO-RE-094 goal steps 29 fires v4 0 v7 0 branches 0 (4.1 s; 6 min)
[79/721] TS2:BAS-BO-RE-096 goal steps 32 fires v4 0 v7 0 branches 0 (4.3 s; 6 min)
[80/721] TS2:BAS-BO-RE-098 goal steps 31 fires v4 0 v7 0 branches 0 (5.0 s; 6 min)
[81/721] TS2:BAS-CR-CV-005 goal steps 47 fires v4 0 v7 0 branches 0 (5.9 s; 6 min)
[82/721] TS2:BAS-CR-CV-001 goal steps 52 fires v4 5 v7 2 branches 2 (12.4 s; 6 min)
[83/721] TS2:BAS-CR-CV-009 goal steps 54 fires v4 0 v7 0 branches 0 (5.2 s; 6 min)
[84/721] TS2:BAS-CR-CV-011 goal steps 48 fires v4 1 v7 0 branches 1 (7.8 s; 6 min)
[85/721] TS2:BAS-CR-CV-021 goal steps 59 fires v4 4 v7 3 branches 2 (13.0 s; 6 min)
[86/721] TS2:BAS-CR-CV-023 goal steps 59 fires v4 1 v7 1 branches 2 (13.8 s; 7 min)
[87/721] TS2:BAS-CR-CV-035 goal steps 54 fires v4 0 v7 0 branches 0 (6.1 s; 7 min)
[88/721] TS2:BAS-CR-CV-029 goal steps 49 fires v4 3 v7 2 branches 2 (22.3 s; 7 min)
[89/721] TS2:BAS-CR-CV-041 goal steps 54 fires v4 4 v7 1 branches 2 (11.4 s; 7 min)
[90/721] TS2:BAS-CR-CV-057 goal steps 45 fires v4 0 v7 0 branches 0 (5.5 s; 7 min)
[91/721] TS2:BAS-CR-CV-047 goal steps 51 fires v4 3 v7 3 branches 2 (17.5 s; 7 min)
[92/721] TS2:BAS-CR-CV-061 goal steps 56 fires v4 3 v7 3 branches 2 (15.5 s; 7 min)
[93/721] TS2:BAS-CR-CV-063 goal steps 48 fires v4 1 v7 1 branches 2 (17.1 s; 7 min)
[94/721] TS2:BAS-CR-CV-069 goal steps 45 fires v4 3 v7 3 branches 2 (16.2 s; 7 min)
[95/721] TS2:BAS-CR-CV-079 goal steps 54 fires v4 0 v7 0 branches 0 (4.5 s; 8 min)
[96/721] TS2:BAS-CR-CV-071 goal steps 55 fires v4 3 v7 1 branches 2 (15.3 s; 8 min)
[97/721] TS2:BAS-CR-CV-089 goal steps 56 fires v4 0 v7 0 branches 0 (7.4 s; 8 min)
[98/721] TS2:BAS-CR-CV-081 goal steps 67 fires v4 4 v7 4 branches 2 (16.7 s; 8 min)
[99/721] TS2:BAS-CR-CV-093 goal steps 54 fires v4 0 v7 0 branches 0 (6.1 s; 8 min)
[100/721] TS2:BAS-CR-CV-091 goal steps 58 fires v4 2 v7 2 branches 2 (13.8 s; 8 min)
[101/721] TS2:BAS-CR-CV-097 goal steps 49 fires v4 3 v7 1 branches 2 (14.5 s; 8 min)
[102/721] TS2:BAS-CR-RE-002 goal steps 48 fires v4 1 v7 1 branches 2 (11.0 s; 8 min)
[103/721] TS2:BAS-CR-RE-004 goal steps 56 fires v4 0 v7 0 branches 0 (5.9 s; 8 min)
[104/721] TS2:BAS-CR-RE-008 goal steps 55 fires v4 0 v7 0 branches 0 (7.2 s; 8 min)
[105/721] TS2:BAS-CR-RE-012 goal steps 53 fires v4 0 v7 0 branches 0 (5.9 s; 8 min)
[106/721] TS2:BAS-CR-RE-010 goal steps 49 fires v4 0 v7 1 branches 1 (11.1 s; 8 min)
[107/721] TS2:BAS-CR-RE-018 goal steps 51 fires v4 1 v7 1 branches 2 (11.2 s; 9 min)
[108/721] TS2:BAS-CR-RE-020 goal steps 59 fires v4 2 v7 2 branches 2 (18.8 s; 9 min)
[109/721] TS2:BAS-CR-RE-024 goal steps 51 fires v4 2 v7 2 branches 2 (16.4 s; 9 min)
[110/721] TS2:BAS-CR-RE-028 goal steps 56 fires v4 0 v7 0 branches 0 (8.2 s; 9 min)
[111/721] TS2:BAS-CR-RE-030 goal steps 57 fires v4 1 v7 0 branches 1 (7.4 s; 9 min)
[112/721] TS2:BAS-CR-RE-032 goal steps 54 fires v4 0 v7 0 branches 0 (6.1 s; 9 min)
[113/721] TS2:BAS-CR-RE-034 goal steps 60 fires v4 0 v7 0 branches 0 (7.1 s; 9 min)
[114/721] TS2:BAS-CR-RE-036 goal steps 56 fires v4 0 v7 0 branches 0 (7.4 s; 9 min)
[115/721] TS2:BAS-CR-RE-044 goal steps 61 fires v4 0 v7 0 branches 0 (4.5 s; 9 min)
[116/721] TS2:BAS-CR-RE-038 goal steps 49 fires v4 1 v7 0 branches 1 (7.8 s; 9 min)
[117/721] TS2:BAS-CR-RE-048 goal steps 55 fires v4 0 v7 0 branches 0 (8.2 s; 9 min)
[118/721] TS2:BAS-CR-RE-052 goal steps 59 fires v4 8 v7 4 branches 2 (19.8 s; 10 min)
[119/721] TS2:BAS-CR-RE-054 goal steps 67 fires v4 5 v7 2 branches 2 (14.4 s; 10 min)
[120/721] TS2:BAS-CR-RE-056 goal steps 54 fires v4 0 v7 0 branches 0 (6.8 s; 10 min)
[121/721] TS2:BAS-CR-RE-064 goal steps 55 fires v4 0 v7 0 branches 0 (4.3 s; 10 min)
[122/721] TS2:BAS-CR-RE-060 goal steps 52 fires v4 2 v7 2 branches 2 (16.9 s; 10 min)
[123/721] TS2:BAS-CR-RE-066 goal steps 50 fires v4 3 v7 3 branches 2 (18.1 s; 10 min)
[124/721] TS2:BAS-CR-RE-068 goal steps 56 fires v4 6 v7 3 branches 2 (31.5 s; 10 min)
[125/721] TS2:BAS-CR-RE-070 goal steps 60 fires v4 3 v7 3 branches 2 (21.7 s; 10 min)
[126/721] TS2:BAS-CR-RE-074 goal steps 55 fires v4 0 v7 0 branches 0 (8.4 s; 11 min)
[127/721] TS2:BAS-CR-RE-072 goal steps 49 fires v4 4 v7 2 branches 2 (22.7 s; 11 min)
[128/721] TS2:BAS-CR-RE-076 goal steps 51 fires v4 3 v7 2 branches 2 (15.8 s; 11 min)
[129/721] TS2:BAS-CR-RE-082 goal steps 53 fires v4 0 v7 0 branches 0 (5.9 s; 11 min)
[130/721] TS2:BAS-CR-RE-086 goal steps 50 fires v4 0 v7 0 branches 0 (4.2 s; 11 min)
[131/721] TS2:BAS-CR-RE-080 goal steps 52 fires v4 1 v7 1 branches 2 (17.1 s; 11 min)
[132/721] TS2:BAS-CR-RE-088 goal steps 54 fires v4 2 v7 0 branches 1 (9.2 s; 11 min)
[133/721] TS2:BAS-CR-RE-094 goal steps 55 fires v4 0 v7 0 branches 0 (4.6 s; 11 min)
[134/721] TS2:BAS-CR-RE-090 goal steps 53 fires v4 4 v7 3 branches 2 (15.6 s; 11 min)
[135/721] TS2:BAS-CR-RE-096 goal steps 52 fires v4 0 v7 0 branches 0 (6.5 s; 11 min)
[136/721] TS2:BAS-CR-RE-100 goal steps 47 fires v4 0 v7 0 branches 0 (4.0 s; 11 min)
[137/721] TS2:BAS-CR-RE-098 goal steps 72 fires v4 0 v7 0 branches 0 (6.6 s; 11 min)
[138/721] TS2:BAS-HO-CV-007 goal steps 55 fires v4 0 v7 0 branches 0 (6.0 s; 11 min)
[139/721] TS2:BAS-HO-CV-010 goal steps 52 fires v4 1 v7 1 branches 2 (7.5 s; 12 min)
[140/721] TS2:BAS-HO-CV-013 goal steps 52 fires v4 0 v7 0 branches 0 (3.9 s; 12 min)
[141/721] TS2:BAS-HO-CV-019 goal steps 49 fires v4 0 v7 0 branches 0 (4.7 s; 12 min)
[142/721] TS2:BAS-HO-CV-016 goal steps 55 fires v4 0 v7 0 branches 0 (6.1 s; 12 min)
[143/721] TS2:BAS-HO-CV-022 goal steps 57 fires v4 0 v7 0 branches 0 (6.7 s; 12 min)
[144/721] TS2:BAS-HO-CV-028 goal steps 52 fires v4 0 v7 0 branches 0 (4.2 s; 12 min)
[145/721] TS2:BAS-HO-CV-025 goal steps 56 fires v4 0 v7 1 branches 1 (11.7 s; 12 min)
[146/721] TS2:BAS-HO-CV-031 goal steps 54 fires v4 0 v7 0 branches 0 (4.3 s; 12 min)
[147/721] TS2:BAS-HO-CV-034 goal steps 50 fires v4 0 v7 0 branches 0 (4.9 s; 12 min)
[148/721] TS2:BAS-HO-CV-037 goal steps 54 fires v4 0 v7 0 branches 0 (4.1 s; 12 min)
[149/721] TS2:BAS-HO-CV-043 goal steps 54 fires v4 0 v7 0 branches 0 (4.0 s; 12 min)
[150/721] TS2:BAS-HO-CV-040 goal steps 49 fires v4 3 v7 0 branches 1 (7.4 s; 12 min)
[151/721] TS2:BAS-HO-CV-049 goal steps 56 fires v4 0 v7 0 branches 0 (3.8 s; 12 min)
[152/721] TS2:BAS-HO-CV-046 goal steps 52 fires v4 0 v7 0 branches 0 (5.4 s; 12 min)
[153/721] TS2:BAS-HO-CV-055 goal steps 55 fires v4 0 v7 0 branches 0 (4.0 s; 12 min)
[154/721] TS2:BAS-HO-CV-052 goal steps 52 fires v4 0 v7 0 branches 0 (4.9 s; 12 min)
[155/721] TS2:BAS-HO-CV-058 goal steps 53 fires v4 0 v7 0 branches 0 (4.4 s; 12 min)
[156/721] TS2:BAS-HO-CV-061 goal steps 58 fires v4 4 v7 1 branches 2 (9.6 s; 12 min)
[157/721] TS2:BAS-HO-CV-067 goal steps 53 fires v4 0 v7 0 branches 0 (4.4 s; 12 min)
[158/721] TS2:BAS-HO-CV-070 goal steps 58 fires v4 0 v7 0 branches 0 (3.8 s; 12 min)
[159/721] TS2:BAS-HO-CV-073 goal steps 52 fires v4 0 v7 0 branches 0 (5.1 s; 13 min)
[160/721] TS2:BAS-HO-CV-064 goal steps 58 fires v4 5 v7 5 branches 2 (20.7 s; 13 min)
[161/721] TS2:BAS-HO-CV-076 goal steps 49 fires v4 0 v7 0 branches 0 (3.3 s; 13 min)
[162/721] TS2:BAS-HO-CV-079 goal steps 50 fires v4 0 v7 0 branches 0 (4.8 s; 13 min)
[163/721] TS2:BAS-HO-CV-082 goal steps 50 fires v4 0 v7 0 branches 0 (5.4 s; 13 min)
[164/721] TS2:BAS-HO-CV-091 goal steps 49 fires v4 0 v7 0 branches 0 (3.7 s; 13 min)
[165/721] TS2:BAS-HO-CV-088 goal steps 51 fires v4 1 v7 0 branches 1 (9.3 s; 13 min)
[166/721] TS2:BAS-HO-CV-094 goal steps 51 fires v4 0 v7 0 branches 0 (5.3 s; 13 min)
[167/721] TS2:BAS-HO-CV-097 goal steps 51 fires v4 0 v7 0 branches 0 (3.9 s; 13 min)
[168/721] TS2:BAS-HO-NC-005 goal steps 56 fires v4 0 v7 0 branches 0 (5.4 s; 13 min)
[169/721] TS2:BAS-HO-NC-008 goal steps 62 fires v4 0 v7 0 branches 0 (3.8 s; 13 min)
[170/721] TS2:BAS-HO-NC-011 goal steps 54 fires v4 0 v7 0 branches 0 (3.6 s; 13 min)
[171/721] TS2:BAS-HO-CV-100 goal steps 61 fires v4 3 v7 1 branches 2 (15.3 s; 13 min)
[172/721] TS2:BAS-HO-NC-017 goal steps 55 fires v4 0 v7 0 branches 0 (3.7 s; 13 min)
[173/721] TS2:BAS-HO-NC-026 goal steps 53 fires v4 0 v7 0 branches 0 (4.8 s; 13 min)
[174/721] TS2:BAS-HO-NC-020 goal steps 53 fires v4 1 v7 3 branches 2 (9.0 s; 13 min)
[175/721] TS2:BAS-HO-NC-029 goal steps 53 fires v4 0 v7 0 branches 0 (3.5 s; 13 min)
[176/721] TS2:BAS-HO-NC-032 goal steps 56 fires v4 0 v7 0 branches 0 (5.3 s; 13 min)
[177/721] TS2:BAS-HO-NC-035 goal steps 60 fires v4 3 v7 2 branches 2 (6.3 s; 13 min)
[178/721] TS2:BAS-HO-NC-038 goal steps 58 fires v4 0 v7 0 branches 0 (4.0 s; 13 min)
[179/721] TS2:BAS-HO-NC-050 goal steps 52 fires v4 0 v7 0 branches 0 (5.3 s; 14 min)
[180/721] TS2:BAS-HO-NC-059 goal steps 54 fires v4 0 v7 1 branches 1 (8.7 s; 14 min)
[181/721] TS2:BAS-HO-NC-044 goal steps 64 fires v4 1 v7 2 branches 2 (17.7 s; 14 min)
[182/721] TS2:BAS-HO-NC-062 goal steps 55 fires v4 0 v7 0 branches 0 (5.8 s; 14 min)
[183/721] TS2:BAS-HO-NC-065 goal steps 59 fires v4 0 v7 0 branches 0 (4.2 s; 14 min)
[184/721] TS2:BAS-HO-NC-074 goal steps 52 fires v4 0 v7 1 branches 1 (8.5 s; 14 min)
[185/721] TS2:BAS-HO-NC-077 goal steps 55 fires v4 3 v7 0 branches 1 (9.8 s; 14 min)
[186/721] TS2:BAS-HO-NC-080 goal steps 56 fires v4 2 v7 2 branches 2 (15.4 s; 14 min)
[187/721] TS2:BAS-HO-NC-083 goal steps 58 fires v4 2 v7 3 branches 2 (18.9 s; 14 min)
[188/721] TS2:BAS-HO-NC-092 goal steps 53 fires v4 0 v7 0 branches 0 (5.1 s; 14 min)
[189/721] TS2:BAS-HO-NC-095 goal steps 57 fires v4 0 v7 0 branches 0 (6.4 s; 14 min)
[190/721] TS2:BAS-HO-NC-086 goal steps 64 fires v4 1 v7 1 branches 2 (19.3 s; 14 min)
[191/721] TS2:BAS-HO-RE-003 goal steps 55 fires v4 0 v7 0 branches 0 (6.1 s; 15 min)
[192/721] TS2:BAS-HO-RE-015 goal steps 49 fires v4 0 v7 0 branches 0 (3.0 s; 15 min)
[193/721] TS2:BAS-HO-RE-012 goal steps 56 fires v4 2 v7 1 branches 2 (11.7 s; 15 min)
[194/721] TS2:BAS-HO-RE-018 goal steps 49 fires v4 0 v7 0 branches 0 (5.0 s; 15 min)
[195/721] TS2:BAS-HO-RE-027 goal steps 52 fires v4 1 v7 0 branches 1 (5.6 s; 15 min)
[196/721] TS2:BAS-HO-RE-030 goal steps 56 fires v4 0 v7 0 branches 0 (4.1 s; 15 min)
[197/721] TS2:BAS-HO-RE-033 goal steps 55 fires v4 0 v7 0 branches 0 (4.7 s; 15 min)
[198/721] TS2:BAS-HO-RE-021 goal steps 54 fires v4 8 v7 4 branches 2 (19.4 s; 15 min)
[199/721] TS2:BAS-HO-RE-036 goal steps 55 fires v4 0 v7 0 branches 0 (8.2 s; 15 min)
[200/721] TS2:BAS-HO-RE-039 goal steps 52 fires v4 2 v7 0 branches 1 (9.6 s; 15 min)
[201/721] TS2:BAS-HO-RE-045 goal steps 59 fires v4 0 v7 0 branches 0 (5.9 s; 15 min)
[202/721] TS2:BAS-HO-RE-051 goal steps 51 fires v4 0 v7 0 branches 0 (3.6 s; 15 min)
[203/721] TS2:BAS-HO-RE-054 goal steps 51 fires v4 0 v7 0 branches 0 (3.4 s; 15 min)
[204/721] TS2:BAS-HO-RE-057 goal steps 57 fires v4 4 v7 4 branches 2 (6.0 s; 15 min)
[205/721] TS2:BAS-HO-RE-063 goal steps 57 fires v4 6 v7 0 branches 1 (6.5 s; 15 min)
[206/721] TS2:BAS-HO-RE-072 goal steps 52 fires v4 0 v7 0 branches 0 (3.7 s; 15 min)
[207/721] TS2:BAS-HO-RE-069 goal steps 52 fires v4 0 v7 0 branches 0 (4.6 s; 15 min)
[208/721] TS2:BAS-HO-RE-078 goal steps 54 fires v4 0 v7 0 branches 0 (4.1 s; 15 min)
[209/721] TS2:BAS-HO-RE-084 goal steps 50 fires v4 0 v7 0 branches 0 (5.5 s; 16 min)
[210/721] TS2:BAS-HO-RE-075 goal steps 61 fires v4 3 v7 1 branches 2 (11.1 s; 16 min)
[211/721] TS2:BAS-HO-RE-090 goal steps 49 fires v4 0 v7 0 branches 0 (5.1 s; 16 min)
[212/721] TS2:BAS-HO-RE-087 goal steps 55 fires v4 0 v7 0 branches 0 (6.7 s; 16 min)
[213/721] TS2:BAS-HO-RE-096 goal steps 57 fires v4 0 v7 0 branches 0 (6.3 s; 16 min)
[214/721] TS2:BAS-NU-CV-003 goal steps 59 fires v4 0 v7 0 branches 0 (2.7 s; 16 min)
[215/721] TS2:BAS-HO-RE-099 goal steps 58 fires v4 7 v7 5 branches 2 (15.2 s; 16 min)
[216/721] TS2:BAS-NU-CV-004 goal steps 67 fires v4 0 v7 0 branches 0 (6.7 s; 16 min)
[217/721] TS2:BAS-NU-CV-009 goal steps 47 fires v4 1 v7 1 branches 2 (4.1 s; 16 min)
[218/721] TS2:BAS-NU-CV-010 goal steps 58 fires v4 0 v7 0 branches 0 (7.7 s; 16 min)
[219/721] TS2:BAS-NU-CV-014 goal steps 53 fires v4 0 v7 0 branches 0 (2.9 s; 16 min)
[220/721] TS2:BAS-NU-CV-012 goal steps 54 fires v4 0 v7 0 branches 0 (7.6 s; 16 min)
[221/721] TS2:BAS-NU-CV-016 goal steps 54 fires v4 0 v7 0 branches 0 (3.0 s; 16 min)
[222/721] TS2:BAS-NU-CV-018 goal steps 61 fires v4 0 v7 0 branches 0 (2.3 s; 16 min)
[223/721] TS2:BAS-NU-CV-021 goal steps 46 fires v4 1 v7 1 branches 2 (4.2 s; 16 min)
[224/721] TS2:BAS-NU-CV-023 goal steps 60 fires v4 0 v7 0 branches 0 (5.7 s; 16 min)
[225/721] TS2:BAS-NU-CV-024 goal steps 55 fires v4 0 v7 0 branches 0 (5.8 s; 16 min)
[226/721] TS2:BAS-NU-CV-025 goal steps 70 fires v4 0 v7 0 branches 0 (8.9 s; 16 min)
[227/721] TS2:BAS-NU-CV-027 goal steps 51 fires v4 0 v7 0 branches 0 (6.4 s; 16 min)
[228/721] TS2:BAS-NU-CV-029 goal steps 55 fires v4 0 v7 0 branches 0 (5.4 s; 16 min)
[229/721] TS2:BAS-NU-CV-031 goal steps 62 fires v4 1 v7 1 branches 2 (4.0 s; 17 min)
[230/721] TS2:BAS-NU-CV-030 goal steps 55 fires v4 5 v7 0 branches 1 (11.3 s; 17 min)
[231/721] TS2:BAS-NU-CV-032 goal steps 62 fires v4 1 v7 0 branches 1 (8.6 s; 17 min)
[232/721] TS2:BAS-NU-CV-034 goal steps 64 fires v4 0 v7 0 branches 0 (2.6 s; 17 min)
[233/721] TS2:BAS-NU-CV-033 goal steps 55 fires v4 0 v7 0 branches 0 (8.3 s; 17 min)
[234/721] TS2:BAS-NU-CV-037 goal steps 62 fires v4 0 v7 0 branches 0 (5.3 s; 17 min)
[235/721] TS2:BAS-NU-CV-039 goal steps 57 fires v4 0 v7 0 branches 0 (6.9 s; 17 min)
[236/721] TS2:BAS-NU-CV-042 goal steps 69 fires v4 0 v7 0 branches 0 (3.5 s; 17 min)
[237/721] TS2:BAS-NU-CV-045 goal steps 44 fires v4 0 v7 0 branches 0 (6.0 s; 17 min)
[238/721] TS2:BAS-NU-CV-046 goal steps 60 fires v4 0 v7 0 branches 0 (6.5 s; 17 min)
[239/721] TS2:BAS-NU-CV-047 goal steps 43 fires v4 0 v7 0 branches 0 (5.9 s; 17 min)
[240/721] TS2:BAS-NU-CV-050 goal steps 55 fires v4 0 v7 1 branches 1 (7.9 s; 17 min)
[241/721] TS2:BAS-NU-CV-051 goal steps 56 fires v4 0 v7 0 branches 0 (7.4 s; 17 min)
[242/721] TS2:BAS-NU-CV-053 goal steps 50 fires v4 0 v7 0 branches 0 (6.6 s; 17 min)
[243/721] TS2:BAS-NU-CV-054 goal steps 54 fires v4 1 v7 0 branches 1 (4.2 s; 17 min)
[244/721] TS2:BAS-NU-CV-055 goal steps 54 fires v4 2 v7 0 branches 1 (4.0 s; 17 min)
[245/721] TS2:BAS-NU-CV-058 goal steps 44 fires v4 0 v7 0 branches 0 (4.8 s; 17 min)
[246/721] TS2:BAS-NU-CV-061 goal steps 49 fires v4 0 v7 0 branches 0 (3.4 s; 17 min)
[247/721] TS2:BAS-NU-CV-060 goal steps 65 fires v4 0 v7 0 branches 0 (8.2 s; 17 min)
[248/721] TS2:BAS-NU-CV-062 goal steps 55 fires v4 0 v7 0 branches 0 (4.5 s; 17 min)
[249/721] TS2:BAS-NU-CV-064 goal steps 66 fires v4 0 v7 0 branches 0 (2.6 s; 18 min)
[250/721] TS2:BAS-NU-CV-063 goal steps 44 fires v4 1 v7 0 branches 1 (9.5 s; 18 min)
[251/721] TS2:BAS-NU-CV-065 goal steps 51 fires v4 0 v7 0 branches 0 (6.9 s; 18 min)
[252/721] TS2:BAS-NU-CV-069 goal steps 45 fires v4 1 v7 0 branches 1 (6.6 s; 18 min)
[253/721] TS2:BAS-NU-CV-068 goal steps 56 fires v4 0 v7 0 branches 0 (8.7 s; 18 min)
[254/721] TS2:BAS-NU-CV-071 goal steps 48 fires v4 0 v7 0 branches 0 (6.4 s; 18 min)
[255/721] TS2:BAS-NU-CV-072 goal steps 47 fires v4 1 v7 0 branches 1 (10.6 s; 18 min)
[256/721] TS2:BAS-NU-CV-073 goal steps 60 fires v4 0 v7 0 branches 0 (3.8 s; 18 min)
[257/721] TS2:BAS-NU-CV-074 goal steps 57 fires v4 0 v7 0 branches 0 (4.5 s; 18 min)
[258/721] TS2:BAS-NU-CV-070 goal steps 58 fires v4 6 v7 6 branches 2 (27.4 s; 18 min)
[259/721] TS2:BAS-NU-CV-075 goal steps 54 fires v4 0 v7 0 branches 0 (6.7 s; 18 min)
[260/721] TS2:BAS-NU-CV-076 goal steps 50 fires v4 0 v7 0 branches 0 (6.4 s; 18 min)
[261/721] TS2:BAS-NU-CV-078 goal steps 64 fires v4 0 v7 0 branches 0 (2.7 s; 18 min)
[262/721] TS2:BAS-NU-CV-080 goal steps 62 fires v4 2 v7 0 branches 1 (7.7 s; 18 min)
[263/721] TS2:BAS-NU-CV-082 goal steps 68 fires v4 0 v7 0 branches 0 (3.7 s; 19 min)
[264/721] TS2:BAS-NU-CV-083 goal steps 59 fires v4 3 v7 0 branches 1 (10.1 s; 19 min)
[265/721] TS2:BAS-NU-CV-077 goal steps 68 fires v4 10 v7 3 branches 2 (26.6 s; 19 min)
[266/721] TS2:BAS-NU-CV-084 goal steps 60 fires v4 0 v7 0 branches 0 (7.0 s; 19 min)
[267/721] TS2:BAS-NU-CV-085 goal steps 55 fires v4 1 v7 1 branches 2 (13.3 s; 19 min)
[268/721] TS2:BAS-NU-CV-086 goal steps 60 fires v4 0 v7 0 branches 0 (8.3 s; 19 min)
[269/721] TS2:BAS-NU-CV-089 goal steps 57 fires v4 1 v7 0 branches 1 (3.2 s; 19 min)
[270/721] TS2:BAS-NU-CV-088 goal steps 58 fires v4 2 v7 1 branches 2 (8.1 s; 19 min)
[271/721] TS2:BAS-NU-CV-090 goal steps 45 fires v4 0 v7 0 branches 0 (5.8 s; 19 min)
[272/721] TS2:BAS-NU-CV-091 goal steps 46 fires v4 0 v7 0 branches 0 (5.2 s; 19 min)
[273/721] TS2:BAS-NU-CV-092 goal steps 51 fires v4 0 v7 0 branches 0 (5.5 s; 19 min)
[274/721] TS2:BAS-NU-CV-093 goal steps 63 fires v4 0 v7 0 branches 0 (2.6 s; 19 min)
[275/721] TS2:BAS-NU-CV-095 goal steps 65 fires v4 0 v7 0 branches 0 (3.4 s; 19 min)
[276/721] TS2:BAS-NU-CV-094 goal steps 59 fires v4 0 v7 0 branches 0 (4.9 s; 19 min)
[277/721] TS2:BAS-NU-CV-096 goal steps 44 fires v4 0 v7 0 branches 0 (5.3 s; 19 min)
[278/721] TS2:BAS-NU-CV-097 goal steps 71 fires v4 0 v7 0 branches 0 (8.8 s; 19 min)
[279/721] TS2:BAS-NU-CV-098 goal steps 52 fires v4 0 v7 0 branches 0 (6.8 s; 19 min)
[280/721] TS2:BAS-OT-CV-001 goal steps 48 fires v4 1 v7 1 branches 2 (8.8 s; 20 min)
[281/721] TS2:BAS-NU-CV-099 goal steps 52 fires v4 5 v7 3 branches 2 (19.5 s; 20 min)
[282/721] TS2:BAS-OT-CV-003 goal steps 48 fires v4 7 v7 4 branches 2 (21.4 s; 20 min)
[283/721] TS2:BAS-OT-CV-005 goal steps 52 fires v4 7 v7 6 branches 2 (13.8 s; 20 min)
[284/721] TS2:BAS-OT-CV-007 goal steps 51 fires v4 0 v7 0 branches 0 (5.5 s; 20 min)
[285/721] TS2:BAS-OT-CV-013 goal steps 51 fires v4 3 v7 2 branches 2 (11.4 s; 20 min)
[286/721] TS2:BAS-OT-CV-015 goal steps 50 fires v4 1 v7 1 branches 2 (9.1 s; 20 min)
[287/721] TS2:BAS-OT-CV-017 goal steps 55 fires v4 0 v7 0 branches 0 (5.7 s; 20 min)
[288/721] TS2:BAS-OT-CV-021 goal steps 52 fires v4 0 v7 0 branches 0 (5.5 s; 20 min)
[289/721] TS2:BAS-OT-CV-023 goal steps 46 fires v4 0 v7 0 branches 0 (4.9 s; 20 min)
[290/721] TS2:BAS-OT-CV-025 goal steps 46 fires v4 0 v7 0 branches 0 (5.5 s; 20 min)
[291/721] TS2:BAS-OT-CV-029 goal steps 50 fires v4 0 v7 0 branches 0 (5.8 s; 21 min)
[292/721] TS2:BAS-OT-CV-027 goal steps 52 fires v4 6 v7 5 branches 2 (12.9 s; 21 min)
[293/721] TS2:BAS-OT-CV-031 goal steps 53 fires v4 0 v7 0 branches 0 (6.0 s; 21 min)
[294/721] TS2:BAS-OT-CV-035 goal steps 48 fires v4 0 v7 0 branches 0 (6.0 s; 21 min)
[295/721] TS2:BAS-OT-CV-037 goal steps 54 fires v4 0 v7 0 branches 0 (6.7 s; 21 min)
[296/721] TS2:BAS-OT-CV-039 goal steps 51 fires v4 0 v7 0 branches 0 (6.2 s; 21 min)
[297/721] TS2:BAS-OT-CV-041 goal steps 54 fires v4 0 v7 0 branches 0 (6.5 s; 21 min)
[298/721] TS2:BAS-OT-CV-043 goal steps 52 fires v4 0 v7 0 branches 0 (6.3 s; 21 min)
[299/721] TS2:BAS-OT-CV-045 goal steps 49 fires v4 0 v7 0 branches 0 (5.6 s; 21 min)
[300/721] TS2:BAS-OT-CV-047 goal steps 55 fires v4 1 v7 0 branches 1 (7.2 s; 21 min)
[301/721] TS2:BAS-OT-CV-049 goal steps 50 fires v4 0 v7 0 branches 0 (5.5 s; 21 min)
[302/721] TS2:BAS-OT-CV-051 goal steps 49 fires v4 0 v7 0 branches 0 (5.5 s; 21 min)
[303/721] TS2:BAS-OT-CV-053 goal steps 50 fires v4 0 v7 0 branches 0 (5.5 s; 21 min)
[304/721] TS2:BAS-OT-CV-057 goal steps 51 fires v4 0 v7 0 branches 0 (5.9 s; 21 min)
[305/721] TS2:BAS-OT-CV-055 goal steps 51 fires v4 8 v7 5 branches 2 (14.0 s; 21 min)
[306/721] TS2:BAS-OT-CV-061 goal steps 52 fires v4 4 v7 4 branches 2 (10.3 s; 22 min)
[307/721] TS2:BAS-OT-CV-059 goal steps 56 fires v4 9 v7 8 branches 2 (20.1 s; 22 min)
[308/721] TS2:BAS-OT-CV-063 goal steps 53 fires v4 0 v7 0 branches 0 (5.6 s; 22 min)
[309/721] TS2:BAS-OT-CV-065 goal steps 47 fires v4 0 v7 0 branches 0 (5.1 s; 22 min)
[310/721] TS2:BAS-OT-CV-067 goal steps 49 fires v4 0 v7 0 branches 0 (6.0 s; 22 min)
[311/721] TS2:BAS-OT-CV-069 goal steps 50 fires v4 0 v7 0 branches 0 (6.3 s; 22 min)
[312/721] TS2:BAS-OT-CV-071 goal steps 50 fires v4 0 v7 0 branches 0 (6.0 s; 22 min)
[313/721] TS2:BAS-OT-CV-073 goal steps 49 fires v4 0 v7 0 branches 0 (6.5 s; 22 min)
[314/721] TS2:BAS-OT-CV-077 goal steps 54 fires v4 0 v7 0 branches 0 (6.1 s; 22 min)
[315/721] TS2:BAS-OT-CV-075 goal steps 48 fires v4 8 v7 6 branches 2 (11.9 s; 22 min)
[316/721] TS2:BAS-OT-CV-079 goal steps 52 fires v4 0 v7 0 branches 0 (6.0 s; 22 min)
[317/721] TS2:BAS-OT-CV-083 goal steps 52 fires v4 0 v7 0 branches 0 (5.7 s; 22 min)
[318/721] TS2:BAS-OT-CV-085 goal steps 53 fires v4 0 v7 0 branches 0 (5.8 s; 22 min)
[319/721] TS2:BAS-OT-CV-091 goal steps 51 fires v4 0 v7 0 branches 0 (5.5 s; 22 min)
[320/721] TS2:BAS-OT-CV-093 goal steps 47 fires v4 0 v7 0 branches 0 (5.3 s; 22 min)
[321/721] TS2:BAS-OT-CV-089 goal steps 58 fires v4 3 v7 3 branches 2 (18.3 s; 22 min)
[322/721] TS2:BAS-OT-CV-097 goal steps 49 fires v4 3 v7 3 branches 2 (22.3 s; 23 min)
[323/721] TS2:BAS-OT-CV-099 goal steps 53 fires v4 0 v7 0 branches 0 (8.3 s; 23 min)
[324/721] TS2:BAS-OT-RE-002 goal steps 52 fires v4 0 v7 0 branches 0 (7.1 s; 23 min)
[325/721] TS2:BAS-OT-CV-095 goal steps 57 fires v4 8 v7 6 branches 2 (46.0 s; 23 min)
[326/721] TS2:BAS-OT-RE-004 goal steps 53 fires v4 1 v7 0 branches 1 (8.3 s; 23 min)
[327/721] TS2:BAS-OT-RE-006 goal steps 52 fires v4 0 v7 0 branches 0 (6.4 s; 23 min)
[328/721] TS2:BAS-OT-RE-010 goal steps 48 fires v4 0 v7 0 branches 0 (6.0 s; 23 min)
[329/721] TS2:BAS-OT-RE-008 goal steps 56 fires v4 4 v7 3 branches 2 (10.0 s; 23 min)
[330/721] TS2:BAS-OT-RE-012 goal steps 48 fires v4 0 v7 0 branches 0 (5.9 s; 23 min)
[331/721] TS2:BAS-OT-RE-014 goal steps 50 fires v4 0 v7 0 branches 0 (6.1 s; 23 min)
[332/721] TS2:BAS-OT-RE-018 goal steps 53 fires v4 0 v7 0 branches 0 (7.1 s; 24 min)
[333/721] TS2:BAS-OT-RE-020 goal steps 45 fires v4 0 v7 0 branches 0 (6.4 s; 24 min)
[334/721] TS2:BAS-OT-RE-024 goal steps 53 fires v4 6 v7 6 branches 2 (13.5 s; 24 min)
[335/721] TS2:BAS-OT-RE-026 goal steps 47 fires v4 0 v7 0 branches 0 (5.8 s; 24 min)
[336/721] TS2:BAS-OT-RE-022 goal steps 49 fires v4 4 v7 4 branches 2 (25.2 s; 24 min)
[337/721] TS2:BAS-OT-RE-028 goal steps 50 fires v4 7 v7 5 branches 2 (15.7 s; 24 min)
[338/721] TS2:BAS-OT-RE-030 goal steps 51 fires v4 7 v7 7 branches 2 (14.8 s; 24 min)
[339/721] TS2:BAS-OT-RE-032 goal steps 55 fires v4 0 v7 0 branches 0 (6.4 s; 24 min)
[340/721] TS2:BAS-OT-RE-034 goal steps 55 fires v4 1 v7 0 branches 1 (7.3 s; 24 min)
[341/721] TS2:BAS-OT-RE-036 goal steps 51 fires v4 0 v7 0 branches 0 (6.3 s; 24 min)
[342/721] TS2:BAS-OT-RE-038 goal steps 60 fires v4 0 v7 0 branches 0 (7.1 s; 24 min)
[343/721] TS2:BAS-OT-RE-040 goal steps 52 fires v4 0 v7 0 branches 0 (5.7 s; 24 min)
[344/721] TS2:BAS-OT-RE-044 goal steps 52 fires v4 1 v7 0 branches 1 (8.9 s; 25 min)
[345/721] TS2:BAS-OT-RE-042 goal steps 53 fires v4 5 v7 2 branches 2 (12.8 s; 25 min)
[346/721] TS2:BAS-OT-RE-046 goal steps 53 fires v4 0 v7 0 branches 0 (8.0 s; 25 min)
[347/721] TS2:BAS-OT-RE-048 goal steps 48 fires v4 0 v7 0 branches 0 (6.0 s; 25 min)
[348/721] TS2:BAS-OT-RE-052 goal steps 50 fires v4 0 v7 0 branches 0 (5.7 s; 25 min)
[349/721] TS2:BAS-OT-RE-054 goal steps 48 fires v4 0 v7 0 branches 0 (5.2 s; 25 min)
[350/721] TS2:BAS-OT-RE-058 goal steps 50 fires v4 0 v7 0 branches 0 (5.7 s; 25 min)
[351/721] TS2:BAS-OT-RE-056 goal steps 48 fires v4 2 v7 0 branches 1 (8.6 s; 25 min)
[352/721] TS2:BAS-OT-RE-062 goal steps 52 fires v4 0 v7 0 branches 0 (6.3 s; 25 min)
[353/721] TS2:BAS-OT-RE-064 goal steps 50 fires v4 0 v7 0 branches 0 (6.0 s; 25 min)
[354/721] TS2:BAS-OT-RE-060 goal steps 54 fires v4 4 v7 4 branches 2 (17.4 s; 25 min)
[355/721] TS2:BAS-OT-RE-066 goal steps 48 fires v4 0 v7 0 branches 0 (5.8 s; 25 min)
[356/721] TS2:BAS-OT-RE-068 goal steps 49 fires v4 0 v7 0 branches 0 (5.7 s; 25 min)
[357/721] TS2:BAS-OT-RE-070 goal steps 47 fires v4 0 v7 0 branches 0 (5.4 s; 25 min)
[358/721] TS2:BAS-OT-RE-072 goal steps 51 fires v4 0 v7 0 branches 0 (5.6 s; 25 min)
[359/721] TS2:BAS-OT-RE-074 goal steps 51 fires v4 0 v7 0 branches 0 (5.7 s; 25 min)
[360/721] TS2:BAS-OT-RE-078 goal steps 53 fires v4 0 v7 0 branches 0 (5.6 s; 26 min)
[361/721] TS2:BAS-OT-RE-076 goal steps 53 fires v4 5 v7 5 branches 2 (10.5 s; 26 min)
[362/721] TS2:BAS-OT-RE-082 goal steps 50 fires v4 0 v7 0 branches 0 (5.5 s; 26 min)
[363/721] TS2:BAS-OT-RE-080 goal steps 49 fires v4 3 v7 1 branches 2 (8.9 s; 26 min)
[364/721] TS2:BAS-OT-RE-084 goal steps 51 fires v4 0 v7 0 branches 0 (6.0 s; 26 min)
[365/721] TS2:BAS-OT-RE-086 goal steps 49 fires v4 1 v7 0 branches 1 (6.5 s; 26 min)
[366/721] TS2:BAS-OT-RE-088 goal steps 51 fires v4 0 v7 0 branches 0 (7.0 s; 26 min)
[367/721] TS2:BAS-OT-RE-090 goal steps 52 fires v4 4 v7 1 branches 2 (11.4 s; 26 min)
[368/721] TS2:BAS-OT-RE-094 goal steps 54 fires v4 0 v7 0 branches 0 (6.7 s; 26 min)
[369/721] TS2:BAS-OT-RE-092 goal steps 55 fires v4 4 v7 4 branches 2 (15.9 s; 26 min)
[370/721] TS2:BAS-OT-RE-098 goal steps 49 fires v4 0 v7 0 branches 0 (5.5 s; 26 min)
[371/721] TS2:BAS-OT-RE-100 goal steps 52 fires v4 1 v7 0 branches 1 (6.4 s; 26 min)
[372/721] TS2:CH-CR-CV-001 goal steps 56 fires v4 0 v7 0 branches 0 (12.0 s; 26 min)
[373/721] TS2:CH-CR-CV-003 goal steps 50 fires v4 0 v7 0 branches 0 (13.9 s; 26 min)
[374/721] TS2:CH-CR-CV-009 goal steps 63 fires v4 1 v7 0 branches 1 (14.9 s; 27 min)
[375/721] TS2:CH-CR-CV-013 goal steps 49 fires v4 2 v7 2 branches 2 (25.8 s; 27 min)
[376/721] TS2:CH-CR-CV-021 goal steps 63 fires v4 0 v7 0 branches 0 (16.2 s; 27 min)
[377/721] TS2:CH-CR-CV-017 goal steps 57 fires v4 1 v7 1 branches 2 (40.4 s; 27 min)
[378/721] TS2:CH-CR-CV-023 goal steps 56 fires v4 0 v7 0 branches 0 (17.2 s; 27 min)
[379/721] TS2:CH-CR-CV-025 goal steps 45 fires v4 0 v7 0 branches 0 (15.9 s; 28 min)
[380/721] TS2:CH-CR-CV-029 goal steps 48 fires v4 1 v7 0 branches 1 (17.2 s; 28 min)
[381/721] TS2:CH-CR-CV-033 goal steps 61 fires v4 0 v7 0 branches 0 (14.2 s; 28 min)
[382/721] TS2:CH-CR-CV-035 goal steps 56 fires v4 0 v7 0 branches 0 (18.3 s; 28 min)
[383/721] TS2:CH-CR-CV-037 goal steps 63 fires v4 4 v7 4 branches 2 (59.2 s; 29 min)
[384/721] TS2:CH-CR-CV-039 goal steps 55 fires v4 0 v7 0 branches 0 (14.0 s; 30 min)
[385/721] TS2:CH-CR-CV-031 goal steps 52 fires v4 4 v7 4 branches 2 (146.5 s; 30 min)
[386/721] TS2:CH-CR-CV-041 goal steps 46 fires v4 2 v7 1 branches 2 (32.6 s; 30 min)
[387/721] TS2:CH-CR-CV-047 goal steps 61 fires v4 0 v7 0 branches 0 (16.4 s; 30 min)
[388/721] TS2:CH-CR-CV-045 goal steps 65 fires v4 3 v7 0 branches 1 (19.9 s; 30 min)
[389/721] TS2:CH-CR-CV-053 goal steps 62 fires v4 1 v7 0 branches 1 (27.4 s; 31 min)
[390/721] TS2:CH-CR-CV-057 goal steps 59 fires v4 0 v7 0 branches 0 (12.0 s; 31 min)
[391/721] TS2:CH-CR-CV-055 goal steps 50 fires v4 3 v7 1 branches 2 (50.8 s; 31 min)
[392/721] TS2:CH-CR-CV-061 goal steps 45 fires v4 0 v7 0 branches 0 (12.7 s; 31 min)
[393/721] TS2:CH-CR-CV-063 goal steps 58 fires v4 0 v7 0 branches 0 (16.4 s; 31 min)
[394/721] TS2:CH-CR-CV-067 goal steps 55 fires v4 0 v7 0 branches 0 (13.3 s; 32 min)
[395/721] TS2:CH-CR-CV-069 goal steps 56 fires v4 0 v7 0 branches 0 (17.1 s; 32 min)
[396/721] TS2:CH-CR-CV-071 goal steps 53 fires v4 3 v7 0 branches 1 (20.0 s; 32 min)
[397/721] TS2:CH-CR-CV-065 goal steps 72 fires v4 7 v7 5 branches 2 (93.1 s; 33 min)
[398/721] TS2:CH-CR-CV-075 goal steps 53 fires v4 5 v7 2 branches 2 (34.2 s; 33 min)
[399/721] TS2:CH-CR-CV-081 goal steps 46 fires v4 1 v7 0 branches 1 (16.4 s; 33 min)
[400/721] TS2:CH-CR-CV-077 goal steps 52 fires v4 4 v7 4 branches 2 (57.4 s; 34 min)
[401/721] TS2:CH-CR-CV-083 goal steps 49 fires v4 3 v7 2 branches 2 (44.8 s; 34 min)
[402/721] TS2:CH-CR-CV-089 goal steps 51 fires v4 0 v7 0 branches 0 (15.6 s; 34 min)
[403/721] TS2:CH-CR-CV-099 goal steps 47 fires v4 0 v7 1 branches 1 (28.5 s; 34 min)
[404/721] TS2:CH-CR-CV-091 goal steps 60 fires v4 6 v7 3 branches 2 (35.0 s; 34 min)
[405/721] TS2:CH-CR-RE-008 goal steps 64 fires v4 0 v7 0 branches 0 (13.2 s; 35 min)
[406/721] TS2:CH-CR-RE-004 goal steps 60 fires v4 1 v7 0 branches 1 (21.0 s; 35 min)
[407/721] TS2:CH-CR-RE-010 goal steps 59 fires v4 0 v7 0 branches 0 (18.4 s; 35 min)
[408/721] TS2:CH-CR-RE-014 goal steps 56 fires v4 0 v7 1 branches 1 (26.5 s; 35 min)
[409/721] TS2:CH-CR-RE-016 goal steps 52 fires v4 0 v7 0 branches 0 (16.5 s; 35 min)
[410/721] TS2:CH-CR-RE-020 goal steps 57 fires v4 0 v7 0 branches 0 (12.9 s; 36 min)
[411/721] TS2:CH-CR-RE-018 goal steps 81 fires v4 0 v7 0 branches 0 (19.5 s; 36 min)
[412/721] TS2:CH-CR-RE-022 goal steps 60 fires v4 0 v7 0 branches 0 (14.8 s; 36 min)
[413/721] TS2:CH-CR-RE-028 goal steps 83 fires v4 0 v7 0 branches 0 (15.8 s; 36 min)
[414/721] TS2:CH-CR-RE-024 goal steps 94 fires v4 8 v7 2 branches 2 (37.9 s; 36 min)
[415/721] TS2:CH-CR-RE-030 goal steps 61 fires v4 0 v7 0 branches 0 (16.2 s; 36 min)
[416/721] TS2:CH-CR-RE-032 goal steps 48 fires v4 3 v7 2 branches 2 (26.0 s; 37 min)
[417/721] TS2:CH-CR-RE-034 goal steps 52 fires v4 1 v7 0 branches 1 (21.6 s; 37 min)
[418/721] TS2:CH-CR-RE-042 goal steps 57 fires v4 0 v7 0 branches 0 (15.3 s; 37 min)
[419/721] TS2:CH-CR-RE-044 goal steps 68 fires v4 4 v7 0 branches 1 (19.2 s; 37 min)
[420/721] TS2:CH-CR-RE-048 goal steps 54 fires v4 0 v7 0 branches 0 (12.5 s; 37 min)
[421/721] TS2:CH-CR-RE-046 goal steps 67 fires v4 0 v7 0 branches 0 (20.1 s; 37 min)
[422/721] TS2:CH-CR-RE-052 goal steps 56 fires v4 0 v7 0 branches 0 (16.0 s; 38 min)
[423/721] TS2:CH-CR-RE-050 goal steps 65 fires v4 2 v7 0 branches 1 (20.5 s; 38 min)
[424/721] TS2:CH-CR-RE-056 goal steps 68 fires v4 1 v7 1 branches 2 (46.6 s; 38 min)
[425/721] TS2:CH-CR-RE-070 goal steps 56 fires v4 1 v7 0 branches 1 (16.5 s; 39 min)
[426/721] TS2:CH-CR-RE-054 goal steps 57 fires v4 4 v7 2 branches 2 (77.3 s; 39 min)
[427/721] TS2:CH-CR-RE-072 goal steps 59 fires v4 0 v7 0 branches 0 (14.6 s; 39 min)
[428/721] TS2:CH-CR-RE-074 goal steps 51 fires v4 0 v7 0 branches 0 (14.1 s; 39 min)
[429/721] TS2:CH-CR-RE-078 goal steps 61 fires v4 2 v7 0 branches 1 (22.3 s; 39 min)
[430/721] TS2:CH-CR-RE-076 goal steps 60 fires v4 2 v7 2 branches 2 (41.6 s; 40 min)
[431/721] TS2:CH-CR-RE-082 goal steps 60 fires v4 1 v7 0 branches 1 (20.3 s; 40 min)
[432/721] TS2:CH-CR-RE-088 goal steps 63 fires v4 1 v7 0 branches 1 (18.6 s; 40 min)
[433/721] TS2:CH-CR-RE-090 goal steps 55 fires v4 1 v7 0 branches 1 (16.1 s; 40 min)
[434/721] TS2:CH-CR-RE-086 goal steps 53 fires v4 1 v7 1 branches 2 (75.2 s; 41 min)
[435/721] TS2:CH-CR-RE-092 goal steps 49 fires v4 4 v7 2 branches 2 (37.1 s; 41 min)
[436/721] TS2:CH-CR-RE-098 goal steps 61 fires v4 1 v7 2 branches 2 (27.1 s; 41 min)
[437/721] TS2:CH-CR-RE-096 goal steps 48 fires v4 1 v7 1 branches 2 (42.1 s; 41 min)
[438/721] TS2:CH-HO-CV-001 goal steps 53 fires v4 0 v7 0 branches 0 (11.3 s; 42 min)
[439/721] TS2:CH-HO-CV-004 goal steps 51 fires v4 0 v7 0 branches 0 (10.7 s; 42 min)
[440/721] TS2:CH-HO-CV-007 goal steps 53 fires v4 0 v7 0 branches 0 (12.9 s; 42 min)
[441/721] TS2:CH-CR-RE-100 goal steps 59 fires v4 7 v7 4 branches 2 (45.3 s; 42 min)
[442/721] TS2:CH-HO-CV-013 goal steps 52 fires v4 0 v7 0 branches 0 (11.7 s; 42 min)
[443/721] TS2:CH-HO-CV-016 goal steps 54 fires v4 0 v7 0 branches 0 (9.6 s; 43 min)
[444/721] TS2:CH-HO-CV-010 goal steps 58 fires v4 3 v7 2 branches 2 (28.6 s; 43 min)
[445/721] TS2:CH-HO-CV-022 goal steps 58 fires v4 0 v7 0 branches 0 (13.2 s; 43 min)
[446/721] TS2:CH-HO-CV-028 goal steps 57 fires v4 2 v7 0 branches 1 (20.1 s; 43 min)
[447/721] TS2:CH-HO-CV-031 goal steps 52 fires v4 0 v7 0 branches 0 (10.1 s; 43 min)
[448/721] TS2:CH-HO-CV-034 goal steps 51 fires v4 0 v7 0 branches 0 (11.3 s; 43 min)
[449/721] TS2:CH-HO-CV-037 goal steps 54 fires v4 0 v7 0 branches 0 (12.9 s; 43 min)
[450/721] TS2:CH-HO-CV-040 goal steps 50 fires v4 0 v7 0 branches 0 (11.6 s; 43 min)
[451/721] TS2:CH-HO-CV-043 goal steps 60 fires v4 0 v7 0 branches 0 (14.0 s; 43 min)
[452/721] TS2:CH-HO-CV-046 goal steps 55 fires v4 0 v7 0 branches 0 (10.4 s; 43 min)
[453/721] TS2:CH-HO-CV-049 goal steps 55 fires v4 0 v7 0 branches 0 (10.1 s; 44 min)
[454/721] TS2:CH-HO-CV-055 goal steps 59 fires v4 0 v7 0 branches 0 (10.7 s; 44 min)
[455/721] TS2:CH-HO-CV-058 goal steps 59 fires v4 0 v7 0 branches 0 (12.1 s; 44 min)
[456/721] TS2:CH-HO-CV-061 goal steps 52 fires v4 0 v7 0 branches 0 (10.7 s; 44 min)
[457/721] TS2:CH-HO-CV-052 goal steps 53 fires v4 3 v7 2 branches 2 (38.3 s; 44 min)
[458/721] TS2:CH-HO-CV-064 goal steps 55 fires v4 0 v7 0 branches 0 (9.8 s; 44 min)
[459/721] TS2:CH-HO-CV-067 goal steps 60 fires v4 0 v7 0 branches 0 (26.7 s; 45 min)
[460/721] TS2:CH-HO-CV-070 goal steps 60 fires v4 6 v7 5 branches 2 (43.6 s; 45 min)
[461/721] TS2:CH-HO-CV-073 goal steps 54 fires v4 7 v7 5 branches 2 (33.4 s; 45 min)
[462/721] TS2:CH-HO-CV-076 goal steps 55 fires v4 0 v7 0 branches 0 (13.9 s; 45 min)
[463/721] TS2:CH-HO-CV-079 goal steps 52 fires v4 0 v7 0 branches 0 (12.2 s; 45 min)
[464/721] TS2:CH-HO-CV-082 goal steps 54 fires v4 0 v7 0 branches 0 (11.0 s; 45 min)
[465/721] TS2:CH-HO-CV-085 goal steps 57 fires v4 1 v7 1 branches 2 (12.9 s; 46 min)
[466/721] TS2:CH-HO-CV-091 goal steps 56 fires v4 2 v7 2 branches 2 (47.3 s; 46 min)
[467/721] TS2:CH-HO-CV-088 goal steps 52 fires v4 8 v7 6 branches 2 (59.6 s; 46 min)
[468/721] TS2:CH-HO-CV-097 goal steps 53 fires v4 0 v7 0 branches 0 (11.0 s; 47 min)
[469/721] TS2:CH-HO-CV-100 goal steps 50 fires v4 0 v7 0 branches 0 (11.7 s; 47 min)
[470/721] TS2:CH-HO-CV-094 goal steps 53 fires v4 4 v7 5 branches 2 (36.4 s; 47 min)
[471/721] TS2:CH-HO-NC-002 goal steps 57 fires v4 0 v7 0 branches 0 (14.3 s; 47 min)
[472/721] TS2:CH-HO-NC-005 goal steps 58 fires v4 1 v7 0 branches 1 (11.7 s; 47 min)
[473/721] TS2:CH-HO-NC-008 goal steps 52 fires v4 0 v7 0 branches 0 (13.6 s; 47 min)
[474/721] TS2:CH-HO-NC-011 goal steps 50 fires v4 0 v7 0 branches 0 (9.5 s; 47 min)
[475/721] TS2:CH-HO-NC-017 goal steps 59 fires v4 0 v7 0 branches 0 (14.1 s; 47 min)
[476/721] TS2:CH-HO-NC-023 goal steps 57 fires v4 0 v7 0 branches 0 (14.0 s; 48 min)
[477/721] TS2:CH-HO-NC-014 goal steps 53 fires v4 5 v7 1 branches 2 (31.1 s; 48 min)
[478/721] TS2:CH-HO-NC-035 goal steps 53 fires v4 0 v7 0 branches 0 (13.2 s; 48 min)
[479/721] TS2:CH-HO-NC-038 goal steps 59 fires v4 0 v7 0 branches 0 (12.5 s; 48 min)
[480/721] TS2:CH-HO-NC-044 goal steps 58 fires v4 0 v7 0 branches 0 (11.1 s; 48 min)
[481/721] TS2:CH-HO-NC-041 goal steps 52 fires v4 1 v7 1 branches 2 (20.5 s; 48 min)
[482/721] TS2:CH-HO-NC-047 goal steps 63 fires v4 1 v7 1 branches 2 (18.7 s; 48 min)
[483/721] TS2:CH-HO-NC-053 goal steps 56 fires v4 2 v7 2 branches 2 (16.8 s; 49 min)
[484/721] TS2:CH-HO-NC-056 goal steps 60 fires v4 0 v7 0 branches 0 (14.7 s; 49 min)
[485/721] TS2:CH-HO-NC-059 goal steps 55 fires v4 0 v7 0 branches 0 (10.8 s; 49 min)
[486/721] TS2:CH-HO-NC-065 goal steps 60 fires v4 0 v7 0 branches 0 (12.9 s; 49 min)
[487/721] TS2:CH-HO-NC-068 goal steps 55 fires v4 0 v7 0 branches 0 (12.5 s; 49 min)
[488/721] TS2:CH-HO-NC-062 goal steps 52 fires v4 2 v7 0 branches 1 (29.8 s; 49 min)
[489/721] TS2:CH-HO-NC-074 goal steps 59 fires v4 0 v7 0 branches 0 (11.8 s; 49 min)
[490/721] TS2:CH-HO-NC-071 goal steps 62 fires v4 0 v7 0 branches 0 (12.8 s; 49 min)
[491/721] TS2:CH-HO-NC-083 goal steps 54 fires v4 0 v7 0 branches 0 (10.5 s; 50 min)
[492/721] TS2:CH-HO-NC-077 goal steps 61 fires v4 0 v7 0 branches 0 (12.8 s; 50 min)
[493/721] TS2:CH-HO-NC-086 goal steps 58 fires v4 0 v7 0 branches 0 (12.9 s; 50 min)
[494/721] TS2:CH-HO-NC-089 goal steps 59 fires v4 0 v7 0 branches 0 (12.7 s; 50 min)
[495/721] TS2:CH-HO-NC-092 goal steps 54 fires v4 0 v7 0 branches 0 (11.2 s; 50 min)
[496/721] TS2:CH-HO-NC-095 goal steps 55 fires v4 0 v7 0 branches 0 (11.9 s; 50 min)
[497/721] TS2:CH-HO-NC-098 goal steps 57 fires v4 0 v7 0 branches 0 (9.8 s; 50 min)
[498/721] TS2:CH-HO-RE-003 goal steps 59 fires v4 1 v7 1 branches 2 (26.4 s; 50 min)
[499/721] TS2:CH-HO-RE-006 goal steps 61 fires v4 1 v7 1 branches 2 (20.5 s; 50 min)
[500/721] TS2:CH-HO-RE-009 goal steps 67 fires v4 1 v7 1 branches 2 (16.8 s; 51 min)
[501/721] TS2:CH-HO-RE-015 goal steps 64 fires v4 0 v7 0 branches 0 (16.0 s; 51 min)
[502/721] TS2:CH-HO-RE-024 goal steps 57 fires v4 0 v7 0 branches 0 (13.5 s; 51 min)
[503/721] TS2:CH-HO-RE-018 goal steps 62 fires v4 0 v7 0 branches 0 (14.1 s; 51 min)
[504/721] TS2:CH-HO-RE-027 goal steps 56 fires v4 0 v7 0 branches 0 (16.6 s; 51 min)
[505/721] TS2:CH-HO-RE-030 goal steps 79 fires v4 2 v7 2 branches 2 (26.7 s; 51 min)
[506/721] TS2:CH-HO-RE-036 goal steps 55 fires v4 0 v7 0 branches 0 (14.4 s; 52 min)
[507/721] TS2:CH-HO-RE-033 goal steps 66 fires v4 2 v7 1 branches 2 (40.9 s; 52 min)
[508/721] TS2:CH-HO-RE-042 goal steps 54 fires v4 0 v7 0 branches 0 (11.1 s; 52 min)
[509/721] TS2:CH-HO-RE-048 goal steps 52 fires v4 0 v7 0 branches 0 (11.4 s; 52 min)
[510/721] TS2:CH-HO-RE-039 goal steps 72 fires v4 3 v7 2 branches 2 (56.8 s; 53 min)
[511/721] TS2:CH-HO-RE-054 goal steps 70 fires v4 5 v7 4 branches 2 (49.9 s; 53 min)
[512/721] TS2:CH-HO-RE-051 goal steps 59 fires v4 4 v7 3 branches 2 (85.3 s; 54 min)
[513/721] TS2:CH-HO-RE-069 goal steps 72 fires v4 0 v7 0 branches 0 (15.5 s; 54 min)
[514/721] TS2:CH-HO-RE-072 goal steps 69 fires v4 0 v7 0 branches 0 (13.1 s; 54 min)
[515/721] TS2:CH-HO-RE-066 goal steps 64 fires v4 4 v7 2 branches 2 (66.9 s; 55 min)
[516/721] TS2:CH-HO-RE-075 goal steps 62 fires v4 5 v7 5 branches 2 (29.2 s; 55 min)
[517/721] TS2:CH-HO-RE-078 goal steps 53 fires v4 0 v7 0 branches 0 (13.0 s; 55 min)
[518/721] TS2:CH-HO-RE-084 goal steps 60 fires v4 3 v7 2 branches 2 (28.4 s; 55 min)
[519/721] TS2:CH-HO-RE-081 goal steps 73 fires v4 3 v7 3 branches 2 (51.5 s; 56 min)
[520/721] TS2:CH-HO-RE-090 goal steps 57 fires v4 0 v7 0 branches 0 (13.1 s; 56 min)
[521/721] TS2:CH-HO-RE-087 goal steps 58 fires v4 6 v7 4 branches 2 (40.7 s; 56 min)
[522/721] TS2:CH-HO-RE-093 goal steps 53 fires v4 0 v7 0 branches 0 (14.7 s; 56 min)
[523/721] TS2:CH-HO-RE-099 goal steps 48 fires v4 0 v7 0 branches 0 (11.9 s; 56 min)
[524/721] TS2:CH-HO-RE-096 goal steps 48 fires v4 1 v7 0 branches 1 (18.1 s; 56 min)
[525/721] TS2:CH-OT-CV-001 goal steps 52 fires v4 0 v7 0 branches 0 (20.0 s; 57 min)
[526/721] TS2:CH-OT-CV-003 goal steps 48 fires v4 8 v7 6 branches 2 (40.4 s; 57 min)
[527/721] TS2:CH-OT-CV-009 goal steps 53 fires v4 3 v7 1 branches 2 (31.0 s; 57 min)
[528/721] TS2:CH-OT-CV-011 goal steps 46 fires v4 0 v7 0 branches 0 (17.8 s; 57 min)
[529/721] TS2:CH-OT-CV-015 goal steps 62 fires v4 0 v7 0 branches 0 (25.1 s; 58 min)
[530/721] TS2:CH-OT-CV-013 goal steps 51 fires v4 3 v7 3 branches 2 (41.7 s; 58 min)
[531/721] TS2:CH-OT-CV-019 goal steps 48 fires v4 6 v7 6 branches 2 (40.3 s; 58 min)
[532/721] TS2:CH-OT-CV-021 goal steps 50 fires v4 2 v7 2 branches 2 (35.3 s; 58 min)
[533/721] TS2:CH-OT-CV-023 goal steps 50 fires v4 0 v7 0 branches 0 (20.2 s; 59 min)
[534/721] TS2:CH-OT-CV-027 goal steps 52 fires v4 0 v7 0 branches 0 (21.5 s; 59 min)
[535/721] TS2:CH-OT-CV-029 goal steps 54 fires v4 4 v7 2 branches 2 (50.2 s; 59 min)
[536/721] TS2:CH-OT-CV-031 goal steps 63 fires v4 1 v7 1 branches 2 (53.6 s; 60 min)
[537/721] TS2:CH-OT-CV-035 goal steps 48 fires v4 2 v7 1 branches 2 (36.2 s; 60 min)
[538/721] TS2:CH-OT-CV-033 goal steps 52 fires v4 4 v7 3 branches 2 (56.1 s; 60 min)
[539/721] TS2:CH-OT-CV-039 goal steps 46 fires v4 1 v7 2 branches 2 (26.4 s; 61 min)
[540/721] TS2:CH-OT-CV-037 goal steps 54 fires v4 9 v7 8 branches 2 (48.2 s; 61 min)
[541/721] TS2:CH-OT-CV-041 goal steps 48 fires v4 0 v7 0 branches 0 (22.4 s; 61 min)
[542/721] TS2:CH-OT-CV-045 goal steps 51 fires v4 0 v7 0 branches 0 (20.4 s; 62 min)
[543/721] TS2:CH-OT-CV-043 goal steps 46 fires v4 7 v7 5 branches 2 (64.3 s; 62 min)
[544/721] TS2:CH-OT-CV-047 goal steps 54 fires v4 4 v7 4 branches 2 (44.9 s; 62 min)
[545/721] TS2:CH-OT-CV-049 goal steps 50 fires v4 0 v7 0 branches 0 (22.2 s; 62 min)
[546/721] TS2:CH-OT-CV-051 goal steps 52 fires v4 6 v7 3 branches 2 (31.2 s; 63 min)
[547/721] TS2:CH-OT-CV-053 goal steps 50 fires v4 1 v7 0 branches 1 (25.9 s; 63 min)
[548/721] TS2:CH-OT-CV-057 goal steps 54 fires v4 0 v7 0 branches 0 (20.8 s; 63 min)
[549/721] TS2:CH-OT-CV-059 goal steps 50 fires v4 2 v7 2 branches 2 (32.7 s; 63 min)
[550/721] TS2:CH-OT-CV-063 goal steps 51 fires v4 0 v7 0 branches 0 (19.9 s; 64 min)
[551/721] TS2:CH-OT-CV-061 goal steps 51 fires v4 5 v7 2 branches 2 (36.1 s; 64 min)
[552/721] TS2:CH-OT-CV-067 goal steps 45 fires v4 0 v7 0 branches 0 (17.2 s; 64 min)
[553/721] TS2:CH-OT-CV-069 goal steps 49 fires v4 0 v7 0 branches 0 (18.7 s; 64 min)
[554/721] TS2:CH-OT-CV-065 goal steps 54 fires v4 4 v7 4 branches 2 (46.4 s; 65 min)
[555/721] TS2:CH-OT-CV-073 goal steps 51 fires v4 0 v7 0 branches 0 (20.8 s; 65 min)
[556/721] TS2:CH-OT-CV-077 goal steps 48 fires v4 0 v7 0 branches 0 (21.2 s; 65 min)
[557/721] TS2:CH-OT-CV-075 goal steps 53 fires v4 1 v7 0 branches 1 (35.6 s; 65 min)
[558/721] TS2:CH-OT-CV-079 goal steps 51 fires v4 0 v7 0 branches 0 (21.4 s; 65 min)
[559/721] TS2:CH-OT-CV-081 goal steps 53 fires v4 4 v7 3 branches 2 (32.4 s; 66 min)
[560/721] TS2:CH-OT-CV-083 goal steps 49 fires v4 0 v7 0 branches 0 (17.0 s; 66 min)
[561/721] TS2:CH-OT-CV-085 goal steps 51 fires v4 0 v7 0 branches 0 (20.9 s; 66 min)
[562/721] TS2:CH-OT-CV-087 goal steps 52 fires v4 3 v7 1 branches 2 (30.4 s; 66 min)
[563/721] TS2:CH-OT-CV-089 goal steps 47 fires v4 0 v7 0 branches 0 (19.3 s; 66 min)
[564/721] TS2:CH-OT-CV-091 goal steps 55 fires v4 0 v7 0 branches 0 (23.3 s; 67 min)
[565/721] TS2:CH-OT-CV-095 goal steps 49 fires v4 0 v7 0 branches 0 (20.4 s; 67 min)
[566/721] TS2:CH-OT-CV-097 goal steps 53 fires v4 0 v7 0 branches 0 (20.3 s; 67 min)
[567/721] TS2:CH-OT-RE-002 goal steps 54 fires v4 1 v7 1 branches 2 (26.4 s; 67 min)
[568/721] TS2:CH-OT-CV-099 goal steps 54 fires v4 5 v7 5 branches 2 (56.5 s; 68 min)
[569/721] TS2:CH-OT-RE-006 goal steps 50 fires v4 0 v7 0 branches 0 (18.9 s; 68 min)
[570/721] TS2:CH-OT-RE-004 goal steps 51 fires v4 4 v7 4 branches 2 (34.5 s; 68 min)
[571/721] TS2:CH-OT-RE-012 goal steps 49 fires v4 0 v7 0 branches 0 (16.1 s; 68 min)
[572/721] TS2:CH-OT-RE-010 goal steps 49 fires v4 2 v7 0 branches 1 (19.7 s; 68 min)
[573/721] TS2:CH-OT-RE-014 goal steps 50 fires v4 0 v7 0 branches 0 (19.1 s; 69 min)
[574/721] TS2:CH-OT-RE-016 goal steps 46 fires v4 0 v7 0 branches 0 (17.6 s; 69 min)
[575/721] TS2:CH-OT-RE-018 goal steps 47 fires v4 0 v7 0 branches 0 (18.8 s; 69 min)
[576/721] TS2:CH-OT-RE-020 goal steps 53 fires v4 1 v7 0 branches 1 (26.1 s; 69 min)
[577/721] TS2:CH-OT-RE-024 goal steps 54 fires v4 0 v7 0 branches 0 (19.8 s; 69 min)
[578/721] TS2:CH-OT-RE-022 goal steps 53 fires v4 5 v7 3 branches 2 (42.9 s; 70 min)
[579/721] TS2:CH-OT-RE-028 goal steps 51 fires v4 0 v7 0 branches 0 (19.5 s; 70 min)
[580/721] TS2:CH-OT-RE-026 goal steps 58 fires v4 3 v7 3 branches 2 (50.3 s; 70 min)
[581/721] TS2:CH-OT-RE-030 goal steps 48 fires v4 0 v7 0 branches 0 (17.9 s; 70 min)
[582/721] TS2:CH-OT-RE-034 goal steps 50 fires v4 0 v7 0 branches 0 (19.3 s; 71 min)
[583/721] TS2:CH-OT-RE-032 goal steps 52 fires v4 3 v7 3 branches 2 (32.3 s; 71 min)
[584/721] TS2:CH-OT-RE-040 goal steps 53 fires v4 0 v7 0 branches 0 (19.3 s; 71 min)
[585/721] TS2:CH-OT-RE-038 goal steps 50 fires v4 4 v7 2 branches 2 (30.4 s; 71 min)
[586/721] TS2:CH-OT-RE-042 goal steps 49 fires v4 0 v7 0 branches 0 (16.8 s; 71 min)
[587/721] TS2:CH-OT-RE-044 goal steps 52 fires v4 1 v7 0 branches 1 (21.0 s; 71 min)
[588/721] TS2:CH-OT-RE-046 goal steps 51 fires v4 4 v7 4 branches 2 (31.8 s; 72 min)
[589/721] TS2:CH-OT-RE-048 goal steps 48 fires v4 3 v7 2 branches 2 (27.5 s; 72 min)
[590/721] TS2:CH-OT-RE-052 goal steps 52 fires v4 0 v7 0 branches 0 (18.8 s; 72 min)
[591/721] TS2:CH-OT-RE-050 goal steps 55 fires v4 0 v7 0 branches 0 (19.9 s; 72 min)
[592/721] TS2:CH-OT-RE-054 goal steps 49 fires v4 0 v7 0 branches 0 (17.9 s; 72 min)
[593/721] TS2:CH-OT-RE-056 goal steps 54 fires v4 0 v7 0 branches 0 (19.1 s; 73 min)
[594/721] TS2:CH-OT-RE-062 goal steps 53 fires v4 8 v7 5 branches 2 (32.5 s; 73 min)
[595/721] TS2:CH-OT-RE-060 goal steps 50 fires v4 7 v7 2 branches 2 (34.1 s; 73 min)
[596/721] TS2:CH-OT-RE-066 goal steps 53 fires v4 1 v7 1 branches 2 (23.1 s; 73 min)
[597/721] TS2:CH-OT-RE-068 goal steps 52 fires v4 6 v7 1 branches 2 (23.4 s; 74 min)
[598/721] TS2:CH-OT-RE-070 goal steps 47 fires v4 0 v7 0 branches 0 (16.8 s; 74 min)
[599/721] TS2:CH-OT-RE-072 goal steps 48 fires v4 0 v7 0 branches 0 (17.4 s; 74 min)
[600/721] TS2:CH-OT-RE-074 goal steps 51 fires v4 0 v7 0 branches 0 (19.1 s; 75 min)
[601/721] TS2:CH-OT-RE-064 goal steps 60 fires v4 10 v7 10 branches 2 (103.2 s; 75 min)
[602/721] TS2:CH-OT-RE-076 goal steps 51 fires v4 0 v7 0 branches 0 (15.3 s; 75 min)
[603/721] TS2:CH-OT-RE-078 goal steps 47 fires v4 0 v7 0 branches 0 (16.5 s; 75 min)
[604/721] TS2:CH-OT-RE-080 goal steps 50 fires v4 0 v7 0 branches 0 (17.5 s; 75 min)
[605/721] TS2:CH-OT-RE-082 goal steps 51 fires v4 0 v7 0 branches 0 (17.5 s; 75 min)
[606/721] TS2:CH-OT-RE-084 goal steps 53 fires v4 0 v7 0 branches 0 (17.3 s; 76 min)
[607/721] TS2:CH-OT-RE-086 goal steps 47 fires v4 0 v7 0 branches 0 (15.2 s; 76 min)
[608/721] TS2:CH-OT-RE-090 goal steps 52 fires v4 4 v7 3 branches 2 (42.5 s; 76 min)
[609/721] TS2:CH-OT-RE-088 goal steps 53 fires v4 3 v7 3 branches 2 (68.4 s; 77 min)
[610/721] TS2:CH-OT-RE-092 goal steps 55 fires v4 3 v7 1 branches 2 (31.0 s; 77 min)
[611/721] TS2:CH-OT-RE-094 goal steps 50 fires v4 0 v7 0 branches 0 (19.0 s; 77 min)
[612/721] TS2:CH-OT-RE-096 goal steps 49 fires v4 0 v7 0 branches 0 (18.9 s; 77 min)
[613/721] TS2:CH-OT-RE-100 goal steps 49 fires v4 0 v7 0 branches 0 (18.1 s; 77 min)
[614/721] TS2:P2-L1-CRS-FIX-05 goal steps 58 fires v4 0 v7 0 branches 0 (8.9 s; 78 min)
[615/721] TS2:CH-OT-RE-098 goal steps 52 fires v4 5 v7 5 branches 2 (36.7 s; 78 min)
[616/721] TS2:P2-L1-HO-FIX-01 goal steps 56 fires v4 2 v7 0 branches 1 (14.6 s; 78 min)
[617/721] TS2:P2-L1-HO-FIX-05 goal steps 58 fires v4 0 v7 0 branches 0 (9.2 s; 78 min)
[618/721] TS2:P2-L1-HO-FIX-03 goal steps 61 fires v4 4 v7 1 branches 2 (23.2 s; 78 min)
[619/721] TS2:P2-L1-HO-FIX-09 goal steps 56 fires v4 1 v7 0 branches 1 (9.1 s; 78 min)
[620/721] TS2:P2-L1-HO-FIX-07 goal steps 57 fires v4 7 v7 0 branches 1 (16.2 s; 78 min)
[621/721] TS2:P2-L1-HO-FIX-15 goal steps 61 fires v4 0 v7 0 branches 0 (8.5 s; 78 min)
[622/721] TS2:P2-L1-HO-FIX-19 goal steps 59 fires v4 5 v7 1 branches 2 (19.0 s; 79 min)
[623/721] TS2:P2-L1-HO-FIX-17 goal steps 58 fires v4 7 v7 4 branches 2 (25.0 s; 79 min)
[624/721] TS2:P2-L1-HO-VAR-10 goal steps 59 fires v4 6 v7 3 branches 2 (21.5 s; 79 min)
[625/721] TS2:P2-L1-HO-VAR-08 goal steps 59 fires v4 7 v7 5 branches 2 (24.6 s; 79 min)
[626/721] TS2:P2-L1-HO-VAR-14 goal steps 60 fires v4 0 v7 0 branches 0 (8.5 s; 79 min)
[627/721] TS2:P2-L1-HO-VAR-20 goal steps 61 fires v4 2 v7 0 branches 1 (13.5 s; 79 min)
[628/721] TS2:P2-L1-NT-01 goal steps 63 fires v4 4 v7 0 branches 1 (12.9 s; 79 min)
[629/721] TS2:P2-L1-OT-FIX-05 goal steps 62 fires v4 0 v7 0 branches 0 (9.5 s; 79 min)
[630/721] TS2:P2-L1-OT-FIX-19 goal steps 46 fires v4 2 v7 0 branches 1 (11.0 s; 80 min)
[631/721] TS2:P2-L2-BO-FIX-03 goal steps 37 fires v4 3 v7 0 branches 1 (10.5 s; 80 min)
[632/721] TS2:P2-L2-BO-FIX-05 goal steps 29 fires v4 1 v7 1 branches 2 (6.2 s; 80 min)
[633/721] TS2:P2-L2-BO-FIX-07 goal steps 29 fires v4 7 v7 0 branches 1 (8.4 s; 80 min)
[634/721] TS2:P2-L2-BO-FIX-11 goal steps 28 fires v4 5 v7 0 branches 1 (9.4 s; 80 min)
[635/721] TS2:P2-L2-BO-FIX-13 goal steps 31 fires v4 1 v7 1 branches 2 (6.5 s; 80 min)
[636/721] TS2:P2-L2-BO-FIX-19 goal steps 30 fires v4 1 v7 1 branches 2 (5.8 s; 80 min)
[637/721] TS2:P2-L2-BO-FIX-17 goal steps 34 fires v4 2 v7 0 branches 1 (8.7 s; 80 min)
[638/721] TS2:P2-L2-BO-VAR-06 goal steps 33 fires v4 1 v7 0 branches 1 (8.1 s; 80 min)
[639/721] TS2:P2-L2-BO-VAR-04 goal steps 29 fires v4 7 v7 2 branches 2 (12.4 s; 80 min)
[640/721] TS2:P2-L2-BO-VAR-08 goal steps 30 fires v4 1 v7 0 branches 1 (7.1 s; 80 min)
[641/721] TS2:P2-L2-BO-VAR-10 goal steps 29 fires v4 5 v7 1 branches 2 (10.0 s; 80 min)
[642/721] TS2:P2-L2-BO-VAR-14 goal steps 29 fires v4 5 v7 0 branches 1 (9.3 s; 80 min)
[643/721] TS2:P2-L2-BO-VAR-16 goal steps 30 fires v4 0 v7 0 branches 0 (5.3 s; 80 min)
[644/721] TS2:P2-L2-BO-VAR-18 goal steps 30 fires v4 0 v7 0 branches 0 (5.7 s; 80 min)
[645/721] TS2:P2-L2-BO-VAR-20 goal steps 29 fires v4 7 v7 2 branches 2 (14.8 s; 81 min)
[646/721] TS2:P2-L2-CRP-FIX-13 goal steps 60 fires v4 1 v7 1 branches 2 (18.6 s; 81 min)
[647/721] TS2:P2-L2-NT-01 goal steps 57 fires v4 0 v7 0 branches 0 (7.1 s; 81 min)
[648/721] TS2:P2-L2-CRP-FIX-19 goal steps 55 fires v4 1 v7 1 branches 2 (22.0 s; 81 min)
[649/721] TS2:P2-L2-OT-FIX-01 goal steps 55 fires v4 0 v7 0 branches 0 (8.9 s; 81 min)
[650/721] TS2:P2-L2-OT-FIX-03 goal steps 56 fires v4 0 v7 0 branches 0 (7.9 s; 81 min)
[651/721] TS2:P2-L2-OT-FIX-09 goal steps 54 fires v4 0 v7 0 branches 0 (7.9 s; 81 min)
[652/721] TS2:P2-L2-OT-FIX-11 goal steps 52 fires v4 0 v7 0 branches 0 (8.2 s; 81 min)
[653/721] TS2:P2-L2-OT-FIX-07 goal steps 53 fires v4 3 v7 2 branches 2 (22.7 s; 81 min)
[654/721] TS2:P2-L2-OT-FIX-17 goal steps 53 fires v4 0 v7 0 branches 0 (7.7 s; 82 min)
[655/721] TS2:P2-L2-OT-FIX-19 goal steps 52 fires v4 0 v7 0 branches 0 (7.4 s; 82 min)
[656/721] TS2:P2-L2-OT-VAR-02 goal steps 59 fires v4 0 v7 0 branches 0 (9.6 s; 82 min)
[657/721] TS2:P2-L2-OT-FIX-15 goal steps 59 fires v4 2 v7 1 branches 2 (29.9 s; 82 min)
[658/721] TS2:P2-L2-OT-VAR-06 goal steps 53 fires v4 0 v7 0 branches 0 (8.4 s; 82 min)
[659/721] TS2:P2-L2-OT-VAR-08 goal steps 53 fires v4 0 v7 0 branches 0 (8.5 s; 82 min)
[660/721] TS2:P2-L2-OT-VAR-14 goal steps 54 fires v4 10 v7 8 branches 2 (23.6 s; 82 min)
[661/721] TS2:P2-L2-OT-VAR-16 goal steps 59 fires v4 8 v7 6 branches 2 (23.0 s; 82 min)
[662/721] TS2:P2-L2-OT-VAR-18 goal steps 53 fires v4 0 v7 0 branches 0 (9.2 s; 83 min)
[663/721] TS2:P2-L2-OT-VAR-20 goal steps 54 fires v4 0 v7 0 branches 0 (8.5 s; 83 min)
[664/721] TS2:P2-L3-BO-FIX-05 goal steps 36 fires v4 0 v7 0 branches 0 (5.8 s; 83 min)
[665/721] TS2:P2-L3-BO-FIX-07 goal steps 34 fires v4 0 v7 0 branches 0 (5.4 s; 83 min)
[666/721] TS2:P2-L3-BO-FIX-11 goal steps 36 fires v4 1 v7 1 branches 2 (6.2 s; 83 min)
[667/721] TS2:P2-L3-BO-FIX-13 goal steps 35 fires v4 0 v7 0 branches 0 (5.9 s; 83 min)
[668/721] TS2:P2-L3-BO-FIX-15 goal steps 33 fires v4 0 v7 0 branches 0 (5.4 s; 83 min)
[669/721] TS2:P2-L3-BO-FIX-17 goal steps 36 fires v4 3 v7 2 branches 2 (7.8 s; 83 min)
[670/721] TS2:P2-L3-BO-FIX-19 goal steps 34 fires v4 0 v7 0 branches 0 (6.0 s; 83 min)
[671/721] TS2:P2-L3-BO-FIX-09 goal steps 35 fires v4 4 v7 3 branches 2 (35.4 s; 83 min)
[672/721] TS2:P2-L3-BO-VAR-10 goal steps 34 fires v4 0 v7 0 branches 0 (5.8 s; 83 min)
[673/721] TS2:P2-L3-BO-VAR-06 goal steps 36 fires v4 3 v7 3 branches 2 (7.7 s; 83 min)
[674/721] TS2:P2-L3-BO-VAR-18 goal steps 34 fires v4 3 v7 1 branches 2 (5.9 s; 83 min)
[675/721] TS2:P2-L3-BO-VAR-12 goal steps 34 fires v4 3 v7 2 branches 2 (6.4 s; 83 min)
[676/721] TS2:P2-L3-CRP-FIX-13 goal steps 47 fires v4 0 v7 0 branches 0 (6.2 s; 84 min)
[677/721] TS2:P2-L3-CRP-VAR-02 goal steps 48 fires v4 1 v7 0 branches 1 (11.8 s; 84 min)
[678/721] TS2:P2-L3-CRP-FIX-03 goal steps 47 fires v4 5 v7 3 branches 2 (19.7 s; 84 min)
[679/721] TS2:P2-L3-CRP-VAR-20 goal steps 48 fires v4 2 v7 1 branches 2 (14.3 s; 84 min)
[680/721] TS2:P2-L3-CRP-VAR-14 goal steps 54 fires v4 8 v7 6 branches 2 (27.0 s; 84 min)
[681/721] TS2:P2-L3-CRS-FIX-07 goal steps 49 fires v4 4 v7 2 branches 2 (18.1 s; 84 min)
[682/721] TS2:P2-L3-CRS-FIX-13 goal steps 54 fires v4 1 v7 0 branches 1 (8.3 s; 84 min)
[683/721] TS2:P2-L3-CRS-VAR-16 goal steps 50 fires v4 1 v7 0 branches 1 (8.2 s; 84 min)
[684/721] TS2:P2-L3-CRS-FIX-15 goal steps 53 fires v4 5 v7 2 branches 2 (11.0 s; 84 min)
[685/721] TS2:P2-L3-HO-FIX-01 goal steps 51 fires v4 2 v7 0 branches 1 (12.5 s; 85 min)
[686/721] TS2:P2-L3-CRS-VAR-20 goal steps 48 fires v4 8 v7 5 branches 2 (21.1 s; 85 min)
[687/721] TS2:P2-L3-HO-FIX-03 goal steps 52 fires v4 4 v7 3 branches 2 (20.2 s; 85 min)
[688/721] TS2:P2-L3-HO-FIX-07 goal steps 52 fires v4 3 v7 1 branches 2 (14.9 s; 85 min)
[689/721] TS2:P2-L3-HO-FIX-13 goal steps 49 fires v4 2 v7 0 branches 1 (9.2 s; 85 min)
[690/721] TS2:P2-L3-HO-FIX-09 goal steps 48 fires v4 1 v7 1 branches 2 (13.0 s; 85 min)
[691/721] TS2:P2-L3-HO-FIX-19 goal steps 51 fires v4 3 v7 0 branches 1 (11.1 s; 85 min)
[692/721] TS2:P2-L3-HO-FIX-17 goal steps 49 fires v4 2 v7 1 branches 2 (13.9 s; 85 min)
[693/721] TS2:P2-L3-HO-VAR-04 goal steps 48 fires v4 1 v7 0 branches 1 (9.3 s; 86 min)
[694/721] TS2:P2-L3-HO-VAR-08 goal steps 57 fires v4 7 v7 1 branches 2 (14.8 s; 86 min)
[695/721] TS2:P2-L3-HO-VAR-16 goal steps 51 fires v4 3 v7 2 branches 2 (15.4 s; 86 min)
[696/721] TS2:P2-L3-HO-VAR-18 goal steps 49 fires v4 3 v7 1 branches 2 (14.4 s; 86 min)
[697/721] TS2:P2-L3-HO-VAR-20 goal steps 49 fires v4 5 v7 1 branches 2 (12.4 s; 86 min)
[698/721] TS2:P2-L3-NT-01 goal steps 52 fires v4 3 v7 1 branches 2 (13.0 s; 86 min)
[699/721] TS2:P2-L3-OT-FIX-05 goal steps 50 fires v4 0 v7 0 branches 0 (7.6 s; 86 min)
[700/721] TS2:P2-L3-OT-FIX-11 goal steps 50 fires v4 0 v7 0 branches 0 (7.3 s; 86 min)
[701/721] TS2:P2-L3-OT-FIX-07 goal steps 49 fires v4 2 v7 2 branches 2 (12.3 s; 86 min)
[702/721] TS2:P2-L3-OT-FIX-15 goal steps 50 fires v4 0 v7 0 branches 0 (7.4 s; 86 min)
[703/721] TS2:P2-L3-OT-FIX-17 goal steps 49 fires v4 1 v7 1 branches 2 (10.1 s; 87 min)
[704/721] TS2:P2-L3-OT-VAR-10 goal steps 51 fires v4 3 v7 1 branches 2 (13.0 s; 87 min)
[705/721] TS2:P2-L3-OT-VAR-16 goal steps 50 fires v4 1 v7 0 branches 1 (11.7 s; 87 min)
[706/721] TS2:P2v2-L1-BO-FIX-05 goal steps 26 fires v4 0 v7 0 branches 0 (4.2 s; 87 min)
[707/721] TS2:P2v2-L1-BO-FIX-07 goal steps 24 fires v4 1 v7 0 branches 1 (4.5 s; 87 min)
[708/721] TS2:P2-L3-OT-VAR-18 goal steps 50 fires v4 3 v7 1 branches 2 (18.6 s; 87 min)
[709/721] TS2:P2v2-L1-BO-FIX-11 goal steps 24 fires v4 1 v7 0 branches 1 (5.9 s; 87 min)
[710/721] TS2:P2v2-L1-BO-FIX-09 goal steps 25 fires v4 4 v7 4 branches 2 (14.0 s; 87 min)
[711/721] TS2:P2v2-L1-BO-FIX-13 goal steps 26 fires v4 2 v7 0 branches 1 (5.0 s; 87 min)
[712/721] TS2:P2v2-L1-BO-FIX-19 goal steps 25 fires v4 1 v7 0 branches 1 (4.1 s; 87 min)
[713/721] TS2:P2v2-L1-BO-VAR-04 goal steps 25 fires v4 0 v7 0 branches 0 (3.6 s; 87 min)
[714/721] TS2:P2v2-L1-BO-VAR-06 goal steps 24 fires v4 2 v7 0 branches 1 (4.3 s; 87 min)
[715/721] TS2:P2v2-L1-BO-FIX-17 goal steps 25 fires v4 4 v7 4 branches 2 (15.3 s; 87 min)
[716/721] TS2:P2v2-L1-BO-VAR-08 goal steps 25 fires v4 2 v7 0 branches 1 (4.9 s; 87 min)
[717/721] TS2:P2v2-L1-BO-VAR-10 goal steps 24 fires v4 2 v7 0 branches 1 (5.0 s; 87 min)
[718/721] TS2:P2v2-L1-BO-VAR-12 goal steps 25 fires v4 0 v7 0 branches 0 (4.1 s; 87 min)
[719/721] TS2:P2v2-L1-BO-VAR-18 goal steps 27 fires v4 0 v7 0 branches 0 (4.5 s; 88 min)
[720/721] TS2:P2v2-L1-BO-VAR-16 goal steps 25 fires v4 3 v7 2 branches 2 (8.9 s; 88 min)
[721/721] TS2:P2v2-L1-BO-VAR-20 goal steps 25 fires v4 1 v7 0 branches 1 (5.0 s; 88 min)
