427 episodes to run (2 already done), 2 processes
[1/427] DV3:DV3-NT-CV-01 goal steps 56 fires v4 3 v7 3 branches 2 (6.7 s; 1 min)
[2/427] DV3:DV3-NT-CV-03 goal steps 49 fires v4 0 v7 0 branches 0 (6.1 s; 1 min)
[3/427] DV3:DV3-NT-CV-02 collision:obstacle steps 38 fires v4 7 v7 2 branches 3 (16.6 s; 1 min)
[4/427] DV3:DV3-NT-CV-05 goal steps 51 fires v4 6 v7 1 branches 3 (10.6 s; 2 min)
[5/427] DV3:DV3-NT-CV-04 collision:obstacle steps 43 fires v4 6 v7 5 branches 4 (27.6 s; 2 min)
[6/427] DV3:DV3-NT-CV-07 goal steps 55 fires v4 0 v7 0 branches 0 (6.4 s; 2 min)
[7/427] DV3:DV3-NT-CV-06 collision:obstacle steps 23 fires v4 5 v7 5 branches 4 (20.8 s; 2 min)
[8/427] DV3:DV3-NT-CV-08 goal steps 55 fires v4 2 v7 0 branches 1 (9.1 s; 2 min)
[9/427] DV3:DV3-NT-CV-10 goal steps 52 fires v4 3 v7 2 branches 2 (7.5 s; 2 min)
[10/427] DV3:DV3-NT-CV-09 goal steps 60 fires v4 7 v7 2 branches 3 (20.5 s; 2 min)
[11/427] DV3:DV3-NT-CV-11 goal steps 49 fires v4 0 v7 0 branches 0 (6.7 s; 2 min)
[12/427] DV3:DV3-NT-CV-13 goal steps 71 fires v4 0 v7 0 branches 0 (9.0 s; 3 min)
[13/427] DV3:DV3-NT-CV-14 goal steps 57 fires v4 6 v7 4 branches 3 (17.2 s; 3 min)
[14/427] DV3:DV3-NT-CV-12 collision:boundary steps 36 fires v4 8 v7 6 branches 4 (28.9 s; 3 min)
[15/427] DV3:DV3-NT-CV-16 goal steps 57 fires v4 2 v7 2 branches 2 (9.2 s; 3 min)
[16/427] DV3:DV3-NT-CV-15 collision:obstacle steps 34 fires v4 6 v7 1 branches 3 (11.3 s; 3 min)
[17/427] DV3:DV3-NT-CV-17 goal steps 50 fires v4 1 v7 1 branches 2 (7.1 s; 3 min)
[18/427] DV3:DV3-NT-CV-18 goal steps 59 fires v4 10 v7 3 branches 4 (16.6 s; 3 min)
[19/427] DV3:DV3-NT-CV-19 goal steps 60 fires v4 1 v7 1 branches 2 (18.2 s; 3 min)
[20/427] DV3:DV3-NT-CV-20 collision:obstacle steps 21 fires v4 10 v7 6 branches 5 (30.5 s; 4 min)
[21/427] DV3:DV3-HO-CV-01 collision:obstacle steps 36 fires v4 8 v7 3 branches 3 (31.4 s; 4 min)
[22/427] DV3:DV3-HO-CV-02 goal steps 49 fires v4 9 v7 3 branches 4 (31.9 s; 4 min)
[23/427] DV3:DV3-HO-CV-03 collision:obstacle steps 33 fires v4 8 v7 4 branches 3 (53.7 s; 5 min)
[24/427] DV3:DV3-HO-CV-04 collision:obstacle steps 28 fires v4 2 v7 1 branches 2 (36.2 s; 5 min)
[25/427] DV3:DV3-HO-CV-06 goal steps 52 fires v4 6 v7 4 branches 3 (16.4 s; 5 min)
[26/427] DV3:DV3-HO-CV-05 collision:obstacle steps 23 fires v4 8 v7 2 branches 3 (27.5 s; 5 min)
[27/427] DV3:DV3-HO-CV-07 goal steps 55 fires v4 0 v7 0 branches 0 (8.8 s; 5 min)
[28/427] DV3:DV3-HO-CV-08 goal steps 52 fires v4 4 v7 1 branches 2 (12.5 s; 5 min)
[29/427] DV3:DV3-HO-CV-09 goal steps 49 fires v4 3 v7 2 branches 2 (9.7 s; 5 min)
[30/427] DV3:DV3-HO-CV-10 collision:obstacle steps 26 fires v4 10 v7 4 branches 4 (28.0 s; 6 min)
[31/427] DV3:DV3-HO-CV-11 goal steps 49 fires v4 12 v7 6 branches 5 (34.3 s; 6 min)
[32/427] DV3:DV3-HO-CV-12 goal steps 56 fires v4 1 v7 0 branches 1 (7.9 s; 6 min)
[33/427] DV3:DV3-HO-CV-14 goal steps 56 fires v4 3 v7 2 branches 2 (17.2 s; 6 min)
[34/427] DV3:DV3-HO-CV-13 collision:obstacle steps 32 fires v4 3 v7 3 branches 2 (23.5 s; 6 min)
[35/427] DV3:DV3-HO-CV-15 goal steps 51 fires v4 1 v7 1 branches 2 (9.0 s; 7 min)
[36/427] DV3:DV3-HO-CV-17 goal steps 54 fires v4 0 v7 0 branches 0 (7.0 s; 7 min)
[37/427] DV3:DV3-HO-CV-16 collision:obstacle steps 23 fires v4 8 v7 3 branches 3 (19.6 s; 7 min)
[38/427] DV3:DV3-HO-CV-19 goal steps 48 fires v4 5 v7 2 branches 3 (12.9 s; 7 min)
[39/427] DV3:DV3-HO-CV-18 goal steps 56 fires v4 11 v7 6 branches 5 (28.3 s; 7 min)
[40/427] DV3:DV3-HO-CV-20 goal steps 48 fires v4 12 v7 9 branches 6 (36.2 s; 8 min)
[41/427] DV3:DV3-HO-VS-02 goal steps 61 fires v4 2 v7 0 branches 1 (14.8 s; 8 min)
[42/427] DV3:DV3-HO-VS-01 collision:boundary steps 36 fires v4 7 v7 3 branches 3 (56.1 s; 8 min)
[43/427] DV3:DV3-HO-VS-04 goal steps 47 fires v4 2 v7 1 branches 2 (10.7 s; 8 min)
[44/427] DV3:DV3-HO-VS-03 goal steps 50 fires v4 3 v7 2 branches 2 (22.4 s; 8 min)
[45/427] DV3:DV3-HO-VS-06 goal steps 51 fires v4 2 v7 0 branches 1 (9.3 s; 8 min)
[46/427] DV3:DV3-HO-VS-05 collision:obstacle steps 32 fires v4 3 v7 1 branches 2 (20.2 s; 9 min)
[47/427] DV3:DV3-CRP-CV-02 collision:target steps 19 fires v4 0 v7 0 branches 0 (3.3 s; 9 min)
[48/427] DV3:DV3-CRP-CV-01 goal steps 56 fires v4 2 v7 2 branches 2 (16.2 s; 9 min)
[49/427] DV3:DV3-CRP-CV-04 collision:obstacle steps 26 fires v4 3 v7 3 branches 2 (20.9 s; 9 min)
[50/427] DV3:DV3-CRP-CV-03 goal steps 49 fires v4 15 v7 7 branches 6 (38.8 s; 9 min)
[51/427] DV3:DV3-CRP-CV-05 goal steps 53 fires v4 3 v7 1 branches 2 (19.5 s; 9 min)
[52/427] DV3:DV3-CRP-CV-06 goal steps 50 fires v4 0 v7 0 branches 0 (6.3 s; 9 min)
[53/427] DV3:DV3-CRP-CV-08 goal steps 48 fires v4 2 v7 1 branches 2 (9.7 s; 10 min)
[54/427] DV3:DV3-CRP-CV-09 goal steps 51 fires v4 3 v7 2 branches 2 (10.2 s; 10 min)
[55/427] DV3:DV3-CRP-CV-07 goal steps 48 fires v4 3 v7 2 branches 2 (22.9 s; 10 min)
[56/427] DV3:DV3-CRP-CV-10 goal steps 53 fires v4 4 v7 3 branches 2 (17.2 s; 10 min)
[57/427] DV3:DV3-CRP-CV-11 goal steps 67 fires v4 14 v7 3 branches 5 (33.1 s; 10 min)
[58/427] DV3:DV3-CRP-CV-13 collision:target steps 16 fires v4 1 v7 0 branches 1 (4.0 s; 10 min)
[59/427] DV3:DV3-CRP-CV-12 collision:target steps 20 fires v4 0 v7 3 branches 1 (21.3 s; 10 min)
[60/427] DV3:DV3-CRP-CV-14 goal steps 61 fires v4 7 v7 2 branches 3 (16.5 s; 11 min)
[61/427] DV3:DV3-CRP-CV-15 collision:target steps 12 fires v4 3 v7 3 branches 2 (20.8 s; 11 min)
[62/427] DV3:DV3-CRP-CV-16 goal steps 46 fires v4 2 v7 3 branches 2 (29.8 s; 11 min)
[63/427] DV3:DV3-CRP-CV-17 collision:target steps 17 fires v4 7 v7 7 branches 4 (35.3 s; 11 min)
[64/427] DV3:DV3-CRP-CV-18 goal steps 47 fires v4 3 v7 3 branches 2 (20.2 s; 11 min)
[65/427] DV3:DV3-CRP-CV-20 goal steps 55 fires v4 1 v7 0 branches 1 (9.4 s; 12 min)
[66/427] DV3:DV3-CRP-CV-19 goal steps 58 fires v4 6 v7 6 branches 4 (24.4 s; 12 min)
[67/427] DV3:DV3-CRP-VS-01 collision:obstacle steps 21 fires v4 1 v7 1 branches 2 (18.2 s; 12 min)
[68/427] DV3:DV3-CRP-VS-02 collision:obstacle steps 37 fires v4 3 v7 4 branches 2 (28.8 s; 12 min)
[69/427] DV3:DV3-CRP-VS-03 goal steps 47 fires v4 1 v7 2 branches 2 (15.9 s; 12 min)
[70/427] DV3:DV3-CRP-VS-05 goal steps 50 fires v4 3 v7 2 branches 2 (15.8 s; 12 min)
[71/427] DV3:DV3-CRP-VS-06 goal steps 52 fires v4 1 v7 1 branches 2 (6.8 s; 13 min)
[72/427] DV3:DV3-CRP-VS-04 goal steps 45 fires v4 6 v7 2 branches 3 (24.5 s; 13 min)
[73/427] DV3:DV3-CRS-CV-02 collision:target steps 15 fires v4 1 v7 1 branches 2 (13.4 s; 13 min)
[74/427] DV3:DV3-CRS-CV-01 collision:target steps 18 fires v4 2 v7 2 branches 2 (30.0 s; 13 min)
[75/427] DV3:DV3-CRS-CV-03 collision:obstacle steps 18 fires v4 5 v7 2 branches 3 (19.4 s; 13 min)
[76/427] DV3:DV3-CRS-CV-05 goal steps 59 fires v4 2 v7 3 branches 2 (17.6 s; 13 min)
[77/427] DV3:DV3-CRS-CV-06 goal steps 51 fires v4 2 v7 1 branches 2 (12.3 s; 14 min)
[78/427] DV3:DV3-CRS-CV-04 goal steps 69 fires v4 5 v7 7 branches 4 (40.3 s; 14 min)
[79/427] DV3:DV3-CRS-CV-07 goal steps 48 fires v4 4 v7 3 branches 2 (12.6 s; 14 min)
[80/427] DV3:DV3-CRS-CV-09 goal steps 56 fires v4 4 v7 1 branches 2 (23.3 s; 14 min)
[81/427] DV3:DV3-CRS-CV-08 goal steps 56 fires v4 8 v7 7 branches 4 (37.6 s; 14 min)
[82/427] DV3:DV3-CRS-CV-10 collision:target steps 18 fires v4 3 v7 3 branches 2 (18.1 s; 15 min)
[83/427] DV3:DV3-CRS-CV-11 collision:obstacle steps 29 fires v4 3 v7 4 branches 2 (25.4 s; 15 min)
[84/427] DV3:DV3-CRS-CV-13 goal steps 48 fires v4 6 v7 4 branches 3 (20.6 s; 15 min)
[85/427] DV3:DV3-CRS-CV-12 goal steps 55 fires v4 2 v7 2 branches 2 (39.1 s; 15 min)
[86/427] DV3:DV3-CRS-CV-14 goal steps 63 fires v4 7 v7 2 branches 3 (11.4 s; 15 min)
[87/427] DV3:DV3-CRS-CV-15 collision:target steps 19 fires v4 3 v7 2 branches 2 (15.8 s; 15 min)
[88/427] DV3:DV3-CRS-CV-16 goal steps 54 fires v4 11 v7 7 branches 5 (24.5 s; 16 min)
[89/427] DV3:DV3-CRS-CV-17 collision:obstacle steps 25 fires v4 3 v7 1 branches 2 (32.8 s; 16 min)
[90/427] DV3:DV3-CRS-CV-18 goal steps 49 fires v4 1 v7 1 branches 2 (24.0 s; 16 min)
[91/427] DV3:DV3-CRS-CV-20 goal steps 54 fires v4 3 v7 2 branches 2 (15.1 s; 16 min)
[92/427] DV3:DV3-CRS-CV-19 collision:obstacle steps 35 fires v4 5 v7 4 branches 3 (35.5 s; 17 min)
[93/427] DV3:DV3-CRS-VS-02 goal steps 50 fires v4 4 v7 3 branches 2 (19.6 s; 17 min)
[94/427] DV3:DV3-CRS-VS-01 goal steps 49 fires v4 7 v7 6 branches 4 (39.5 s; 17 min)
[95/427] DV3:DV3-CRS-VS-04 goal steps 48 fires v4 12 v7 8 branches 5 (29.4 s; 17 min)
[96/427] DV3:DV3-CRS-VS-03 collision:obstacle steps 29 fires v4 5 v7 4 branches 3 (36.7 s; 17 min)
[97/427] DV3:DV3-CRS-VS-06 goal steps 56 fires v4 3 v7 2 branches 2 (15.4 s; 18 min)
[98/427] DV3:DV3-OT-CV-01 goal steps 46 fires v4 0 v7 0 branches 0 (7.3 s; 18 min)
[99/427] DV3:DV3-CRS-VS-05 goal steps 54 fires v4 6 v7 2 branches 3 (33.0 s; 18 min)
[100/427] DV3:DV3-OT-CV-02 goal steps 46 fires v4 1 v7 0 branches 1 (13.6 s; 18 min)
[101/427] DV3:DV3-OT-CV-03 goal steps 57 fires v4 2 v7 2 branches 2 (17.7 s; 18 min)
[102/427] DV3:DV3-OT-CV-05 goal steps 52 fires v4 0 v7 0 branches 0 (8.3 s; 18 min)
[103/427] DV3:DV3-OT-CV-06 goal steps 52 fires v4 0 v7 0 branches 0 (8.2 s; 19 min)
[104/427] DV3:DV3-OT-CV-07 goal steps 65 fires v4 7 v7 7 branches 4 (28.6 s; 19 min)
[105/427] DV3:DV3-OT-CV-04 collision:obstacle steps 32 fires v4 9 v7 3 branches 4 (68.4 s; 19 min)
[106/427] DV3:DV3-OT-CV-09 goal steps 54 fires v4 3 v7 2 branches 2 (12.1 s; 19 min)
[107/427] DV3:DV3-OT-CV-10 goal steps 49 fires v4 1 v7 0 branches 1 (10.3 s; 20 min)
[108/427] DV3:DV3-OT-CV-08 goal steps 54 fires v4 6 v7 5 branches 4 (44.8 s; 20 min)
[109/427] DV3:DV3-OT-CV-12 goal steps 46 fires v4 0 v7 0 branches 0 (7.2 s; 20 min)
[110/427] DV3:DV3-OT-CV-11 goal steps 49 fires v4 10 v7 8 branches 5 (22.1 s; 20 min)
[111/427] DV3:DV3-OT-CV-13 goal steps 52 fires v4 1 v7 1 branches 2 (9.5 s; 20 min)
[112/427] DV3:DV3-OT-CV-14 goal steps 56 fires v4 1 v7 1 branches 2 (9.8 s; 20 min)
[113/427] DV3:DV3-OT-CV-15 collision:target steps 33 fires v4 1 v7 2 branches 2 (29.2 s; 21 min)
[114/427] DV3:DV3-OT-CV-16 goal steps 57 fires v4 5 v7 3 branches 3 (30.1 s; 21 min)
[115/427] DV3:DV3-OT-CV-17 goal steps 51 fires v4 2 v7 0 branches 1 (11.6 s; 21 min)
[116/427] DV3:DV3-OT-CV-19 goal steps 49 fires v4 0 v7 0 branches 0 (6.8 s; 21 min)
[117/427] DV3:DV3-OT-CV-18 goal steps 53 fires v4 7 v7 4 branches 3 (20.7 s; 21 min)
[118/427] DV3:DV3-OT-CV-20 goal steps 51 fires v4 4 v7 0 branches 1 (8.6 s; 21 min)
[119/427] DV3:DV3-OT-VS-01 goal steps 49 fires v4 2 v7 0 branches 1 (7.8 s; 21 min)
[120/427] DV3:DV3-OT-VS-02 goal steps 47 fires v4 1 v7 0 branches 1 (7.8 s; 21 min)
[121/427] DV3:DV3-OT-VS-04 goal steps 56 fires v4 2 v7 0 branches 1 (15.3 s; 21 min)
[122/427] DV3:DV3-OT-VS-03 goal steps 59 fires v4 4 v7 2 branches 2 (28.2 s; 22 min)
[123/427] DV3:DV3-OT-VS-05 goal steps 54 fires v4 3 v7 0 branches 1 (13.4 s; 22 min)
[124/427] DV3:DV3-BO-CV-01 goal steps 32 fires v4 2 v7 2 branches 2 (8.7 s; 22 min)
[125/427] DV3:DV3-OT-VS-06 goal steps 55 fires v4 2 v7 2 branches 2 (13.4 s; 22 min)
[126/427] DV3:DV3-BO-CV-02 goal steps 29 fires v4 0 v7 0 branches 0 (6.9 s; 22 min)
[127/427] DV3:DV3-BO-CV-03 goal steps 30 fires v4 0 v7 0 branches 0 (7.0 s; 22 min)
[128/427] DV3:DV3-BO-CV-05 goal steps 32 fires v4 0 v7 0 branches 0 (5.1 s; 22 min)
[129/427] DV3:DV3-BO-CV-06 goal steps 34 fires v4 2 v7 0 branches 1 (7.9 s; 22 min)
[130/427] DV3:DV3-BO-CV-07 collision:obstacle steps 3 fires v4 1 v7 1 branches 2 (4.9 s; 22 min)
[131/427] DV3:DV3-BO-CV-08 collision:target steps 16 fires v4 1 v7 1 branches 2 (9.7 s; 22 min)
[132/427] DV3:DV3-BO-CV-04 goal steps 31 fires v4 1 v7 1 branches 2 (33.0 s; 22 min)
[133/427] DV3:DV3-BO-CV-10 collision:obstacle steps 1 fires v4 0 v7 0 branches 0 (0.1 s; 22 min)
[134/427] DV3:DV3-BO-CV-11 goal steps 29 fires v4 1 v7 1 branches 2 (6.1 s; 23 min)
[135/427] DV3:DV3-BO-CV-12 goal steps 29 fires v4 0 v7 0 branches 0 (4.7 s; 23 min)
[136/427] DV3:DV3-BO-CV-09 goal steps 30 fires v4 8 v7 4 branches 3 (18.0 s; 23 min)
[137/427] DV3:DV3-BO-CV-13 goal steps 34 fires v4 1 v7 0 branches 1 (6.5 s; 23 min)
[138/427] DV3:DV3-BO-CV-14 goal steps 29 fires v4 1 v7 0 branches 1 (5.6 s; 23 min)
[139/427] DV3:DV3-BO-CV-15 goal steps 33 fires v4 1 v7 0 branches 1 (8.1 s; 23 min)
[140/427] DV3:DV3-BO-CV-16 goal steps 33 fires v4 2 v7 1 branches 2 (8.3 s; 23 min)
[141/427] DV3:DV3-BO-CV-17 goal steps 39 fires v4 3 v7 1 branches 2 (9.5 s; 23 min)
[142/427] DV3:DV3-BO-CV-18 collision:obstacle steps 19 fires v4 5 v7 3 branches 3 (34.1 s; 23 min)
[143/427] DV3:DV3-BO-CV-19 goal steps 31 fires v4 13 v7 7 branches 6 (26.9 s; 24 min)
[144/427] DV3:DV3-BO-VS-01 goal steps 35 fires v4 0 v7 0 branches 0 (5.4 s; 24 min)
[145/427] DV3:DV3-BO-CV-20 goal steps 32 fires v4 5 v7 2 branches 3 (9.7 s; 24 min)
[146/427] DV3:DV3-BO-VS-02 goal steps 32 fires v4 1 v7 0 branches 1 (5.7 s; 24 min)
[147/427] DV3:DV3-BO-VS-04 goal steps 34 fires v4 1 v7 0 branches 1 (7.3 s; 24 min)
[148/427] DV3:DV3-BO-VS-05 collision:obstacle steps 2 fires v4 0 v7 0 branches 0 (0.2 s; 24 min)
[149/427] DV3:DV3-BO-VS-03 goal steps 27 fires v4 7 v7 3 branches 3 (11.2 s; 24 min)
[150/427] TS2:BAS-HO-NC-002 collision:target steps 33 fires v4 0 v7 0 branches 0 (5.2 s; 24 min)
[151/427] TS2:BAS-HO-CV-004 collision:obstacle steps 33 fires v4 2 v7 2 branches 2 (9.1 s; 24 min)
[152/427] DV3:DV3-BO-VS-06 goal steps 37 fires v4 7 v7 1 branches 3 (22.8 s; 24 min)
[153/427] TS2:BAS-HO-RE-006 collision:boundary steps 32 fires v4 1 v7 1 branches 2 (12.2 s; 24 min)
[154/427] TS2:BAS-HO-NC-014 collision:target steps 29 fires v4 3 v7 3 branches 2 (12.4 s; 24 min)
[155/427] TS2:BAS-HO-RE-060 collision:obstacle steps 40 fires v4 3 v7 3 branches 2 (21.6 s; 25 min)
[156/427] TS2:BAS-HO-NC-041 collision:target steps 27 fires v4 2 v7 3 branches 2 (31.3 s; 25 min)
[157/427] TS2:BAS-HO-NC-068 collision:target steps 26 fires v4 1 v7 2 branches 2 (12.1 s; 25 min)
[158/427] TS2:BAS-HO-RE-081 collision:target steps 33 fires v4 2 v7 2 branches 2 (19.9 s; 25 min)
[159/427] TS2:BAS-CR-RE-014 collision:target steps 33 fires v4 3 v7 3 branches 2 (12.9 s; 25 min)
[160/427] TS2:BAS-CR-CV-013 collision:target steps 13 fires v4 2 v7 2 branches 2 (24.0 s; 25 min)
[161/427] TS2:BAS-CR-CV-019 collision:target steps 18 fires v4 0 v7 2 branches 1 (16.8 s; 26 min)
[162/427] TS2:BAS-CR-RE-016 collision:target steps 17 fires v4 0 v7 4 branches 1 (21.4 s; 26 min)
[163/427] TS2:BAS-CR-CV-027 collision:target steps 15 fires v4 0 v7 2 branches 1 (13.1 s; 26 min)
[164/427] TS2:BAS-CR-RE-022 collision:target steps 36 fires v4 4 v7 6 branches 3 (17.7 s; 26 min)
[165/427] TS2:BAS-CR-CV-037 collision:target steps 15 fires v4 0 v7 2 branches 1 (19.0 s; 26 min)
[166/427] TS2:BAS-CR-CV-033 collision:target steps 19 fires v4 0 v7 3 branches 1 (20.1 s; 26 min)
[167/427] TS2:BAS-CR-RE-046 collision:target steps 14 fires v4 2 v7 2 branches 2 (19.6 s; 27 min)
[168/427] TS2:BAS-CR-CV-049 collision:target steps 22 fires v4 0 v7 2 branches 1 (33.6 s; 27 min)
[169/427] TS2:BAS-CR-CV-065 collision:target steps 16 fires v4 0 v7 2 branches 1 (18.5 s; 27 min)
[170/427] TS2:BAS-CR-CV-067 collision:obstacle steps 39 fires v4 5 v7 3 branches 3 (19.3 s; 27 min)
[171/427] TS2:BAS-CR-CV-077 collision:obstacle steps 35 fires v4 2 v7 2 branches 2 (27.7 s; 28 min)
[172/427] TS2:BAS-CR-CV-053 collision:target steps 15 fires v4 2 v7 2 branches 2 (93.1 s; 28 min)
[173/427] TS2:BAS-CR-RE-078 collision:target steps 15 fires v4 1 v7 3 branches 2 (24.5 s; 28 min)
[174/427] TS2:BAS-CR-RE-084 collision:target steps 36 fires v4 2 v7 1 branches 2 (21.4 s; 28 min)
[175/427] TS2:BAS-OT-RE-050 collision:target steps 43 fires v4 4 v7 2 branches 2 (34.1 s; 29 min)
[176/427] TS2:BAS-OT-CV-009 collision:target steps 27 fires v4 6 v7 6 branches 4 (62.7 s; 29 min)
[177/427] TS2:BAS-OT-CV-087 collision:obstacle steps 25 fires v4 2 v7 2 branches 2 (29.9 s; 30 min)
[178/427] TS2:BAS-BO-RE-044 collision:obstacle steps 8 fires v4 3 v7 3 branches 2 (10.8 s; 30 min)
[179/427] TS2:BAS-BO-CV-055 collision:target steps 26 fires v4 4 v7 3 branches 2 (23.9 s; 30 min)
[180/427] TS2:BAS-BO-CV-021 collision:target steps 38 fires v4 7 v7 5 branches 4 (66.8 s; 30 min)
[181/427] TS2:BAS-BO-RE-100 collision:obstacle steps 9 fires v4 4 v7 4 branches 2 (12.9 s; 31 min)
[182/427] TS2:BAS-BO-RE-082 collision:boundary steps 48 fires v4 2 v7 2 branches 2 (38.0 s; 31 min)
[183/427] TS2:BAS-NU-CV-043 collision:boundary steps 67 fires v4 2 v7 0 branches 1 (16.8 s; 31 min)
[184/427] TS2:BAS-NU-CV-066 collision:boundary steps 64 fires v4 1 v7 0 branches 1 (11.9 s; 31 min)
[185/427] TS2:BAS-NU-CV-049 collision:boundary steps 62 fires v4 7 v7 4 branches 3 (35.9 s; 31 min)
[186/427] TS2:CH-HO-NC-050 collision:target steps 29 fires v4 0 v7 1 branches 1 (30.5 s; 32 min)
[187/427] TS2:CH-HO-NC-020 collision:obstacle steps 35 fires v4 3 v7 2 branches 2 (87.3 s; 33 min)
[188/427] TS2:CH-HO-RE-057 collision:obstacle steps 36 fires v4 2 v7 2 branches 2 (64.8 s; 33 min)
[189/427] TS2:CH-HO-RE-060 collision:target steps 31 fires v4 3 v7 4 branches 2 (27.1 s; 33 min)
[190/427] TS2:CH-CR-CV-043 collision:target steps 15 fires v4 2 v7 2 branches 2 (46.6 s; 34 min)
[191/427] TS2:CH-CR-RE-002 collision:obstacle steps 40 fires v4 8 v7 5 branches 4 (67.9 s; 34 min)
[192/427] TS2:CH-CR-RE-058 collision:obstacle steps 28 fires v4 3 v7 2 branches 2 (45.0 s; 35 min)
[193/427] TS2:CH-CR-CV-059 collision:target steps 14 fires v4 2 v7 1 branches 2 (43.7 s; 36 min)
[194/427] TS2:CH-CR-CV-051 collision:target steps 22 fires v4 5 v7 5 branches 4 (107.5 s; 36 min)
[195/427] TS2:CH-CR-CV-073 collision:target steps 16 fires v4 0 v7 2 branches 1 (67.6 s; 37 min)
[196/427] TS2:CH-CR-RE-068 collision:obstacle steps 38 fires v4 6 v7 6 branches 4 (97.4 s; 37 min)
[197/427] TS2:CH-CR-RE-080 collision:obstacle steps 43 fires v4 5 v7 5 branches 4 (63.3 s; 38 min)
[198/427] TS2:CH-CR-RE-084 collision:obstacle steps 46 fires v4 5 v7 4 branches 3 (48.7 s; 38 min)
[199/427] TS2:CH-CR-CV-093 collision:target steps 13 fires v4 2 v7 2 branches 2 (36.1 s; 38 min)
[200/427] TS2:CH-CR-RE-094 collision:target steps 41 fires v4 2 v7 2 branches 2 (29.2 s; 39 min)
[201/427] TS2:CH-CR-CV-097 collision:target steps 16 fires v4 4 v7 4 branches 2 (41.7 s; 39 min)
[202/427] TS2:P2-L1-HO-VAR-02 collision:boundary steps 31 fires v4 6 v7 4 branches 3 (29.6 s; 40 min)
[203/427] TS2:CH-OT-CV-093 collision:target steps 47 fires v4 6 v7 6 branches 4 (78.5 s; 40 min)
[204/427] TS2:P2-L1-CRP-FIX-05 collision:target steps 18 fires v4 1 v7 0 branches 1 (3.7 s; 40 min)
[205/427] TS2:P2-L1-CRP-FIX-07 collision:target steps 18 fires v4 0 v7 0 branches 0 (3.9 s; 40 min)
[206/427] TS2:P2-L1-CRP-FIX-01 collision:obstacle steps 32 fires v4 2 v7 4 branches 2 (20.9 s; 40 min)
[207/427] TS2:P2-L1-CRP-FIX-09 collision:obstacle steps 31 fires v4 5 v7 4 branches 3 (11.7 s; 40 min)
[208/427] TS2:P2-L1-CRP-VAR-14 collision:target steps 17 fires v4 1 v7 0 branches 1 (3.4 s; 40 min)
[209/427] TS2:P2-L1-CRP-VAR-12 collision:obstacle steps 17 fires v4 5 v7 5 branches 4 (23.6 s; 40 min)
[210/427] TS2:P2-L1-CRP-FIX-15 collision:obstacle steps 30 fires v4 4 v7 2 branches 2 (13.7 s; 40 min)
[211/427] TS2:P2-L1-CRP-VAR-16 collision:target steps 21 fires v4 1 v7 1 branches 2 (6.6 s; 40 min)
[212/427] TS2:P2-L1-CRP-VAR-20 collision:obstacle steps 31 fires v4 5 v7 3 branches 3 (23.1 s; 41 min)
[213/427] TS2:P2-L1-CRP-VAR-18 collision:obstacle steps 32 fires v4 7 v7 6 branches 4 (38.5 s; 41 min)
[214/427] TS2:P2-L1-CRS-VAR-06 collision:obstacle steps 22 fires v4 1 v7 1 branches 2 (21.8 s; 41 min)
[215/427] TS2:P2-L1-CRS-VAR-08 collision:target steps 21 fires v4 2 v7 0 branches 1 (5.0 s; 41 min)
[216/427] TS2:P2-L1-CRS-VAR-10 collision:obstacle steps 23 fires v4 0 v7 0 branches 0 (6.1 s; 41 min)
[217/427] TS2:P2-L1-CRS-VAR-12 collision:target steps 18 fires v4 1 v7 0 branches 1 (5.2 s; 42 min)
[218/427] TS2:P2-L1-CRS-FIX-07 collision:obstacle steps 24 fires v4 4 v7 4 branches 2 (29.4 s; 42 min)
[219/427] TS2:P2-L1-CRS-FIX-13 collision:obstacle steps 23 fires v4 0 v7 0 branches 0 (6.4 s; 42 min)
[220/427] TS2:P2-L1-CRS-FIX-15 collision:target steps 30 fires v4 1 v7 2 branches 2 (15.2 s; 42 min)
[221/427] TS2:P2-L1-CRS-FIX-19 collision:target steps 20 fires v4 0 v7 0 branches 0 (4.0 s; 42 min)
[222/427] TS2:P2-L1-CRS-VAR-16 collision:target steps 11 fires v4 1 v7 2 branches 2 (19.9 s; 42 min)
[223/427] TS2:P2-L1-CRS-VAR-20 collision:target steps 21 fires v4 3 v7 3 branches 2 (18.2 s; 42 min)
[224/427] TS2:P2-L1-OT-VAR-02 collision:obstacle steps 30 fires v4 4 v7 2 branches 2 (17.0 s; 42 min)
[225/427] TS2:P2-L1-OT-FIX-13 collision:obstacle steps 34 fires v4 2 v7 2 branches 2 (11.7 s; 42 min)
[226/427] TS2:P2-L1-OT-VAR-12 collision:obstacle steps 49 fires v4 3 v7 2 branches 2 (18.9 s; 42 min)
[227/427] TS2:P2-L1-OT-VAR-14 collision:obstacle steps 34 fires v4 3 v7 3 branches 2 (12.2 s; 43 min)
[228/427] TS2:P2-L1-OT-FIX-17 collision:obstacle steps 51 fires v4 8 v7 6 branches 4 (36.8 s; 43 min)
[229/427] TS2:P2-L1-OT-VAR-18 collision:target steps 64 fires v4 3 v7 3 branches 2 (33.8 s; 43 min)
[230/427] TS2:P2-L1-OT-VAR-20 collision:obstacle steps 33 fires v4 4 v7 4 branches 2 (11.8 s; 43 min)
[231/427] TS2:P2-L2-HO-VAR-04 collision:obstacle steps 23 fires v4 3 v7 2 branches 2 (12.2 s; 43 min)
[232/427] TS2:P2-L2-HO-FIX-07 collision:obstacle steps 21 fires v4 2 v7 2 branches 2 (7.1 s; 44 min)
[233/427] TS2:P2-L2-HO-FIX-05 collision:boundary steps 29 fires v4 6 v7 5 branches 4 (29.0 s; 44 min)
[234/427] TS2:P2-L2-HO-VAR-08 collision:obstacle steps 23 fires v4 8 v7 4 branches 3 (28.5 s; 44 min)
[235/427] TS2:P2-L2-HO-FIX-09 collision:obstacle steps 21 fires v4 8 v7 4 branches 3 (17.7 s; 44 min)
[236/427] TS2:P2-L2-HO-FIX-11 collision:obstacle steps 21 fires v4 5 v7 4 branches 3 (23.9 s; 44 min)
[237/427] TS2:P2-L2-HO-VAR-12 collision:obstacle steps 20 fires v4 5 v7 4 branches 3 (21.5 s; 44 min)
[238/427] TS2:P2-L2-HO-FIX-13 collision:obstacle steps 22 fires v4 5 v7 2 branches 3 (28.5 s; 45 min)
[239/427] TS2:P2-L2-HO-VAR-14 collision:obstacle steps 22 fires v4 6 v7 4 branches 3 (31.4 s; 45 min)
[240/427] TS2:P2-L2-HO-FIX-17 collision:obstacle steps 22 fires v4 4 v7 3 branches 2 (14.3 s; 45 min)
[241/427] TS2:P2-L2-HO-VAR-16 collision:obstacle steps 23 fires v4 8 v7 4 branches 3 (42.8 s; 46 min)
[242/427] TS2:P2-L2-HO-VAR-18 collision:boundary steps 29 fires v4 2 v7 1 branches 2 (26.2 s; 46 min)
[243/427] TS2:P2-L2-HO-FIX-19 collision:obstacle steps 20 fires v4 3 v7 3 branches 2 (21.9 s; 46 min)
[244/427] TS2:P2-L2-HO-VAR-20 collision:boundary steps 27 fires v4 4 v7 2 branches 2 (19.8 s; 46 min)
[245/427] TS2:P2-L2-CRP-VAR-06 collision:target steps 16 fires v4 0 v7 1 branches 1 (8.6 s; 46 min)
[246/427] TS2:P2-L2-CRP-VAR-02 collision:target steps 15 fires v4 0 v7 2 branches 1 (20.7 s; 46 min)
[247/427] TS2:P2-L2-CRP-FIX-07 collision:target steps 21 fires v4 1 v7 2 branches 2 (26.6 s; 47 min)
[248/427] TS2:P2-L2-CRP-FIX-09 collision:target steps 19 fires v4 5 v7 5 branches 4 (33.8 s; 47 min)
[249/427] TS2:P2-L2-CRP-VAR-14 collision:obstacle steps 22 fires v4 5 v7 3 branches 3 (25.5 s; 47 min)
[250/427] TS2:P2-L2-CRP-VAR-20 collision:obstacle steps 21 fires v4 4 v7 1 branches 2 (14.3 s; 47 min)
[251/427] TS2:P2-L2-CRS-FIX-01 collision:obstacle steps 23 fires v4 2 v7 2 branches 2 (7.4 s; 47 min)
[252/427] TS2:P2-L2-CRS-VAR-06 collision:obstacle steps 31 fires v4 4 v7 4 branches 2 (20.4 s; 47 min)
[253/427] TS2:P2-L2-CRS-VAR-02 collision:target steps 15 fires v4 1 v7 2 branches 2 (26.8 s; 48 min)
[254/427] TS2:P2-L2-CRS-FIX-11 collision:boundary steps 28 fires v4 3 v7 2 branches 2 (11.0 s; 48 min)
[255/427] TS2:P2-L2-CRS-FIX-09 collision:target steps 14 fires v4 4 v7 3 branches 2 (17.6 s; 48 min)
[256/427] TS2:P2-L2-CRS-VAR-14 collision:obstacle steps 25 fires v4 2 v7 2 branches 2 (19.7 s; 48 min)
[257/427] TS2:P2-L2-CRS-VAR-12 collision:target steps 11 fires v4 2 v7 3 branches 2 (33.4 s; 48 min)
[258/427] TS2:P2-L2-CRS-FIX-17 collision:boundary steps 33 fires v4 4 v7 3 branches 2 (18.3 s; 48 min)
[259/427] TS2:P2-L3-HO-FIX-11 collision:obstacle steps 37 fires v4 2 v7 1 branches 2 (12.1 s; 49 min)
[260/427] TS2:P2-L2-CRS-VAR-18 collision:obstacle steps 27 fires v4 2 v7 2 branches 2 (38.4 s; 49 min)
[261/427] TS2:P2-L3-CRP-FIX-01 collision:target steps 15 fires v4 5 v7 5 branches 4 (38.0 s; 49 min)
[262/427] TS2:P2-L3-CRP-FIX-07 collision:obstacle steps 15 fires v4 3 v7 2 branches 2 (23.1 s; 50 min)
[263/427] TS2:P2-L3-CRP-VAR-04 collision:target steps 19 fires v4 6 v7 3 branches 3 (44.0 s; 50 min)
[264/427] TS2:P2-L3-CRP-VAR-16 collision:target steps 13 fires v4 3 v7 3 branches 2 (18.3 s; 50 min)
[265/427] TS2:P2-L3-CRP-VAR-12 collision:target steps 15 fires v4 2 v7 2 branches 2 (25.1 s; 50 min)
[266/427] TS2:P2-L3-CRP-VAR-18 collision:target steps 19 fires v4 1 v7 2 branches 2 (20.1 s; 50 min)
[267/427] TS2:P2-L3-CRP-FIX-17 collision:obstacle steps 16 fires v4 2 v7 2 branches 2 (27.3 s; 50 min)
[268/427] TS2:P2-L3-CRS-VAR-08 collision:obstacle steps 22 fires v4 2 v7 2 branches 2 (11.8 s; 51 min)
[269/427] TS2:P2-L3-CRP-FIX-19 collision:target steps 12 fires v4 1 v7 1 branches 2 (21.1 s; 51 min)
[270/427] TS2:P2-L3-CRS-VAR-10 collision:target steps 22 fires v4 3 v7 2 branches 2 (26.6 s; 51 min)
[271/427] TS2:P2-L3-CRS-VAR-18 collision:obstacle steps 20 fires v4 4 v7 2 branches 2 (18.4 s; 51 min)
[272/427] TS2:P2-L3-CRS-FIX-17 collision:obstacle steps 20 fires v4 6 v7 1 branches 3 (42.6 s; 51 min)
[273/427] TS2:P2-L3-CRS-FIX-19 collision:target steps 16 fires v4 2 v7 3 branches 2 (16.9 s; 52 min)
[274/427] TS2:P2-L3-OT-FIX-19 collision:obstacle steps 25 fires v4 5 v7 5 branches 4 (13.8 s; 52 min)
[275/427] TS2:P2-L3-OT-VAR-14 collision:target steps 31 fires v4 2 v7 2 branches 2 (36.7 s; 52 min)
[276/427] TS2:P2-L3-OT-VAR-20 collision:target steps 36 fires v4 4 v7 2 branches 2 (25.6 s; 52 min)
[277/427] TS2:BAS-HO-RE-009 goal steps 54 fires v4 0 v7 0 branches 0 (5.9 s; 52 min)
[278/427] TS2:P2-L3-BO-VAR-16 collision:boundary steps 39 fires v4 4 v7 3 branches 2 (23.1 s; 52 min)
[279/427] TS2:BAS-HO-RE-024 goal steps 53 fires v4 0 v7 0 branches 0 (3.8 s; 52 min)
[280/427] TS2:BAS-HO-RE-042 goal steps 56 fires v4 0 v7 0 branches 0 (4.2 s; 53 min)
[281/427] TS2:BAS-HO-NC-047 goal steps 58 fires v4 0 v7 0 branches 0 (5.2 s; 53 min)
[282/427] TS2:BAS-HO-NC-023 goal steps 61 fires v4 1 v7 3 branches 2 (17.2 s; 53 min)
[283/427] TS2:BAS-HO-RE-048 goal steps 56 fires v4 1 v7 0 branches 1 (6.3 s; 53 min)
[284/427] TS2:BAS-HO-NC-056 goal steps 52 fires v4 0 v7 0 branches 0 (6.3 s; 53 min)
[285/427] TS2:BAS-HO-NC-053 goal steps 60 fires v4 1 v7 1 branches 2 (13.8 s; 53 min)
[286/427] TS2:BAS-HO-RE-066 goal steps 57 fires v4 0 v7 0 branches 0 (6.2 s; 53 min)
[287/427] TS2:BAS-HO-CV-085 goal steps 61 fires v4 0 v7 0 branches 0 (4.2 s; 53 min)
[288/427] TS2:BAS-HO-NC-071 goal steps 50 fires v4 0 v7 1 branches 1 (14.7 s; 53 min)
[289/427] TS2:BAS-HO-NC-089 goal steps 61 fires v4 1 v7 1 branches 2 (13.1 s; 53 min)
[290/427] TS2:BAS-HO-RE-093 goal steps 55 fires v4 1 v7 0 branches 1 (7.9 s; 53 min)
[291/427] TS2:BAS-HO-NC-098 goal steps 58 fires v4 4 v7 1 branches 2 (9.6 s; 53 min)
[292/427] TS2:BAS-CR-CV-003 goal steps 68 fires v4 3 v7 3 branches 2 (20.0 s; 54 min)
[293/427] TS2:BAS-CR-RE-006 goal steps 51 fires v4 3 v7 3 branches 2 (20.3 s; 54 min)
[294/427] TS2:BAS-CR-CV-015 goal steps 63 fires v4 0 v7 0 branches 0 (5.1 s; 54 min)
[295/427] TS2:BAS-CR-CV-017 goal steps 53 fires v4 1 v7 0 branches 1 (9.1 s; 54 min)
[296/427] TS2:BAS-CR-CV-007 goal steps 58 fires v4 3 v7 3 branches 2 (30.8 s; 54 min)
[297/427] TS2:BAS-CR-RE-026 goal steps 49 fires v4 0 v7 0 branches 0 (5.4 s; 54 min)
[298/427] TS2:BAS-CR-CV-025 goal steps 57 fires v4 2 v7 2 branches 2 (26.9 s; 54 min)
[299/427] TS2:BAS-CR-CV-031 goal steps 53 fires v4 7 v7 8 branches 4 (44.4 s; 55 min)
[300/427] TS2:BAS-CR-RE-040 goal steps 49 fires v4 0 v7 0 branches 0 (5.6 s; 55 min)
[301/427] TS2:BAS-CR-RE-042 goal steps 53 fires v4 0 v7 0 branches 0 (8.3 s; 55 min)
[302/427] TS2:BAS-CR-CV-039 goal steps 49 fires v4 3 v7 2 branches 2 (49.2 s; 55 min)
[303/427] TS2:BAS-CR-CV-043 goal steps 63 fires v4 5 v7 0 branches 2 (12.7 s; 55 min)
[304/427] TS2:BAS-CR-RE-050 goal steps 60 fires v4 0 v7 0 branches 0 (7.2 s; 56 min)
[305/427] TS2:BAS-CR-CV-045 goal steps 53 fires v4 1 v7 2 branches 2 (18.5 s; 56 min)
[306/427] TS2:BAS-CR-CV-055 goal steps 50 fires v4 3 v7 3 branches 2 (17.4 s; 56 min)
[307/427] TS2:BAS-CR-CV-051 goal steps 52 fires v4 1 v7 3 branches 2 (23.5 s; 56 min)
[308/427] TS2:BAS-CR-RE-058 goal steps 55 fires v4 2 v7 2 branches 2 (14.6 s; 56 min)
[309/427] TS2:BAS-CR-CV-059 goal steps 57 fires v4 0 v7 1 branches 1 (11.9 s; 56 min)
[310/427] TS2:BAS-CR-RE-062 goal steps 56 fires v4 0 v7 0 branches 0 (7.2 s; 56 min)
[311/427] TS2:BAS-CR-CV-073 goal steps 49 fires v4 2 v7 3 branches 2 (17.6 s; 56 min)
[312/427] TS2:BAS-CR-CV-075 goal steps 52 fires v4 2 v7 3 branches 2 (22.3 s; 57 min)
[313/427] TS2:BAS-CR-CV-083 goal steps 48 fires v4 0 v7 1 branches 1 (13.1 s; 57 min)
[314/427] TS2:BAS-CR-CV-085 goal steps 50 fires v4 0 v7 0 branches 0 (6.6 s; 57 min)
[315/427] TS2:BAS-CR-CV-087 goal steps 45 fires v4 2 v7 1 branches 2 (13.0 s; 57 min)
[316/427] TS2:BAS-CR-RE-092 goal steps 63 fires v4 2 v7 2 branches 2 (19.1 s; 57 min)
[317/427] TS2:BAS-CR-CV-095 goal steps 53 fires v4 3 v7 3 branches 2 (18.3 s; 57 min)
[318/427] TS2:BAS-OT-CV-011 goal steps 48 fires v4 0 v7 0 branches 0 (6.2 s; 57 min)
[319/427] TS2:BAS-CR-CV-099 goal steps 51 fires v4 3 v7 3 branches 2 (21.2 s; 57 min)
[320/427] TS2:BAS-OT-RE-016 goal steps 48 fires v4 0 v7 0 branches 0 (7.0 s; 57 min)
[321/427] TS2:BAS-OT-CV-019 goal steps 51 fires v4 2 v7 0 branches 1 (10.3 s; 58 min)
[322/427] TS2:BAS-OT-CV-033 goal steps 52 fires v4 0 v7 0 branches 0 (9.0 s; 58 min)
[323/427] TS2:BAS-OT-CV-081 goal steps 52 fires v4 1 v7 1 branches 2 (15.1 s; 58 min)
[324/427] TS2:BAS-OT-RE-096 goal steps 51 fires v4 4 v7 3 branches 2 (19.6 s; 58 min)
[325/427] TS2:BAS-BO-RE-002 goal steps 29 fires v4 0 v7 0 branches 0 (5.0 s; 58 min)
[326/427] TS2:BAS-BO-RE-006 goal steps 37 fires v4 0 v7 0 branches 0 (4.7 s; 58 min)
[327/427] TS2:BAS-BO-RE-026 goal steps 39 fires v4 0 v7 0 branches 0 (5.0 s; 58 min)
[328/427] TS2:BAS-BO-CV-043 goal steps 29 fires v4 5 v7 3 branches 3 (7.6 s; 58 min)
[329/427] TS2:BAS-BO-CV-049 goal steps 39 fires v4 1 v7 1 branches 2 (10.5 s; 58 min)
[330/427] TS2:BAS-BO-CV-019 goal steps 45 fires v4 15 v7 5 branches 6 (27.9 s; 58 min)
[331/427] TS2:BAS-BO-RE-052 goal steps 32 fires v4 1 v7 0 branches 1 (6.2 s; 58 min)
[332/427] TS2:BAS-BO-RE-076 goal steps 36 fires v4 2 v7 0 branches 1 (7.5 s; 58 min)
[333/427] TS2:BAS-BO-CV-087 goal steps 32 fires v4 0 v7 0 branches 0 (3.9 s; 59 min)
[334/427] TS2:BAS-BO-RE-078 goal steps 36 fires v4 1 v7 1 branches 2 (6.8 s; 59 min)
[335/427] TS2:BAS-NU-CV-020 goal steps 47 fires v4 1 v7 0 branches 1 (4.2 s; 59 min)
[336/427] TS2:BAS-NU-CV-022 goal steps 68 fires v4 0 v7 0 branches 0 (7.2 s; 59 min)
[337/427] TS2:BAS-NU-CV-013 goal steps 53 fires v4 1 v7 1 branches 2 (16.6 s; 59 min)
[338/427] TS2:BAS-NU-CV-035 goal steps 54 fires v4 0 v7 0 branches 0 (6.3 s; 59 min)
[339/427] TS2:BAS-NU-CV-079 goal steps 70 fires v4 0 v7 0 branches 0 (3.8 s; 59 min)
[340/427] TS2:BAS-NU-CV-100 goal steps 65 fires v4 0 v7 0 branches 0 (6.4 s; 59 min)
[341/427] TS2:CH-HO-RE-012 goal steps 64 fires v4 2 v7 0 branches 1 (16.5 s; 59 min)
[342/427] TS2:CH-HO-NC-026 goal steps 51 fires v4 0 v7 0 branches 0 (11.9 s; 59 min)
[343/427] TS2:CH-HO-RE-021 goal steps 67 fires v4 3 v7 3 branches 2 (33.5 s; 59 min)
[344/427] TS2:CH-HO-NC-029 goal steps 59 fires v4 0 v7 0 branches 0 (14.7 s; 60 min)
[345/427] TS2:CH-HO-NC-032 goal steps 53 fires v4 0 v7 0 branches 0 (15.0 s; 60 min)
[346/427] TS2:CH-HO-RE-045 goal steps 52 fires v4 0 v7 0 branches 0 (12.9 s; 60 min)
[347/427] TS2:CH-HO-RE-063 goal steps 57 fires v4 0 v7 0 branches 0 (11.6 s; 60 min)
[348/427] TS2:CH-HO-NC-080 goal steps 52 fires v4 0 v7 0 branches 0 (11.5 s; 60 min)
[349/427] TS2:CH-CR-CV-005 goal steps 47 fires v4 0 v7 0 branches 0 (13.7 s; 60 min)
[350/427] TS2:CH-CR-RE-006 goal steps 47 fires v4 3 v7 2 branches 2 (36.8 s; 61 min)
[351/427] TS2:CH-CR-CV-011 goal steps 43 fires v4 0 v7 0 branches 0 (12.9 s; 61 min)
[352/427] TS2:CH-CR-RE-012 goal steps 59 fires v4 0 v7 0 branches 0 (17.0 s; 61 min)
[353/427] TS2:CH-CR-CV-007 goal steps 54 fires v4 2 v7 2 branches 2 (89.7 s; 62 min)
[354/427] TS2:CH-CR-CV-015 goal steps 53 fires v4 4 v7 1 branches 2 (34.1 s; 62 min)
[355/427] TS2:CH-CR-RE-026 goal steps 51 fires v4 0 v7 0 branches 0 (14.4 s; 62 min)
[356/427] TS2:CH-CR-CV-027 goal steps 49 fires v4 0 v7 0 branches 0 (12.7 s; 62 min)
[357/427] TS2:CH-CR-CV-019 goal steps 52 fires v4 3 v7 1 branches 2 (34.4 s; 62 min)
[358/427] TS2:CH-CR-RE-036 goal steps 60 fires v4 0 v7 0 branches 0 (17.6 s; 62 min)
[359/427] TS2:CH-CR-RE-038 goal steps 51 fires v4 3 v7 1 branches 2 (27.5 s; 63 min)
[360/427] TS2:CH-CR-RE-040 goal steps 47 fires v4 2 v7 2 branches 2 (26.1 s; 63 min)
[361/427] TS2:CH-CR-RE-060 goal steps 59 fires v4 0 v7 0 branches 0 (14.7 s; 63 min)
[362/427] TS2:CH-CR-CV-049 goal steps 48 fires v4 6 v7 2 branches 3 (31.6 s; 63 min)
[363/427] TS2:CH-CR-RE-062 goal steps 52 fires v4 3 v7 2 branches 2 (39.2 s; 64 min)
[364/427] TS2:CH-CR-RE-064 goal steps 48 fires v4 2 v7 1 branches 2 (34.7 s; 64 min)
[365/427] TS2:CH-CR-RE-066 goal steps 66 fires v4 0 v7 0 branches 0 (18.9 s; 64 min)
[366/427] TS2:CH-CR-CV-079 goal steps 50 fires v4 2 v7 1 branches 2 (46.3 s; 65 min)
[367/427] TS2:CH-CR-CV-085 goal steps 49 fires v4 0 v7 2 branches 1 (69.2 s; 65 min)
[368/427] TS2:CH-CR-CV-087 goal steps 48 fires v4 3 v7 1 branches 2 (39.4 s; 65 min)
[369/427] TS2:CH-CR-CV-095 goal steps 60 fires v4 0 v7 0 branches 0 (19.4 s; 66 min)
[370/427] TS2:CH-OT-CV-055 goal steps 50 fires v4 0 v7 0 branches 0 (19.5 s; 66 min)
[371/427] TS2:CH-OT-CV-017 goal steps 55 fires v4 4 v7 4 branches 2 (40.1 s; 66 min)
[372/427] TS2:P2-L1-HO-VAR-12 goal steps 57 fires v4 5 v7 3 branches 3 (25.1 s; 66 min)
[373/427] TS2:P2-L1-HO-VAR-16 goal steps 59 fires v4 6 v7 5 branches 4 (35.6 s; 67 min)
[374/427] TS2:P2-L1-CRP-VAR-02 goal steps 48 fires v4 3 v7 2 branches 2 (20.1 s; 67 min)
[375/427] TS2:P2-L1-CRP-FIX-03 goal steps 46 fires v4 6 v7 2 branches 3 (16.2 s; 67 min)
[376/427] TS2:P2-L1-CRP-VAR-08 goal steps 46 fires v4 8 v7 3 branches 3 (20.6 s; 67 min)
[377/427] TS2:P2-L1-CRP-FIX-11 goal steps 45 fires v4 11 v7 0 branches 3 (13.2 s; 67 min)
[378/427] TS2:P2-L1-CRP-FIX-13 goal steps 45 fires v4 3 v7 0 branches 1 (15.2 s; 67 min)
[379/427] TS2:P2-L1-CRP-FIX-17 goal steps 49 fires v4 9 v7 2 branches 4 (25.4 s; 67 min)
[380/427] TS2:P2-L1-CRP-FIX-19 goal steps 45 fires v4 5 v7 2 branches 3 (12.4 s; 67 min)
[381/427] TS2:P2-L1-CRS-VAR-04 goal steps 55 fires v4 0 v7 0 branches 0 (7.9 s; 68 min)
[382/427] TS2:P2-L1-CRS-VAR-02 goal steps 57 fires v4 2 v7 0 branches 1 (13.8 s; 68 min)
[383/427] TS2:P2-L1-CRS-FIX-09 goal steps 55 fires v4 0 v7 0 branches 0 (8.4 s; 68 min)
[384/427] TS2:P2-L1-CRS-FIX-11 goal steps 56 fires v4 1 v7 0 branches 1 (12.2 s; 68 min)
[385/427] TS2:P2-L1-CRS-FIX-17 goal steps 56 fires v4 0 v7 0 branches 0 (9.0 s; 68 min)
[386/427] TS2:P2-L1-CRS-VAR-14 goal steps 61 fires v4 7 v7 3 branches 3 (23.2 s; 68 min)
[387/427] TS2:P2-L1-CRS-VAR-18 goal steps 59 fires v4 4 v7 1 branches 2 (16.8 s; 68 min)
[388/427] TS2:P2-L1-OT-FIX-01 goal steps 46 fires v4 1 v7 1 branches 2 (15.4 s; 68 min)
[389/427] TS2:P2-L1-OT-VAR-06 goal steps 47 fires v4 3 v7 3 branches 2 (15.9 s; 69 min)
[390/427] TS2:P2-L1-OT-FIX-07 goal steps 47 fires v4 3 v7 1 branches 2 (14.6 s; 69 min)
[391/427] TS2:P2-L1-OT-FIX-15 goal steps 46 fires v4 0 v7 0 branches 0 (7.0 s; 69 min)
[392/427] TS2:P2-L1-OT-VAR-10 goal steps 65 fires v4 4 v7 3 branches 2 (23.6 s; 69 min)
[393/427] TS2:P2-L1-OT-VAR-16 goal steps 49 fires v4 2 v7 2 branches 2 (15.9 s; 69 min)
[394/427] TS2:P2-L2-CRP-VAR-08 goal steps 58 fires v4 3 v7 2 branches 2 (23.1 s; 69 min)
[395/427] TS2:P2-L2-CRP-FIX-03 goal steps 56 fires v4 5 v7 2 branches 3 (44.9 s; 70 min)
[396/427] TS2:P2-L2-CRP-VAR-10 goal steps 59 fires v4 3 v7 2 branches 2 (26.5 s; 70 min)
[397/427] TS2:P2-L2-CRP-FIX-11 goal steps 56 fires v4 1 v7 1 branches 2 (34.4 s; 70 min)
[398/427] TS2:P2-L2-CRP-FIX-17 goal steps 55 fires v4 0 v7 0 branches 0 (10.9 s; 70 min)
[399/427] TS2:P2-L2-CRP-VAR-16 goal steps 49 fires v4 7 v7 7 branches 4 (55.7 s; 71 min)
[400/427] TS2:P2-L2-CRP-VAR-18 goal steps 56 fires v4 3 v7 4 branches 2 (32.5 s; 71 min)
[401/427] TS2:P2-L2-CRS-FIX-07 goal steps 45 fires v4 11 v7 5 branches 5 (26.0 s; 71 min)
[402/427] TS2:P2-L2-CRS-VAR-08 goal steps 59 fires v4 5 v7 4 branches 3 (32.6 s; 72 min)
[403/427] TS2:P2-L2-CRS-VAR-10 goal steps 62 fires v4 7 v7 5 branches 4 (22.1 s; 72 min)
[404/427] TS2:P2-L2-CRS-FIX-13 goal steps 51 fires v4 2 v7 1 branches 2 (15.9 s; 72 min)
[405/427] TS2:P2-L2-CRS-FIX-15 goal steps 47 fires v4 6 v7 5 branches 4 (16.9 s; 72 min)
[406/427] TS2:P2-L2-CRS-FIX-19 goal steps 51 fires v4 3 v7 3 branches 2 (23.2 s; 72 min)
[407/427] TS2:P2-L2-CRS-VAR-16 goal steps 61 fires v4 3 v7 5 branches 3 (35.3 s; 72 min)
[408/427] TS2:P2-L3-HO-FIX-05 goal steps 50 fires v4 0 v7 0 branches 0 (7.5 s; 73 min)
[409/427] TS2:P2-L3-HO-FIX-15 goal steps 49 fires v4 0 v7 0 branches 0 (8.0 s; 73 min)
[410/427] TS2:P2-L2-CRS-VAR-20 goal steps 52 fires v4 4 v7 5 branches 3 (28.9 s; 73 min)
[411/427] TS2:P2-L3-CRP-FIX-05 goal steps 47 fires v4 4 v7 0 branches 1 (19.4 s; 73 min)
[412/427] TS2:P2-L3-CRP-VAR-06 goal steps 47 fires v4 1 v7 2 branches 2 (20.6 s; 73 min)
[413/427] TS2:P2-L3-CRP-VAR-08 goal steps 47 fires v4 3 v7 1 branches 2 (15.3 s; 73 min)
[414/427] TS2:P2-L3-CRP-FIX-09 goal steps 54 fires v4 3 v7 2 branches 2 (21.8 s; 73 min)
[415/427] TS2:P2-L3-CRP-VAR-10 goal steps 53 fires v4 4 v7 3 branches 2 (26.7 s; 74 min)
[416/427] TS2:P2-L3-CRP-FIX-15 goal steps 54 fires v4 5 v7 3 branches 3 (26.6 s; 74 min)
[417/427] TS2:P2-L3-CRS-FIX-03 goal steps 49 fires v4 7 v7 8 branches 4 (23.0 s; 74 min)
[418/427] TS2:P2-L3-CRS-FIX-05 goal steps 45 fires v4 1 v7 3 branches 2 (17.3 s; 74 min)
[419/427] TS2:P2-L3-CRS-VAR-12 goal steps 51 fires v4 1 v7 0 branches 1 (11.2 s; 74 min)
[420/427] TS2:P2-L3-CRS-FIX-09 goal steps 53 fires v4 4 v7 2 branches 2 (19.0 s; 74 min)
[421/427] TS2:P2-L3-OT-VAR-02 goal steps 48 fires v4 2 v7 0 branches 1 (10.0 s; 75 min)
[422/427] TS2:P2-L3-CRS-VAR-14 goal steps 52 fires v4 5 v7 1 branches 3 (22.9 s; 75 min)
[423/427] TS2:P2-L3-OT-VAR-06 goal steps 48 fires v4 2 v7 1 branches 2 (15.7 s; 75 min)
[424/427] TS2:P2-L3-OT-FIX-09 goal steps 50 fires v4 0 v7 0 branches 0 (7.7 s; 75 min)
[425/427] TS2:P2-L3-OT-FIX-13 goal steps 50 fires v4 0 v7 0 branches 0 (7.5 s; 75 min)
[426/427] TS2:P2-L3-BO-VAR-02 goal steps 35 fires v4 3 v7 3 branches 2 (8.1 s; 75 min)
[427/427] TS2:P2-L3-BO-VAR-20 goal steps 35 fires v4 5 v7 3 branches 3 (10.3 s; 75 min)
